
> Kesfet@3.2.4 build
> webpack --config build/webpack.prod.conf.js

assets by status 46.5 MiB [cached] 301 assets
orphan modules 4.92 MiB [orphan] 1619 modules
runtime modules 7.01 KiB 15 modules
built modules 6.81 MiB (javascript) 4.53 MiB (asset) [built]
  modules by path ./node_modules/ 3.3 MiB 630 modules
  modules by path ./src/ 3.51 MiB (javascript) 154 KiB (asset)
    modules by path ./src/components/ 27.1 KiB 41 modules
    asset modules 154 KiB (asset) 252 bytes (javascript) 6 modules
    modules by path ./src/mixins/*.js 82 KiB 5 modules
    modules by path ./src/store/*.js 85.8 KiB 3 modules
    + 4 modules
  modules by path ./static/img/splashscreen/*.mp4 4.38 MiB (asset) 126 bytes (javascript)
    ./static/img/splashscreen/1.mp4 1.65 MiB (asset) 42 bytes (javascript) [built] [code generated]
    ./static/img/splashscreen/2.mp4 1.12 MiB (asset) 42 bytes (javascript) [built] [code generated]
    ./static/img/splashscreen/3.mp4 1.61 MiB (asset) 42 bytes (javascript) [built] [code generated]

ERROR in ./node_modules/element-plus/dist/index.css (./node_modules/element-plus/dist/index.css.webpack[javascript/auto]!=!./node_modules/css-loader/dist/cjs.js??clonedRuleSet-3.use[1]!./node_modules/postcss-loader/dist/cjs.js??clonedRuleSet-3.use[2]!./node_modules/element-plus/dist/index.css)
Module build failed (from ./node_modules/postcss-loader/dist/cjs.js):
ValidationError: Invalid options object. PostCSS Loader has been initialized using an options object that does not match the API schema.
 - options has an unknown property 'plugins'. These properties are valid:
   object { postcssOptions?, execute?, sourceMap?, implementation? }
    at validate (/Users/muhammetturk/Documents/github-projects/burada-v3/node_modules/schema-utils/dist/validate.js:213:11)
    at Object.getOptions (/Users/muhammetturk/Documents/github-projects/burada-v3/node_modules/webpack/lib/NormalModule.js:721:19)
    at Object.loader (/Users/muhammetturk/Documents/github-projects/burada-v3/node_modules/postcss-loader/dist/index.js:28:24)
 @ ./node_modules/element-plus/dist/index.css
 @ ./src/main.js 25:0-37

ERROR in ./node_modules/sweetalert2/dist/sweetalert2.min.css (./node_modules/sweetalert2/dist/sweetalert2.min.css.webpack[javascript/auto]!=!./node_modules/css-loader/dist/cjs.js??clonedRuleSet-3.use[1]!./node_modules/postcss-loader/dist/cjs.js??clonedRuleSet-3.use[2]!./node_modules/sweetalert2/dist/sweetalert2.min.css)
Module build failed (from ./node_modules/postcss-loader/dist/cjs.js):
ValidationError: Invalid options object. PostCSS Loader has been initialized using an options object that does not match the API schema.
 - options has an unknown property 'plugins'. These properties are valid:
   object { postcssOptions?, execute?, sourceMap?, implementation? }
    at validate (/Users/muhammetturk/Documents/github-projects/burada-v3/node_modules/schema-utils/dist/validate.js:213:11)
    at Object.getOptions (/Users/muhammetturk/Documents/github-projects/burada-v3/node_modules/webpack/lib/NormalModule.js:721:19)
    at Object.loader (/Users/muhammetturk/Documents/github-projects/burada-v3/node_modules/postcss-loader/dist/index.js:28:24)
 @ ./node_modules/sweetalert2/dist/sweetalert2.min.css
 @ ./src/main.js 43:0-46

ERROR in ./node_modules/swiper/modules/pagination.css (./node_modules/swiper/modules/pagination.css.webpack[javascript/auto]!=!./node_modules/css-loader/dist/cjs.js??clonedRuleSet-3.use[1]!./node_modules/postcss-loader/dist/cjs.js??clonedRuleSet-3.use[2]!./node_modules/swiper/modules/pagination.css)
Module build failed (from ./node_modules/postcss-loader/dist/cjs.js):
ValidationError: Invalid options object. PostCSS Loader has been initialized using an options object that does not match the API schema.
 - options has an unknown property 'plugins'. These properties are valid:
   object { postcssOptions?, execute?, sourceMap?, implementation? }
    at validate (/Users/muhammetturk/Documents/github-projects/burada-v3/node_modules/schema-utils/dist/validate.js:213:11)
    at Object.getOptions (/Users/muhammetturk/Documents/github-projects/burada-v3/node_modules/webpack/lib/NormalModule.js:721:19)
    at Object.loader (/Users/muhammetturk/Documents/github-projects/burada-v3/node_modules/postcss-loader/dist/index.js:28:24)
 @ ./node_modules/swiper/modules/pagination.css
 @ ./src/main.js 8:0-31

ERROR in ./node_modules/swiper/swiper.css (./node_modules/swiper/swiper.css.webpack[javascript/auto]!=!./node_modules/css-loader/dist/cjs.js??clonedRuleSet-3.use[1]!./node_modules/postcss-loader/dist/cjs.js??clonedRuleSet-3.use[2]!./node_modules/swiper/swiper.css)
Module build failed (from ./node_modules/postcss-loader/dist/cjs.js):
ValidationError: Invalid options object. PostCSS Loader has been initialized using an options object that does not match the API schema.
 - options has an unknown property 'plugins'. These properties are valid:
   object { postcssOptions?, execute?, sourceMap?, implementation? }
    at validate (/Users/muhammetturk/Documents/github-projects/burada-v3/node_modules/schema-utils/dist/validate.js:213:11)
    at Object.getOptions (/Users/muhammetturk/Documents/github-projects/burada-v3/node_modules/webpack/lib/NormalModule.js:721:19)
    at Object.loader (/Users/muhammetturk/Documents/github-projects/burada-v3/node_modules/postcss-loader/dist/index.js:28:24)
 @ ./node_modules/swiper/swiper.css
 @ ./src/main.js 7:0-20

ERROR in ./node_modules/vue-sidebar-menu/dist/vue-sidebar-menu.css (./node_modules/vue-sidebar-menu/dist/vue-sidebar-menu.css.webpack[javascript/auto]!=!./node_modules/css-loader/dist/cjs.js??clonedRuleSet-3.use[1]!./node_modules/postcss-loader/dist/cjs.js??clonedRuleSet-3.use[2]!./node_modules/vue-sidebar-menu/dist/vue-sidebar-menu.css)
Module build failed (from ./node_modules/postcss-loader/dist/cjs.js):
ValidationError: Invalid options object. PostCSS Loader has been initialized using an options object that does not match the API schema.
 - options has an unknown property 'plugins'. These properties are valid:
   object { postcssOptions?, execute?, sourceMap?, implementation? }
    at validate (/Users/muhammetturk/Documents/github-projects/burada-v3/node_modules/schema-utils/dist/validate.js:213:11)
    at Object.getOptions (/Users/muhammetturk/Documents/github-projects/burada-v3/node_modules/webpack/lib/NormalModule.js:721:19)
    at Object.loader (/Users/muhammetturk/Documents/github-projects/burada-v3/node_modules/postcss-loader/dist/index.js:28:24)
 @ ./node_modules/vue-sidebar-menu/dist/vue-sidebar-menu.css
 @ ./src/main.js 22:0-52

ERROR in ./src/main.css (./src/main.css.webpack[javascript/auto]!=!./node_modules/css-loader/dist/cjs.js??clonedRuleSet-3.use[1]!./node_modules/postcss-loader/dist/cjs.js??clonedRuleSet-3.use[2]!./src/main.css)
Module build failed (from ./node_modules/postcss-loader/dist/cjs.js):
ValidationError: Invalid options object. PostCSS Loader has been initialized using an options object that does not match the API schema.
 - options has an unknown property 'plugins'. These properties are valid:
   object { postcssOptions?, execute?, sourceMap?, implementation? }
    at validate (/Users/muhammetturk/Documents/github-projects/burada-v3/node_modules/schema-utils/dist/validate.js:213:11)
    at Object.getOptions (/Users/muhammetturk/Documents/github-projects/burada-v3/node_modules/webpack/lib/NormalModule.js:721:19)
    at Object.loader (/Users/muhammetturk/Documents/github-projects/burada-v3/node_modules/postcss-loader/dist/index.js:28:24)
 @ ./src/main.css
 @ ./src/main.js 23:0-35

ERROR in ./src/components/complementarities/ConfirmDialog.vue?vue&type=style&index=0&id=1717be1c&scoped=true&lang=css (./src/components/complementarities/ConfirmDialog.vue.webpack[javascript/auto]!=!./node_modules/css-loader/dist/cjs.js??clonedRuleSet-3.use[1]!./node_modules/vue-loader/dist/stylePostLoader.js!./node_modules/postcss-loader/dist/cjs.js??clonedRuleSet-3.use[2]!./node_modules/vue-loader/dist/index.js??ruleSet[1].rules[12].use[0]!./src/components/complementarities/ConfirmDialog.vue?vue&type=style&index=0&id=1717be1c&scoped=true&lang=css)
Module build failed (from ./node_modules/postcss-loader/dist/cjs.js):
ValidationError: Invalid options object. PostCSS Loader has been initialized using an options object that does not match the API schema.
 - options has an unknown property 'plugins'. These properties are valid:
   object { postcssOptions?, execute?, sourceMap?, implementation? }
    at validate (/Users/muhammetturk/Documents/github-projects/burada-v3/node_modules/schema-utils/dist/validate.js:213:11)
    at Object.getOptions (/Users/muhammetturk/Documents/github-projects/burada-v3/node_modules/webpack/lib/NormalModule.js:721:19)
    at Object.loader (/Users/muhammetturk/Documents/github-projects/burada-v3/node_modules/postcss-loader/dist/index.js:28:24)
 @ ./node_modules/mini-css-extract-plugin/dist/loader.js!./node_modules/css-loader/dist/cjs.js??clonedRuleSet-3.use[1]!./node_modules/vue-loader/dist/stylePostLoader.js!./node_modules/postcss-loader/dist/cjs.js??clonedRuleSet-3.use[2]!./node_modules/vue-loader/dist/index.js??ruleSet[1].rules[12].use[0]!./src/components/complementarities/ConfirmDialog.vue?vue&type=style&index=0&id=1717be1c&scoped=true&lang=css
 @ ./src/components/complementarities/ConfirmDialog.vue?vue&type=style&index=0&id=1717be1c&scoped=true&lang=css 1:0-429 1:0-429
 @ ./src/components/complementarities/ConfirmDialog.vue 5:0-84
 @ ./node_modules/babel-loader/lib/index.js!./src/components/screens/business/business.js?vue&type=script&lang=js&external 1:0-77 9:4-17
 @ ./src/components/screens/business/business.js?vue&type=script&lang=js&external 1:0-126 1:0-126 1:127-242 1:127-242
 @ ./src/components/screens/business/business.vue 2:0-67 8:49-55 3:0-62 3:0-62
 @ ./src/router/index.js 13:0-66 126:13-21
 @ ./src/main.js

ERROR in ./src/components/complementarities/Conversations.vue?vue&type=style&index=0&id=6270b8a0&scoped=true&lang=css (./src/components/complementarities/Conversations.vue.webpack[javascript/auto]!=!./node_modules/css-loader/dist/cjs.js??clonedRuleSet-3.use[1]!./node_modules/vue-loader/dist/stylePostLoader.js!./node_modules/postcss-loader/dist/cjs.js??clonedRuleSet-3.use[2]!./node_modules/vue-loader/dist/index.js??ruleSet[1].rules[12].use[0]!./src/components/complementarities/Conversations.vue?vue&type=style&index=0&id=6270b8a0&scoped=true&lang=css)
Module build failed (from ./node_modules/postcss-loader/dist/cjs.js):
ValidationError: Invalid options object. PostCSS Loader has been initialized using an options object that does not match the API schema.
 - options has an unknown property 'plugins'. These properties are valid:
   object { postcssOptions?, execute?, sourceMap?, implementation? }
    at validate (/Users/muhammetturk/Documents/github-projects/burada-v3/node_modules/schema-utils/dist/validate.js:213:11)
    at Object.getOptions (/Users/muhammetturk/Documents/github-projects/burada-v3/node_modules/webpack/lib/NormalModule.js:721:19)
    at Object.loader (/Users/muhammetturk/Documents/github-projects/burada-v3/node_modules/postcss-loader/dist/index.js:28:24)
 @ ./node_modules/mini-css-extract-plugin/dist/loader.js!./node_modules/css-loader/dist/cjs.js??clonedRuleSet-3.use[1]!./node_modules/vue-loader/dist/stylePostLoader.js!./node_modules/postcss-loader/dist/cjs.js??clonedRuleSet-3.use[2]!./node_modules/vue-loader/dist/index.js??ruleSet[1].rules[12].use[0]!./src/components/complementarities/Conversations.vue?vue&type=style&index=0&id=6270b8a0&scoped=true&lang=css
 @ ./src/components/complementarities/Conversations.vue?vue&type=style&index=0&id=6270b8a0&scoped=true&lang=css 1:0-429 1:0-429
 @ ./src/components/complementarities/Conversations.vue 5:0-84
 @ ./src/router/index.js 14:0-77 171:13-26
 @ ./src/main.js

ERROR in ./src/components/complementarities/Feedback.vue?vue&type=style&index=0&id=53286e46&scoped=true&lang=css (./src/components/complementarities/Feedback.vue.webpack[javascript/auto]!=!./node_modules/css-loader/dist/cjs.js??clonedRuleSet-3.use[1]!./node_modules/vue-loader/dist/stylePostLoader.js!./node_modules/postcss-loader/dist/cjs.js??clonedRuleSet-3.use[2]!./node_modules/vue-loader/dist/index.js??ruleSet[1].rules[12].use[0]!./src/components/complementarities/Feedback.vue?vue&type=style&index=0&id=53286e46&scoped=true&lang=css)
Module build failed (from ./node_modules/postcss-loader/dist/cjs.js):
ValidationError: Invalid options object. PostCSS Loader has been initialized using an options object that does not match the API schema.
 - options has an unknown property 'plugins'. These properties are valid:
   object { postcssOptions?, execute?, sourceMap?, implementation? }
    at validate (/Users/muhammetturk/Documents/github-projects/burada-v3/node_modules/schema-utils/dist/validate.js:213:11)
    at Object.getOptions (/Users/muhammetturk/Documents/github-projects/burada-v3/node_modules/webpack/lib/NormalModule.js:721:19)
    at Object.loader (/Users/muhammetturk/Documents/github-projects/burada-v3/node_modules/postcss-loader/dist/index.js:28:24)
 @ ./node_modules/mini-css-extract-plugin/dist/loader.js!./node_modules/css-loader/dist/cjs.js??clonedRuleSet-3.use[1]!./node_modules/vue-loader/dist/stylePostLoader.js!./node_modules/postcss-loader/dist/cjs.js??clonedRuleSet-3.use[2]!./node_modules/vue-loader/dist/index.js??ruleSet[1].rules[12].use[0]!./src/components/complementarities/Feedback.vue?vue&type=style&index=0&id=53286e46&scoped=true&lang=css
 @ ./src/components/complementarities/Feedback.vue?vue&type=style&index=0&id=53286e46&scoped=true&lang=css 1:0-424 1:0-424
 @ ./src/components/complementarities/Feedback.vue 5:0-79
 @ ./src/router/index.js 30:0-68 149:13-21
 @ ./src/main.js

ERROR in ./src/components/complementarities/HighlightRequest.vue?vue&type=style&index=0&id=523dfd26&scoped=true&lang=css (./src/components/complementarities/HighlightRequest.vue.webpack[javascript/auto]!=!./node_modules/css-loader/dist/cjs.js??clonedRuleSet-3.use[1]!./node_modules/vue-loader/dist/stylePostLoader.js!./node_modules/postcss-loader/dist/cjs.js??clonedRuleSet-3.use[2]!./node_modules/vue-loader/dist/index.js??ruleSet[1].rules[12].use[0]!./src/components/complementarities/HighlightRequest.vue?vue&type=style&index=0&id=523dfd26&scoped=true&lang=css)
Module build failed (from ./node_modules/postcss-loader/dist/cjs.js):
ValidationError: Invalid options object. PostCSS Loader has been initialized using an options object that does not match the API schema.
 - options has an unknown property 'plugins'. These properties are valid:
   object { postcssOptions?, execute?, sourceMap?, implementation? }
    at validate (/Users/muhammetturk/Documents/github-projects/burada-v3/node_modules/schema-utils/dist/validate.js:213:11)
    at Object.getOptions (/Users/muhammetturk/Documents/github-projects/burada-v3/node_modules/webpack/lib/NormalModule.js:721:19)
    at Object.loader (/Users/muhammetturk/Documents/github-projects/burada-v3/node_modules/postcss-loader/dist/index.js:28:24)
 @ ./node_modules/mini-css-extract-plugin/dist/loader.js!./node_modules/css-loader/dist/cjs.js??clonedRuleSet-3.use[1]!./node_modules/vue-loader/dist/stylePostLoader.js!./node_modules/postcss-loader/dist/cjs.js??clonedRuleSet-3.use[2]!./node_modules/vue-loader/dist/index.js??ruleSet[1].rules[12].use[0]!./src/components/complementarities/HighlightRequest.vue?vue&type=style&index=0&id=523dfd26&scoped=true&lang=css
 @ ./src/components/complementarities/HighlightRequest.vue?vue&type=style&index=0&id=523dfd26&scoped=true&lang=css 1:0-432 1:0-432
 @ ./src/components/complementarities/HighlightRequest.vue 5:0-87
 @ ./src/router/index.js 29:0-84 160:13-29
 @ ./src/main.js

ERROR in ./src/components/complementarities/NewsTicker.vue?vue&type=style&index=0&id=c5039c46&scoped=true&lang=css (./src/components/complementarities/NewsTicker.vue.webpack[javascript/auto]!=!./node_modules/css-loader/dist/cjs.js??clonedRuleSet-3.use[1]!./node_modules/vue-loader/dist/stylePostLoader.js!./node_modules/postcss-loader/dist/cjs.js??clonedRuleSet-3.use[2]!./node_modules/vue-loader/dist/index.js??ruleSet[1].rules[12].use[0]!./src/components/complementarities/NewsTicker.vue?vue&type=style&index=0&id=c5039c46&scoped=true&lang=css)
Module build failed (from ./node_modules/postcss-loader/dist/cjs.js):
ValidationError: Invalid options object. PostCSS Loader has been initialized using an options object that does not match the API schema.
 - options has an unknown property 'plugins'. These properties are valid:
   object { postcssOptions?, execute?, sourceMap?, implementation? }
    at validate (/Users/muhammetturk/Documents/github-projects/burada-v3/node_modules/schema-utils/dist/validate.js:213:11)
    at Object.getOptions (/Users/muhammetturk/Documents/github-projects/burada-v3/node_modules/webpack/lib/NormalModule.js:721:19)
    at Object.loader (/Users/muhammetturk/Documents/github-projects/burada-v3/node_modules/postcss-loader/dist/index.js:28:24)
 @ ./node_modules/mini-css-extract-plugin/dist/loader.js!./node_modules/css-loader/dist/cjs.js??clonedRuleSet-3.use[1]!./node_modules/vue-loader/dist/stylePostLoader.js!./node_modules/postcss-loader/dist/cjs.js??clonedRuleSet-3.use[2]!./node_modules/vue-loader/dist/index.js??ruleSet[1].rules[12].use[0]!./src/components/complementarities/NewsTicker.vue?vue&type=style&index=0&id=c5039c46&scoped=true&lang=css
 @ ./src/components/complementarities/NewsTicker.vue?vue&type=style&index=0&id=c5039c46&scoped=true&lang=css 1:0-426 1:0-426
 @ ./src/components/complementarities/NewsTicker.vue 5:0-81
 @ ./node_modules/babel-loader/lib/index.js!./src/components/screens/home/home.js?vue&type=script&lang=js&external
 @ ./src/components/screens/home/home.js?vue&type=script&lang=js&external 1:0-122 1:0-122 1:123-234 1:123-234
 @ ./src/components/screens/home/home.vue 2:0-63 8:49-55 3:0-58 3:0-58
 @ ./src/router/index.js 7:0-54 68:13-17
 @ ./src/main.js

ERROR in ./src/components/complementarities/PartnerRail.vue?vue&type=style&index=0&id=0e7bc92d&scoped=true&lang=css (./src/components/complementarities/PartnerRail.vue.webpack[javascript/auto]!=!./node_modules/css-loader/dist/cjs.js??clonedRuleSet-3.use[1]!./node_modules/vue-loader/dist/stylePostLoader.js!./node_modules/postcss-loader/dist/cjs.js??clonedRuleSet-3.use[2]!./node_modules/vue-loader/dist/index.js??ruleSet[1].rules[12].use[0]!./src/components/complementarities/PartnerRail.vue?vue&type=style&index=0&id=0e7bc92d&scoped=true&lang=css)
Module build failed (from ./node_modules/postcss-loader/dist/cjs.js):
ValidationError: Invalid options object. PostCSS Loader has been initialized using an options object that does not match the API schema.
 - options has an unknown property 'plugins'. These properties are valid:
   object { postcssOptions?, execute?, sourceMap?, implementation? }
    at validate (/Users/muhammetturk/Documents/github-projects/burada-v3/node_modules/schema-utils/dist/validate.js:213:11)
    at Object.getOptions (/Users/muhammetturk/Documents/github-projects/burada-v3/node_modules/webpack/lib/NormalModule.js:721:19)
    at Object.loader (/Users/muhammetturk/Documents/github-projects/burada-v3/node_modules/postcss-loader/dist/index.js:28:24)
 @ ./node_modules/mini-css-extract-plugin/dist/loader.js!./node_modules/css-loader/dist/cjs.js??clonedRuleSet-3.use[1]!./node_modules/vue-loader/dist/stylePostLoader.js!./node_modules/postcss-loader/dist/cjs.js??clonedRuleSet-3.use[2]!./node_modules/vue-loader/dist/index.js??ruleSet[1].rules[12].use[0]!./src/components/complementarities/PartnerRail.vue?vue&type=style&index=0&id=0e7bc92d&scoped=true&lang=css
 @ ./src/components/complementarities/PartnerRail.vue?vue&type=style&index=0&id=0e7bc92d&scoped=true&lang=css 1:0-427 1:0-427
 @ ./src/components/complementarities/PartnerRail.vue 5:0-82
 @ ./node_modules/babel-loader/lib/index.js!./src/components/screens/home/home.js?vue&type=script&lang=js&external 3:0-73 9:4-15
 @ ./src/components/screens/home/home.js?vue&type=script&lang=js&external 1:0-122 1:0-122 1:123-234 1:123-234
 @ ./src/components/screens/home/home.vue 2:0-63 8:49-55 3:0-58 3:0-58
 @ ./src/router/index.js 7:0-54 68:13-17
 @ ./src/main.js

ERROR in ./src/components/complementarities/PostCard.vue?vue&type=style&index=0&id=9303acae&scoped=true&lang=css (./src/components/complementarities/PostCard.vue.webpack[javascript/auto]!=!./node_modules/css-loader/dist/cjs.js??clonedRuleSet-3.use[1]!./node_modules/vue-loader/dist/stylePostLoader.js!./node_modules/postcss-loader/dist/cjs.js??clonedRuleSet-3.use[2]!./node_modules/vue-loader/dist/index.js??ruleSet[1].rules[12].use[0]!./src/components/complementarities/PostCard.vue?vue&type=style&index=0&id=9303acae&scoped=true&lang=css)
Module build failed (from ./node_modules/postcss-loader/dist/cjs.js):
ValidationError: Invalid options object. PostCSS Loader has been initialized using an options object that does not match the API schema.
 - options has an unknown property 'plugins'. These properties are valid:
   object { postcssOptions?, execute?, sourceMap?, implementation? }
    at validate (/Users/muhammetturk/Documents/github-projects/burada-v3/node_modules/schema-utils/dist/validate.js:213:11)
    at Object.getOptions (/Users/muhammetturk/Documents/github-projects/burada-v3/node_modules/webpack/lib/NormalModule.js:721:19)
    at Object.loader (/Users/muhammetturk/Documents/github-projects/burada-v3/node_modules/postcss-loader/dist/index.js:28:24)
 @ ./node_modules/mini-css-extract-plugin/dist/loader.js!./node_modules/css-loader/dist/cjs.js??clonedRuleSet-3.use[1]!./node_modules/vue-loader/dist/stylePostLoader.js!./node_modules/postcss-loader/dist/cjs.js??clonedRuleSet-3.use[2]!./node_modules/vue-loader/dist/index.js??ruleSet[1].rules[12].use[0]!./src/components/complementarities/PostCard.vue?vue&type=style&index=0&id=9303acae&scoped=true&lang=css
 @ ./src/components/complementarities/PostCard.vue?vue&type=style&index=0&id=9303acae&scoped=true&lang=css 1:0-424 1:0-424
 @ ./src/components/complementarities/PostCard.vue 5:0-79
 @ ./node_modules/babel-loader/lib/index.js!./node_modules/vue-loader/dist/index.js??ruleSet[1].rules[12].use[0]!./src/components/complementarities/PostContainer.vue?vue&type=script&lang=js 1:0-67 5:4-12
 @ ./src/components/complementarities/PostContainer.vue?vue&type=script&lang=js 1:0-196 1:0-196 1:197-382 1:197-382
 @ ./src/components/complementarities/PostContainer.vue 2:0-64 8:49-55 3:0-59 3:0-59
 @ ./src/router/index.js 28:0-77 242:13-26
 @ ./src/main.js

ERROR in ./src/components/complementarities/PostContainer.vue?vue&type=style&index=0&id=c2836c54&scoped=true&lang=css (./src/components/complementarities/PostContainer.vue.webpack[javascript/auto]!=!./node_modules/css-loader/dist/cjs.js??clonedRuleSet-3.use[1]!./node_modules/vue-loader/dist/stylePostLoader.js!./node_modules/postcss-loader/dist/cjs.js??clonedRuleSet-3.use[2]!./node_modules/vue-loader/dist/index.js??ruleSet[1].rules[12].use[0]!./src/components/complementarities/PostContainer.vue?vue&type=style&index=0&id=c2836c54&scoped=true&lang=css)
Module build failed (from ./node_modules/postcss-loader/dist/cjs.js):
ValidationError: Invalid options object. PostCSS Loader has been initialized using an options object that does not match the API schema.
 - options has an unknown property 'plugins'. These properties are valid:
   object { postcssOptions?, execute?, sourceMap?, implementation? }
    at validate (/Users/muhammetturk/Documents/github-projects/burada-v3/node_modules/schema-utils/dist/validate.js:213:11)
    at Object.getOptions (/Users/muhammetturk/Documents/github-projects/burada-v3/node_modules/webpack/lib/NormalModule.js:721:19)
    at Object.loader (/Users/muhammetturk/Documents/github-projects/burada-v3/node_modules/postcss-loader/dist/index.js:28:24)
 @ ./node_modules/mini-css-extract-plugin/dist/loader.js!./node_modules/css-loader/dist/cjs.js??clonedRuleSet-3.use[1]!./node_modules/vue-loader/dist/stylePostLoader.js!./node_modules/postcss-loader/dist/cjs.js??clonedRuleSet-3.use[2]!./node_modules/vue-loader/dist/index.js??ruleSet[1].rules[12].use[0]!./src/components/complementarities/PostContainer.vue?vue&type=style&index=0&id=c2836c54&scoped=true&lang=css
 @ ./src/components/complementarities/PostContainer.vue?vue&type=style&index=0&id=c2836c54&scoped=true&lang=css 1:0-429 1:0-429
 @ ./src/components/complementarities/PostContainer.vue 5:0-84
 @ ./src/router/index.js 28:0-77 242:13-26
 @ ./src/main.js

ERROR in ./src/components/complementarities/ProfileAvatar.vue?vue&type=style&index=0&id=1356a070&scoped=true&lang=css (./src/components/complementarities/ProfileAvatar.vue.webpack[javascript/auto]!=!./node_modules/css-loader/dist/cjs.js??clonedRuleSet-3.use[1]!./node_modules/vue-loader/dist/stylePostLoader.js!./node_modules/postcss-loader/dist/cjs.js??clonedRuleSet-3.use[2]!./node_modules/vue-loader/dist/index.js??ruleSet[1].rules[12].use[0]!./src/components/complementarities/ProfileAvatar.vue?vue&type=style&index=0&id=1356a070&scoped=true&lang=css)
Module build failed (from ./node_modules/postcss-loader/dist/cjs.js):
ValidationError: Invalid options object. PostCSS Loader has been initialized using an options object that does not match the API schema.
 - options has an unknown property 'plugins'. These properties are valid:
   object { postcssOptions?, execute?, sourceMap?, implementation? }
    at validate (/Users/muhammetturk/Documents/github-projects/burada-v3/node_modules/schema-utils/dist/validate.js:213:11)
    at Object.getOptions (/Users/muhammetturk/Documents/github-projects/burada-v3/node_modules/webpack/lib/NormalModule.js:721:19)
    at Object.loader (/Users/muhammetturk/Documents/github-projects/burada-v3/node_modules/postcss-loader/dist/index.js:28:24)
 @ ./node_modules/mini-css-extract-plugin/dist/loader.js!./node_modules/css-loader/dist/cjs.js??clonedRuleSet-3.use[1]!./node_modules/vue-loader/dist/stylePostLoader.js!./node_modules/postcss-loader/dist/cjs.js??clonedRuleSet-3.use[2]!./node_modules/vue-loader/dist/index.js??ruleSet[1].rules[12].use[0]!./src/components/complementarities/ProfileAvatar.vue?vue&type=style&index=0&id=1356a070&scoped=true&lang=css
 @ ./src/components/complementarities/ProfileAvatar.vue?vue&type=style&index=0&id=1356a070&scoped=true&lang=css 1:0-429 1:0-429
 @ ./src/components/complementarities/ProfileAvatar.vue 5:0-84
 @ ./node_modules/babel-loader/lib/index.js!./node_modules/vue-loader/dist/index.js??ruleSet[1].rules[12].use[0]!./src/components/complementarities/Conversations.vue?vue&type=script&lang=js
 @ ./src/components/complementarities/Conversations.vue?vue&type=script&lang=js 1:0-196 1:0-196 1:197-382 1:197-382
 @ ./src/components/complementarities/Conversations.vue 2:0-64 8:49-55 3:0-59 3:0-59
 @ ./src/router/index.js 14:0-77 171:13-26
 @ ./src/main.js

ERROR in ./src/components/complementarities/donate.vue?vue&type=style&index=0&id=b66525f4&scoped=true&lang=css (./src/components/complementarities/donate.vue.webpack[javascript/auto]!=!./node_modules/css-loader/dist/cjs.js??clonedRuleSet-3.use[1]!./node_modules/vue-loader/dist/stylePostLoader.js!./node_modules/postcss-loader/dist/cjs.js??clonedRuleSet-3.use[2]!./node_modules/vue-loader/dist/index.js??ruleSet[1].rules[12].use[0]!./src/components/complementarities/donate.vue?vue&type=style&index=0&id=b66525f4&scoped=true&lang=css)
Module build failed (from ./node_modules/postcss-loader/dist/cjs.js):
ValidationError: Invalid options object. PostCSS Loader has been initialized using an options object that does not match the API schema.
 - options has an unknown property 'plugins'. These properties are valid:
   object { postcssOptions?, execute?, sourceMap?, implementation? }
    at validate (/Users/muhammetturk/Documents/github-projects/burada-v3/node_modules/schema-utils/dist/validate.js:213:11)
    at Object.getOptions (/Users/muhammetturk/Documents/github-projects/burada-v3/node_modules/webpack/lib/NormalModule.js:721:19)
    at Object.loader (/Users/muhammetturk/Documents/github-projects/burada-v3/node_modules/postcss-loader/dist/index.js:28:24)
 @ ./node_modules/mini-css-extract-plugin/dist/loader.js!./node_modules/css-loader/dist/cjs.js??clonedRuleSet-3.use[1]!./node_modules/vue-loader/dist/stylePostLoader.js!./node_modules/postcss-loader/dist/cjs.js??clonedRuleSet-3.use[2]!./node_modules/vue-loader/dist/index.js??ruleSet[1].rules[12].use[0]!./src/components/complementarities/donate.vue?vue&type=style&index=0&id=b66525f4&scoped=true&lang=css
 @ ./src/components/complementarities/donate.vue?vue&type=style&index=0&id=b66525f4&scoped=true&lang=css 1:0-422 1:0-422
 @ ./src/components/complementarities/donate.vue 5:0-77
 @ ./src/router/index.js 15:0-63 138:13-19
 @ ./src/main.js

ERROR in ./src/components/screens/after-login-page/after-login-page.vue?vue&type=style&index=0&id=0d2294de&scoped=true&lang=css (./src/components/screens/after-login-page/after-login-page.vue.webpack[javascript/auto]!=!./node_modules/css-loader/dist/cjs.js??clonedRuleSet-3.use[1]!./node_modules/vue-loader/dist/stylePostLoader.js!./node_modules/postcss-loader/dist/cjs.js??clonedRuleSet-3.use[2]!./node_modules/vue-loader/dist/index.js??ruleSet[1].rules[12].use[0]!./src/components/screens/after-login-page/after-login-page.vue?vue&type=style&index=0&id=0d2294de&scoped=true&lang=css)
Module build failed (from ./node_modules/postcss-loader/dist/cjs.js):
ValidationError: Invalid options object. PostCSS Loader has been initialized using an options object that does not match the API schema.
 - options has an unknown property 'plugins'. These properties are valid:
   object { postcssOptions?, execute?, sourceMap?, implementation? }
    at validate (/Users/muhammetturk/Documents/github-projects/burada-v3/node_modules/schema-utils/dist/validate.js:213:11)
    at Object.getOptions (/Users/muhammetturk/Documents/github-projects/burada-v3/node_modules/webpack/lib/NormalModule.js:721:19)
    at Object.loader (/Users/muhammetturk/Documents/github-projects/burada-v3/node_modules/postcss-loader/dist/index.js:28:24)
 @ ./node_modules/mini-css-extract-plugin/dist/loader.js!./node_modules/css-loader/dist/cjs.js??clonedRuleSet-3.use[1]!./node_modules/vue-loader/dist/stylePostLoader.js!./node_modules/postcss-loader/dist/cjs.js??clonedRuleSet-3.use[2]!./node_modules/vue-loader/dist/index.js??ruleSet[1].rules[12].use[0]!./src/components/screens/after-login-page/after-login-page.vue?vue&type=style&index=0&id=0d2294de&scoped=true&lang=css
 @ ./src/components/screens/after-login-page/after-login-page.vue?vue&type=style&index=0&id=0d2294de&scoped=true&lang=css 1:0-447 1:0-447
 @ ./src/components/screens/after-login-page/after-login-page.vue 5:0-87
 @ ./src/router/index.js 8:0-88 55:13-27
 @ ./src/main.js

ERROR in ./src/components/screens/settings/settings.vue?vue&type=style&index=0&id=2bf74eb4&scoped=true&lang=css (./src/components/screens/settings/settings.vue.webpack[javascript/auto]!=!./node_modules/css-loader/dist/cjs.js??clonedRuleSet-3.use[1]!./node_modules/vue-loader/dist/stylePostLoader.js!./node_modules/postcss-loader/dist/cjs.js??clonedRuleSet-3.use[2]!./node_modules/vue-loader/dist/index.js??ruleSet[1].rules[12].use[0]!./src/components/screens/settings/settings.vue?vue&type=style&index=0&id=2bf74eb4&scoped=true&lang=css)
Module build failed (from ./node_modules/postcss-loader/dist/cjs.js):
ValidationError: Invalid options object. PostCSS Loader has been initialized using an options object that does not match the API schema.
 - options has an unknown property 'plugins'. These properties are valid:
   object { postcssOptions?, execute?, sourceMap?, implementation? }
    at validate (/Users/muhammetturk/Documents/github-projects/burada-v3/node_modules/schema-utils/dist/validate.js:213:11)
    at Object.getOptions (/Users/muhammetturk/Documents/github-projects/burada-v3/node_modules/webpack/lib/NormalModule.js:721:19)
    at Object.loader (/Users/muhammetturk/Documents/github-projects/burada-v3/node_modules/postcss-loader/dist/index.js:28:24)
 @ ./node_modules/mini-css-extract-plugin/dist/loader.js!./node_modules/css-loader/dist/cjs.js??clonedRuleSet-3.use[1]!./node_modules/vue-loader/dist/stylePostLoader.js!./node_modules/postcss-loader/dist/cjs.js??clonedRuleSet-3.use[2]!./node_modules/vue-loader/dist/index.js??ruleSet[1].rules[12].use[0]!./src/components/screens/settings/settings.vue?vue&type=style&index=0&id=2bf74eb4&scoped=true&lang=css
 @ ./src/components/screens/settings/settings.vue?vue&type=style&index=0&id=2bf74eb4&scoped=true&lang=css 1:0-439 1:0-439
 @ ./src/components/screens/settings/settings.vue 5:0-79
 @ ./src/router/index.js 26:0-66
 @ ./src/main.js

ERROR in ./src/components/app/app.css?vue&type=style&index=0&id=4c0cc9fa&scoped=true&lang=css&external (./src/components/app/app.css.webpack[javascript/auto]!=!./node_modules/css-loader/dist/cjs.js??clonedRuleSet-3.use[1]!./node_modules/vue-loader/dist/stylePostLoader.js!./node_modules/postcss-loader/dist/cjs.js??clonedRuleSet-3.use[2]!./src/components/app/app.css?vue&type=style&index=0&id=4c0cc9fa&scoped=true&lang=css&external)
Module build failed (from ./node_modules/postcss-loader/dist/cjs.js):
ValidationError: Invalid options object. PostCSS Loader has been initialized using an options object that does not match the API schema.
 - options has an unknown property 'plugins'. These properties are valid:
   object { postcssOptions?, execute?, sourceMap?, implementation? }
    at validate (/Users/muhammetturk/Documents/github-projects/burada-v3/node_modules/schema-utils/dist/validate.js:213:11)
    at Object.getOptions (/Users/muhammetturk/Documents/github-projects/burada-v3/node_modules/webpack/lib/NormalModule.js:721:19)
    at Object.loader (/Users/muhammetturk/Documents/github-projects/burada-v3/node_modules/postcss-loader/dist/index.js:28:24)
 @ ./node_modules/mini-css-extract-plugin/dist/loader.js!./node_modules/css-loader/dist/cjs.js??clonedRuleSet-3.use[1]!./node_modules/vue-loader/dist/stylePostLoader.js!./node_modules/postcss-loader/dist/cjs.js??clonedRuleSet-3.use[2]!./src/components/app/app.css?vue&type=style&index=0&id=4c0cc9fa&scoped=true&lang=css&external
 @ ./src/components/app/app.css?vue&type=style&index=0&id=4c0cc9fa&scoped=true&lang=css&external 1:0-352 1:0-352
 @ ./src/components/app/app.vue 5:0-83
 @ ./src/main.js 2:0-43 56:22-25

ERROR in ./src/components/complementarities/footer/footer.css?vue&type=style&index=0&id=2dbb4382&scoped=true&lang=css&external (./src/components/complementarities/footer/footer.css.webpack[javascript/auto]!=!./node_modules/css-loader/dist/cjs.js??clonedRuleSet-3.use[1]!./node_modules/vue-loader/dist/stylePostLoader.js!./node_modules/postcss-loader/dist/cjs.js??clonedRuleSet-3.use[2]!./src/components/complementarities/footer/footer.css?vue&type=style&index=0&id=2dbb4382&scoped=true&lang=css&external)
Module build failed (from ./node_modules/postcss-loader/dist/cjs.js):
ValidationError: Invalid options object. PostCSS Loader has been initialized using an options object that does not match the API schema.
 - options has an unknown property 'plugins'. These properties are valid:
   object { postcssOptions?, execute?, sourceMap?, implementation? }
    at validate (/Users/muhammetturk/Documents/github-projects/burada-v3/node_modules/schema-utils/dist/validate.js:213:11)
    at Object.getOptions (/Users/muhammetturk/Documents/github-projects/burada-v3/node_modules/webpack/lib/NormalModule.js:721:19)
    at Object.loader (/Users/muhammetturk/Documents/github-projects/burada-v3/node_modules/postcss-loader/dist/index.js:28:24)
 @ ./node_modules/mini-css-extract-plugin/dist/loader.js!./node_modules/css-loader/dist/cjs.js??clonedRuleSet-3.use[1]!./node_modules/vue-loader/dist/stylePostLoader.js!./node_modules/postcss-loader/dist/cjs.js??clonedRuleSet-3.use[2]!./src/components/complementarities/footer/footer.css?vue&type=style&index=0&id=2dbb4382&scoped=true&lang=css&external
 @ ./src/components/complementarities/footer/footer.css?vue&type=style&index=0&id=2dbb4382&scoped=true&lang=css&external 1:0-367 1:0-367
 @ ./src/components/complementarities/footer/footer.vue 5:0-86
 @ ./node_modules/babel-loader/lib/index.js!./src/components/screens/login/login.js?vue&type=script&lang=js&external 51:0-70 63:4-10
 @ ./src/components/screens/login/login.js?vue&type=script&lang=js&external 1:0-123 1:0-123 1:124-236 1:124-236
 @ ./src/components/screens/login/login.vue 2:0-64 8:49-55 3:0-59 3:0-59
 @ ./src/router/index.js 18:0-57 46:13-18
 @ ./src/main.js

ERROR in ./src/components/complementarities/menubar/menubar.css?vue&type=style&index=0&id=3bb0520e&scoped=true&lang=css&external (./src/components/complementarities/menubar/menubar.css.webpack[javascript/auto]!=!./node_modules/css-loader/dist/cjs.js??clonedRuleSet-3.use[1]!./node_modules/vue-loader/dist/stylePostLoader.js!./node_modules/postcss-loader/dist/cjs.js??clonedRuleSet-3.use[2]!./src/components/complementarities/menubar/menubar.css?vue&type=style&index=0&id=3bb0520e&scoped=true&lang=css&external)
Module build failed (from ./node_modules/postcss-loader/dist/cjs.js):
ValidationError: Invalid options object. PostCSS Loader has been initialized using an options object that does not match the API schema.
 - options has an unknown property 'plugins'. These properties are valid:
   object { postcssOptions?, execute?, sourceMap?, implementation? }
    at validate (/Users/muhammetturk/Documents/github-projects/burada-v3/node_modules/schema-utils/dist/validate.js:213:11)
    at Object.getOptions (/Users/muhammetturk/Documents/github-projects/burada-v3/node_modules/webpack/lib/NormalModule.js:721:19)
    at Object.loader (/Users/muhammetturk/Documents/github-projects/burada-v3/node_modules/postcss-loader/dist/index.js:28:24)
 @ ./node_modules/mini-css-extract-plugin/dist/loader.js!./node_modules/css-loader/dist/cjs.js??clonedRuleSet-3.use[1]!./node_modules/vue-loader/dist/stylePostLoader.js!./node_modules/postcss-loader/dist/cjs.js??clonedRuleSet-3.use[2]!./src/components/complementarities/menubar/menubar.css?vue&type=style&index=0&id=3bb0520e&scoped=true&lang=css&external
 @ ./src/components/complementarities/menubar/menubar.css?vue&type=style&index=0&id=3bb0520e&scoped=true&lang=css&external 1:0-368 1:0-368
 @ ./src/components/complementarities/menubar/menubar.vue 5:0-87
 @ ./node_modules/babel-loader/lib/index.js!./src/components/app/app.js?vue&type=script&lang=js&external 1:0-73 10:4-11
 @ ./src/components/app/app.js?vue&type=script&lang=js&external 1:0-118 1:0-118 1:119-226 1:119-226
 @ ./src/components/app/app.vue 2:0-62 8:49-55 3:0-57 3:0-57
 @ ./src/main.js 2:0-43 56:22-25

ERROR in ./src/components/complementarities/navigation-bar/navigation-bar.css?vue&type=style&index=0&id=49b69ea3&scoped=true&lang=css&external (./src/components/complementarities/navigation-bar/navigation-bar.css.webpack[javascript/auto]!=!./node_modules/css-loader/dist/cjs.js??clonedRuleSet-3.use[1]!./node_modules/vue-loader/dist/stylePostLoader.js!./node_modules/postcss-loader/dist/cjs.js??clonedRuleSet-3.use[2]!./src/components/complementarities/navigation-bar/navigation-bar.css?vue&type=style&index=0&id=49b69ea3&scoped=true&lang=css&external)
Module build failed (from ./node_modules/postcss-loader/dist/cjs.js):
ValidationError: Invalid options object. PostCSS Loader has been initialized using an options object that does not match the API schema.
 - options has an unknown property 'plugins'. These properties are valid:
   object { postcssOptions?, execute?, sourceMap?, implementation? }
    at validate (/Users/muhammetturk/Documents/github-projects/burada-v3/node_modules/schema-utils/dist/validate.js:213:11)
    at Object.getOptions (/Users/muhammetturk/Documents/github-projects/burada-v3/node_modules/webpack/lib/NormalModule.js:721:19)
    at Object.loader (/Users/muhammetturk/Documents/github-projects/burada-v3/node_modules/postcss-loader/dist/index.js:28:24)
 @ ./node_modules/mini-css-extract-plugin/dist/loader.js!./node_modules/css-loader/dist/cjs.js??clonedRuleSet-3.use[1]!./node_modules/vue-loader/dist/stylePostLoader.js!./node_modules/postcss-loader/dist/cjs.js??clonedRuleSet-3.use[2]!./src/components/complementarities/navigation-bar/navigation-bar.css?vue&type=style&index=0&id=49b69ea3&scoped=true&lang=css&external
 @ ./src/components/complementarities/navigation-bar/navigation-bar.css?vue&type=style&index=0&id=49b69ea3&scoped=true&lang=css&external 1:0-375 1:0-375
 @ ./src/components/complementarities/navigation-bar/navigation-bar.vue 5:0-94
 @ ./node_modules/babel-loader/lib/index.js!./src/components/app/app.js?vue&type=script&lang=js&external 2:0-93 11:4-17
 @ ./src/components/app/app.js?vue&type=script&lang=js&external 1:0-118 1:0-118 1:119-226 1:119-226
 @ ./src/components/app/app.vue 2:0-62 8:49-55 3:0-57 3:0-57
 @ ./src/main.js 2:0-43 56:22-25

ERROR in ./src/components/complementarities/post/post.css?vue&type=style&index=0&id=6db3a5c6&scoped=true&lang=css&external (./src/components/complementarities/post/post.css.webpack[javascript/auto]!=!./node_modules/css-loader/dist/cjs.js??clonedRuleSet-3.use[1]!./node_modules/vue-loader/dist/stylePostLoader.js!./node_modules/postcss-loader/dist/cjs.js??clonedRuleSet-3.use[2]!./src/components/complementarities/post/post.css?vue&type=style&index=0&id=6db3a5c6&scoped=true&lang=css&external)
Module build failed (from ./node_modules/postcss-loader/dist/cjs.js):
ValidationError: Invalid options object. PostCSS Loader has been initialized using an options object that does not match the API schema.
 - options has an unknown property 'plugins'. These properties are valid:
   object { postcssOptions?, execute?, sourceMap?, implementation? }
    at validate (/Users/muhammetturk/Documents/github-projects/burada-v3/node_modules/schema-utils/dist/validate.js:213:11)
    at Object.getOptions (/Users/muhammetturk/Documents/github-projects/burada-v3/node_modules/webpack/lib/NormalModule.js:721:19)
    at Object.loader (/Users/muhammetturk/Documents/github-projects/burada-v3/node_modules/postcss-loader/dist/index.js:28:24)
 @ ./node_modules/mini-css-extract-plugin/dist/loader.js!./node_modules/css-loader/dist/cjs.js??clonedRuleSet-3.use[1]!./node_modules/vue-loader/dist/stylePostLoader.js!./node_modules/postcss-loader/dist/cjs.js??clonedRuleSet-3.use[2]!./src/components/complementarities/post/post.css?vue&type=style&index=0&id=6db3a5c6&scoped=true&lang=css&external
 @ ./src/components/complementarities/post/post.css?vue&type=style&index=0&id=6db3a5c6&scoped=true&lang=css&external 1:0-365 1:0-365
 @ ./src/components/complementarities/post/post.vue 5:0-84
 @ ./node_modules/babel-loader/lib/index.js!./src/components/screens/post-list/post-list.js?vue&type=script&lang=js&external 5:0-64 14:4-8
 @ ./src/components/screens/post-list/post-list.js?vue&type=script&lang=js&external 1:0-127 1:0-127 1:128-244 1:128-244
 @ ./src/components/screens/post-list/post-list.vue 2:0-68 8:49-55 3:0-63 3:0-63
 @ ./src/router/index.js 25:0-68 233:13-21
 @ ./src/main.js

ERROR in ./src/components/complementarities/video-player/video-player.css?vue&type=style&index=0&id=94bab6ac&scoped=true&lang=css&external (./src/components/complementarities/video-player/video-player.css.webpack[javascript/auto]!=!./node_modules/css-loader/dist/cjs.js??clonedRuleSet-3.use[1]!./node_modules/vue-loader/dist/stylePostLoader.js!./node_modules/postcss-loader/dist/cjs.js??clonedRuleSet-3.use[2]!./src/components/complementarities/video-player/video-player.css?vue&type=style&index=0&id=94bab6ac&scoped=true&lang=css&external)
Module build failed (from ./node_modules/postcss-loader/dist/cjs.js):
ValidationError: Invalid options object. PostCSS Loader has been initialized using an options object that does not match the API schema.
 - options has an unknown property 'plugins'. These properties are valid:
   object { postcssOptions?, execute?, sourceMap?, implementation? }
    at validate (/Users/muhammetturk/Documents/github-projects/burada-v3/node_modules/schema-utils/dist/validate.js:213:11)
    at Object.getOptions (/Users/muhammetturk/Documents/github-projects/burada-v3/node_modules/webpack/lib/NormalModule.js:721:19)
    at Object.loader (/Users/muhammetturk/Documents/github-projects/burada-v3/node_modules/postcss-loader/dist/index.js:28:24)
 @ ./node_modules/mini-css-extract-plugin/dist/loader.js!./node_modules/css-loader/dist/cjs.js??clonedRuleSet-3.use[1]!./node_modules/vue-loader/dist/stylePostLoader.js!./node_modules/postcss-loader/dist/cjs.js??clonedRuleSet-3.use[2]!./src/components/complementarities/video-player/video-player.css?vue&type=style&index=0&id=94bab6ac&scoped=true&lang=css&external
 @ ./src/components/complementarities/video-player/video-player.css?vue&type=style&index=0&id=94bab6ac&scoped=true&lang=css&external 1:0-373 1:0-373
 @ ./src/components/complementarities/video-player/video-player.vue 5:0-92
 @ ./node_modules/babel-loader/lib/index.js!./src/components/complementarities/post/post.js?vue&type=script&lang=js&external 7:0-87 23:4-15
 @ ./src/components/complementarities/post/post.js?vue&type=script&lang=js&external 1:0-122 1:0-122 1:123-234 1:123-234
 @ ./src/components/complementarities/post/post.vue 2:0-63 8:49-55 3:0-58 3:0-58
 @ ./node_modules/babel-loader/lib/index.js!./src/components/screens/post-list/post-list.js?vue&type=script&lang=js&external 5:0-64 14:4-8
 @ ./src/components/screens/post-list/post-list.js?vue&type=script&lang=js&external 1:0-127 1:0-127 1:128-244 1:128-244
 @ ./src/components/screens/post-list/post-list.vue 2:0-68 8:49-55 3:0-63 3:0-63
 @ ./src/router/index.js 25:0-68 233:13-21
 @ ./src/main.js

ERROR in ./src/components/screens/add/add.css?vue&type=style&index=0&id=7e9df17c&scoped=true&lang=css&external (./src/components/screens/add/add.css.webpack[javascript/auto]!=!./node_modules/css-loader/dist/cjs.js??clonedRuleSet-3.use[1]!./node_modules/vue-loader/dist/stylePostLoader.js!./node_modules/postcss-loader/dist/cjs.js??clonedRuleSet-3.use[2]!./src/components/screens/add/add.css?vue&type=style&index=0&id=7e9df17c&scoped=true&lang=css&external)
Module build failed (from ./node_modules/postcss-loader/dist/cjs.js):
ValidationError: Invalid options object. PostCSS Loader has been initialized using an options object that does not match the API schema.
 - options has an unknown property 'plugins'. These properties are valid:
   object { postcssOptions?, execute?, sourceMap?, implementation? }
    at validate (/Users/muhammetturk/Documents/github-projects/burada-v3/node_modules/schema-utils/dist/validate.js:213:11)
    at Object.getOptions (/Users/muhammetturk/Documents/github-projects/burada-v3/node_modules/webpack/lib/NormalModule.js:721:19)
    at Object.loader (/Users/muhammetturk/Documents/github-projects/burada-v3/node_modules/postcss-loader/dist/index.js:28:24)
 @ ./node_modules/mini-css-extract-plugin/dist/loader.js!./node_modules/css-loader/dist/cjs.js??clonedRuleSet-3.use[1]!./node_modules/vue-loader/dist/stylePostLoader.js!./node_modules/postcss-loader/dist/cjs.js??clonedRuleSet-3.use[2]!./src/components/screens/add/add.css?vue&type=style&index=0&id=7e9df17c&scoped=true&lang=css&external
 @ ./src/components/screens/add/add.css?vue&type=style&index=0&id=7e9df17c&scoped=true&lang=css&external 1:0-364 1:0-364
 @ ./src/components/screens/add/add.vue 5:0-83
 @ ./src/router/index.js 10:0-51 90:13-16
 @ ./src/main.js

ERROR in ./src/components/screens/business/business.css?vue&type=style&index=0&id=6d2ec40b&scoped=true&lang=css&external (./src/components/screens/business/business.css.webpack[javascript/auto]!=!./node_modules/css-loader/dist/cjs.js??clonedRuleSet-3.use[1]!./node_modules/vue-loader/dist/stylePostLoader.js!./node_modules/postcss-loader/dist/cjs.js??clonedRuleSet-3.use[2]!./src/components/screens/business/business.css?vue&type=style&index=0&id=6d2ec40b&scoped=true&lang=css&external)
Module build failed (from ./node_modules/postcss-loader/dist/cjs.js):
ValidationError: Invalid options object. PostCSS Loader has been initialized using an options object that does not match the API schema.
 - options has an unknown property 'plugins'. These properties are valid:
   object { postcssOptions?, execute?, sourceMap?, implementation? }
    at validate (/Users/muhammetturk/Documents/github-projects/burada-v3/node_modules/schema-utils/dist/validate.js:213:11)
    at Object.getOptions (/Users/muhammetturk/Documents/github-projects/burada-v3/node_modules/webpack/lib/NormalModule.js:721:19)
    at Object.loader (/Users/muhammetturk/Documents/github-projects/burada-v3/node_modules/postcss-loader/dist/index.js:28:24)
 @ ./node_modules/mini-css-extract-plugin/dist/loader.js!./node_modules/css-loader/dist/cjs.js??clonedRuleSet-3.use[1]!./node_modules/vue-loader/dist/stylePostLoader.js!./node_modules/postcss-loader/dist/cjs.js??clonedRuleSet-3.use[2]!./src/components/screens/business/business.css?vue&type=style&index=0&id=6d2ec40b&scoped=true&lang=css&external
 @ ./src/components/screens/business/business.css?vue&type=style&index=0&id=6d2ec40b&scoped=true&lang=css&external 1:0-369 1:0-369
 @ ./src/components/screens/business/business.vue 5:0-88
 @ ./src/router/index.js 13:0-66 126:13-21
 @ ./src/main.js

ERROR in ./src/components/screens/chat/chat.css?vue&type=style&index=0&id=73d3e373&scoped=true&lang=css&external (./src/components/screens/chat/chat.css.webpack[javascript/auto]!=!./node_modules/css-loader/dist/cjs.js??clonedRuleSet-3.use[1]!./node_modules/vue-loader/dist/stylePostLoader.js!./node_modules/postcss-loader/dist/cjs.js??clonedRuleSet-3.use[2]!./src/components/screens/chat/chat.css?vue&type=style&index=0&id=73d3e373&scoped=true&lang=css&external)
Module build failed (from ./node_modules/postcss-loader/dist/cjs.js):
ValidationError: Invalid options object. PostCSS Loader has been initialized using an options object that does not match the API schema.
 - options has an unknown property 'plugins'. These properties are valid:
   object { postcssOptions?, execute?, sourceMap?, implementation? }
    at validate (/Users/muhammetturk/Documents/github-projects/burada-v3/node_modules/schema-utils/dist/validate.js:213:11)
    at Object.getOptions (/Users/muhammetturk/Documents/github-projects/burada-v3/node_modules/webpack/lib/NormalModule.js:721:19)
    at Object.loader (/Users/muhammetturk/Documents/github-projects/burada-v3/node_modules/postcss-loader/dist/index.js:28:24)
 @ ./node_modules/mini-css-extract-plugin/dist/loader.js!./node_modules/css-loader/dist/cjs.js??clonedRuleSet-3.use[1]!./node_modules/vue-loader/dist/stylePostLoader.js!./node_modules/postcss-loader/dist/cjs.js??clonedRuleSet-3.use[2]!./src/components/screens/chat/chat.css?vue&type=style&index=0&id=73d3e373&scoped=true&lang=css&external
 @ ./src/components/screens/chat/chat.css?vue&type=style&index=0&id=73d3e373&scoped=true&lang=css&external 1:0-365 1:0-365
 @ ./src/components/screens/chat/chat.vue 5:0-84
 @ ./src/router/index.js 11:0-54 183:13-17
 @ ./src/main.js

ERROR in ./src/components/screens/home/home.css?vue&type=style&index=0&id=d4cc9068&scoped=true&lang=css&external (./src/components/screens/home/home.css.webpack[javascript/auto]!=!./node_modules/css-loader/dist/cjs.js??clonedRuleSet-3.use[1]!./node_modules/vue-loader/dist/stylePostLoader.js!./node_modules/postcss-loader/dist/cjs.js??clonedRuleSet-3.use[2]!./src/components/screens/home/home.css?vue&type=style&index=0&id=d4cc9068&scoped=true&lang=css&external)
Module build failed (from ./node_modules/postcss-loader/dist/cjs.js):
ValidationError: Invalid options object. PostCSS Loader has been initialized using an options object that does not match the API schema.
 - options has an unknown property 'plugins'. These properties are valid:
   object { postcssOptions?, execute?, sourceMap?, implementation? }
    at validate (/Users/muhammetturk/Documents/github-projects/burada-v3/node_modules/schema-utils/dist/validate.js:213:11)
    at Object.getOptions (/Users/muhammetturk/Documents/github-projects/burada-v3/node_modules/webpack/lib/NormalModule.js:721:19)
    at Object.loader (/Users/muhammetturk/Documents/github-projects/burada-v3/node_modules/postcss-loader/dist/index.js:28:24)
 @ ./node_modules/mini-css-extract-plugin/dist/loader.js!./node_modules/css-loader/dist/cjs.js??clonedRuleSet-3.use[1]!./node_modules/vue-loader/dist/stylePostLoader.js!./node_modules/postcss-loader/dist/cjs.js??clonedRuleSet-3.use[2]!./src/components/screens/home/home.css?vue&type=style&index=0&id=d4cc9068&scoped=true&lang=css&external
 @ ./src/components/screens/home/home.css?vue&type=style&index=0&id=d4cc9068&scoped=true&lang=css&external 1:0-365 1:0-365
 @ ./src/components/screens/home/home.vue 5:0-84
 @ ./src/router/index.js 7:0-54 68:13-17
 @ ./src/main.js

ERROR in ./src/components/screens/login/login.css?vue&type=style&index=0&id=b343e86c&scoped=true&lang=css&external (./src/components/screens/login/login.css.webpack[javascript/auto]!=!./node_modules/css-loader/dist/cjs.js??clonedRuleSet-3.use[1]!./node_modules/vue-loader/dist/stylePostLoader.js!./node_modules/postcss-loader/dist/cjs.js??clonedRuleSet-3.use[2]!./src/components/screens/login/login.css?vue&type=style&index=0&id=b343e86c&scoped=true&lang=css&external)
Module build failed (from ./node_modules/postcss-loader/dist/cjs.js):
ValidationError: Invalid options object. PostCSS Loader has been initialized using an options object that does not match the API schema.
 - options has an unknown property 'plugins'. These properties are valid:
   object { postcssOptions?, execute?, sourceMap?, implementation? }
    at validate (/Users/muhammetturk/Documents/github-projects/burada-v3/node_modules/schema-utils/dist/validate.js:213:11)
    at Object.getOptions (/Users/muhammetturk/Documents/github-projects/burada-v3/node_modules/webpack/lib/NormalModule.js:721:19)
    at Object.loader (/Users/muhammetturk/Documents/github-projects/burada-v3/node_modules/postcss-loader/dist/index.js:28:24)
 @ ./node_modules/mini-css-extract-plugin/dist/loader.js!./node_modules/css-loader/dist/cjs.js??clonedRuleSet-3.use[1]!./node_modules/vue-loader/dist/stylePostLoader.js!./node_modules/postcss-loader/dist/cjs.js??clonedRuleSet-3.use[2]!./src/components/screens/login/login.css?vue&type=style&index=0&id=b343e86c&scoped=true&lang=css&external
 @ ./src/components/screens/login/login.css?vue&type=style&index=0&id=b343e86c&scoped=true&lang=css&external 1:0-366 1:0-366
 @ ./src/components/screens/login/login.vue 5:0-85
 @ ./src/router/index.js 18:0-57 46:13-18
 @ ./src/main.js

ERROR in ./src/components/screens/my-messages/my-messages.css?vue&type=style&index=0&id=6a811a76&scoped=true&lang=css&external (./src/components/screens/my-messages/my-messages.css.webpack[javascript/auto]!=!./node_modules/css-loader/dist/cjs.js??clonedRuleSet-3.use[1]!./node_modules/vue-loader/dist/stylePostLoader.js!./node_modules/postcss-loader/dist/cjs.js??clonedRuleSet-3.use[2]!./src/components/screens/my-messages/my-messages.css?vue&type=style&index=0&id=6a811a76&scoped=true&lang=css&external)
Module build failed (from ./node_modules/postcss-loader/dist/cjs.js):
ValidationError: Invalid options object. PostCSS Loader has been initialized using an options object that does not match the API schema.
 - options has an unknown property 'plugins'. These properties are valid:
   object { postcssOptions?, execute?, sourceMap?, implementation? }
    at validate (/Users/muhammetturk/Documents/github-projects/burada-v3/node_modules/schema-utils/dist/validate.js:213:11)
    at Object.getOptions (/Users/muhammetturk/Documents/github-projects/burada-v3/node_modules/webpack/lib/NormalModule.js:721:19)
    at Object.loader (/Users/muhammetturk/Documents/github-projects/burada-v3/node_modules/postcss-loader/dist/index.js:28:24)
 @ ./node_modules/mini-css-extract-plugin/dist/loader.js!./node_modules/css-loader/dist/cjs.js??clonedRuleSet-3.use[1]!./node_modules/vue-loader/dist/stylePostLoader.js!./node_modules/postcss-loader/dist/cjs.js??clonedRuleSet-3.use[2]!./src/components/screens/my-messages/my-messages.css?vue&type=style&index=0&id=6a811a76&scoped=true&lang=css&external
 @ ./src/components/screens/my-messages/my-messages.css?vue&type=style&index=0&id=6a811a76&scoped=true&lang=css&external 1:0-372 1:0-372
 @ ./src/components/screens/my-messages/my-messages.vue 5:0-91
 @ ./src/router/index.js 22:0-74 214:13-23
 @ ./src/main.js

ERROR in ./src/components/screens/news-details/news-details.css?vue&type=style&index=0&id=1d0070fa&scoped=true&lang=css&external (./src/components/screens/news-details/news-details.css.webpack[javascript/auto]!=!./node_modules/css-loader/dist/cjs.js??clonedRuleSet-3.use[1]!./node_modules/vue-loader/dist/stylePostLoader.js!./node_modules/postcss-loader/dist/cjs.js??clonedRuleSet-3.use[2]!./src/components/screens/news-details/news-details.css?vue&type=style&index=0&id=1d0070fa&scoped=true&lang=css&external)
Module build failed (from ./node_modules/postcss-loader/dist/cjs.js):
ValidationError: Invalid options object. PostCSS Loader has been initialized using an options object that does not match the API schema.
 - options has an unknown property 'plugins'. These properties are valid:
   object { postcssOptions?, execute?, sourceMap?, implementation? }
    at validate (/Users/muhammetturk/Documents/github-projects/burada-v3/node_modules/schema-utils/dist/validate.js:213:11)
    at Object.getOptions (/Users/muhammetturk/Documents/github-projects/burada-v3/node_modules/webpack/lib/NormalModule.js:721:19)
    at Object.loader (/Users/muhammetturk/Documents/github-projects/burada-v3/node_modules/postcss-loader/dist/index.js:28:24)
 @ ./node_modules/mini-css-extract-plugin/dist/loader.js!./node_modules/css-loader/dist/cjs.js??clonedRuleSet-3.use[1]!./node_modules/vue-loader/dist/stylePostLoader.js!./node_modules/postcss-loader/dist/cjs.js??clonedRuleSet-3.use[2]!./src/components/screens/news-details/news-details.css?vue&type=style&index=0&id=1d0070fa&scoped=true&lang=css&external
 @ ./src/components/screens/news-details/news-details.css?vue&type=style&index=0&id=1d0070fa&scoped=true&lang=css&external 1:0-373 1:0-373
 @ ./src/components/screens/news-details/news-details.vue 5:0-92
 @ ./src/router/index.js
 @ ./src/main.js

ERROR in ./src/components/screens/news-list/news-list.css?vue&type=style&index=0&id=f00bc692&scoped=true&lang=css&external (./src/components/screens/news-list/news-list.css.webpack[javascript/auto]!=!./node_modules/css-loader/dist/cjs.js??clonedRuleSet-3.use[1]!./node_modules/vue-loader/dist/stylePostLoader.js!./node_modules/postcss-loader/dist/cjs.js??clonedRuleSet-3.use[2]!./src/components/screens/news-list/news-list.css?vue&type=style&index=0&id=f00bc692&scoped=true&lang=css&external)
Module build failed (from ./node_modules/postcss-loader/dist/cjs.js):
ValidationError: Invalid options object. PostCSS Loader has been initialized using an options object that does not match the API schema.
 - options has an unknown property 'plugins'. These properties are valid:
   object { postcssOptions?, execute?, sourceMap?, implementation? }
    at validate (/Users/muhammetturk/Documents/github-projects/burada-v3/node_modules/schema-utils/dist/validate.js:213:11)
    at Object.getOptions (/Users/muhammetturk/Documents/github-projects/burada-v3/node_modules/webpack/lib/NormalModule.js:721:19)
    at Object.loader (/Users/muhammetturk/Documents/github-projects/burada-v3/node_modules/postcss-loader/dist/index.js:28:24)
 @ ./node_modules/mini-css-extract-plugin/dist/loader.js!./node_modules/css-loader/dist/cjs.js??clonedRuleSet-3.use[1]!./node_modules/vue-loader/dist/stylePostLoader.js!./node_modules/postcss-loader/dist/cjs.js??clonedRuleSet-3.use[2]!./src/components/screens/news-list/news-list.css?vue&type=style&index=0&id=f00bc692&scoped=true&lang=css&external
 @ ./src/components/screens/news-list/news-list.css?vue&type=style&index=0&id=f00bc692&scoped=true&lang=css&external 1:0-370 1:0-370
 @ ./src/components/screens/news-list/news-list.vue 5:0-89
 @ ./src/router/index.js
 @ ./src/main.js

ERROR in ./src/components/screens/notificaties/notificaties.css?vue&type=style&index=0&id=6e018551&scoped=true&lang=css&external (./src/components/screens/notificaties/notificaties.css.webpack[javascript/auto]!=!./node_modules/css-loader/dist/cjs.js??clonedRuleSet-3.use[1]!./node_modules/vue-loader/dist/stylePostLoader.js!./node_modules/postcss-loader/dist/cjs.js??clonedRuleSet-3.use[2]!./src/components/screens/notificaties/notificaties.css?vue&type=style&index=0&id=6e018551&scoped=true&lang=css&external)
Module build failed (from ./node_modules/postcss-loader/dist/cjs.js):
ValidationError: Invalid options object. PostCSS Loader has been initialized using an options object that does not match the API schema.
 - options has an unknown property 'plugins'. These properties are valid:
   object { postcssOptions?, execute?, sourceMap?, implementation? }
    at validate (/Users/muhammetturk/Documents/github-projects/burada-v3/node_modules/schema-utils/dist/validate.js:213:11)
    at Object.getOptions (/Users/muhammetturk/Documents/github-projects/burada-v3/node_modules/webpack/lib/NormalModule.js:721:19)
    at Object.loader (/Users/muhammetturk/Documents/github-projects/burada-v3/node_modules/postcss-loader/dist/index.js:28:24)
 @ ./node_modules/mini-css-extract-plugin/dist/loader.js!./node_modules/css-loader/dist/cjs.js??clonedRuleSet-3.use[1]!./node_modules/vue-loader/dist/stylePostLoader.js!./node_modules/postcss-loader/dist/cjs.js??clonedRuleSet-3.use[2]!./src/components/screens/notificaties/notificaties.css?vue&type=style&index=0&id=6e018551&scoped=true&lang=css&external
 @ ./src/components/screens/notificaties/notificaties.css?vue&type=style&index=0&id=6e018551&scoped=true&lang=css&external 1:0-373 1:0-373
 @ ./src/components/screens/notificaties/notificaties.vue 5:0-92
 @ ./src/router/index.js 16:0-78 102:13-25
 @ ./src/main.js

ERROR in ./src/components/screens/post-list/post-list.css?vue&type=style&index=0&id=82fb9560&scoped=true&lang=css&external (./src/components/screens/post-list/post-list.css.webpack[javascript/auto]!=!./node_modules/css-loader/dist/cjs.js??clonedRuleSet-3.use[1]!./node_modules/vue-loader/dist/stylePostLoader.js!./node_modules/postcss-loader/dist/cjs.js??clonedRuleSet-3.use[2]!./src/components/screens/post-list/post-list.css?vue&type=style&index=0&id=82fb9560&scoped=true&lang=css&external)
Module build failed (from ./node_modules/postcss-loader/dist/cjs.js):
ValidationError: Invalid options object. PostCSS Loader has been initialized using an options object that does not match the API schema.
 - options has an unknown property 'plugins'. These properties are valid:
   object { postcssOptions?, execute?, sourceMap?, implementation? }
    at validate (/Users/muhammetturk/Documents/github-projects/burada-v3/node_modules/schema-utils/dist/validate.js:213:11)
    at Object.getOptions (/Users/muhammetturk/Documents/github-projects/burada-v3/node_modules/webpack/lib/NormalModule.js:721:19)
    at Object.loader (/Users/muhammetturk/Documents/github-projects/burada-v3/node_modules/postcss-loader/dist/index.js:28:24)
 @ ./node_modules/mini-css-extract-plugin/dist/loader.js!./node_modules/css-loader/dist/cjs.js??clonedRuleSet-3.use[1]!./node_modules/vue-loader/dist/stylePostLoader.js!./node_modules/postcss-loader/dist/cjs.js??clonedRuleSet-3.use[2]!./src/components/screens/post-list/post-list.css?vue&type=style&index=0&id=82fb9560&scoped=true&lang=css&external
 @ ./src/components/screens/post-list/post-list.css?vue&type=style&index=0&id=82fb9560&scoped=true&lang=css&external 1:0-370 1:0-370
 @ ./src/components/screens/post-list/post-list.vue 5:0-89
 @ ./src/router/index.js 25:0-68 233:13-21
 @ ./src/main.js

ERROR in ./src/components/screens/profile/profile.css?vue&type=style&index=0&id=6ac95a0a&scoped=true&lang=css&external (./src/components/screens/profile/profile.css.webpack[javascript/auto]!=!./node_modules/css-loader/dist/cjs.js??clonedRuleSet-3.use[1]!./node_modules/vue-loader/dist/stylePostLoader.js!./node_modules/postcss-loader/dist/cjs.js??clonedRuleSet-3.use[2]!./src/components/screens/profile/profile.css?vue&type=style&index=0&id=6ac95a0a&scoped=true&lang=css&external)
Module build failed (from ./node_modules/postcss-loader/dist/cjs.js):
ValidationError: Invalid options object. PostCSS Loader has been initialized using an options object that does not match the API schema.
 - options has an unknown property 'plugins'. These properties are valid:
   object { postcssOptions?, execute?, sourceMap?, implementation? }
    at validate (/Users/muhammetturk/Documents/github-projects/burada-v3/node_modules/schema-utils/dist/validate.js:213:11)
    at Object.getOptions (/Users/muhammetturk/Documents/github-projects/burada-v3/node_modules/webpack/lib/NormalModule.js:721:19)
    at Object.loader (/Users/muhammetturk/Documents/github-projects/burada-v3/node_modules/postcss-loader/dist/index.js:28:24)
 @ ./node_modules/mini-css-extract-plugin/dist/loader.js!./node_modules/css-loader/dist/cjs.js??clonedRuleSet-3.use[1]!./node_modules/vue-loader/dist/stylePostLoader.js!./node_modules/postcss-loader/dist/cjs.js??clonedRuleSet-3.use[2]!./src/components/screens/profile/profile.css?vue&type=style&index=0&id=6ac95a0a&scoped=true&lang=css&external
 @ ./src/components/screens/profile/profile.css?vue&type=style&index=0&id=6ac95a0a&scoped=true&lang=css&external 1:0-368 1:0-368
 @ ./src/components/screens/profile/profile.vue 5:0-87
 @ ./src/router/index.js 12:0-63 114:13-20
 @ ./src/main.js

ERROR in ./src/components/screens/question/question.css?vue&type=style&index=0&id=584764a5&scoped=true&lang=css&external (./src/components/screens/question/question.css.webpack[javascript/auto]!=!./node_modules/css-loader/dist/cjs.js??clonedRuleSet-3.use[1]!./node_modules/vue-loader/dist/stylePostLoader.js!./node_modules/postcss-loader/dist/cjs.js??clonedRuleSet-3.use[2]!./src/components/screens/question/question.css?vue&type=style&index=0&id=584764a5&scoped=true&lang=css&external)
Module build failed (from ./node_modules/postcss-loader/dist/cjs.js):
ValidationError: Invalid options object. PostCSS Loader has been initialized using an options object that does not match the API schema.
 - options has an unknown property 'plugins'. These properties are valid:
   object { postcssOptions?, execute?, sourceMap?, implementation? }
    at validate (/Users/muhammetturk/Documents/github-projects/burada-v3/node_modules/schema-utils/dist/validate.js:213:11)
    at Object.getOptions (/Users/muhammetturk/Documents/github-projects/burada-v3/node_modules/webpack/lib/NormalModule.js:721:19)
    at Object.loader (/Users/muhammetturk/Documents/github-projects/burada-v3/node_modules/postcss-loader/dist/index.js:28:24)
 @ ./node_modules/mini-css-extract-plugin/dist/loader.js!./node_modules/css-loader/dist/cjs.js??clonedRuleSet-3.use[1]!./node_modules/vue-loader/dist/stylePostLoader.js!./node_modules/postcss-loader/dist/cjs.js??clonedRuleSet-3.use[2]!./src/components/screens/question/question.css?vue&type=style&index=0&id=584764a5&scoped=true&lang=css&external
 @ ./src/components/screens/question/question.css?vue&type=style&index=0&id=584764a5&scoped=true&lang=css&external 1:0-369 1:0-369
 @ ./src/components/screens/question/question.vue 5:0-88
 @ ./src/router/index.js 27:0-66
 @ ./src/main.js

ERROR in ./src/components/screens/register/register.css?vue&type=style&index=0&id=7bc884f0&scoped=true&lang=css&external (./src/components/screens/register/register.css.webpack[javascript/auto]!=!./node_modules/css-loader/dist/cjs.js??clonedRuleSet-3.use[1]!./node_modules/vue-loader/dist/stylePostLoader.js!./node_modules/postcss-loader/dist/cjs.js??clonedRuleSet-3.use[2]!./src/components/screens/register/register.css?vue&type=style&index=0&id=7bc884f0&scoped=true&lang=css&external)
Module build failed (from ./node_modules/postcss-loader/dist/cjs.js):
ValidationError: Invalid options object. PostCSS Loader has been initialized using an options object that does not match the API schema.
 - options has an unknown property 'plugins'. These properties are valid:
   object { postcssOptions?, execute?, sourceMap?, implementation? }
    at validate (/Users/muhammetturk/Documents/github-projects/burada-v3/node_modules/schema-utils/dist/validate.js:213:11)
    at Object.getOptions (/Users/muhammetturk/Documents/github-projects/burada-v3/node_modules/webpack/lib/NormalModule.js:721:19)
    at Object.loader (/Users/muhammetturk/Documents/github-projects/burada-v3/node_modules/postcss-loader/dist/index.js:28:24)
 @ ./node_modules/mini-css-extract-plugin/dist/loader.js!./node_modules/css-loader/dist/cjs.js??clonedRuleSet-3.use[1]!./node_modules/vue-loader/dist/stylePostLoader.js!./node_modules/postcss-loader/dist/cjs.js??clonedRuleSet-3.use[2]!./src/components/screens/register/register.css?vue&type=style&index=0&id=7bc884f0&scoped=true&lang=css&external
 @ ./src/components/screens/register/register.css?vue&type=style&index=0&id=7bc884f0&scoped=true&lang=css&external 1:0-369 1:0-369
 @ ./src/components/screens/register/register.vue 5:0-88
 @ ./src/router/index.js 19:0-66 59:13-21
 @ ./src/main.js

ERROR in ./src/components/screens/search/search.css?vue&type=style&index=0&id=4f2359ba&scoped=true&lang=css&external (./src/components/screens/search/search.css.webpack[javascript/auto]!=!./node_modules/css-loader/dist/cjs.js??clonedRuleSet-3.use[1]!./node_modules/vue-loader/dist/stylePostLoader.js!./node_modules/postcss-loader/dist/cjs.js??clonedRuleSet-3.use[2]!./src/components/screens/search/search.css?vue&type=style&index=0&id=4f2359ba&scoped=true&lang=css&external)
Module build failed (from ./node_modules/postcss-loader/dist/cjs.js):
ValidationError: Invalid options object. PostCSS Loader has been initialized using an options object that does not match the API schema.
 - options has an unknown property 'plugins'. These properties are valid:
   object { postcssOptions?, execute?, sourceMap?, implementation? }
    at validate (/Users/muhammetturk/Documents/github-projects/burada-v3/node_modules/schema-utils/dist/validate.js:213:11)
    at Object.getOptions (/Users/muhammetturk/Documents/github-projects/burada-v3/node_modules/webpack/lib/NormalModule.js:721:19)
    at Object.loader (/Users/muhammetturk/Documents/github-projects/burada-v3/node_modules/postcss-loader/dist/index.js:28:24)
 @ ./node_modules/mini-css-extract-plugin/dist/loader.js!./node_modules/css-loader/dist/cjs.js??clonedRuleSet-3.use[1]!./node_modules/vue-loader/dist/stylePostLoader.js!./node_modules/postcss-loader/dist/cjs.js??clonedRuleSet-3.use[2]!./src/components/screens/search/search.css?vue&type=style&index=0&id=4f2359ba&scoped=true&lang=css&external
 @ ./src/components/screens/search/search.css?vue&type=style&index=0&id=4f2359ba&scoped=true&lang=css&external 1:0-367 1:0-367
 @ ./src/components/screens/search/search.vue 5:0-86
 @ ./src/router/index.js 9:0-60 79:13-19
 @ ./src/main.js

ERROR in ./src/components/screens/select-tag/select-tag.css?vue&type=style&index=0&id=fef063bc&scoped=true&lang=css&external (./src/components/screens/select-tag/select-tag.css.webpack[javascript/auto]!=!./node_modules/css-loader/dist/cjs.js??clonedRuleSet-3.use[1]!./node_modules/vue-loader/dist/stylePostLoader.js!./node_modules/postcss-loader/dist/cjs.js??clonedRuleSet-3.use[2]!./src/components/screens/select-tag/select-tag.css?vue&type=style&index=0&id=fef063bc&scoped=true&lang=css&external)
Module build failed (from ./node_modules/postcss-loader/dist/cjs.js):
ValidationError: Invalid options object. PostCSS Loader has been initialized using an options object that does not match the API schema.
 - options has an unknown property 'plugins'. These properties are valid:
   object { postcssOptions?, execute?, sourceMap?, implementation? }
    at validate (/Users/muhammetturk/Documents/github-projects/burada-v3/node_modules/schema-utils/dist/validate.js:213:11)
    at Object.getOptions (/Users/muhammetturk/Documents/github-projects/burada-v3/node_modules/webpack/lib/NormalModule.js:721:19)
    at Object.loader (/Users/muhammetturk/Documents/github-projects/burada-v3/node_modules/postcss-loader/dist/index.js:28:24)
 @ ./node_modules/mini-css-extract-plugin/dist/loader.js!./node_modules/css-loader/dist/cjs.js??clonedRuleSet-3.use[1]!./node_modules/vue-loader/dist/stylePostLoader.js!./node_modules/postcss-loader/dist/cjs.js??clonedRuleSet-3.use[2]!./src/components/screens/select-tag/select-tag.css?vue&type=style&index=0&id=fef063bc&scoped=true&lang=css&external
 @ ./src/components/screens/select-tag/select-tag.css?vue&type=style&index=0&id=fef063bc&scoped=true&lang=css&external 1:0-371 1:0-371
 @ ./src/components/screens/select-tag/select-tag.vue 5:0-90
 @ ./src/router/index.js 24:0-71
 @ ./src/main.js

ERROR in ./src/components/screens/splash-screen/splash-screen.css?vue&type=style&index=0&id=4fb90325&scoped=true&lang=css&external (./src/components/screens/splash-screen/splash-screen.css.webpack[javascript/auto]!=!./node_modules/css-loader/dist/cjs.js??clonedRuleSet-3.use[1]!./node_modules/vue-loader/dist/stylePostLoader.js!./node_modules/postcss-loader/dist/cjs.js??clonedRuleSet-3.use[2]!./src/components/screens/splash-screen/splash-screen.css?vue&type=style&index=0&id=4fb90325&scoped=true&lang=css&external)
Module build failed (from ./node_modules/postcss-loader/dist/cjs.js):
ValidationError: Invalid options object. PostCSS Loader has been initialized using an options object that does not match the API schema.
 - options has an unknown property 'plugins'. These properties are valid:
   object { postcssOptions?, execute?, sourceMap?, implementation? }
    at validate (/Users/muhammetturk/Documents/github-projects/burada-v3/node_modules/schema-utils/dist/validate.js:213:11)
    at Object.getOptions (/Users/muhammetturk/Documents/github-projects/burada-v3/node_modules/webpack/lib/NormalModule.js:721:19)
    at Object.loader (/Users/muhammetturk/Documents/github-projects/burada-v3/node_modules/postcss-loader/dist/index.js:28:24)
 @ ./node_modules/mini-css-extract-plugin/dist/loader.js!./node_modules/css-loader/dist/cjs.js??clonedRuleSet-3.use[1]!./node_modules/vue-loader/dist/stylePostLoader.js!./node_modules/postcss-loader/dist/cjs.js??clonedRuleSet-3.use[2]!./src/components/screens/splash-screen/splash-screen.css?vue&type=style&index=0&id=4fb90325&scoped=true&lang=css&external
 @ ./src/components/screens/splash-screen/splash-screen.css?vue&type=style&index=0&id=4fb90325&scoped=true&lang=css&external 1:0-374 1:0-374
 @ ./src/components/screens/splash-screen/splash-screen.vue 5:0-93
 @ ./src/router/index.js 17:0-80 34:13-25
 @ ./src/main.js

ERROR in ./src/components/screens/update-profile/update-profile.css?vue&type=style&index=0&id=34731346&scoped=true&lang=css&external (./src/components/screens/update-profile/update-profile.css.webpack[javascript/auto]!=!./node_modules/css-loader/dist/cjs.js??clonedRuleSet-3.use[1]!./node_modules/vue-loader/dist/stylePostLoader.js!./node_modules/postcss-loader/dist/cjs.js??clonedRuleSet-3.use[2]!./src/components/screens/update-profile/update-profile.css?vue&type=style&index=0&id=34731346&scoped=true&lang=css&external)
Module build failed (from ./node_modules/postcss-loader/dist/cjs.js):
ValidationError: Invalid options object. PostCSS Loader has been initialized using an options object that does not match the API schema.
 - options has an unknown property 'plugins'. These properties are valid:
   object { postcssOptions?, execute?, sourceMap?, implementation? }
    at validate (/Users/muhammetturk/Documents/github-projects/burada-v3/node_modules/schema-utils/dist/validate.js:213:11)
    at Object.getOptions (/Users/muhammetturk/Documents/github-projects/burada-v3/node_modules/webpack/lib/NormalModule.js:721:19)
    at Object.loader (/Users/muhammetturk/Documents/github-projects/burada-v3/node_modules/postcss-loader/dist/index.js:28:24)
 @ ./node_modules/mini-css-extract-plugin/dist/loader.js!./node_modules/css-loader/dist/cjs.js??clonedRuleSet-3.use[1]!./node_modules/vue-loader/dist/stylePostLoader.js!./node_modules/postcss-loader/dist/cjs.js??clonedRuleSet-3.use[2]!./src/components/screens/update-profile/update-profile.css?vue&type=style&index=0&id=34731346&scoped=true&lang=css&external
 @ ./src/components/screens/update-profile/update-profile.css?vue&type=style&index=0&id=34731346&scoped=true&lang=css&external 1:0-375 1:0-375
 @ ./src/components/screens/update-profile/update-profile.vue 5:0-94
 @ ./src/router/index.js 23:0-83 224:13-26
 @ ./src/main.js

ERROR in ./src/components/utils/_show_icons/_show_icons.css?vue&type=style&index=0&id=1885dc5e&scoped=true&lang=css&external (./src/components/utils/_show_icons/_show_icons.css.webpack[javascript/auto]!=!./node_modules/css-loader/dist/cjs.js??clonedRuleSet-3.use[1]!./node_modules/vue-loader/dist/stylePostLoader.js!./node_modules/postcss-loader/dist/cjs.js??clonedRuleSet-3.use[2]!./src/components/utils/_show_icons/_show_icons.css?vue&type=style&index=0&id=1885dc5e&scoped=true&lang=css&external)
Module build failed (from ./node_modules/postcss-loader/dist/cjs.js):
ValidationError: Invalid options object. PostCSS Loader has been initialized using an options object that does not match the API schema.
 - options has an unknown property 'plugins'. These properties are valid:
   object { postcssOptions?, execute?, sourceMap?, implementation? }
    at validate (/Users/muhammetturk/Documents/github-projects/burada-v3/node_modules/schema-utils/dist/validate.js:213:11)
    at Object.getOptions (/Users/muhammetturk/Documents/github-projects/burada-v3/node_modules/webpack/lib/NormalModule.js:721:19)
    at Object.loader (/Users/muhammetturk/Documents/github-projects/burada-v3/node_modules/postcss-loader/dist/index.js:28:24)
 @ ./node_modules/mini-css-extract-plugin/dist/loader.js!./node_modules/css-loader/dist/cjs.js??clonedRuleSet-3.use[1]!./node_modules/vue-loader/dist/stylePostLoader.js!./node_modules/postcss-loader/dist/cjs.js??clonedRuleSet-3.use[2]!./src/components/utils/_show_icons/_show_icons.css?vue&type=style&index=0&id=1885dc5e&scoped=true&lang=css&external
 @ ./src/components/utils/_show_icons/_show_icons.css?vue&type=style&index=0&id=1885dc5e&scoped=true&lang=css&external 1:0-372 1:0-372
 @ ./src/components/utils/_show_icons/_show_icons.vue 5:0-91
 @ ./src/router/index.js 20:0-71
 @ ./src/main.js

ERROR in ./src/components/utils/dropdown-page/dropdown-page.css?vue&type=style&index=0&id=39fa155a&scoped=true&lang=css&external (./src/components/utils/dropdown-page/dropdown-page.css.webpack[javascript/auto]!=!./node_modules/css-loader/dist/cjs.js??clonedRuleSet-3.use[1]!./node_modules/vue-loader/dist/stylePostLoader.js!./node_modules/postcss-loader/dist/cjs.js??clonedRuleSet-3.use[2]!./src/components/utils/dropdown-page/dropdown-page.css?vue&type=style&index=0&id=39fa155a&scoped=true&lang=css&external)
Module build failed (from ./node_modules/postcss-loader/dist/cjs.js):
ValidationError: Invalid options object. PostCSS Loader has been initialized using an options object that does not match the API schema.
 - options has an unknown property 'plugins'. These properties are valid:
   object { postcssOptions?, execute?, sourceMap?, implementation? }
    at validate (/Users/muhammetturk/Documents/github-projects/burada-v3/node_modules/schema-utils/dist/validate.js:213:11)
    at Object.getOptions (/Users/muhammetturk/Documents/github-projects/burada-v3/node_modules/webpack/lib/NormalModule.js:721:19)
    at Object.loader (/Users/muhammetturk/Documents/github-projects/burada-v3/node_modules/postcss-loader/dist/index.js:28:24)
 @ ./node_modules/mini-css-extract-plugin/dist/loader.js!./node_modules/css-loader/dist/cjs.js??clonedRuleSet-3.use[1]!./node_modules/vue-loader/dist/stylePostLoader.js!./node_modules/postcss-loader/dist/cjs.js??clonedRuleSet-3.use[2]!./src/components/utils/dropdown-page/dropdown-page.css?vue&type=style&index=0&id=39fa155a&scoped=true&lang=css&external
 @ ./src/components/utils/dropdown-page/dropdown-page.css?vue&type=style&index=0&id=39fa155a&scoped=true&lang=css&external 1:0-374 1:0-374
 @ ./src/components/utils/dropdown-page/dropdown-page.vue 5:0-93
 @ ./src/router/index.js 21:0-78
 @ ./src/main.js

ERROR in ./node_modules/element-plus/dist/index.css
Module build failed (from ./node_modules/mini-css-extract-plugin/dist/loader.js):
HookWebpackError: Module build failed (from ./node_modules/postcss-loader/dist/cjs.js):
ValidationError: Invalid options object. PostCSS Loader has been initialized using an options object that does not match the API schema.
 - options has an unknown property 'plugins'. These properties are valid:
   object { postcssOptions?, execute?, sourceMap?, implementation? }
    at validate (/Users/muhammetturk/Documents/github-projects/burada-v3/node_modules/schema-utils/dist/validate.js:213:11)
    at Object.getOptions (/Users/muhammetturk/Documents/github-projects/burada-v3/node_modules/webpack/lib/NormalModule.js:721:19)
    at Object.loader (/Users/muhammetturk/Documents/github-projects/burada-v3/node_modules/postcss-loader/dist/index.js:28:24)
    at tryRunOrWebpackError (/Users/muhammetturk/Documents/github-projects/burada-v3/node_modules/webpack/lib/HookWebpackError.js:85:9)
    at __webpack_require_module__ (/Users/muhammetturk/Documents/github-projects/burada-v3/node_modules/webpack/lib/Compilation.js:5541:12)
    at __webpack_require__ (/Users/muhammetturk/Documents/github-projects/burada-v3/node_modules/webpack/lib/Compilation.js:5488:18)
    at /Users/muhammetturk/Documents/github-projects/burada-v3/node_modules/webpack/lib/Compilation.js:5576:20
    at symbolIterator (/Users/muhammetturk/Documents/github-projects/burada-v3/node_modules/neo-async/async.js:3485:9)
    at done (/Users/muhammetturk/Documents/github-projects/burada-v3/node_modules/neo-async/async.js:3527:9)
    at Hook.eval [as callAsync] (eval at create (/Users/muhammetturk/Documents/github-projects/burada-v3/node_modules/tapable/lib/HookCodeFactory.js:31:10), <anonymous>:15:1)
    at /Users/muhammetturk/Documents/github-projects/burada-v3/node_modules/webpack/lib/Compilation.js:5463:43
    at symbolIterator (/Users/muhammetturk/Documents/github-projects/burada-v3/node_modules/neo-async/async.js:3482:9)
    at timesSync (/Users/muhammetturk/Documents/github-projects/burada-v3/node_modules/neo-async/async.js:2297:7)
    at Object.eachLimit (/Users/muhammetturk/Documents/github-projects/burada-v3/node_modules/neo-async/async.js:3463:5)
    at /Users/muhammetturk/Documents/github-projects/burada-v3/node_modules/webpack/lib/Compilation.js:5426:16
    at symbolIterator (/Users/muhammetturk/Documents/github-projects/burada-v3/node_modules/neo-async/async.js:3485:9)
    at timesSync (/Users/muhammetturk/Documents/github-projects/burada-v3/node_modules/neo-async/async.js:2297:7)
    at Object.eachLimit (/Users/muhammetturk/Documents/github-projects/burada-v3/node_modules/neo-async/async.js:3463:5)
    at /Users/muhammetturk/Documents/github-projects/burada-v3/node_modules/webpack/lib/Compilation.js:5394:15
    at symbolIterator (/Users/muhammetturk/Documents/github-projects/burada-v3/node_modules/neo-async/async.js:3485:9)
    at done (/Users/muhammetturk/Documents/github-projects/burada-v3/node_modules/neo-async/async.js:3527:9)
    at /Users/muhammetturk/Documents/github-projects/burada-v3/node_modules/webpack/lib/Compilation.js:5340:8
    at /Users/muhammetturk/Documents/github-projects/burada-v3/node_modules/webpack/lib/Compilation.js:3744:6
    at /Users/muhammetturk/Documents/github-projects/burada-v3/node_modules/webpack/lib/HookWebpackError.js:66:2
    at Hook.eval [as callAsync] (eval at create (/Users/muhammetturk/Documents/github-projects/burada-v3/node_modules/tapable/lib/HookCodeFactory.js:31:10), <anonymous>:6:1)
    at Cache.store (/Users/muhammetturk/Documents/github-projects/burada-v3/node_modules/webpack/lib/Cache.js:114:20)
    at ItemCacheFacade.store (/Users/muhammetturk/Documents/github-projects/burada-v3/node_modules/webpack/lib/CacheFacade.js:141:15)
    at /Users/muhammetturk/Documents/github-projects/burada-v3/node_modules/webpack/lib/Compilation.js:3743:11
    at /Users/muhammetturk/Documents/github-projects/burada-v3/node_modules/webpack/lib/Cache.js:100:5
    at Hook.eval [as callAsync] (eval at create (/Users/muhammetturk/Documents/github-projects/burada-v3/node_modules/tapable/lib/HookCodeFactory.js:31:10), <anonymous>:6:1)
    at Cache.get (/Users/muhammetturk/Documents/github-projects/burada-v3/node_modules/webpack/lib/Cache.js:82:18)
    at ItemCacheFacade.get (/Users/muhammetturk/Documents/github-projects/burada-v3/node_modules/webpack/lib/CacheFacade.js:115:15)
    at Compilation._codeGenerationModule (/Users/muhammetturk/Documents/github-projects/burada-v3/node_modules/webpack/lib/Compilation.js:3711:9)
    at codeGen (/Users/muhammetturk/Documents/github-projects/burada-v3/node_modules/webpack/lib/Compilation.js:5328:11)
    at symbolIterator (/Users/muhammetturk/Documents/github-projects/burada-v3/node_modules/neo-async/async.js:3482:9)
    at timesSync (/Users/muhammetturk/Documents/github-projects/burada-v3/node_modules/neo-async/async.js:2297:7)
    at Object.eachLimit (/Users/muhammetturk/Documents/github-projects/burada-v3/node_modules/neo-async/async.js:3463:5)
    at /Users/muhammetturk/Documents/github-projects/burada-v3/node_modules/webpack/lib/Compilation.js:5358:14
    at processQueue (/Users/muhammetturk/Documents/github-projects/burada-v3/node_modules/webpack/lib/util/processAsyncTree.js:61:4)
    at processTicksAndRejections (node:internal/process/task_queues:84:11)
    at runNextTicks (node:internal/process/task_queues:68:3)
    at process.processImmediate (node:internal/timers:472:9)
-- inner error --
Error: Module build failed (from ./node_modules/postcss-loader/dist/cjs.js):
ValidationError: Invalid options object. PostCSS Loader has been initialized using an options object that does not match the API schema.
 - options has an unknown property 'plugins'. These properties are valid:
   object { postcssOptions?, execute?, sourceMap?, implementation? }
    at validate (/Users/muhammetturk/Documents/github-projects/burada-v3/node_modules/schema-utils/dist/validate.js:213:11)
    at Object.getOptions (/Users/muhammetturk/Documents/github-projects/burada-v3/node_modules/webpack/lib/NormalModule.js:721:19)
    at Object.loader (/Users/muhammetturk/Documents/github-projects/burada-v3/node_modules/postcss-loader/dist/index.js:28:24)
    at Object.<anonymous> (/Users/muhammetturk/Documents/github-projects/burada-v3/node_modules/css-loader/dist/cjs.js??clonedRuleSet-3.use[1]!/Users/muhammetturk/Documents/github-projects/burada-v3/node_modules/postcss-loader/dist/cjs.js??clonedRuleSet-3.use[2]!/Users/muhammetturk/Documents/github-projects/burada-v3/node_modules/element-plus/dist/index.css:1:7)
    at /Users/muhammetturk/Documents/github-projects/burada-v3/node_modules/webpack/lib/javascript/JavascriptModulesPlugin.js:544:10
    at Hook.eval [as call] (eval at create (/Users/muhammetturk/Documents/github-projects/burada-v3/node_modules/tapable/lib/HookCodeFactory.js:19:10), <anonymous>:7:1)
    at /Users/muhammetturk/Documents/github-projects/burada-v3/node_modules/webpack/lib/Compilation.js:5543:39
    at tryRunOrWebpackError (/Users/muhammetturk/Documents/github-projects/burada-v3/node_modules/webpack/lib/HookWebpackError.js:80:7)
    at __webpack_require_module__ (/Users/muhammetturk/Documents/github-projects/burada-v3/node_modules/webpack/lib/Compilation.js:5541:12)
    at __webpack_require__ (/Users/muhammetturk/Documents/github-projects/burada-v3/node_modules/webpack/lib/Compilation.js:5488:18)
    at /Users/muhammetturk/Documents/github-projects/burada-v3/node_modules/webpack/lib/Compilation.js:5576:20
    at symbolIterator (/Users/muhammetturk/Documents/github-projects/burada-v3/node_modules/neo-async/async.js:3485:9)
    at done (/Users/muhammetturk/Documents/github-projects/burada-v3/node_modules/neo-async/async.js:3527:9)
    at Hook.eval [as callAsync] (eval at create (/Users/muhammetturk/Documents/github-projects/burada-v3/node_modules/tapable/lib/HookCodeFactory.js:31:10), <anonymous>:15:1)
    at /Users/muhammetturk/Documents/github-projects/burada-v3/node_modules/webpack/lib/Compilation.js:5463:43
    at symbolIterator (/Users/muhammetturk/Documents/github-projects/burada-v3/node_modules/neo-async/async.js:3482:9)
    at timesSync (/Users/muhammetturk/Documents/github-projects/burada-v3/node_modules/neo-async/async.js:2297:7)
    at Object.eachLimit (/Users/muhammetturk/Documents/github-projects/burada-v3/node_modules/neo-async/async.js:3463:5)
    at /Users/muhammetturk/Documents/github-projects/burada-v3/node_modules/webpack/lib/Compilation.js:5426:16
    at symbolIterator (/Users/muhammetturk/Documents/github-projects/burada-v3/node_modules/neo-async/async.js:3485:9)
    at timesSync (/Users/muhammetturk/Documents/github-projects/burada-v3/node_modules/neo-async/async.js:2297:7)
    at Object.eachLimit (/Users/muhammetturk/Documents/github-projects/burada-v3/node_modules/neo-async/async.js:3463:5)
    at /Users/muhammetturk/Documents/github-projects/burada-v3/node_modules/webpack/lib/Compilation.js:5394:15
    at symbolIterator (/Users/muhammetturk/Documents/github-projects/burada-v3/node_modules/neo-async/async.js:3485:9)
    at done (/Users/muhammetturk/Documents/github-projects/burada-v3/node_modules/neo-async/async.js:3527:9)
    at /Users/muhammetturk/Documents/github-projects/burada-v3/node_modules/webpack/lib/Compilation.js:5340:8
    at /Users/muhammetturk/Documents/github-projects/burada-v3/node_modules/webpack/lib/Compilation.js:3744:6
    at /Users/muhammetturk/Documents/github-projects/burada-v3/node_modules/webpack/lib/HookWebpackError.js:66:2
    at Hook.eval [as callAsync] (eval at create (/Users/muhammetturk/Documents/github-projects/burada-v3/node_modules/tapable/lib/HookCodeFactory.js:31:10), <anonymous>:6:1)
    at Cache.store (/Users/muhammetturk/Documents/github-projects/burada-v3/node_modules/webpack/lib/Cache.js:114:20)
    at ItemCacheFacade.store (/Users/muhammetturk/Documents/github-projects/burada-v3/node_modules/webpack/lib/CacheFacade.js:141:15)
    at /Users/muhammetturk/Documents/github-projects/burada-v3/node_modules/webpack/lib/Compilation.js:3743:11
    at /Users/muhammetturk/Documents/github-projects/burada-v3/node_modules/webpack/lib/Cache.js:100:5
    at Hook.eval [as callAsync] (eval at create (/Users/muhammetturk/Documents/github-projects/burada-v3/node_modules/tapable/lib/HookCodeFactory.js:31:10), <anonymous>:6:1)
    at Cache.get (/Users/muhammetturk/Documents/github-projects/burada-v3/node_modules/webpack/lib/Cache.js:82:18)
    at ItemCacheFacade.get (/Users/muhammetturk/Documents/github-projects/burada-v3/node_modules/webpack/lib/CacheFacade.js:115:15)
    at Compilation._codeGenerationModule (/Users/muhammetturk/Documents/github-projects/burada-v3/node_modules/webpack/lib/Compilation.js:3711:9)
    at codeGen (/Users/muhammetturk/Documents/github-projects/burada-v3/node_modules/webpack/lib/Compilation.js:5328:11)
    at symbolIterator (/Users/muhammetturk/Documents/github-projects/burada-v3/node_modules/neo-async/async.js:3482:9)
    at timesSync (/Users/muhammetturk/Documents/github-projects/burada-v3/node_modules/neo-async/async.js:2297:7)
    at Object.eachLimit (/Users/muhammetturk/Documents/github-projects/burada-v3/node_modules/neo-async/async.js:3463:5)
    at /Users/muhammetturk/Documents/github-projects/burada-v3/node_modules/webpack/lib/Compilation.js:5358:14
    at processQueue (/Users/muhammetturk/Documents/github-projects/burada-v3/node_modules/webpack/lib/util/processAsyncTree.js:61:4)
    at processTicksAndRejections (node:internal/process/task_queues:84:11)
    at runNextTicks (node:internal/process/task_queues:68:3)
    at process.processImmediate (node:internal/timers:472:9)

Generated code for /Users/muhammetturk/Documents/github-projects/burada-v3/node_modules/css-loader/dist/cjs.js??clonedRuleSet-3.use[1]!/Users/muhammetturk/Documents/github-projects/burada-v3/node_modules/postcss-loader/dist/cjs.js??clonedRuleSet-3.use[2]!/Users/muhammetturk/Documents/github-projects/burada-v3/node_modules/element-plus/dist/index.css
1 | throw new Error("Module build failed (from ./node_modules/postcss-loader/dist/cjs.js):\nValidationError: Invalid options object. PostCSS Loader has been initialized using an options object that does not match the API schema.\n - options has an unknown property 'plugins'. These properties are valid:\n   object { postcssOptions?, execute?, sourceMap?, implementation? }\n    at validate (/Users/muhammetturk/Documents/github-projects/burada-v3/node_modules/schema-utils/dist/validate.js:213:11)\n    at Object.getOptions (/Users/muhammetturk/Documents/github-projects/burada-v3/node_modules/webpack/lib/NormalModule.js:721:19)\n    at Object.loader (/Users/muhammetturk/Documents/github-projects/burada-v3/node_modules/postcss-loader/dist/index.js:28:24)");
 @ ./src/main.js 25:0-37

ERROR in ./node_modules/sweetalert2/dist/sweetalert2.min.css
Module build failed (from ./node_modules/mini-css-extract-plugin/dist/loader.js):
HookWebpackError: Module build failed (from ./node_modules/postcss-loader/dist/cjs.js):
ValidationError: Invalid options object. PostCSS Loader has been initialized using an options object that does not match the API schema.
 - options has an unknown property 'plugins'. These properties are valid:
   object { postcssOptions?, execute?, sourceMap?, implementation? }
    at validate (/Users/muhammetturk/Documents/github-projects/burada-v3/node_modules/schema-utils/dist/validate.js:213:11)
    at Object.getOptions (/Users/muhammetturk/Documents/github-projects/burada-v3/node_modules/webpack/lib/NormalModule.js:721:19)
    at Object.loader (/Users/muhammetturk/Documents/github-projects/burada-v3/node_modules/postcss-loader/dist/index.js:28:24)
    at tryRunOrWebpackError (/Users/muhammetturk/Documents/github-projects/burada-v3/node_modules/webpack/lib/HookWebpackError.js:85:9)
    at __webpack_require_module__ (/Users/muhammetturk/Documents/github-projects/burada-v3/node_modules/webpack/lib/Compilation.js:5541:12)
    at __webpack_require__ (/Users/muhammetturk/Documents/github-projects/burada-v3/node_modules/webpack/lib/Compilation.js:5488:18)
    at /Users/muhammetturk/Documents/github-projects/burada-v3/node_modules/webpack/lib/Compilation.js:5576:20
    at symbolIterator (/Users/muhammetturk/Documents/github-projects/burada-v3/node_modules/neo-async/async.js:3485:9)
    at done (/Users/muhammetturk/Documents/github-projects/burada-v3/node_modules/neo-async/async.js:3527:9)
    at Hook.eval [as callAsync] (eval at create (/Users/muhammetturk/Documents/github-projects/burada-v3/node_modules/tapable/lib/HookCodeFactory.js:31:10), <anonymous>:15:1)
    at /Users/muhammetturk/Documents/github-projects/burada-v3/node_modules/webpack/lib/Compilation.js:5463:43
    at symbolIterator (/Users/muhammetturk/Documents/github-projects/burada-v3/node_modules/neo-async/async.js:3482:9)
    at timesSync (/Users/muhammetturk/Documents/github-projects/burada-v3/node_modules/neo-async/async.js:2297:7)
    at Object.eachLimit (/Users/muhammetturk/Documents/github-projects/burada-v3/node_modules/neo-async/async.js:3463:5)
    at /Users/muhammetturk/Documents/github-projects/burada-v3/node_modules/webpack/lib/Compilation.js:5426:16
    at symbolIterator (/Users/muhammetturk/Documents/github-projects/burada-v3/node_modules/neo-async/async.js:3485:9)
    at timesSync (/Users/muhammetturk/Documents/github-projects/burada-v3/node_modules/neo-async/async.js:2297:7)
    at Object.eachLimit (/Users/muhammetturk/Documents/github-projects/burada-v3/node_modules/neo-async/async.js:3463:5)
    at /Users/muhammetturk/Documents/github-projects/burada-v3/node_modules/webpack/lib/Compilation.js:5394:15
    at symbolIterator (/Users/muhammetturk/Documents/github-projects/burada-v3/node_modules/neo-async/async.js:3485:9)
    at done (/Users/muhammetturk/Documents/github-projects/burada-v3/node_modules/neo-async/async.js:3527:9)
    at /Users/muhammetturk/Documents/github-projects/burada-v3/node_modules/webpack/lib/Compilation.js:5340:8
    at /Users/muhammetturk/Documents/github-projects/burada-v3/node_modules/webpack/lib/Compilation.js:3744:6
    at /Users/muhammetturk/Documents/github-projects/burada-v3/node_modules/webpack/lib/HookWebpackError.js:66:2
    at Hook.eval [as callAsync] (eval at create (/Users/muhammetturk/Documents/github-projects/burada-v3/node_modules/tapable/lib/HookCodeFactory.js:31:10), <anonymous>:6:1)
    at Cache.store (/Users/muhammetturk/Documents/github-projects/burada-v3/node_modules/webpack/lib/Cache.js:114:20)
    at ItemCacheFacade.store (/Users/muhammetturk/Documents/github-projects/burada-v3/node_modules/webpack/lib/CacheFacade.js:141:15)
    at /Users/muhammetturk/Documents/github-projects/burada-v3/node_modules/webpack/lib/Compilation.js:3743:11
    at /Users/muhammetturk/Documents/github-projects/burada-v3/node_modules/webpack/lib/Cache.js:100:5
    at Hook.eval [as callAsync] (eval at create (/Users/muhammetturk/Documents/github-projects/burada-v3/node_modules/tapable/lib/HookCodeFactory.js:31:10), <anonymous>:6:1)
    at Cache.get (/Users/muhammetturk/Documents/github-projects/burada-v3/node_modules/webpack/lib/Cache.js:82:18)
    at ItemCacheFacade.get (/Users/muhammetturk/Documents/github-projects/burada-v3/node_modules/webpack/lib/CacheFacade.js:115:15)
    at Compilation._codeGenerationModule (/Users/muhammetturk/Documents/github-projects/burada-v3/node_modules/webpack/lib/Compilation.js:3711:9)
    at codeGen (/Users/muhammetturk/Documents/github-projects/burada-v3/node_modules/webpack/lib/Compilation.js:5328:11)
    at symbolIterator (/Users/muhammetturk/Documents/github-projects/burada-v3/node_modules/neo-async/async.js:3482:9)
    at timesSync (/Users/muhammetturk/Documents/github-projects/burada-v3/node_modules/neo-async/async.js:2297:7)
    at Object.eachLimit (/Users/muhammetturk/Documents/github-projects/burada-v3/node_modules/neo-async/async.js:3463:5)
    at /Users/muhammetturk/Documents/github-projects/burada-v3/node_modules/webpack/lib/Compilation.js:5358:14
    at processQueue (/Users/muhammetturk/Documents/github-projects/burada-v3/node_modules/webpack/lib/util/processAsyncTree.js:61:4)
    at processTicksAndRejections (node:internal/process/task_queues:84:11)
    at runNextTicks (node:internal/process/task_queues:68:3)
    at process.processImmediate (node:internal/timers:472:9)
-- inner error --
Error: Module build failed (from ./node_modules/postcss-loader/dist/cjs.js):
ValidationError: Invalid options object. PostCSS Loader has been initialized using an options object that does not match the API schema.
 - options has an unknown property 'plugins'. These properties are valid:
   object { postcssOptions?, execute?, sourceMap?, implementation? }
    at validate (/Users/muhammetturk/Documents/github-projects/burada-v3/node_modules/schema-utils/dist/validate.js:213:11)
    at Object.getOptions (/Users/muhammetturk/Documents/github-projects/burada-v3/node_modules/webpack/lib/NormalModule.js:721:19)
    at Object.loader (/Users/muhammetturk/Documents/github-projects/burada-v3/node_modules/postcss-loader/dist/index.js:28:24)
    at Object.<anonymous> (/Users/muhammetturk/Documents/github-projects/burada-v3/node_modules/css-loader/dist/cjs.js??clonedRuleSet-3.use[1]!/Users/muhammetturk/Documents/github-projects/burada-v3/node_modules/postcss-loader/dist/cjs.js??clonedRuleSet-3.use[2]!/Users/muhammetturk/Documents/github-projects/burada-v3/node_modules/sweetalert2/dist/sweetalert2.min.css:1:7)
    at /Users/muhammetturk/Documents/github-projects/burada-v3/node_modules/webpack/lib/javascript/JavascriptModulesPlugin.js:544:10
    at Hook.eval [as call] (eval at create (/Users/muhammetturk/Documents/github-projects/burada-v3/node_modules/tapable/lib/HookCodeFactory.js:19:10), <anonymous>:7:1)
    at /Users/muhammetturk/Documents/github-projects/burada-v3/node_modules/webpack/lib/Compilation.js:5543:39
    at tryRunOrWebpackError (/Users/muhammetturk/Documents/github-projects/burada-v3/node_modules/webpack/lib/HookWebpackError.js:80:7)
    at __webpack_require_module__ (/Users/muhammetturk/Documents/github-projects/burada-v3/node_modules/webpack/lib/Compilation.js:5541:12)
    at __webpack_require__ (/Users/muhammetturk/Documents/github-projects/burada-v3/node_modules/webpack/lib/Compilation.js:5488:18)
    at /Users/muhammetturk/Documents/github-projects/burada-v3/node_modules/webpack/lib/Compilation.js:5576:20
    at symbolIterator (/Users/muhammetturk/Documents/github-projects/burada-v3/node_modules/neo-async/async.js:3485:9)
    at done (/Users/muhammetturk/Documents/github-projects/burada-v3/node_modules/neo-async/async.js:3527:9)
    at Hook.eval [as callAsync] (eval at create (/Users/muhammetturk/Documents/github-projects/burada-v3/node_modules/tapable/lib/HookCodeFactory.js:31:10), <anonymous>:15:1)
    at /Users/muhammetturk/Documents/github-projects/burada-v3/node_modules/webpack/lib/Compilation.js:5463:43
    at symbolIterator (/Users/muhammetturk/Documents/github-projects/burada-v3/node_modules/neo-async/async.js:3482:9)
    at timesSync (/Users/muhammetturk/Documents/github-projects/burada-v3/node_modules/neo-async/async.js:2297:7)
    at Object.eachLimit (/Users/muhammetturk/Documents/github-projects/burada-v3/node_modules/neo-async/async.js:3463:5)
    at /Users/muhammetturk/Documents/github-projects/burada-v3/node_modules/webpack/lib/Compilation.js:5426:16
    at symbolIterator (/Users/muhammetturk/Documents/github-projects/burada-v3/node_modules/neo-async/async.js:3485:9)
    at timesSync (/Users/muhammetturk/Documents/github-projects/burada-v3/node_modules/neo-async/async.js:2297:7)
    at Object.eachLimit (/Users/muhammetturk/Documents/github-projects/burada-v3/node_modules/neo-async/async.js:3463:5)
    at /Users/muhammetturk/Documents/github-projects/burada-v3/node_modules/webpack/lib/Compilation.js:5394:15
    at symbolIterator (/Users/muhammetturk/Documents/github-projects/burada-v3/node_modules/neo-async/async.js:3485:9)
    at done (/Users/muhammetturk/Documents/github-projects/burada-v3/node_modules/neo-async/async.js:3527:9)
    at /Users/muhammetturk/Documents/github-projects/burada-v3/node_modules/webpack/lib/Compilation.js:5340:8
    at /Users/muhammetturk/Documents/github-projects/burada-v3/node_modules/webpack/lib/Compilation.js:3744:6
    at /Users/muhammetturk/Documents/github-projects/burada-v3/node_modules/webpack/lib/HookWebpackError.js:66:2
    at Hook.eval [as callAsync] (eval at create (/Users/muhammetturk/Documents/github-projects/burada-v3/node_modules/tapable/lib/HookCodeFactory.js:31:10), <anonymous>:6:1)
    at Cache.store (/Users/muhammetturk/Documents/github-projects/burada-v3/node_modules/webpack/lib/Cache.js:114:20)
    at ItemCacheFacade.store (/Users/muhammetturk/Documents/github-projects/burada-v3/node_modules/webpack/lib/CacheFacade.js:141:15)
    at /Users/muhammetturk/Documents/github-projects/burada-v3/node_modules/webpack/lib/Compilation.js:3743:11
    at /Users/muhammetturk/Documents/github-projects/burada-v3/node_modules/webpack/lib/Cache.js:100:5
    at Hook.eval [as callAsync] (eval at create (/Users/muhammetturk/Documents/github-projects/burada-v3/node_modules/tapable/lib/HookCodeFactory.js:31:10), <anonymous>:6:1)
    at Cache.get (/Users/muhammetturk/Documents/github-projects/burada-v3/node_modules/webpack/lib/Cache.js:82:18)
    at ItemCacheFacade.get (/Users/muhammetturk/Documents/github-projects/burada-v3/node_modules/webpack/lib/CacheFacade.js:115:15)
    at Compilation._codeGenerationModule (/Users/muhammetturk/Documents/github-projects/burada-v3/node_modules/webpack/lib/Compilation.js:3711:9)
    at codeGen (/Users/muhammetturk/Documents/github-projects/burada-v3/node_modules/webpack/lib/Compilation.js:5328:11)
    at symbolIterator (/Users/muhammetturk/Documents/github-projects/burada-v3/node_modules/neo-async/async.js:3482:9)
    at timesSync (/Users/muhammetturk/Documents/github-projects/burada-v3/node_modules/neo-async/async.js:2297:7)
    at Object.eachLimit (/Users/muhammetturk/Documents/github-projects/burada-v3/node_modules/neo-async/async.js:3463:5)
    at /Users/muhammetturk/Documents/github-projects/burada-v3/node_modules/webpack/lib/Compilation.js:5358:14
    at processQueue (/Users/muhammetturk/Documents/github-projects/burada-v3/node_modules/webpack/lib/util/processAsyncTree.js:61:4)
    at processTicksAndRejections (node:internal/process/task_queues:84:11)
    at runNextTicks (node:internal/process/task_queues:68:3)
    at process.processImmediate (node:internal/timers:472:9)

Generated code for /Users/muhammetturk/Documents/github-projects/burada-v3/node_modules/css-loader/dist/cjs.js??clonedRuleSet-3.use[1]!/Users/muhammetturk/Documents/github-projects/burada-v3/node_modules/postcss-loader/dist/cjs.js??clonedRuleSet-3.use[2]!/Users/muhammetturk/Documents/github-projects/burada-v3/node_modules/sweetalert2/dist/sweetalert2.min.css
1 | throw new Error("Module build failed (from ./node_modules/postcss-loader/dist/cjs.js):\nValidationError: Invalid options object. PostCSS Loader has been initialized using an options object that does not match the API schema.\n - options has an unknown property 'plugins'. These properties are valid:\n   object { postcssOptions?, execute?, sourceMap?, implementation? }\n    at validate (/Users/muhammetturk/Documents/github-projects/burada-v3/node_modules/schema-utils/dist/validate.js:213:11)\n    at Object.getOptions (/Users/muhammetturk/Documents/github-projects/burada-v3/node_modules/webpack/lib/NormalModule.js:721:19)\n    at Object.loader (/Users/muhammetturk/Documents/github-projects/burada-v3/node_modules/postcss-loader/dist/index.js:28:24)");
 @ ./src/main.js 43:0-46

ERROR in ./node_modules/swiper/modules/pagination.css
Module build failed (from ./node_modules/mini-css-extract-plugin/dist/loader.js):
HookWebpackError: Module build failed (from ./node_modules/postcss-loader/dist/cjs.js):
ValidationError: Invalid options object. PostCSS Loader has been initialized using an options object that does not match the API schema.
 - options has an unknown property 'plugins'. These properties are valid:
   object { postcssOptions?, execute?, sourceMap?, implementation? }
    at validate (/Users/muhammetturk/Documents/github-projects/burada-v3/node_modules/schema-utils/dist/validate.js:213:11)
    at Object.getOptions (/Users/muhammetturk/Documents/github-projects/burada-v3/node_modules/webpack/lib/NormalModule.js:721:19)
    at Object.loader (/Users/muhammetturk/Documents/github-projects/burada-v3/node_modules/postcss-loader/dist/index.js:28:24)
    at tryRunOrWebpackError (/Users/muhammetturk/Documents/github-projects/burada-v3/node_modules/webpack/lib/HookWebpackError.js:85:9)
    at __webpack_require_module__ (/Users/muhammetturk/Documents/github-projects/burada-v3/node_modules/webpack/lib/Compilation.js:5541:12)
    at __webpack_require__ (/Users/muhammetturk/Documents/github-projects/burada-v3/node_modules/webpack/lib/Compilation.js:5488:18)
    at /Users/muhammetturk/Documents/github-projects/burada-v3/node_modules/webpack/lib/Compilation.js:5576:20
    at symbolIterator (/Users/muhammetturk/Documents/github-projects/burada-v3/node_modules/neo-async/async.js:3485:9)
    at done (/Users/muhammetturk/Documents/github-projects/burada-v3/node_modules/neo-async/async.js:3527:9)
    at Hook.eval [as callAsync] (eval at create (/Users/muhammetturk/Documents/github-projects/burada-v3/node_modules/tapable/lib/HookCodeFactory.js:31:10), <anonymous>:15:1)
    at /Users/muhammetturk/Documents/github-projects/burada-v3/node_modules/webpack/lib/Compilation.js:5463:43
    at symbolIterator (/Users/muhammetturk/Documents/github-projects/burada-v3/node_modules/neo-async/async.js:3482:9)
    at timesSync (/Users/muhammetturk/Documents/github-projects/burada-v3/node_modules/neo-async/async.js:2297:7)
    at Object.eachLimit (/Users/muhammetturk/Documents/github-projects/burada-v3/node_modules/neo-async/async.js:3463:5)
    at /Users/muhammetturk/Documents/github-projects/burada-v3/node_modules/webpack/lib/Compilation.js:5426:16
    at symbolIterator (/Users/muhammetturk/Documents/github-projects/burada-v3/node_modules/neo-async/async.js:3485:9)
    at timesSync (/Users/muhammetturk/Documents/github-projects/burada-v3/node_modules/neo-async/async.js:2297:7)
    at Object.eachLimit (/Users/muhammetturk/Documents/github-projects/burada-v3/node_modules/neo-async/async.js:3463:5)
    at /Users/muhammetturk/Documents/github-projects/burada-v3/node_modules/webpack/lib/Compilation.js:5394:15
    at symbolIterator (/Users/muhammetturk/Documents/github-projects/burada-v3/node_modules/neo-async/async.js:3485:9)
    at done (/Users/muhammetturk/Documents/github-projects/burada-v3/node_modules/neo-async/async.js:3527:9)
    at /Users/muhammetturk/Documents/github-projects/burada-v3/node_modules/webpack/lib/Compilation.js:5340:8
    at /Users/muhammetturk/Documents/github-projects/burada-v3/node_modules/webpack/lib/Compilation.js:3744:6
    at /Users/muhammetturk/Documents/github-projects/burada-v3/node_modules/webpack/lib/HookWebpackError.js:66:2
    at Hook.eval [as callAsync] (eval at create (/Users/muhammetturk/Documents/github-projects/burada-v3/node_modules/tapable/lib/HookCodeFactory.js:31:10), <anonymous>:6:1)
    at Cache.store (/Users/muhammetturk/Documents/github-projects/burada-v3/node_modules/webpack/lib/Cache.js:114:20)
    at ItemCacheFacade.store (/Users/muhammetturk/Documents/github-projects/burada-v3/node_modules/webpack/lib/CacheFacade.js:141:15)
    at /Users/muhammetturk/Documents/github-projects/burada-v3/node_modules/webpack/lib/Compilation.js:3743:11
    at /Users/muhammetturk/Documents/github-projects/burada-v3/node_modules/webpack/lib/Cache.js:100:5
    at Hook.eval [as callAsync] (eval at create (/Users/muhammetturk/Documents/github-projects/burada-v3/node_modules/tapable/lib/HookCodeFactory.js:31:10), <anonymous>:6:1)
    at Cache.get (/Users/muhammetturk/Documents/github-projects/burada-v3/node_modules/webpack/lib/Cache.js:82:18)
    at ItemCacheFacade.get (/Users/muhammetturk/Documents/github-projects/burada-v3/node_modules/webpack/lib/CacheFacade.js:115:15)
    at Compilation._codeGenerationModule (/Users/muhammetturk/Documents/github-projects/burada-v3/node_modules/webpack/lib/Compilation.js:3711:9)
    at codeGen (/Users/muhammetturk/Documents/github-projects/burada-v3/node_modules/webpack/lib/Compilation.js:5328:11)
    at symbolIterator (/Users/muhammetturk/Documents/github-projects/burada-v3/node_modules/neo-async/async.js:3482:9)
    at timesSync (/Users/muhammetturk/Documents/github-projects/burada-v3/node_modules/neo-async/async.js:2297:7)
    at Object.eachLimit (/Users/muhammetturk/Documents/github-projects/burada-v3/node_modules/neo-async/async.js:3463:5)
    at /Users/muhammetturk/Documents/github-projects/burada-v3/node_modules/webpack/lib/Compilation.js:5358:14
    at processQueue (/Users/muhammetturk/Documents/github-projects/burada-v3/node_modules/webpack/lib/util/processAsyncTree.js:61:4)
    at processTicksAndRejections (node:internal/process/task_queues:84:11)
    at runNextTicks (node:internal/process/task_queues:68:3)
    at process.processImmediate (node:internal/timers:472:9)
-- inner error --
Error: Module build failed (from ./node_modules/postcss-loader/dist/cjs.js):
ValidationError: Invalid options object. PostCSS Loader has been initialized using an options object that does not match the API schema.
 - options has an unknown property 'plugins'. These properties are valid:
   object { postcssOptions?, execute?, sourceMap?, implementation? }
    at validate (/Users/muhammetturk/Documents/github-projects/burada-v3/node_modules/schema-utils/dist/validate.js:213:11)
    at Object.getOptions (/Users/muhammetturk/Documents/github-projects/burada-v3/node_modules/webpack/lib/NormalModule.js:721:19)
    at Object.loader (/Users/muhammetturk/Documents/github-projects/burada-v3/node_modules/postcss-loader/dist/index.js:28:24)
    at Object.<anonymous> (/Users/muhammetturk/Documents/github-projects/burada-v3/node_modules/css-loader/dist/cjs.js??clonedRuleSet-3.use[1]!/Users/muhammetturk/Documents/github-projects/burada-v3/node_modules/postcss-loader/dist/cjs.js??clonedRuleSet-3.use[2]!/Users/muhammetturk/Documents/github-projects/burada-v3/node_modules/swiper/modules/pagination.css:1:7)
    at /Users/muhammetturk/Documents/github-projects/burada-v3/node_modules/webpack/lib/javascript/JavascriptModulesPlugin.js:544:10
    at Hook.eval [as call] (eval at create (/Users/muhammetturk/Documents/github-projects/burada-v3/node_modules/tapable/lib/HookCodeFactory.js:19:10), <anonymous>:7:1)
    at /Users/muhammetturk/Documents/github-projects/burada-v3/node_modules/webpack/lib/Compilation.js:5543:39
    at tryRunOrWebpackError (/Users/muhammetturk/Documents/github-projects/burada-v3/node_modules/webpack/lib/HookWebpackError.js:80:7)
    at __webpack_require_module__ (/Users/muhammetturk/Documents/github-projects/burada-v3/node_modules/webpack/lib/Compilation.js:5541:12)
    at __webpack_require__ (/Users/muhammetturk/Documents/github-projects/burada-v3/node_modules/webpack/lib/Compilation.js:5488:18)
    at /Users/muhammetturk/Documents/github-projects/burada-v3/node_modules/webpack/lib/Compilation.js:5576:20
    at symbolIterator (/Users/muhammetturk/Documents/github-projects/burada-v3/node_modules/neo-async/async.js:3485:9)
    at done (/Users/muhammetturk/Documents/github-projects/burada-v3/node_modules/neo-async/async.js:3527:9)
    at Hook.eval [as callAsync] (eval at create (/Users/muhammetturk/Documents/github-projects/burada-v3/node_modules/tapable/lib/HookCodeFactory.js:31:10), <anonymous>:15:1)
    at /Users/muhammetturk/Documents/github-projects/burada-v3/node_modules/webpack/lib/Compilation.js:5463:43
    at symbolIterator (/Users/muhammetturk/Documents/github-projects/burada-v3/node_modules/neo-async/async.js:3482:9)
    at timesSync (/Users/muhammetturk/Documents/github-projects/burada-v3/node_modules/neo-async/async.js:2297:7)
    at Object.eachLimit (/Users/muhammetturk/Documents/github-projects/burada-v3/node_modules/neo-async/async.js:3463:5)
    at /Users/muhammetturk/Documents/github-projects/burada-v3/node_modules/webpack/lib/Compilation.js:5426:16
    at symbolIterator (/Users/muhammetturk/Documents/github-projects/burada-v3/node_modules/neo-async/async.js:3485:9)
    at timesSync (/Users/muhammetturk/Documents/github-projects/burada-v3/node_modules/neo-async/async.js:2297:7)
    at Object.eachLimit (/Users/muhammetturk/Documents/github-projects/burada-v3/node_modules/neo-async/async.js:3463:5)
    at /Users/muhammetturk/Documents/github-projects/burada-v3/node_modules/webpack/lib/Compilation.js:5394:15
    at symbolIterator (/Users/muhammetturk/Documents/github-projects/burada-v3/node_modules/neo-async/async.js:3485:9)
    at done (/Users/muhammetturk/Documents/github-projects/burada-v3/node_modules/neo-async/async.js:3527:9)
    at /Users/muhammetturk/Documents/github-projects/burada-v3/node_modules/webpack/lib/Compilation.js:5340:8
    at /Users/muhammetturk/Documents/github-projects/burada-v3/node_modules/webpack/lib/Compilation.js:3744:6
    at /Users/muhammetturk/Documents/github-projects/burada-v3/node_modules/webpack/lib/HookWebpackError.js:66:2
    at Hook.eval [as callAsync] (eval at create (/Users/muhammetturk/Documents/github-projects/burada-v3/node_modules/tapable/lib/HookCodeFactory.js:31:10), <anonymous>:6:1)
    at Cache.store (/Users/muhammetturk/Documents/github-projects/burada-v3/node_modules/webpack/lib/Cache.js:114:20)
    at ItemCacheFacade.store (/Users/muhammetturk/Documents/github-projects/burada-v3/node_modules/webpack/lib/CacheFacade.js:141:15)
    at /Users/muhammetturk/Documents/github-projects/burada-v3/node_modules/webpack/lib/Compilation.js:3743:11
    at /Users/muhammetturk/Documents/github-projects/burada-v3/node_modules/webpack/lib/Cache.js:100:5
    at Hook.eval [as callAsync] (eval at create (/Users/muhammetturk/Documents/github-projects/burada-v3/node_modules/tapable/lib/HookCodeFactory.js:31:10), <anonymous>:6:1)
    at Cache.get (/Users/muhammetturk/Documents/github-projects/burada-v3/node_modules/webpack/lib/Cache.js:82:18)
    at ItemCacheFacade.get (/Users/muhammetturk/Documents/github-projects/burada-v3/node_modules/webpack/lib/CacheFacade.js:115:15)
    at Compilation._codeGenerationModule (/Users/muhammetturk/Documents/github-projects/burada-v3/node_modules/webpack/lib/Compilation.js:3711:9)
    at codeGen (/Users/muhammetturk/Documents/github-projects/burada-v3/node_modules/webpack/lib/Compilation.js:5328:11)
    at symbolIterator (/Users/muhammetturk/Documents/github-projects/burada-v3/node_modules/neo-async/async.js:3482:9)
    at timesSync (/Users/muhammetturk/Documents/github-projects/burada-v3/node_modules/neo-async/async.js:2297:7)
    at Object.eachLimit (/Users/muhammetturk/Documents/github-projects/burada-v3/node_modules/neo-async/async.js:3463:5)
    at /Users/muhammetturk/Documents/github-projects/burada-v3/node_modules/webpack/lib/Compilation.js:5358:14
    at processQueue (/Users/muhammetturk/Documents/github-projects/burada-v3/node_modules/webpack/lib/util/processAsyncTree.js:61:4)
    at processTicksAndRejections (node:internal/process/task_queues:84:11)
    at runNextTicks (node:internal/process/task_queues:68:3)
    at process.processImmediate (node:internal/timers:472:9)

Generated code for /Users/muhammetturk/Documents/github-projects/burada-v3/node_modules/css-loader/dist/cjs.js??clonedRuleSet-3.use[1]!/Users/muhammetturk/Documents/github-projects/burada-v3/node_modules/postcss-loader/dist/cjs.js??clonedRuleSet-3.use[2]!/Users/muhammetturk/Documents/github-projects/burada-v3/node_modules/swiper/modules/pagination.css
1 | throw new Error("Module build failed (from ./node_modules/postcss-loader/dist/cjs.js):\nValidationError: Invalid options object. PostCSS Loader has been initialized using an options object that does not match the API schema.\n - options has an unknown property 'plugins'. These properties are valid:\n   object { postcssOptions?, execute?, sourceMap?, implementation? }\n    at validate (/Users/muhammetturk/Documents/github-projects/burada-v3/node_modules/schema-utils/dist/validate.js:213:11)\n    at Object.getOptions (/Users/muhammetturk/Documents/github-projects/burada-v3/node_modules/webpack/lib/NormalModule.js:721:19)\n    at Object.loader (/Users/muhammetturk/Documents/github-projects/burada-v3/node_modules/postcss-loader/dist/index.js:28:24)");
 @ ./src/main.js 8:0-31

ERROR in ./node_modules/swiper/swiper.css
Module build failed (from ./node_modules/mini-css-extract-plugin/dist/loader.js):
HookWebpackError: Module build failed (from ./node_modules/postcss-loader/dist/cjs.js):
ValidationError: Invalid options object. PostCSS Loader has been initialized using an options object that does not match the API schema.
 - options has an unknown property 'plugins'. These properties are valid:
   object { postcssOptions?, execute?, sourceMap?, implementation? }
    at validate (/Users/muhammetturk/Documents/github-projects/burada-v3/node_modules/schema-utils/dist/validate.js:213:11)
    at Object.getOptions (/Users/muhammetturk/Documents/github-projects/burada-v3/node_modules/webpack/lib/NormalModule.js:721:19)
    at Object.loader (/Users/muhammetturk/Documents/github-projects/burada-v3/node_modules/postcss-loader/dist/index.js:28:24)
    at tryRunOrWebpackError (/Users/muhammetturk/Documents/github-projects/burada-v3/node_modules/webpack/lib/HookWebpackError.js:85:9)
    at __webpack_require_module__ (/Users/muhammetturk/Documents/github-projects/burada-v3/node_modules/webpack/lib/Compilation.js:5541:12)
    at __webpack_require__ (/Users/muhammetturk/Documents/github-projects/burada-v3/node_modules/webpack/lib/Compilation.js:5488:18)
    at /Users/muhammetturk/Documents/github-projects/burada-v3/node_modules/webpack/lib/Compilation.js:5576:20
    at symbolIterator (/Users/muhammetturk/Documents/github-projects/burada-v3/node_modules/neo-async/async.js:3485:9)
    at done (/Users/muhammetturk/Documents/github-projects/burada-v3/node_modules/neo-async/async.js:3527:9)
    at Hook.eval [as callAsync] (eval at create (/Users/muhammetturk/Documents/github-projects/burada-v3/node_modules/tapable/lib/HookCodeFactory.js:31:10), <anonymous>:15:1)
    at /Users/muhammetturk/Documents/github-projects/burada-v3/node_modules/webpack/lib/Compilation.js:5463:43
    at symbolIterator (/Users/muhammetturk/Documents/github-projects/burada-v3/node_modules/neo-async/async.js:3482:9)
    at timesSync (/Users/muhammetturk/Documents/github-projects/burada-v3/node_modules/neo-async/async.js:2297:7)
    at Object.eachLimit (/Users/muhammetturk/Documents/github-projects/burada-v3/node_modules/neo-async/async.js:3463:5)
    at /Users/muhammetturk/Documents/github-projects/burada-v3/node_modules/webpack/lib/Compilation.js:5426:16
    at symbolIterator (/Users/muhammetturk/Documents/github-projects/burada-v3/node_modules/neo-async/async.js:3485:9)
    at timesSync (/Users/muhammetturk/Documents/github-projects/burada-v3/node_modules/neo-async/async.js:2297:7)
    at Object.eachLimit (/Users/muhammetturk/Documents/github-projects/burada-v3/node_modules/neo-async/async.js:3463:5)
    at /Users/muhammetturk/Documents/github-projects/burada-v3/node_modules/webpack/lib/Compilation.js:5394:15
    at symbolIterator (/Users/muhammetturk/Documents/github-projects/burada-v3/node_modules/neo-async/async.js:3485:9)
    at done (/Users/muhammetturk/Documents/github-projects/burada-v3/node_modules/neo-async/async.js:3527:9)
    at /Users/muhammetturk/Documents/github-projects/burada-v3/node_modules/webpack/lib/Compilation.js:5340:8
    at /Users/muhammetturk/Documents/github-projects/burada-v3/node_modules/webpack/lib/Compilation.js:3744:6
    at /Users/muhammetturk/Documents/github-projects/burada-v3/node_modules/webpack/lib/HookWebpackError.js:66:2
    at Hook.eval [as callAsync] (eval at create (/Users/muhammetturk/Documents/github-projects/burada-v3/node_modules/tapable/lib/HookCodeFactory.js:31:10), <anonymous>:6:1)
    at Cache.store (/Users/muhammetturk/Documents/github-projects/burada-v3/node_modules/webpack/lib/Cache.js:114:20)
    at ItemCacheFacade.store (/Users/muhammetturk/Documents/github-projects/burada-v3/node_modules/webpack/lib/CacheFacade.js:141:15)
    at /Users/muhammetturk/Documents/github-projects/burada-v3/node_modules/webpack/lib/Compilation.js:3743:11
    at /Users/muhammetturk/Documents/github-projects/burada-v3/node_modules/webpack/lib/Cache.js:100:5
    at Hook.eval [as callAsync] (eval at create (/Users/muhammetturk/Documents/github-projects/burada-v3/node_modules/tapable/lib/HookCodeFactory.js:31:10), <anonymous>:6:1)
    at Cache.get (/Users/muhammetturk/Documents/github-projects/burada-v3/node_modules/webpack/lib/Cache.js:82:18)
    at ItemCacheFacade.get (/Users/muhammetturk/Documents/github-projects/burada-v3/node_modules/webpack/lib/CacheFacade.js:115:15)
    at Compilation._codeGenerationModule (/Users/muhammetturk/Documents/github-projects/burada-v3/node_modules/webpack/lib/Compilation.js:3711:9)
    at codeGen (/Users/muhammetturk/Documents/github-projects/burada-v3/node_modules/webpack/lib/Compilation.js:5328:11)
    at symbolIterator (/Users/muhammetturk/Documents/github-projects/burada-v3/node_modules/neo-async/async.js:3482:9)
    at timesSync (/Users/muhammetturk/Documents/github-projects/burada-v3/node_modules/neo-async/async.js:2297:7)
    at Object.eachLimit (/Users/muhammetturk/Documents/github-projects/burada-v3/node_modules/neo-async/async.js:3463:5)
    at /Users/muhammetturk/Documents/github-projects/burada-v3/node_modules/webpack/lib/Compilation.js:5358:14
    at processQueue (/Users/muhammetturk/Documents/github-projects/burada-v3/node_modules/webpack/lib/util/processAsyncTree.js:61:4)
    at processTicksAndRejections (node:internal/process/task_queues:84:11)
    at runNextTicks (node:internal/process/task_queues:68:3)
    at process.processImmediate (node:internal/timers:472:9)
-- inner error --
Error: Module build failed (from ./node_modules/postcss-loader/dist/cjs.js):
ValidationError: Invalid options object. PostCSS Loader has been initialized using an options object that does not match the API schema.
 - options has an unknown property 'plugins'. These properties are valid:
   object { postcssOptions?, execute?, sourceMap?, implementation? }
    at validate (/Users/muhammetturk/Documents/github-projects/burada-v3/node_modules/schema-utils/dist/validate.js:213:11)
    at Object.getOptions (/Users/muhammetturk/Documents/github-projects/burada-v3/node_modules/webpack/lib/NormalModule.js:721:19)
    at Object.loader (/Users/muhammetturk/Documents/github-projects/burada-v3/node_modules/postcss-loader/dist/index.js:28:24)
    at Object.<anonymous> (/Users/muhammetturk/Documents/github-projects/burada-v3/node_modules/css-loader/dist/cjs.js??clonedRuleSet-3.use[1]!/Users/muhammetturk/Documents/github-projects/burada-v3/node_modules/postcss-loader/dist/cjs.js??clonedRuleSet-3.use[2]!/Users/muhammetturk/Documents/github-projects/burada-v3/node_modules/swiper/swiper.css:1:7)
    at /Users/muhammetturk/Documents/github-projects/burada-v3/node_modules/webpack/lib/javascript/JavascriptModulesPlugin.js:544:10
    at Hook.eval [as call] (eval at create (/Users/muhammetturk/Documents/github-projects/burada-v3/node_modules/tapable/lib/HookCodeFactory.js:19:10), <anonymous>:7:1)
    at /Users/muhammetturk/Documents/github-projects/burada-v3/node_modules/webpack/lib/Compilation.js:5543:39
    at tryRunOrWebpackError (/Users/muhammetturk/Documents/github-projects/burada-v3/node_modules/webpack/lib/HookWebpackError.js:80:7)
    at __webpack_require_module__ (/Users/muhammetturk/Documents/github-projects/burada-v3/node_modules/webpack/lib/Compilation.js:5541:12)
    at __webpack_require__ (/Users/muhammetturk/Documents/github-projects/burada-v3/node_modules/webpack/lib/Compilation.js:5488:18)
    at /Users/muhammetturk/Documents/github-projects/burada-v3/node_modules/webpack/lib/Compilation.js:5576:20
    at symbolIterator (/Users/muhammetturk/Documents/github-projects/burada-v3/node_modules/neo-async/async.js:3485:9)
    at done (/Users/muhammetturk/Documents/github-projects/burada-v3/node_modules/neo-async/async.js:3527:9)
    at Hook.eval [as callAsync] (eval at create (/Users/muhammetturk/Documents/github-projects/burada-v3/node_modules/tapable/lib/HookCodeFactory.js:31:10), <anonymous>:15:1)
    at /Users/muhammetturk/Documents/github-projects/burada-v3/node_modules/webpack/lib/Compilation.js:5463:43
    at symbolIterator (/Users/muhammetturk/Documents/github-projects/burada-v3/node_modules/neo-async/async.js:3482:9)
    at timesSync (/Users/muhammetturk/Documents/github-projects/burada-v3/node_modules/neo-async/async.js:2297:7)
    at Object.eachLimit (/Users/muhammetturk/Documents/github-projects/burada-v3/node_modules/neo-async/async.js:3463:5)
    at /Users/muhammetturk/Documents/github-projects/burada-v3/node_modules/webpack/lib/Compilation.js:5426:16
    at symbolIterator (/Users/muhammetturk/Documents/github-projects/burada-v3/node_modules/neo-async/async.js:3485:9)
    at timesSync (/Users/muhammetturk/Documents/github-projects/burada-v3/node_modules/neo-async/async.js:2297:7)
    at Object.eachLimit (/Users/muhammetturk/Documents/github-projects/burada-v3/node_modules/neo-async/async.js:3463:5)
    at /Users/muhammetturk/Documents/github-projects/burada-v3/node_modules/webpack/lib/Compilation.js:5394:15
    at symbolIterator (/Users/muhammetturk/Documents/github-projects/burada-v3/node_modules/neo-async/async.js:3485:9)
    at done (/Users/muhammetturk/Documents/github-projects/burada-v3/node_modules/neo-async/async.js:3527:9)
    at /Users/muhammetturk/Documents/github-projects/burada-v3/node_modules/webpack/lib/Compilation.js:5340:8
    at /Users/muhammetturk/Documents/github-projects/burada-v3/node_modules/webpack/lib/Compilation.js:3744:6
    at /Users/muhammetturk/Documents/github-projects/burada-v3/node_modules/webpack/lib/HookWebpackError.js:66:2
    at Hook.eval [as callAsync] (eval at create (/Users/muhammetturk/Documents/github-projects/burada-v3/node_modules/tapable/lib/HookCodeFactory.js:31:10), <anonymous>:6:1)
    at Cache.store (/Users/muhammetturk/Documents/github-projects/burada-v3/node_modules/webpack/lib/Cache.js:114:20)
    at ItemCacheFacade.store (/Users/muhammetturk/Documents/github-projects/burada-v3/node_modules/webpack/lib/CacheFacade.js:141:15)
    at /Users/muhammetturk/Documents/github-projects/burada-v3/node_modules/webpack/lib/Compilation.js:3743:11
    at /Users/muhammetturk/Documents/github-projects/burada-v3/node_modules/webpack/lib/Cache.js:100:5
    at Hook.eval [as callAsync] (eval at create (/Users/muhammetturk/Documents/github-projects/burada-v3/node_modules/tapable/lib/HookCodeFactory.js:31:10), <anonymous>:6:1)
    at Cache.get (/Users/muhammetturk/Documents/github-projects/burada-v3/node_modules/webpack/lib/Cache.js:82:18)
    at ItemCacheFacade.get (/Users/muhammetturk/Documents/github-projects/burada-v3/node_modules/webpack/lib/CacheFacade.js:115:15)
    at Compilation._codeGenerationModule (/Users/muhammetturk/Documents/github-projects/burada-v3/node_modules/webpack/lib/Compilation.js:3711:9)
    at codeGen (/Users/muhammetturk/Documents/github-projects/burada-v3/node_modules/webpack/lib/Compilation.js:5328:11)
    at symbolIterator (/Users/muhammetturk/Documents/github-projects/burada-v3/node_modules/neo-async/async.js:3482:9)
    at timesSync (/Users/muhammetturk/Documents/github-projects/burada-v3/node_modules/neo-async/async.js:2297:7)
    at Object.eachLimit (/Users/muhammetturk/Documents/github-projects/burada-v3/node_modules/neo-async/async.js:3463:5)
    at /Users/muhammetturk/Documents/github-projects/burada-v3/node_modules/webpack/lib/Compilation.js:5358:14
    at processQueue (/Users/muhammetturk/Documents/github-projects/burada-v3/node_modules/webpack/lib/util/processAsyncTree.js:61:4)
    at processTicksAndRejections (node:internal/process/task_queues:84:11)
    at runNextTicks (node:internal/process/task_queues:68:3)
    at process.processImmediate (node:internal/timers:472:9)

Generated code for /Users/muhammetturk/Documents/github-projects/burada-v3/node_modules/css-loader/dist/cjs.js??clonedRuleSet-3.use[1]!/Users/muhammetturk/Documents/github-projects/burada-v3/node_modules/postcss-loader/dist/cjs.js??clonedRuleSet-3.use[2]!/Users/muhammetturk/Documents/github-projects/burada-v3/node_modules/swiper/swiper.css
1 | throw new Error("Module build failed (from ./node_modules/postcss-loader/dist/cjs.js):\nValidationError: Invalid options object. PostCSS Loader has been initialized using an options object that does not match the API schema.\n - options has an unknown property 'plugins'. These properties are valid:\n   object { postcssOptions?, execute?, sourceMap?, implementation? }\n    at validate (/Users/muhammetturk/Documents/github-projects/burada-v3/node_modules/schema-utils/dist/validate.js:213:11)\n    at Object.getOptions (/Users/muhammetturk/Documents/github-projects/burada-v3/node_modules/webpack/lib/NormalModule.js:721:19)\n    at Object.loader (/Users/muhammetturk/Documents/github-projects/burada-v3/node_modules/postcss-loader/dist/index.js:28:24)");
 @ ./src/main.js 7:0-20

ERROR in ./node_modules/vue-sidebar-menu/dist/vue-sidebar-menu.css
Module build failed (from ./node_modules/mini-css-extract-plugin/dist/loader.js):
HookWebpackError: Module build failed (from ./node_modules/postcss-loader/dist/cjs.js):
ValidationError: Invalid options object. PostCSS Loader has been initialized using an options object that does not match the API schema.
 - options has an unknown property 'plugins'. These properties are valid:
   object { postcssOptions?, execute?, sourceMap?, implementation? }
    at validate (/Users/muhammetturk/Documents/github-projects/burada-v3/node_modules/schema-utils/dist/validate.js:213:11)
    at Object.getOptions (/Users/muhammetturk/Documents/github-projects/burada-v3/node_modules/webpack/lib/NormalModule.js:721:19)
    at Object.loader (/Users/muhammetturk/Documents/github-projects/burada-v3/node_modules/postcss-loader/dist/index.js:28:24)
    at tryRunOrWebpackError (/Users/muhammetturk/Documents/github-projects/burada-v3/node_modules/webpack/lib/HookWebpackError.js:85:9)
    at __webpack_require_module__ (/Users/muhammetturk/Documents/github-projects/burada-v3/node_modules/webpack/lib/Compilation.js:5541:12)
    at __webpack_require__ (/Users/muhammetturk/Documents/github-projects/burada-v3/node_modules/webpack/lib/Compilation.js:5488:18)
    at /Users/muhammetturk/Documents/github-projects/burada-v3/node_modules/webpack/lib/Compilation.js:5576:20
    at symbolIterator (/Users/muhammetturk/Documents/github-projects/burada-v3/node_modules/neo-async/async.js:3485:9)
    at done (/Users/muhammetturk/Documents/github-projects/burada-v3/node_modules/neo-async/async.js:3527:9)
    at Hook.eval [as callAsync] (eval at create (/Users/muhammetturk/Documents/github-projects/burada-v3/node_modules/tapable/lib/HookCodeFactory.js:31:10), <anonymous>:15:1)
    at /Users/muhammetturk/Documents/github-projects/burada-v3/node_modules/webpack/lib/Compilation.js:5463:43
    at symbolIterator (/Users/muhammetturk/Documents/github-projects/burada-v3/node_modules/neo-async/async.js:3482:9)
    at timesSync (/Users/muhammetturk/Documents/github-projects/burada-v3/node_modules/neo-async/async.js:2297:7)
    at Object.eachLimit (/Users/muhammetturk/Documents/github-projects/burada-v3/node_modules/neo-async/async.js:3463:5)
    at /Users/muhammetturk/Documents/github-projects/burada-v3/node_modules/webpack/lib/Compilation.js:5426:16
    at symbolIterator (/Users/muhammetturk/Documents/github-projects/burada-v3/node_modules/neo-async/async.js:3485:9)
    at timesSync (/Users/muhammetturk/Documents/github-projects/burada-v3/node_modules/neo-async/async.js:2297:7)
    at Object.eachLimit (/Users/muhammetturk/Documents/github-projects/burada-v3/node_modules/neo-async/async.js:3463:5)
    at /Users/muhammetturk/Documents/github-projects/burada-v3/node_modules/webpack/lib/Compilation.js:5394:15
    at symbolIterator (/Users/muhammetturk/Documents/github-projects/burada-v3/node_modules/neo-async/async.js:3485:9)
    at done (/Users/muhammetturk/Documents/github-projects/burada-v3/node_modules/neo-async/async.js:3527:9)
    at /Users/muhammetturk/Documents/github-projects/burada-v3/node_modules/webpack/lib/Compilation.js:5340:8
    at /Users/muhammetturk/Documents/github-projects/burada-v3/node_modules/webpack/lib/Compilation.js:3744:6
    at /Users/muhammetturk/Documents/github-projects/burada-v3/node_modules/webpack/lib/HookWebpackError.js:66:2
    at Hook.eval [as callAsync] (eval at create (/Users/muhammetturk/Documents/github-projects/burada-v3/node_modules/tapable/lib/HookCodeFactory.js:31:10), <anonymous>:6:1)
    at Cache.store (/Users/muhammetturk/Documents/github-projects/burada-v3/node_modules/webpack/lib/Cache.js:114:20)
    at ItemCacheFacade.store (/Users/muhammetturk/Documents/github-projects/burada-v3/node_modules/webpack/lib/CacheFacade.js:141:15)
    at /Users/muhammetturk/Documents/github-projects/burada-v3/node_modules/webpack/lib/Compilation.js:3743:11
    at /Users/muhammetturk/Documents/github-projects/burada-v3/node_modules/webpack/lib/Cache.js:100:5
    at Hook.eval [as callAsync] (eval at create (/Users/muhammetturk/Documents/github-projects/burada-v3/node_modules/tapable/lib/HookCodeFactory.js:31:10), <anonymous>:6:1)
    at Cache.get (/Users/muhammetturk/Documents/github-projects/burada-v3/node_modules/webpack/lib/Cache.js:82:18)
    at ItemCacheFacade.get (/Users/muhammetturk/Documents/github-projects/burada-v3/node_modules/webpack/lib/CacheFacade.js:115:15)
    at Compilation._codeGenerationModule (/Users/muhammetturk/Documents/github-projects/burada-v3/node_modules/webpack/lib/Compilation.js:3711:9)
    at codeGen (/Users/muhammetturk/Documents/github-projects/burada-v3/node_modules/webpack/lib/Compilation.js:5328:11)
    at symbolIterator (/Users/muhammetturk/Documents/github-projects/burada-v3/node_modules/neo-async/async.js:3482:9)
    at timesSync (/Users/muhammetturk/Documents/github-projects/burada-v3/node_modules/neo-async/async.js:2297:7)
    at Object.eachLimit (/Users/muhammetturk/Documents/github-projects/burada-v3/node_modules/neo-async/async.js:3463:5)
    at /Users/muhammetturk/Documents/github-projects/burada-v3/node_modules/webpack/lib/Compilation.js:5358:14
    at processQueue (/Users/muhammetturk/Documents/github-projects/burada-v3/node_modules/webpack/lib/util/processAsyncTree.js:61:4)
    at processTicksAndRejections (node:internal/process/task_queues:84:11)
    at runNextTicks (node:internal/process/task_queues:68:3)
    at process.processImmediate (node:internal/timers:472:9)
-- inner error --
Error: Module build failed (from ./node_modules/postcss-loader/dist/cjs.js):
ValidationError: Invalid options object. PostCSS Loader has been initialized using an options object that does not match the API schema.
 - options has an unknown property 'plugins'. These properties are valid:
   object { postcssOptions?, execute?, sourceMap?, implementation? }
    at validate (/Users/muhammetturk/Documents/github-projects/burada-v3/node_modules/schema-utils/dist/validate.js:213:11)
    at Object.getOptions (/Users/muhammetturk/Documents/github-projects/burada-v3/node_modules/webpack/lib/NormalModule.js:721:19)
    at Object.loader (/Users/muhammetturk/Documents/github-projects/burada-v3/node_modules/postcss-loader/dist/index.js:28:24)
    at Object.<anonymous> (/Users/muhammetturk/Documents/github-projects/burada-v3/node_modules/css-loader/dist/cjs.js??clonedRuleSet-3.use[1]!/Users/muhammetturk/Documents/github-projects/burada-v3/node_modules/postcss-loader/dist/cjs.js??clonedRuleSet-3.use[2]!/Users/muhammetturk/Documents/github-projects/burada-v3/node_modules/vue-sidebar-menu/dist/vue-sidebar-menu.css:1:7)
    at /Users/muhammetturk/Documents/github-projects/burada-v3/node_modules/webpack/lib/javascript/JavascriptModulesPlugin.js:544:10
    at Hook.eval [as call] (eval at create (/Users/muhammetturk/Documents/github-projects/burada-v3/node_modules/tapable/lib/HookCodeFactory.js:19:10), <anonymous>:7:1)
    at /Users/muhammetturk/Documents/github-projects/burada-v3/node_modules/webpack/lib/Compilation.js:5543:39
    at tryRunOrWebpackError (/Users/muhammetturk/Documents/github-projects/burada-v3/node_modules/webpack/lib/HookWebpackError.js:80:7)
    at __webpack_require_module__ (/Users/muhammetturk/Documents/github-projects/burada-v3/node_modules/webpack/lib/Compilation.js:5541:12)
    at __webpack_require__ (/Users/muhammetturk/Documents/github-projects/burada-v3/node_modules/webpack/lib/Compilation.js:5488:18)
    at /Users/muhammetturk/Documents/github-projects/burada-v3/node_modules/webpack/lib/Compilation.js:5576:20
    at symbolIterator (/Users/muhammetturk/Documents/github-projects/burada-v3/node_modules/neo-async/async.js:3485:9)
    at done (/Users/muhammetturk/Documents/github-projects/burada-v3/node_modules/neo-async/async.js:3527:9)
    at Hook.eval [as callAsync] (eval at create (/Users/muhammetturk/Documents/github-projects/burada-v3/node_modules/tapable/lib/HookCodeFactory.js:31:10), <anonymous>:15:1)
    at /Users/muhammetturk/Documents/github-projects/burada-v3/node_modules/webpack/lib/Compilation.js:5463:43
    at symbolIterator (/Users/muhammetturk/Documents/github-projects/burada-v3/node_modules/neo-async/async.js:3482:9)
    at timesSync (/Users/muhammetturk/Documents/github-projects/burada-v3/node_modules/neo-async/async.js:2297:7)
    at Object.eachLimit (/Users/muhammetturk/Documents/github-projects/burada-v3/node_modules/neo-async/async.js:3463:5)
    at /Users/muhammetturk/Documents/github-projects/burada-v3/node_modules/webpack/lib/Compilation.js:5426:16
    at symbolIterator (/Users/muhammetturk/Documents/github-projects/burada-v3/node_modules/neo-async/async.js:3485:9)
    at timesSync (/Users/muhammetturk/Documents/github-projects/burada-v3/node_modules/neo-async/async.js:2297:7)
    at Object.eachLimit (/Users/muhammetturk/Documents/github-projects/burada-v3/node_modules/neo-async/async.js:3463:5)
    at /Users/muhammetturk/Documents/github-projects/burada-v3/node_modules/webpack/lib/Compilation.js:5394:15
    at symbolIterator (/Users/muhammetturk/Documents/github-projects/burada-v3/node_modules/neo-async/async.js:3485:9)
    at done (/Users/muhammetturk/Documents/github-projects/burada-v3/node_modules/neo-async/async.js:3527:9)
    at /Users/muhammetturk/Documents/github-projects/burada-v3/node_modules/webpack/lib/Compilation.js:5340:8
    at /Users/muhammetturk/Documents/github-projects/burada-v3/node_modules/webpack/lib/Compilation.js:3744:6
    at /Users/muhammetturk/Documents/github-projects/burada-v3/node_modules/webpack/lib/HookWebpackError.js:66:2
    at Hook.eval [as callAsync] (eval at create (/Users/muhammetturk/Documents/github-projects/burada-v3/node_modules/tapable/lib/HookCodeFactory.js:31:10), <anonymous>:6:1)
    at Cache.store (/Users/muhammetturk/Documents/github-projects/burada-v3/node_modules/webpack/lib/Cache.js:114:20)
    at ItemCacheFacade.store (/Users/muhammetturk/Documents/github-projects/burada-v3/node_modules/webpack/lib/CacheFacade.js:141:15)
    at /Users/muhammetturk/Documents/github-projects/burada-v3/node_modules/webpack/lib/Compilation.js:3743:11
    at /Users/muhammetturk/Documents/github-projects/burada-v3/node_modules/webpack/lib/Cache.js:100:5
    at Hook.eval [as callAsync] (eval at create (/Users/muhammetturk/Documents/github-projects/burada-v3/node_modules/tapable/lib/HookCodeFactory.js:31:10), <anonymous>:6:1)
    at Cache.get (/Users/muhammetturk/Documents/github-projects/burada-v3/node_modules/webpack/lib/Cache.js:82:18)
    at ItemCacheFacade.get (/Users/muhammetturk/Documents/github-projects/burada-v3/node_modules/webpack/lib/CacheFacade.js:115:15)
    at Compilation._codeGenerationModule (/Users/muhammetturk/Documents/github-projects/burada-v3/node_modules/webpack/lib/Compilation.js:3711:9)
    at codeGen (/Users/muhammetturk/Documents/github-projects/burada-v3/node_modules/webpack/lib/Compilation.js:5328:11)
    at symbolIterator (/Users/muhammetturk/Documents/github-projects/burada-v3/node_modules/neo-async/async.js:3482:9)
    at timesSync (/Users/muhammetturk/Documents/github-projects/burada-v3/node_modules/neo-async/async.js:2297:7)
    at Object.eachLimit (/Users/muhammetturk/Documents/github-projects/burada-v3/node_modules/neo-async/async.js:3463:5)
    at /Users/muhammetturk/Documents/github-projects/burada-v3/node_modules/webpack/lib/Compilation.js:5358:14
    at processQueue (/Users/muhammetturk/Documents/github-projects/burada-v3/node_modules/webpack/lib/util/processAsyncTree.js:61:4)
    at processTicksAndRejections (node:internal/process/task_queues:84:11)
    at runNextTicks (node:internal/process/task_queues:68:3)
    at process.processImmediate (node:internal/timers:472:9)

Generated code for /Users/muhammetturk/Documents/github-projects/burada-v3/node_modules/css-loader/dist/cjs.js??clonedRuleSet-3.use[1]!/Users/muhammetturk/Documents/github-projects/burada-v3/node_modules/postcss-loader/dist/cjs.js??clonedRuleSet-3.use[2]!/Users/muhammetturk/Documents/github-projects/burada-v3/node_modules/vue-sidebar-menu/dist/vue-sidebar-menu.css
1 | throw new Error("Module build failed (from ./node_modules/postcss-loader/dist/cjs.js):\nValidationError: Invalid options object. PostCSS Loader has been initialized using an options object that does not match the API schema.\n - options has an unknown property 'plugins'. These properties are valid:\n   object { postcssOptions?, execute?, sourceMap?, implementation? }\n    at validate (/Users/muhammetturk/Documents/github-projects/burada-v3/node_modules/schema-utils/dist/validate.js:213:11)\n    at Object.getOptions (/Users/muhammetturk/Documents/github-projects/burada-v3/node_modules/webpack/lib/NormalModule.js:721:19)\n    at Object.loader (/Users/muhammetturk/Documents/github-projects/burada-v3/node_modules/postcss-loader/dist/index.js:28:24)");
 @ ./src/main.js 22:0-52

ERROR in ./src/main.css
Module build failed (from ./node_modules/mini-css-extract-plugin/dist/loader.js):
HookWebpackError: Module build failed (from ./node_modules/postcss-loader/dist/cjs.js):
ValidationError: Invalid options object. PostCSS Loader has been initialized using an options object that does not match the API schema.
 - options has an unknown property 'plugins'. These properties are valid:
   object { postcssOptions?, execute?, sourceMap?, implementation? }
    at validate (/Users/muhammetturk/Documents/github-projects/burada-v3/node_modules/schema-utils/dist/validate.js:213:11)
    at Object.getOptions (/Users/muhammetturk/Documents/github-projects/burada-v3/node_modules/webpack/lib/NormalModule.js:721:19)
    at Object.loader (/Users/muhammetturk/Documents/github-projects/burada-v3/node_modules/postcss-loader/dist/index.js:28:24)
    at tryRunOrWebpackError (/Users/muhammetturk/Documents/github-projects/burada-v3/node_modules/webpack/lib/HookWebpackError.js:85:9)
    at __webpack_require_module__ (/Users/muhammetturk/Documents/github-projects/burada-v3/node_modules/webpack/lib/Compilation.js:5541:12)
    at __webpack_require__ (/Users/muhammetturk/Documents/github-projects/burada-v3/node_modules/webpack/lib/Compilation.js:5488:18)
    at /Users/muhammetturk/Documents/github-projects/burada-v3/node_modules/webpack/lib/Compilation.js:5576:20
    at symbolIterator (/Users/muhammetturk/Documents/github-projects/burada-v3/node_modules/neo-async/async.js:3485:9)
    at done (/Users/muhammetturk/Documents/github-projects/burada-v3/node_modules/neo-async/async.js:3527:9)
    at Hook.eval [as callAsync] (eval at create (/Users/muhammetturk/Documents/github-projects/burada-v3/node_modules/tapable/lib/HookCodeFactory.js:31:10), <anonymous>:15:1)
    at Hook.CALL_ASYNC_DELEGATE [as _callAsync] (/Users/muhammetturk/Documents/github-projects/burada-v3/node_modules/tapable/lib/Hook.js:21:14)
    at /Users/muhammetturk/Documents/github-projects/burada-v3/node_modules/webpack/lib/Compilation.js:5463:43
    at symbolIterator (/Users/muhammetturk/Documents/github-projects/burada-v3/node_modules/neo-async/async.js:3482:9)
    at timesSync (/Users/muhammetturk/Documents/github-projects/burada-v3/node_modules/neo-async/async.js:2297:7)
    at Object.eachLimit (/Users/muhammetturk/Documents/github-projects/burada-v3/node_modules/neo-async/async.js:3463:5)
    at /Users/muhammetturk/Documents/github-projects/burada-v3/node_modules/webpack/lib/Compilation.js:5426:16
    at symbolIterator (/Users/muhammetturk/Documents/github-projects/burada-v3/node_modules/neo-async/async.js:3485:9)
    at timesSync (/Users/muhammetturk/Documents/github-projects/burada-v3/node_modules/neo-async/async.js:2297:7)
    at Object.eachLimit (/Users/muhammetturk/Documents/github-projects/burada-v3/node_modules/neo-async/async.js:3463:5)
    at /Users/muhammetturk/Documents/github-projects/burada-v3/node_modules/webpack/lib/Compilation.js:5394:15
    at symbolIterator (/Users/muhammetturk/Documents/github-projects/burada-v3/node_modules/neo-async/async.js:3485:9)
    at done (/Users/muhammetturk/Documents/github-projects/burada-v3/node_modules/neo-async/async.js:3527:9)
    at /Users/muhammetturk/Documents/github-projects/burada-v3/node_modules/webpack/lib/Compilation.js:5340:8
    at /Users/muhammetturk/Documents/github-projects/burada-v3/node_modules/webpack/lib/Compilation.js:3744:6
    at /Users/muhammetturk/Documents/github-projects/burada-v3/node_modules/webpack/lib/HookWebpackError.js:66:2
    at Hook.eval [as callAsync] (eval at create (/Users/muhammetturk/Documents/github-projects/burada-v3/node_modules/tapable/lib/HookCodeFactory.js:31:10), <anonymous>:6:1)
    at Cache.store (/Users/muhammetturk/Documents/github-projects/burada-v3/node_modules/webpack/lib/Cache.js:114:20)
    at ItemCacheFacade.store (/Users/muhammetturk/Documents/github-projects/burada-v3/node_modules/webpack/lib/CacheFacade.js:141:15)
    at /Users/muhammetturk/Documents/github-projects/burada-v3/node_modules/webpack/lib/Compilation.js:3743:11
    at /Users/muhammetturk/Documents/github-projects/burada-v3/node_modules/webpack/lib/Cache.js:100:5
    at Hook.eval [as callAsync] (eval at create (/Users/muhammetturk/Documents/github-projects/burada-v3/node_modules/tapable/lib/HookCodeFactory.js:31:10), <anonymous>:6:1)
    at Cache.get (/Users/muhammetturk/Documents/github-projects/burada-v3/node_modules/webpack/lib/Cache.js:82:18)
    at ItemCacheFacade.get (/Users/muhammetturk/Documents/github-projects/burada-v3/node_modules/webpack/lib/CacheFacade.js:115:15)
    at Compilation._codeGenerationModule (/Users/muhammetturk/Documents/github-projects/burada-v3/node_modules/webpack/lib/Compilation.js:3711:9)
    at codeGen (/Users/muhammetturk/Documents/github-projects/burada-v3/node_modules/webpack/lib/Compilation.js:5328:11)
    at symbolIterator (/Users/muhammetturk/Documents/github-projects/burada-v3/node_modules/neo-async/async.js:3482:9)
    at timesSync (/Users/muhammetturk/Documents/github-projects/burada-v3/node_modules/neo-async/async.js:2297:7)
    at Object.eachLimit (/Users/muhammetturk/Documents/github-projects/burada-v3/node_modules/neo-async/async.js:3463:5)
    at /Users/muhammetturk/Documents/github-projects/burada-v3/node_modules/webpack/lib/Compilation.js:5358:14
    at processQueue (/Users/muhammetturk/Documents/github-projects/burada-v3/node_modules/webpack/lib/util/processAsyncTree.js:61:4)
    at processTicksAndRejections (node:internal/process/task_queues:84:11)
    at runNextTicks (node:internal/process/task_queues:68:3)
    at process.processImmediate (node:internal/timers:472:9)
-- inner error --
Error: Module build failed (from ./node_modules/postcss-loader/dist/cjs.js):
ValidationError: Invalid options object. PostCSS Loader has been initialized using an options object that does not match the API schema.
 - options has an unknown property 'plugins'. These properties are valid:
   object { postcssOptions?, execute?, sourceMap?, implementation? }
    at validate (/Users/muhammetturk/Documents/github-projects/burada-v3/node_modules/schema-utils/dist/validate.js:213:11)
    at Object.getOptions (/Users/muhammetturk/Documents/github-projects/burada-v3/node_modules/webpack/lib/NormalModule.js:721:19)
    at Object.loader (/Users/muhammetturk/Documents/github-projects/burada-v3/node_modules/postcss-loader/dist/index.js:28:24)
    at Object.<anonymous> (/Users/muhammetturk/Documents/github-projects/burada-v3/node_modules/css-loader/dist/cjs.js??clonedRuleSet-3.use[1]!/Users/muhammetturk/Documents/github-projects/burada-v3/node_modules/postcss-loader/dist/cjs.js??clonedRuleSet-3.use[2]!/Users/muhammetturk/Documents/github-projects/burada-v3/src/main.css:1:7)
    at /Users/muhammetturk/Documents/github-projects/burada-v3/node_modules/webpack/lib/javascript/JavascriptModulesPlugin.js:544:10
    at Hook.eval [as call] (eval at create (/Users/muhammetturk/Documents/github-projects/burada-v3/node_modules/tapable/lib/HookCodeFactory.js:19:10), <anonymous>:7:1)
    at Hook.CALL_DELEGATE [as _call] (/Users/muhammetturk/Documents/github-projects/burada-v3/node_modules/tapable/lib/Hook.js:16:14)
    at /Users/muhammetturk/Documents/github-projects/burada-v3/node_modules/webpack/lib/Compilation.js:5543:39
    at tryRunOrWebpackError (/Users/muhammetturk/Documents/github-projects/burada-v3/node_modules/webpack/lib/HookWebpackError.js:80:7)
    at __webpack_require_module__ (/Users/muhammetturk/Documents/github-projects/burada-v3/node_modules/webpack/lib/Compilation.js:5541:12)
    at __webpack_require__ (/Users/muhammetturk/Documents/github-projects/burada-v3/node_modules/webpack/lib/Compilation.js:5488:18)
    at /Users/muhammetturk/Documents/github-projects/burada-v3/node_modules/webpack/lib/Compilation.js:5576:20
    at symbolIterator (/Users/muhammetturk/Documents/github-projects/burada-v3/node_modules/neo-async/async.js:3485:9)
    at done (/Users/muhammetturk/Documents/github-projects/burada-v3/node_modules/neo-async/async.js:3527:9)
    at Hook.eval [as callAsync] (eval at create (/Users/muhammetturk/Documents/github-projects/burada-v3/node_modules/tapable/lib/HookCodeFactory.js:31:10), <anonymous>:15:1)
    at Hook.CALL_ASYNC_DELEGATE [as _callAsync] (/Users/muhammetturk/Documents/github-projects/burada-v3/node_modules/tapable/lib/Hook.js:21:14)
    at /Users/muhammetturk/Documents/github-projects/burada-v3/node_modules/webpack/lib/Compilation.js:5463:43
    at symbolIterator (/Users/muhammetturk/Documents/github-projects/burada-v3/node_modules/neo-async/async.js:3482:9)
    at timesSync (/Users/muhammetturk/Documents/github-projects/burada-v3/node_modules/neo-async/async.js:2297:7)
    at Object.eachLimit (/Users/muhammetturk/Documents/github-projects/burada-v3/node_modules/neo-async/async.js:3463:5)
    at /Users/muhammetturk/Documents/github-projects/burada-v3/node_modules/webpack/lib/Compilation.js:5426:16
    at symbolIterator (/Users/muhammetturk/Documents/github-projects/burada-v3/node_modules/neo-async/async.js:3485:9)
    at timesSync (/Users/muhammetturk/Documents/github-projects/burada-v3/node_modules/neo-async/async.js:2297:7)
    at Object.eachLimit (/Users/muhammetturk/Documents/github-projects/burada-v3/node_modules/neo-async/async.js:3463:5)
    at /Users/muhammetturk/Documents/github-projects/burada-v3/node_modules/webpack/lib/Compilation.js:5394:15
    at symbolIterator (/Users/muhammetturk/Documents/github-projects/burada-v3/node_modules/neo-async/async.js:3485:9)
    at done (/Users/muhammetturk/Documents/github-projects/burada-v3/node_modules/neo-async/async.js:3527:9)
    at /Users/muhammetturk/Documents/github-projects/burada-v3/node_modules/webpack/lib/Compilation.js:5340:8
    at /Users/muhammetturk/Documents/github-projects/burada-v3/node_modules/webpack/lib/Compilation.js:3744:6
    at /Users/muhammetturk/Documents/github-projects/burada-v3/node_modules/webpack/lib/HookWebpackError.js:66:2
    at Hook.eval [as callAsync] (eval at create (/Users/muhammetturk/Documents/github-projects/burada-v3/node_modules/tapable/lib/HookCodeFactory.js:31:10), <anonymous>:6:1)
    at Cache.store (/Users/muhammetturk/Documents/github-projects/burada-v3/node_modules/webpack/lib/Cache.js:114:20)
    at ItemCacheFacade.store (/Users/muhammetturk/Documents/github-projects/burada-v3/node_modules/webpack/lib/CacheFacade.js:141:15)
    at /Users/muhammetturk/Documents/github-projects/burada-v3/node_modules/webpack/lib/Compilation.js:3743:11
    at /Users/muhammetturk/Documents/github-projects/burada-v3/node_modules/webpack/lib/Cache.js:100:5
    at Hook.eval [as callAsync] (eval at create (/Users/muhammetturk/Documents/github-projects/burada-v3/node_modules/tapable/lib/HookCodeFactory.js:31:10), <anonymous>:6:1)
    at Cache.get (/Users/muhammetturk/Documents/github-projects/burada-v3/node_modules/webpack/lib/Cache.js:82:18)
    at ItemCacheFacade.get (/Users/muhammetturk/Documents/github-projects/burada-v3/node_modules/webpack/lib/CacheFacade.js:115:15)
    at Compilation._codeGenerationModule (/Users/muhammetturk/Documents/github-projects/burada-v3/node_modules/webpack/lib/Compilation.js:3711:9)
    at codeGen (/Users/muhammetturk/Documents/github-projects/burada-v3/node_modules/webpack/lib/Compilation.js:5328:11)
    at symbolIterator (/Users/muhammetturk/Documents/github-projects/burada-v3/node_modules/neo-async/async.js:3482:9)
    at timesSync (/Users/muhammetturk/Documents/github-projects/burada-v3/node_modules/neo-async/async.js:2297:7)
    at Object.eachLimit (/Users/muhammetturk/Documents/github-projects/burada-v3/node_modules/neo-async/async.js:3463:5)
    at /Users/muhammetturk/Documents/github-projects/burada-v3/node_modules/webpack/lib/Compilation.js:5358:14
    at processQueue (/Users/muhammetturk/Documents/github-projects/burada-v3/node_modules/webpack/lib/util/processAsyncTree.js:61:4)
    at processTicksAndRejections (node:internal/process/task_queues:84:11)
    at runNextTicks (node:internal/process/task_queues:68:3)
    at process.processImmediate (node:internal/timers:472:9)

Generated code for /Users/muhammetturk/Documents/github-projects/burada-v3/node_modules/css-loader/dist/cjs.js??clonedRuleSet-3.use[1]!/Users/muhammetturk/Documents/github-projects/burada-v3/node_modules/postcss-loader/dist/cjs.js??clonedRuleSet-3.use[2]!/Users/muhammetturk/Documents/github-projects/burada-v3/src/main.css
1 | throw new Error("Module build failed (from ./node_modules/postcss-loader/dist/cjs.js):\nValidationError: Invalid options object. PostCSS Loader has been initialized using an options object that does not match the API schema.\n - options has an unknown property 'plugins'. These properties are valid:\n   object { postcssOptions?, execute?, sourceMap?, implementation? }\n    at validate (/Users/muhammetturk/Documents/github-projects/burada-v3/node_modules/schema-utils/dist/validate.js:213:11)\n    at Object.getOptions (/Users/muhammetturk/Documents/github-projects/burada-v3/node_modules/webpack/lib/NormalModule.js:721:19)\n    at Object.loader (/Users/muhammetturk/Documents/github-projects/burada-v3/node_modules/postcss-loader/dist/index.js:28:24)");
 @ ./src/main.js 23:0-35

ERROR in ./src/components/complementarities/ConfirmDialog.vue?vue&type=style&index=0&id=1717be1c&scoped=true&lang=css (./node_modules/mini-css-extract-plugin/dist/loader.js!./node_modules/css-loader/dist/cjs.js??clonedRuleSet-3.use[1]!./node_modules/vue-loader/dist/stylePostLoader.js!./node_modules/postcss-loader/dist/cjs.js??clonedRuleSet-3.use[2]!./node_modules/vue-loader/dist/index.js??ruleSet[1].rules[12].use[0]!./src/components/complementarities/ConfirmDialog.vue?vue&type=style&index=0&id=1717be1c&scoped=true&lang=css)
Module build failed (from ./node_modules/mini-css-extract-plugin/dist/loader.js):
HookWebpackError: Module build failed (from ./node_modules/postcss-loader/dist/cjs.js):
ValidationError: Invalid options object. PostCSS Loader has been initialized using an options object that does not match the API schema.
 - options has an unknown property 'plugins'. These properties are valid:
   object { postcssOptions?, execute?, sourceMap?, implementation? }
    at validate (/Users/muhammetturk/Documents/github-projects/burada-v3/node_modules/schema-utils/dist/validate.js:213:11)
    at Object.getOptions (/Users/muhammetturk/Documents/github-projects/burada-v3/node_modules/webpack/lib/NormalModule.js:721:19)
    at Object.loader (/Users/muhammetturk/Documents/github-projects/burada-v3/node_modules/postcss-loader/dist/index.js:28:24)
    at tryRunOrWebpackError (/Users/muhammetturk/Documents/github-projects/burada-v3/node_modules/webpack/lib/HookWebpackError.js:85:9)
    at __webpack_require_module__ (/Users/muhammetturk/Documents/github-projects/burada-v3/node_modules/webpack/lib/Compilation.js:5541:12)
    at __webpack_require__ (/Users/muhammetturk/Documents/github-projects/burada-v3/node_modules/webpack/lib/Compilation.js:5488:18)
    at /Users/muhammetturk/Documents/github-projects/burada-v3/node_modules/webpack/lib/Compilation.js:5576:20
    at symbolIterator (/Users/muhammetturk/Documents/github-projects/burada-v3/node_modules/neo-async/async.js:3485:9)
    at done (/Users/muhammetturk/Documents/github-projects/burada-v3/node_modules/neo-async/async.js:3527:9)
    at Hook.eval [as callAsync] (eval at create (/Users/muhammetturk/Documents/github-projects/burada-v3/node_modules/tapable/lib/HookCodeFactory.js:31:10), <anonymous>:15:1)
    at /Users/muhammetturk/Documents/github-projects/burada-v3/node_modules/webpack/lib/Compilation.js:5463:43
    at symbolIterator (/Users/muhammetturk/Documents/github-projects/burada-v3/node_modules/neo-async/async.js:3482:9)
    at timesSync (/Users/muhammetturk/Documents/github-projects/burada-v3/node_modules/neo-async/async.js:2297:7)
    at Object.eachLimit (/Users/muhammetturk/Documents/github-projects/burada-v3/node_modules/neo-async/async.js:3463:5)
    at /Users/muhammetturk/Documents/github-projects/burada-v3/node_modules/webpack/lib/Compilation.js:5426:16
    at symbolIterator (/Users/muhammetturk/Documents/github-projects/burada-v3/node_modules/neo-async/async.js:3485:9)
    at timesSync (/Users/muhammetturk/Documents/github-projects/burada-v3/node_modules/neo-async/async.js:2297:7)
    at Object.eachLimit (/Users/muhammetturk/Documents/github-projects/burada-v3/node_modules/neo-async/async.js:3463:5)
    at /Users/muhammetturk/Documents/github-projects/burada-v3/node_modules/webpack/lib/Compilation.js:5394:15
    at symbolIterator (/Users/muhammetturk/Documents/github-projects/burada-v3/node_modules/neo-async/async.js:3485:9)
    at done (/Users/muhammetturk/Documents/github-projects/burada-v3/node_modules/neo-async/async.js:3527:9)
    at /Users/muhammetturk/Documents/github-projects/burada-v3/node_modules/webpack/lib/Compilation.js:5340:8
    at /Users/muhammetturk/Documents/github-projects/burada-v3/node_modules/webpack/lib/Compilation.js:3744:6
    at /Users/muhammetturk/Documents/github-projects/burada-v3/node_modules/webpack/lib/HookWebpackError.js:66:2
    at Hook.eval [as callAsync] (eval at create (/Users/muhammetturk/Documents/github-projects/burada-v3/node_modules/tapable/lib/HookCodeFactory.js:31:10), <anonymous>:6:1)
    at Cache.store (/Users/muhammetturk/Documents/github-projects/burada-v3/node_modules/webpack/lib/Cache.js:114:20)
    at ItemCacheFacade.store (/Users/muhammetturk/Documents/github-projects/burada-v3/node_modules/webpack/lib/CacheFacade.js:141:15)
    at /Users/muhammetturk/Documents/github-projects/burada-v3/node_modules/webpack/lib/Compilation.js:3743:11
    at /Users/muhammetturk/Documents/github-projects/burada-v3/node_modules/webpack/lib/Cache.js:100:5
    at Hook.eval [as callAsync] (eval at create (/Users/muhammetturk/Documents/github-projects/burada-v3/node_modules/tapable/lib/HookCodeFactory.js:31:10), <anonymous>:6:1)
    at Cache.get (/Users/muhammetturk/Documents/github-projects/burada-v3/node_modules/webpack/lib/Cache.js:82:18)
    at ItemCacheFacade.get (/Users/muhammetturk/Documents/github-projects/burada-v3/node_modules/webpack/lib/CacheFacade.js:115:15)
    at Compilation._codeGenerationModule (/Users/muhammetturk/Documents/github-projects/burada-v3/node_modules/webpack/lib/Compilation.js:3711:9)
    at codeGen (/Users/muhammetturk/Documents/github-projects/burada-v3/node_modules/webpack/lib/Compilation.js:5328:11)
    at symbolIterator (/Users/muhammetturk/Documents/github-projects/burada-v3/node_modules/neo-async/async.js:3482:9)
    at timesSync (/Users/muhammetturk/Documents/github-projects/burada-v3/node_modules/neo-async/async.js:2297:7)
    at Object.eachLimit (/Users/muhammetturk/Documents/github-projects/burada-v3/node_modules/neo-async/async.js:3463:5)
    at /Users/muhammetturk/Documents/github-projects/burada-v3/node_modules/webpack/lib/Compilation.js:5358:14
    at processQueue (/Users/muhammetturk/Documents/github-projects/burada-v3/node_modules/webpack/lib/util/processAsyncTree.js:61:4)
    at process.processTicksAndRejections (node:internal/process/task_queues:84:11)
-- inner error --
Error: Module build failed (from ./node_modules/postcss-loader/dist/cjs.js):
ValidationError: Invalid options object. PostCSS Loader has been initialized using an options object that does not match the API schema.
 - options has an unknown property 'plugins'. These properties are valid:
   object { postcssOptions?, execute?, sourceMap?, implementation? }
    at validate (/Users/muhammetturk/Documents/github-projects/burada-v3/node_modules/schema-utils/dist/validate.js:213:11)
    at Object.getOptions (/Users/muhammetturk/Documents/github-projects/burada-v3/node_modules/webpack/lib/NormalModule.js:721:19)
    at Object.loader (/Users/muhammetturk/Documents/github-projects/burada-v3/node_modules/postcss-loader/dist/index.js:28:24)
    at Object.<anonymous> (/Users/muhammetturk/Documents/github-projects/burada-v3/node_modules/css-loader/dist/cjs.js??clonedRuleSet-3.use[1]!/Users/muhammetturk/Documents/github-projects/burada-v3/node_modules/vue-loader/dist/stylePostLoader.js!/Users/muhammetturk/Documents/github-projects/burada-v3/node_modules/postcss-loader/dist/cjs.js??clonedRuleSet-3.use[2]!/Users/muhammetturk/Documents/github-projects/burada-v3/node_modules/vue-loader/dist/index.js??ruleSet[1].rules[12].use[0]!/Users/muhammetturk/Documents/github-projects/burada-v3/src/components/complementarities/ConfirmDialog.vue?vue&type=style&index=0&id=1717be1c&scoped=true&lang=css:1:7)
    at /Users/muhammetturk/Documents/github-projects/burada-v3/node_modules/webpack/lib/javascript/JavascriptModulesPlugin.js:544:10
    at Hook.eval [as call] (eval at create (/Users/muhammetturk/Documents/github-projects/burada-v3/node_modules/tapable/lib/HookCodeFactory.js:19:10), <anonymous>:7:1)
    at /Users/muhammetturk/Documents/github-projects/burada-v3/node_modules/webpack/lib/Compilation.js:5543:39
    at tryRunOrWebpackError (/Users/muhammetturk/Documents/github-projects/burada-v3/node_modules/webpack/lib/HookWebpackError.js:80:7)
    at __webpack_require_module__ (/Users/muhammetturk/Documents/github-projects/burada-v3/node_modules/webpack/lib/Compilation.js:5541:12)
    at __webpack_require__ (/Users/muhammetturk/Documents/github-projects/burada-v3/node_modules/webpack/lib/Compilation.js:5488:18)
    at /Users/muhammetturk/Documents/github-projects/burada-v3/node_modules/webpack/lib/Compilation.js:5576:20
    at symbolIterator (/Users/muhammetturk/Documents/github-projects/burada-v3/node_modules/neo-async/async.js:3485:9)
    at done (/Users/muhammetturk/Documents/github-projects/burada-v3/node_modules/neo-async/async.js:3527:9)
    at Hook.eval [as callAsync] (eval at create (/Users/muhammetturk/Documents/github-projects/burada-v3/node_modules/tapable/lib/HookCodeFactory.js:31:10), <anonymous>:15:1)
    at /Users/muhammetturk/Documents/github-projects/burada-v3/node_modules/webpack/lib/Compilation.js:5463:43
    at symbolIterator (/Users/muhammetturk/Documents/github-projects/burada-v3/node_modules/neo-async/async.js:3482:9)
    at timesSync (/Users/muhammetturk/Documents/github-projects/burada-v3/node_modules/neo-async/async.js:2297:7)
    at Object.eachLimit (/Users/muhammetturk/Documents/github-projects/burada-v3/node_modules/neo-async/async.js:3463:5)
    at /Users/muhammetturk/Documents/github-projects/burada-v3/node_modules/webpack/lib/Compilation.js:5426:16
    at symbolIterator (/Users/muhammetturk/Documents/github-projects/burada-v3/node_modules/neo-async/async.js:3485:9)
    at timesSync (/Users/muhammetturk/Documents/github-projects/burada-v3/node_modules/neo-async/async.js:2297:7)
    at Object.eachLimit (/Users/muhammetturk/Documents/github-projects/burada-v3/node_modules/neo-async/async.js:3463:5)
    at /Users/muhammetturk/Documents/github-projects/burada-v3/node_modules/webpack/lib/Compilation.js:5394:15
    at symbolIterator (/Users/muhammetturk/Documents/github-projects/burada-v3/node_modules/neo-async/async.js:3485:9)
    at done (/Users/muhammetturk/Documents/github-projects/burada-v3/node_modules/neo-async/async.js:3527:9)
    at /Users/muhammetturk/Documents/github-projects/burada-v3/node_modules/webpack/lib/Compilation.js:5340:8
    at /Users/muhammetturk/Documents/github-projects/burada-v3/node_modules/webpack/lib/Compilation.js:3744:6
    at /Users/muhammetturk/Documents/github-projects/burada-v3/node_modules/webpack/lib/HookWebpackError.js:66:2
    at Hook.eval [as callAsync] (eval at create (/Users/muhammetturk/Documents/github-projects/burada-v3/node_modules/tapable/lib/HookCodeFactory.js:31:10), <anonymous>:6:1)
    at Cache.store (/Users/muhammetturk/Documents/github-projects/burada-v3/node_modules/webpack/lib/Cache.js:114:20)
    at ItemCacheFacade.store (/Users/muhammetturk/Documents/github-projects/burada-v3/node_modules/webpack/lib/CacheFacade.js:141:15)
    at /Users/muhammetturk/Documents/github-projects/burada-v3/node_modules/webpack/lib/Compilation.js:3743:11
    at /Users/muhammetturk/Documents/github-projects/burada-v3/node_modules/webpack/lib/Cache.js:100:5
    at Hook.eval [as callAsync] (eval at create (/Users/muhammetturk/Documents/github-projects/burada-v3/node_modules/tapable/lib/HookCodeFactory.js:31:10), <anonymous>:6:1)
    at Cache.get (/Users/muhammetturk/Documents/github-projects/burada-v3/node_modules/webpack/lib/Cache.js:82:18)
    at ItemCacheFacade.get (/Users/muhammetturk/Documents/github-projects/burada-v3/node_modules/webpack/lib/CacheFacade.js:115:15)
    at Compilation._codeGenerationModule (/Users/muhammetturk/Documents/github-projects/burada-v3/node_modules/webpack/lib/Compilation.js:3711:9)
    at codeGen (/Users/muhammetturk/Documents/github-projects/burada-v3/node_modules/webpack/lib/Compilation.js:5328:11)
    at symbolIterator (/Users/muhammetturk/Documents/github-projects/burada-v3/node_modules/neo-async/async.js:3482:9)
    at timesSync (/Users/muhammetturk/Documents/github-projects/burada-v3/node_modules/neo-async/async.js:2297:7)
    at Object.eachLimit (/Users/muhammetturk/Documents/github-projects/burada-v3/node_modules/neo-async/async.js:3463:5)
    at /Users/muhammetturk/Documents/github-projects/burada-v3/node_modules/webpack/lib/Compilation.js:5358:14
    at processQueue (/Users/muhammetturk/Documents/github-projects/burada-v3/node_modules/webpack/lib/util/processAsyncTree.js:61:4)
    at process.processTicksAndRejections (node:internal/process/task_queues:84:11)

Generated code for /Users/muhammetturk/Documents/github-projects/burada-v3/node_modules/css-loader/dist/cjs.js??clonedRuleSet-3.use[1]!/Users/muhammetturk/Documents/github-projects/burada-v3/node_modules/vue-loader/dist/stylePostLoader.js!/Users/muhammetturk/Documents/github-projects/burada-v3/node_modules/postcss-loader/dist/cjs.js??clonedRuleSet-3.use[2]!/Users/muhammetturk/Documents/github-projects/burada-v3/node_modules/vue-loader/dist/index.js??ruleSet[1].rules[12].use[0]!/Users/muhammetturk/Documents/github-projects/burada-v3/src/components/complementarities/ConfirmDialog.vue?vue&type=style&index=0&id=1717be1c&scoped=true&lang=css
1 | throw new Error("Module build failed (from ./node_modules/postcss-loader/dist/cjs.js):\nValidationError: Invalid options object. PostCSS Loader has been initialized using an options object that does not match the API schema.\n - options has an unknown property 'plugins'. These properties are valid:\n   object { postcssOptions?, execute?, sourceMap?, implementation? }\n    at validate (/Users/muhammetturk/Documents/github-projects/burada-v3/node_modules/schema-utils/dist/validate.js:213:11)\n    at Object.getOptions (/Users/muhammetturk/Documents/github-projects/burada-v3/node_modules/webpack/lib/NormalModule.js:721:19)\n    at Object.loader (/Users/muhammetturk/Documents/github-projects/burada-v3/node_modules/postcss-loader/dist/index.js:28:24)");
 @ ./src/components/complementarities/ConfirmDialog.vue?vue&type=style&index=0&id=1717be1c&scoped=true&lang=css 1:0-429 1:0-429
 @ ./src/components/complementarities/ConfirmDialog.vue 5:0-84
 @ ./node_modules/babel-loader/lib/index.js!./src/components/screens/business/business.js?vue&type=script&lang=js&external 1:0-77 9:4-17
 @ ./src/components/screens/business/business.js?vue&type=script&lang=js&external 1:0-126 1:0-126 1:127-242 1:127-242
 @ ./src/components/screens/business/business.vue 2:0-67 8:49-55 3:0-62 3:0-62
 @ ./src/router/index.js 13:0-66 126:13-21
 @ ./src/main.js

ERROR in ./src/components/complementarities/Conversations.vue?vue&type=style&index=0&id=6270b8a0&scoped=true&lang=css (./node_modules/mini-css-extract-plugin/dist/loader.js!./node_modules/css-loader/dist/cjs.js??clonedRuleSet-3.use[1]!./node_modules/vue-loader/dist/stylePostLoader.js!./node_modules/postcss-loader/dist/cjs.js??clonedRuleSet-3.use[2]!./node_modules/vue-loader/dist/index.js??ruleSet[1].rules[12].use[0]!./src/components/complementarities/Conversations.vue?vue&type=style&index=0&id=6270b8a0&scoped=true&lang=css)
Module build failed (from ./node_modules/mini-css-extract-plugin/dist/loader.js):
HookWebpackError: Module build failed (from ./node_modules/postcss-loader/dist/cjs.js):
ValidationError: Invalid options object. PostCSS Loader has been initialized using an options object that does not match the API schema.
 - options has an unknown property 'plugins'. These properties are valid:
   object { postcssOptions?, execute?, sourceMap?, implementation? }
    at validate (/Users/muhammetturk/Documents/github-projects/burada-v3/node_modules/schema-utils/dist/validate.js:213:11)
    at Object.getOptions (/Users/muhammetturk/Documents/github-projects/burada-v3/node_modules/webpack/lib/NormalModule.js:721:19)
    at Object.loader (/Users/muhammetturk/Documents/github-projects/burada-v3/node_modules/postcss-loader/dist/index.js:28:24)
    at tryRunOrWebpackError (/Users/muhammetturk/Documents/github-projects/burada-v3/node_modules/webpack/lib/HookWebpackError.js:85:9)
    at __webpack_require_module__ (/Users/muhammetturk/Documents/github-projects/burada-v3/node_modules/webpack/lib/Compilation.js:5541:12)
    at __webpack_require__ (/Users/muhammetturk/Documents/github-projects/burada-v3/node_modules/webpack/lib/Compilation.js:5488:18)
    at /Users/muhammetturk/Documents/github-projects/burada-v3/node_modules/webpack/lib/Compilation.js:5576:20
    at symbolIterator (/Users/muhammetturk/Documents/github-projects/burada-v3/node_modules/neo-async/async.js:3485:9)
    at done (/Users/muhammetturk/Documents/github-projects/burada-v3/node_modules/neo-async/async.js:3527:9)
    at Hook.eval [as callAsync] (eval at create (/Users/muhammetturk/Documents/github-projects/burada-v3/node_modules/tapable/lib/HookCodeFactory.js:31:10), <anonymous>:15:1)
    at /Users/muhammetturk/Documents/github-projects/burada-v3/node_modules/webpack/lib/Compilation.js:5463:43
    at symbolIterator (/Users/muhammetturk/Documents/github-projects/burada-v3/node_modules/neo-async/async.js:3482:9)
    at timesSync (/Users/muhammetturk/Documents/github-projects/burada-v3/node_modules/neo-async/async.js:2297:7)
    at Object.eachLimit (/Users/muhammetturk/Documents/github-projects/burada-v3/node_modules/neo-async/async.js:3463:5)
    at /Users/muhammetturk/Documents/github-projects/burada-v3/node_modules/webpack/lib/Compilation.js:5426:16
    at symbolIterator (/Users/muhammetturk/Documents/github-projects/burada-v3/node_modules/neo-async/async.js:3485:9)
    at timesSync (/Users/muhammetturk/Documents/github-projects/burada-v3/node_modules/neo-async/async.js:2297:7)
    at Object.eachLimit (/Users/muhammetturk/Documents/github-projects/burada-v3/node_modules/neo-async/async.js:3463:5)
    at /Users/muhammetturk/Documents/github-projects/burada-v3/node_modules/webpack/lib/Compilation.js:5394:15
    at symbolIterator (/Users/muhammetturk/Documents/github-projects/burada-v3/node_modules/neo-async/async.js:3485:9)
    at done (/Users/muhammetturk/Documents/github-projects/burada-v3/node_modules/neo-async/async.js:3527:9)
    at /Users/muhammetturk/Documents/github-projects/burada-v3/node_modules/webpack/lib/Compilation.js:5340:8
    at /Users/muhammetturk/Documents/github-projects/burada-v3/node_modules/webpack/lib/Compilation.js:3744:6
    at /Users/muhammetturk/Documents/github-projects/burada-v3/node_modules/webpack/lib/HookWebpackError.js:66:2
    at Hook.eval [as callAsync] (eval at create (/Users/muhammetturk/Documents/github-projects/burada-v3/node_modules/tapable/lib/HookCodeFactory.js:31:10), <anonymous>:6:1)
    at Cache.store (/Users/muhammetturk/Documents/github-projects/burada-v3/node_modules/webpack/lib/Cache.js:114:20)
    at ItemCacheFacade.store (/Users/muhammetturk/Documents/github-projects/burada-v3/node_modules/webpack/lib/CacheFacade.js:141:15)
    at /Users/muhammetturk/Documents/github-projects/burada-v3/node_modules/webpack/lib/Compilation.js:3743:11
    at /Users/muhammetturk/Documents/github-projects/burada-v3/node_modules/webpack/lib/Cache.js:100:5
    at Hook.eval [as callAsync] (eval at create (/Users/muhammetturk/Documents/github-projects/burada-v3/node_modules/tapable/lib/HookCodeFactory.js:31:10), <anonymous>:6:1)
    at Cache.get (/Users/muhammetturk/Documents/github-projects/burada-v3/node_modules/webpack/lib/Cache.js:82:18)
    at ItemCacheFacade.get (/Users/muhammetturk/Documents/github-projects/burada-v3/node_modules/webpack/lib/CacheFacade.js:115:15)
    at Compilation._codeGenerationModule (/Users/muhammetturk/Documents/github-projects/burada-v3/node_modules/webpack/lib/Compilation.js:3711:9)
    at codeGen (/Users/muhammetturk/Documents/github-projects/burada-v3/node_modules/webpack/lib/Compilation.js:5328:11)
    at symbolIterator (/Users/muhammetturk/Documents/github-projects/burada-v3/node_modules/neo-async/async.js:3482:9)
    at timesSync (/Users/muhammetturk/Documents/github-projects/burada-v3/node_modules/neo-async/async.js:2297:7)
    at Object.eachLimit (/Users/muhammetturk/Documents/github-projects/burada-v3/node_modules/neo-async/async.js:3463:5)
    at /Users/muhammetturk/Documents/github-projects/burada-v3/node_modules/webpack/lib/Compilation.js:5358:14
    at processQueue (/Users/muhammetturk/Documents/github-projects/burada-v3/node_modules/webpack/lib/util/processAsyncTree.js:61:4)
    at process.processTicksAndRejections (node:internal/process/task_queues:84:11)
-- inner error --
Error: Module build failed (from ./node_modules/postcss-loader/dist/cjs.js):
ValidationError: Invalid options object. PostCSS Loader has been initialized using an options object that does not match the API schema.
 - options has an unknown property 'plugins'. These properties are valid:
   object { postcssOptions?, execute?, sourceMap?, implementation? }
    at validate (/Users/muhammetturk/Documents/github-projects/burada-v3/node_modules/schema-utils/dist/validate.js:213:11)
    at Object.getOptions (/Users/muhammetturk/Documents/github-projects/burada-v3/node_modules/webpack/lib/NormalModule.js:721:19)
    at Object.loader (/Users/muhammetturk/Documents/github-projects/burada-v3/node_modules/postcss-loader/dist/index.js:28:24)
    at Object.<anonymous> (/Users/muhammetturk/Documents/github-projects/burada-v3/node_modules/css-loader/dist/cjs.js??clonedRuleSet-3.use[1]!/Users/muhammetturk/Documents/github-projects/burada-v3/node_modules/vue-loader/dist/stylePostLoader.js!/Users/muhammetturk/Documents/github-projects/burada-v3/node_modules/postcss-loader/dist/cjs.js??clonedRuleSet-3.use[2]!/Users/muhammetturk/Documents/github-projects/burada-v3/node_modules/vue-loader/dist/index.js??ruleSet[1].rules[12].use[0]!/Users/muhammetturk/Documents/github-projects/burada-v3/src/components/complementarities/Conversations.vue?vue&type=style&index=0&id=6270b8a0&scoped=true&lang=css:1:7)
    at /Users/muhammetturk/Documents/github-projects/burada-v3/node_modules/webpack/lib/javascript/JavascriptModulesPlugin.js:544:10
    at Hook.eval [as call] (eval at create (/Users/muhammetturk/Documents/github-projects/burada-v3/node_modules/tapable/lib/HookCodeFactory.js:19:10), <anonymous>:7:1)
    at /Users/muhammetturk/Documents/github-projects/burada-v3/node_modules/webpack/lib/Compilation.js:5543:39
    at tryRunOrWebpackError (/Users/muhammetturk/Documents/github-projects/burada-v3/node_modules/webpack/lib/HookWebpackError.js:80:7)
    at __webpack_require_module__ (/Users/muhammetturk/Documents/github-projects/burada-v3/node_modules/webpack/lib/Compilation.js:5541:12)
    at __webpack_require__ (/Users/muhammetturk/Documents/github-projects/burada-v3/node_modules/webpack/lib/Compilation.js:5488:18)
    at /Users/muhammetturk/Documents/github-projects/burada-v3/node_modules/webpack/lib/Compilation.js:5576:20
    at symbolIterator (/Users/muhammetturk/Documents/github-projects/burada-v3/node_modules/neo-async/async.js:3485:9)
    at done (/Users/muhammetturk/Documents/github-projects/burada-v3/node_modules/neo-async/async.js:3527:9)
    at Hook.eval [as callAsync] (eval at create (/Users/muhammetturk/Documents/github-projects/burada-v3/node_modules/tapable/lib/HookCodeFactory.js:31:10), <anonymous>:15:1)
    at /Users/muhammetturk/Documents/github-projects/burada-v3/node_modules/webpack/lib/Compilation.js:5463:43
    at symbolIterator (/Users/muhammetturk/Documents/github-projects/burada-v3/node_modules/neo-async/async.js:3482:9)
    at timesSync (/Users/muhammetturk/Documents/github-projects/burada-v3/node_modules/neo-async/async.js:2297:7)
    at Object.eachLimit (/Users/muhammetturk/Documents/github-projects/burada-v3/node_modules/neo-async/async.js:3463:5)
    at /Users/muhammetturk/Documents/github-projects/burada-v3/node_modules/webpack/lib/Compilation.js:5426:16
    at symbolIterator (/Users/muhammetturk/Documents/github-projects/burada-v3/node_modules/neo-async/async.js:3485:9)
    at timesSync (/Users/muhammetturk/Documents/github-projects/burada-v3/node_modules/neo-async/async.js:2297:7)
    at Object.eachLimit (/Users/muhammetturk/Documents/github-projects/burada-v3/node_modules/neo-async/async.js:3463:5)
    at /Users/muhammetturk/Documents/github-projects/burada-v3/node_modules/webpack/lib/Compilation.js:5394:15
    at symbolIterator (/Users/muhammetturk/Documents/github-projects/burada-v3/node_modules/neo-async/async.js:3485:9)
    at done (/Users/muhammetturk/Documents/github-projects/burada-v3/node_modules/neo-async/async.js:3527:9)
    at /Users/muhammetturk/Documents/github-projects/burada-v3/node_modules/webpack/lib/Compilation.js:5340:8
    at /Users/muhammetturk/Documents/github-projects/burada-v3/node_modules/webpack/lib/Compilation.js:3744:6
    at /Users/muhammetturk/Documents/github-projects/burada-v3/node_modules/webpack/lib/HookWebpackError.js:66:2
    at Hook.eval [as callAsync] (eval at create (/Users/muhammetturk/Documents/github-projects/burada-v3/node_modules/tapable/lib/HookCodeFactory.js:31:10), <anonymous>:6:1)
    at Cache.store (/Users/muhammetturk/Documents/github-projects/burada-v3/node_modules/webpack/lib/Cache.js:114:20)
    at ItemCacheFacade.store (/Users/muhammetturk/Documents/github-projects/burada-v3/node_modules/webpack/lib/CacheFacade.js:141:15)
    at /Users/muhammetturk/Documents/github-projects/burada-v3/node_modules/webpack/lib/Compilation.js:3743:11
    at /Users/muhammetturk/Documents/github-projects/burada-v3/node_modules/webpack/lib/Cache.js:100:5
    at Hook.eval [as callAsync] (eval at create (/Users/muhammetturk/Documents/github-projects/burada-v3/node_modules/tapable/lib/HookCodeFactory.js:31:10), <anonymous>:6:1)
    at Cache.get (/Users/muhammetturk/Documents/github-projects/burada-v3/node_modules/webpack/lib/Cache.js:82:18)
    at ItemCacheFacade.get (/Users/muhammetturk/Documents/github-projects/burada-v3/node_modules/webpack/lib/CacheFacade.js:115:15)
    at Compilation._codeGenerationModule (/Users/muhammetturk/Documents/github-projects/burada-v3/node_modules/webpack/lib/Compilation.js:3711:9)
    at codeGen (/Users/muhammetturk/Documents/github-projects/burada-v3/node_modules/webpack/lib/Compilation.js:5328:11)
    at symbolIterator (/Users/muhammetturk/Documents/github-projects/burada-v3/node_modules/neo-async/async.js:3482:9)
    at timesSync (/Users/muhammetturk/Documents/github-projects/burada-v3/node_modules/neo-async/async.js:2297:7)
    at Object.eachLimit (/Users/muhammetturk/Documents/github-projects/burada-v3/node_modules/neo-async/async.js:3463:5)
    at /Users/muhammetturk/Documents/github-projects/burada-v3/node_modules/webpack/lib/Compilation.js:5358:14
    at processQueue (/Users/muhammetturk/Documents/github-projects/burada-v3/node_modules/webpack/lib/util/processAsyncTree.js:61:4)
    at process.processTicksAndRejections (node:internal/process/task_queues:84:11)

Generated code for /Users/muhammetturk/Documents/github-projects/burada-v3/node_modules/css-loader/dist/cjs.js??clonedRuleSet-3.use[1]!/Users/muhammetturk/Documents/github-projects/burada-v3/node_modules/vue-loader/dist/stylePostLoader.js!/Users/muhammetturk/Documents/github-projects/burada-v3/node_modules/postcss-loader/dist/cjs.js??clonedRuleSet-3.use[2]!/Users/muhammetturk/Documents/github-projects/burada-v3/node_modules/vue-loader/dist/index.js??ruleSet[1].rules[12].use[0]!/Users/muhammetturk/Documents/github-projects/burada-v3/src/components/complementarities/Conversations.vue?vue&type=style&index=0&id=6270b8a0&scoped=true&lang=css
1 | throw new Error("Module build failed (from ./node_modules/postcss-loader/dist/cjs.js):\nValidationError: Invalid options object. PostCSS Loader has been initialized using an options object that does not match the API schema.\n - options has an unknown property 'plugins'. These properties are valid:\n   object { postcssOptions?, execute?, sourceMap?, implementation? }\n    at validate (/Users/muhammetturk/Documents/github-projects/burada-v3/node_modules/schema-utils/dist/validate.js:213:11)\n    at Object.getOptions (/Users/muhammetturk/Documents/github-projects/burada-v3/node_modules/webpack/lib/NormalModule.js:721:19)\n    at Object.loader (/Users/muhammetturk/Documents/github-projects/burada-v3/node_modules/postcss-loader/dist/index.js:28:24)");
 @ ./src/components/complementarities/Conversations.vue?vue&type=style&index=0&id=6270b8a0&scoped=true&lang=css 1:0-429 1:0-429
 @ ./src/components/complementarities/Conversations.vue 5:0-84
 @ ./src/router/index.js 14:0-77 171:13-26
 @ ./src/main.js

ERROR in ./src/components/complementarities/Feedback.vue?vue&type=style&index=0&id=53286e46&scoped=true&lang=css (./node_modules/mini-css-extract-plugin/dist/loader.js!./node_modules/css-loader/dist/cjs.js??clonedRuleSet-3.use[1]!./node_modules/vue-loader/dist/stylePostLoader.js!./node_modules/postcss-loader/dist/cjs.js??clonedRuleSet-3.use[2]!./node_modules/vue-loader/dist/index.js??ruleSet[1].rules[12].use[0]!./src/components/complementarities/Feedback.vue?vue&type=style&index=0&id=53286e46&scoped=true&lang=css)
Module build failed (from ./node_modules/mini-css-extract-plugin/dist/loader.js):
HookWebpackError: Module build failed (from ./node_modules/postcss-loader/dist/cjs.js):
ValidationError: Invalid options object. PostCSS Loader has been initialized using an options object that does not match the API schema.
 - options has an unknown property 'plugins'. These properties are valid:
   object { postcssOptions?, execute?, sourceMap?, implementation? }
    at validate (/Users/muhammetturk/Documents/github-projects/burada-v3/node_modules/schema-utils/dist/validate.js:213:11)
    at Object.getOptions (/Users/muhammetturk/Documents/github-projects/burada-v3/node_modules/webpack/lib/NormalModule.js:721:19)
    at Object.loader (/Users/muhammetturk/Documents/github-projects/burada-v3/node_modules/postcss-loader/dist/index.js:28:24)
    at tryRunOrWebpackError (/Users/muhammetturk/Documents/github-projects/burada-v3/node_modules/webpack/lib/HookWebpackError.js:85:9)
    at __webpack_require_module__ (/Users/muhammetturk/Documents/github-projects/burada-v3/node_modules/webpack/lib/Compilation.js:5541:12)
    at __webpack_require__ (/Users/muhammetturk/Documents/github-projects/burada-v3/node_modules/webpack/lib/Compilation.js:5488:18)
    at /Users/muhammetturk/Documents/github-projects/burada-v3/node_modules/webpack/lib/Compilation.js:5576:20
    at symbolIterator (/Users/muhammetturk/Documents/github-projects/burada-v3/node_modules/neo-async/async.js:3485:9)
    at done (/Users/muhammetturk/Documents/github-projects/burada-v3/node_modules/neo-async/async.js:3527:9)
    at Hook.eval [as callAsync] (eval at create (/Users/muhammetturk/Documents/github-projects/burada-v3/node_modules/tapable/lib/HookCodeFactory.js:31:10), <anonymous>:15:1)
    at /Users/muhammetturk/Documents/github-projects/burada-v3/node_modules/webpack/lib/Compilation.js:5463:43
    at symbolIterator (/Users/muhammetturk/Documents/github-projects/burada-v3/node_modules/neo-async/async.js:3482:9)
    at timesSync (/Users/muhammetturk/Documents/github-projects/burada-v3/node_modules/neo-async/async.js:2297:7)
    at Object.eachLimit (/Users/muhammetturk/Documents/github-projects/burada-v3/node_modules/neo-async/async.js:3463:5)
    at /Users/muhammetturk/Documents/github-projects/burada-v3/node_modules/webpack/lib/Compilation.js:5426:16
    at symbolIterator (/Users/muhammetturk/Documents/github-projects/burada-v3/node_modules/neo-async/async.js:3485:9)
    at timesSync (/Users/muhammetturk/Documents/github-projects/burada-v3/node_modules/neo-async/async.js:2297:7)
    at Object.eachLimit (/Users/muhammetturk/Documents/github-projects/burada-v3/node_modules/neo-async/async.js:3463:5)
    at /Users/muhammetturk/Documents/github-projects/burada-v3/node_modules/webpack/lib/Compilation.js:5394:15
    at symbolIterator (/Users/muhammetturk/Documents/github-projects/burada-v3/node_modules/neo-async/async.js:3485:9)
    at done (/Users/muhammetturk/Documents/github-projects/burada-v3/node_modules/neo-async/async.js:3527:9)
    at /Users/muhammetturk/Documents/github-projects/burada-v3/node_modules/webpack/lib/Compilation.js:5340:8
    at /Users/muhammetturk/Documents/github-projects/burada-v3/node_modules/webpack/lib/Compilation.js:3744:6
    at /Users/muhammetturk/Documents/github-projects/burada-v3/node_modules/webpack/lib/HookWebpackError.js:66:2
    at Hook.eval [as callAsync] (eval at create (/Users/muhammetturk/Documents/github-projects/burada-v3/node_modules/tapable/lib/HookCodeFactory.js:31:10), <anonymous>:6:1)
    at Cache.store (/Users/muhammetturk/Documents/github-projects/burada-v3/node_modules/webpack/lib/Cache.js:114:20)
    at ItemCacheFacade.store (/Users/muhammetturk/Documents/github-projects/burada-v3/node_modules/webpack/lib/CacheFacade.js:141:15)
    at /Users/muhammetturk/Documents/github-projects/burada-v3/node_modules/webpack/lib/Compilation.js:3743:11
    at /Users/muhammetturk/Documents/github-projects/burada-v3/node_modules/webpack/lib/Cache.js:100:5
    at Hook.eval [as callAsync] (eval at create (/Users/muhammetturk/Documents/github-projects/burada-v3/node_modules/tapable/lib/HookCodeFactory.js:31:10), <anonymous>:6:1)
    at Cache.get (/Users/muhammetturk/Documents/github-projects/burada-v3/node_modules/webpack/lib/Cache.js:82:18)
    at ItemCacheFacade.get (/Users/muhammetturk/Documents/github-projects/burada-v3/node_modules/webpack/lib/CacheFacade.js:115:15)
    at Compilation._codeGenerationModule (/Users/muhammetturk/Documents/github-projects/burada-v3/node_modules/webpack/lib/Compilation.js:3711:9)
    at codeGen (/Users/muhammetturk/Documents/github-projects/burada-v3/node_modules/webpack/lib/Compilation.js:5328:11)
    at symbolIterator (/Users/muhammetturk/Documents/github-projects/burada-v3/node_modules/neo-async/async.js:3482:9)
    at timesSync (/Users/muhammetturk/Documents/github-projects/burada-v3/node_modules/neo-async/async.js:2297:7)
    at Object.eachLimit (/Users/muhammetturk/Documents/github-projects/burada-v3/node_modules/neo-async/async.js:3463:5)
    at /Users/muhammetturk/Documents/github-projects/burada-v3/node_modules/webpack/lib/Compilation.js:5358:14
    at processQueue (/Users/muhammetturk/Documents/github-projects/burada-v3/node_modules/webpack/lib/util/processAsyncTree.js:61:4)
    at process.processTicksAndRejections (node:internal/process/task_queues:84:11)
-- inner error --
Error: Module build failed (from ./node_modules/postcss-loader/dist/cjs.js):
ValidationError: Invalid options object. PostCSS Loader has been initialized using an options object that does not match the API schema.
 - options has an unknown property 'plugins'. These properties are valid:
   object { postcssOptions?, execute?, sourceMap?, implementation? }
    at validate (/Users/muhammetturk/Documents/github-projects/burada-v3/node_modules/schema-utils/dist/validate.js:213:11)
    at Object.getOptions (/Users/muhammetturk/Documents/github-projects/burada-v3/node_modules/webpack/lib/NormalModule.js:721:19)
    at Object.loader (/Users/muhammetturk/Documents/github-projects/burada-v3/node_modules/postcss-loader/dist/index.js:28:24)
    at Object.<anonymous> (/Users/muhammetturk/Documents/github-projects/burada-v3/node_modules/css-loader/dist/cjs.js??clonedRuleSet-3.use[1]!/Users/muhammetturk/Documents/github-projects/burada-v3/node_modules/vue-loader/dist/stylePostLoader.js!/Users/muhammetturk/Documents/github-projects/burada-v3/node_modules/postcss-loader/dist/cjs.js??clonedRuleSet-3.use[2]!/Users/muhammetturk/Documents/github-projects/burada-v3/node_modules/vue-loader/dist/index.js??ruleSet[1].rules[12].use[0]!/Users/muhammetturk/Documents/github-projects/burada-v3/src/components/complementarities/Feedback.vue?vue&type=style&index=0&id=53286e46&scoped=true&lang=css:1:7)
    at /Users/muhammetturk/Documents/github-projects/burada-v3/node_modules/webpack/lib/javascript/JavascriptModulesPlugin.js:544:10
    at Hook.eval [as call] (eval at create (/Users/muhammetturk/Documents/github-projects/burada-v3/node_modules/tapable/lib/HookCodeFactory.js:19:10), <anonymous>:7:1)
    at /Users/muhammetturk/Documents/github-projects/burada-v3/node_modules/webpack/lib/Compilation.js:5543:39
    at tryRunOrWebpackError (/Users/muhammetturk/Documents/github-projects/burada-v3/node_modules/webpack/lib/HookWebpackError.js:80:7)
    at __webpack_require_module__ (/Users/muhammetturk/Documents/github-projects/burada-v3/node_modules/webpack/lib/Compilation.js:5541:12)
    at __webpack_require__ (/Users/muhammetturk/Documents/github-projects/burada-v3/node_modules/webpack/lib/Compilation.js:5488:18)
    at /Users/muhammetturk/Documents/github-projects/burada-v3/node_modules/webpack/lib/Compilation.js:5576:20
    at symbolIterator (/Users/muhammetturk/Documents/github-projects/burada-v3/node_modules/neo-async/async.js:3485:9)
    at done (/Users/muhammetturk/Documents/github-projects/burada-v3/node_modules/neo-async/async.js:3527:9)
    at Hook.eval [as callAsync] (eval at create (/Users/muhammetturk/Documents/github-projects/burada-v3/node_modules/tapable/lib/HookCodeFactory.js:31:10), <anonymous>:15:1)
    at /Users/muhammetturk/Documents/github-projects/burada-v3/node_modules/webpack/lib/Compilation.js:5463:43
    at symbolIterator (/Users/muhammetturk/Documents/github-projects/burada-v3/node_modules/neo-async/async.js:3482:9)
    at timesSync (/Users/muhammetturk/Documents/github-projects/burada-v3/node_modules/neo-async/async.js:2297:7)
    at Object.eachLimit (/Users/muhammetturk/Documents/github-projects/burada-v3/node_modules/neo-async/async.js:3463:5)
    at /Users/muhammetturk/Documents/github-projects/burada-v3/node_modules/webpack/lib/Compilation.js:5426:16
    at symbolIterator (/Users/muhammetturk/Documents/github-projects/burada-v3/node_modules/neo-async/async.js:3485:9)
    at timesSync (/Users/muhammetturk/Documents/github-projects/burada-v3/node_modules/neo-async/async.js:2297:7)
    at Object.eachLimit (/Users/muhammetturk/Documents/github-projects/burada-v3/node_modules/neo-async/async.js:3463:5)
    at /Users/muhammetturk/Documents/github-projects/burada-v3/node_modules/webpack/lib/Compilation.js:5394:15
    at symbolIterator (/Users/muhammetturk/Documents/github-projects/burada-v3/node_modules/neo-async/async.js:3485:9)
    at done (/Users/muhammetturk/Documents/github-projects/burada-v3/node_modules/neo-async/async.js:3527:9)
    at /Users/muhammetturk/Documents/github-projects/burada-v3/node_modules/webpack/lib/Compilation.js:5340:8
    at /Users/muhammetturk/Documents/github-projects/burada-v3/node_modules/webpack/lib/Compilation.js:3744:6
    at /Users/muhammetturk/Documents/github-projects/burada-v3/node_modules/webpack/lib/HookWebpackError.js:66:2
    at Hook.eval [as callAsync] (eval at create (/Users/muhammetturk/Documents/github-projects/burada-v3/node_modules/tapable/lib/HookCodeFactory.js:31:10), <anonymous>:6:1)
    at Cache.store (/Users/muhammetturk/Documents/github-projects/burada-v3/node_modules/webpack/lib/Cache.js:114:20)
    at ItemCacheFacade.store (/Users/muhammetturk/Documents/github-projects/burada-v3/node_modules/webpack/lib/CacheFacade.js:141:15)
    at /Users/muhammetturk/Documents/github-projects/burada-v3/node_modules/webpack/lib/Compilation.js:3743:11
    at /Users/muhammetturk/Documents/github-projects/burada-v3/node_modules/webpack/lib/Cache.js:100:5
    at Hook.eval [as callAsync] (eval at create (/Users/muhammetturk/Documents/github-projects/burada-v3/node_modules/tapable/lib/HookCodeFactory.js:31:10), <anonymous>:6:1)
    at Cache.get (/Users/muhammetturk/Documents/github-projects/burada-v3/node_modules/webpack/lib/Cache.js:82:18)
    at ItemCacheFacade.get (/Users/muhammetturk/Documents/github-projects/burada-v3/node_modules/webpack/lib/CacheFacade.js:115:15)
    at Compilation._codeGenerationModule (/Users/muhammetturk/Documents/github-projects/burada-v3/node_modules/webpack/lib/Compilation.js:3711:9)
    at codeGen (/Users/muhammetturk/Documents/github-projects/burada-v3/node_modules/webpack/lib/Compilation.js:5328:11)
    at symbolIterator (/Users/muhammetturk/Documents/github-projects/burada-v3/node_modules/neo-async/async.js:3482:9)
    at timesSync (/Users/muhammetturk/Documents/github-projects/burada-v3/node_modules/neo-async/async.js:2297:7)
    at Object.eachLimit (/Users/muhammetturk/Documents/github-projects/burada-v3/node_modules/neo-async/async.js:3463:5)
    at /Users/muhammetturk/Documents/github-projects/burada-v3/node_modules/webpack/lib/Compilation.js:5358:14
    at processQueue (/Users/muhammetturk/Documents/github-projects/burada-v3/node_modules/webpack/lib/util/processAsyncTree.js:61:4)
    at process.processTicksAndRejections (node:internal/process/task_queues:84:11)

Generated code for /Users/muhammetturk/Documents/github-projects/burada-v3/node_modules/css-loader/dist/cjs.js??clonedRuleSet-3.use[1]!/Users/muhammetturk/Documents/github-projects/burada-v3/node_modules/vue-loader/dist/stylePostLoader.js!/Users/muhammetturk/Documents/github-projects/burada-v3/node_modules/postcss-loader/dist/cjs.js??clonedRuleSet-3.use[2]!/Users/muhammetturk/Documents/github-projects/burada-v3/node_modules/vue-loader/dist/index.js??ruleSet[1].rules[12].use[0]!/Users/muhammetturk/Documents/github-projects/burada-v3/src/components/complementarities/Feedback.vue?vue&type=style&index=0&id=53286e46&scoped=true&lang=css
1 | throw new Error("Module build failed (from ./node_modules/postcss-loader/dist/cjs.js):\nValidationError: Invalid options object. PostCSS Loader has been initialized using an options object that does not match the API schema.\n - options has an unknown property 'plugins'. These properties are valid:\n   object { postcssOptions?, execute?, sourceMap?, implementation? }\n    at validate (/Users/muhammetturk/Documents/github-projects/burada-v3/node_modules/schema-utils/dist/validate.js:213:11)\n    at Object.getOptions (/Users/muhammetturk/Documents/github-projects/burada-v3/node_modules/webpack/lib/NormalModule.js:721:19)\n    at Object.loader (/Users/muhammetturk/Documents/github-projects/burada-v3/node_modules/postcss-loader/dist/index.js:28:24)");
 @ ./src/components/complementarities/Feedback.vue?vue&type=style&index=0&id=53286e46&scoped=true&lang=css 1:0-424 1:0-424
 @ ./src/components/complementarities/Feedback.vue 5:0-79
 @ ./src/router/index.js 30:0-68 149:13-21
 @ ./src/main.js

ERROR in ./src/components/complementarities/HighlightRequest.vue?vue&type=style&index=0&id=523dfd26&scoped=true&lang=css (./node_modules/mini-css-extract-plugin/dist/loader.js!./node_modules/css-loader/dist/cjs.js??clonedRuleSet-3.use[1]!./node_modules/vue-loader/dist/stylePostLoader.js!./node_modules/postcss-loader/dist/cjs.js??clonedRuleSet-3.use[2]!./node_modules/vue-loader/dist/index.js??ruleSet[1].rules[12].use[0]!./src/components/complementarities/HighlightRequest.vue?vue&type=style&index=0&id=523dfd26&scoped=true&lang=css)
Module build failed (from ./node_modules/mini-css-extract-plugin/dist/loader.js):
HookWebpackError: Module build failed (from ./node_modules/postcss-loader/dist/cjs.js):
ValidationError: Invalid options object. PostCSS Loader has been initialized using an options object that does not match the API schema.
 - options has an unknown property 'plugins'. These properties are valid:
   object { postcssOptions?, execute?, sourceMap?, implementation? }
    at validate (/Users/muhammetturk/Documents/github-projects/burada-v3/node_modules/schema-utils/dist/validate.js:213:11)
    at Object.getOptions (/Users/muhammetturk/Documents/github-projects/burada-v3/node_modules/webpack/lib/NormalModule.js:721:19)
    at Object.loader (/Users/muhammetturk/Documents/github-projects/burada-v3/node_modules/postcss-loader/dist/index.js:28:24)
    at tryRunOrWebpackError (/Users/muhammetturk/Documents/github-projects/burada-v3/node_modules/webpack/lib/HookWebpackError.js:85:9)
    at __webpack_require_module__ (/Users/muhammetturk/Documents/github-projects/burada-v3/node_modules/webpack/lib/Compilation.js:5541:12)
    at __webpack_require__ (/Users/muhammetturk/Documents/github-projects/burada-v3/node_modules/webpack/lib/Compilation.js:5488:18)
    at /Users/muhammetturk/Documents/github-projects/burada-v3/node_modules/webpack/lib/Compilation.js:5576:20
    at symbolIterator (/Users/muhammetturk/Documents/github-projects/burada-v3/node_modules/neo-async/async.js:3485:9)
    at done (/Users/muhammetturk/Documents/github-projects/burada-v3/node_modules/neo-async/async.js:3527:9)
    at Hook.eval [as callAsync] (eval at create (/Users/muhammetturk/Documents/github-projects/burada-v3/node_modules/tapable/lib/HookCodeFactory.js:31:10), <anonymous>:15:1)
    at /Users/muhammetturk/Documents/github-projects/burada-v3/node_modules/webpack/lib/Compilation.js:5463:43
    at symbolIterator (/Users/muhammetturk/Documents/github-projects/burada-v3/node_modules/neo-async/async.js:3482:9)
    at timesSync (/Users/muhammetturk/Documents/github-projects/burada-v3/node_modules/neo-async/async.js:2297:7)
    at Object.eachLimit (/Users/muhammetturk/Documents/github-projects/burada-v3/node_modules/neo-async/async.js:3463:5)
    at /Users/muhammetturk/Documents/github-projects/burada-v3/node_modules/webpack/lib/Compilation.js:5426:16
    at symbolIterator (/Users/muhammetturk/Documents/github-projects/burada-v3/node_modules/neo-async/async.js:3485:9)
    at timesSync (/Users/muhammetturk/Documents/github-projects/burada-v3/node_modules/neo-async/async.js:2297:7)
    at Object.eachLimit (/Users/muhammetturk/Documents/github-projects/burada-v3/node_modules/neo-async/async.js:3463:5)
    at /Users/muhammetturk/Documents/github-projects/burada-v3/node_modules/webpack/lib/Compilation.js:5394:15
    at symbolIterator (/Users/muhammetturk/Documents/github-projects/burada-v3/node_modules/neo-async/async.js:3485:9)
    at done (/Users/muhammetturk/Documents/github-projects/burada-v3/node_modules/neo-async/async.js:3527:9)
    at /Users/muhammetturk/Documents/github-projects/burada-v3/node_modules/webpack/lib/Compilation.js:5340:8
    at /Users/muhammetturk/Documents/github-projects/burada-v3/node_modules/webpack/lib/Compilation.js:3744:6
    at /Users/muhammetturk/Documents/github-projects/burada-v3/node_modules/webpack/lib/HookWebpackError.js:66:2
    at Hook.eval [as callAsync] (eval at create (/Users/muhammetturk/Documents/github-projects/burada-v3/node_modules/tapable/lib/HookCodeFactory.js:31:10), <anonymous>:6:1)
    at Cache.store (/Users/muhammetturk/Documents/github-projects/burada-v3/node_modules/webpack/lib/Cache.js:114:20)
    at ItemCacheFacade.store (/Users/muhammetturk/Documents/github-projects/burada-v3/node_modules/webpack/lib/CacheFacade.js:141:15)
    at /Users/muhammetturk/Documents/github-projects/burada-v3/node_modules/webpack/lib/Compilation.js:3743:11
    at /Users/muhammetturk/Documents/github-projects/burada-v3/node_modules/webpack/lib/Cache.js:100:5
    at Hook.eval [as callAsync] (eval at create (/Users/muhammetturk/Documents/github-projects/burada-v3/node_modules/tapable/lib/HookCodeFactory.js:31:10), <anonymous>:6:1)
    at Cache.get (/Users/muhammetturk/Documents/github-projects/burada-v3/node_modules/webpack/lib/Cache.js:82:18)
    at ItemCacheFacade.get (/Users/muhammetturk/Documents/github-projects/burada-v3/node_modules/webpack/lib/CacheFacade.js:115:15)
    at Compilation._codeGenerationModule (/Users/muhammetturk/Documents/github-projects/burada-v3/node_modules/webpack/lib/Compilation.js:3711:9)
    at codeGen (/Users/muhammetturk/Documents/github-projects/burada-v3/node_modules/webpack/lib/Compilation.js:5328:11)
    at symbolIterator (/Users/muhammetturk/Documents/github-projects/burada-v3/node_modules/neo-async/async.js:3482:9)
    at timesSync (/Users/muhammetturk/Documents/github-projects/burada-v3/node_modules/neo-async/async.js:2297:7)
    at Object.eachLimit (/Users/muhammetturk/Documents/github-projects/burada-v3/node_modules/neo-async/async.js:3463:5)
    at /Users/muhammetturk/Documents/github-projects/burada-v3/node_modules/webpack/lib/Compilation.js:5358:14
    at processQueue (/Users/muhammetturk/Documents/github-projects/burada-v3/node_modules/webpack/lib/util/processAsyncTree.js:61:4)
    at process.processTicksAndRejections (node:internal/process/task_queues:84:11)
-- inner error --
Error: Module build failed (from ./node_modules/postcss-loader/dist/cjs.js):
ValidationError: Invalid options object. PostCSS Loader has been initialized using an options object that does not match the API schema.
 - options has an unknown property 'plugins'. These properties are valid:
   object { postcssOptions?, execute?, sourceMap?, implementation? }
    at validate (/Users/muhammetturk/Documents/github-projects/burada-v3/node_modules/schema-utils/dist/validate.js:213:11)
    at Object.getOptions (/Users/muhammetturk/Documents/github-projects/burada-v3/node_modules/webpack/lib/NormalModule.js:721:19)
    at Object.loader (/Users/muhammetturk/Documents/github-projects/burada-v3/node_modules/postcss-loader/dist/index.js:28:24)
    at Object.<anonymous> (/Users/muhammetturk/Documents/github-projects/burada-v3/node_modules/css-loader/dist/cjs.js??clonedRuleSet-3.use[1]!/Users/muhammetturk/Documents/github-projects/burada-v3/node_modules/vue-loader/dist/stylePostLoader.js!/Users/muhammetturk/Documents/github-projects/burada-v3/node_modules/postcss-loader/dist/cjs.js??clonedRuleSet-3.use[2]!/Users/muhammetturk/Documents/github-projects/burada-v3/node_modules/vue-loader/dist/index.js??ruleSet[1].rules[12].use[0]!/Users/muhammetturk/Documents/github-projects/burada-v3/src/components/complementarities/HighlightRequest.vue?vue&type=style&index=0&id=523dfd26&scoped=true&lang=css:1:7)
    at /Users/muhammetturk/Documents/github-projects/burada-v3/node_modules/webpack/lib/javascript/JavascriptModulesPlugin.js:544:10
    at Hook.eval [as call] (eval at create (/Users/muhammetturk/Documents/github-projects/burada-v3/node_modules/tapable/lib/HookCodeFactory.js:19:10), <anonymous>:7:1)
    at /Users/muhammetturk/Documents/github-projects/burada-v3/node_modules/webpack/lib/Compilation.js:5543:39
    at tryRunOrWebpackError (/Users/muhammetturk/Documents/github-projects/burada-v3/node_modules/webpack/lib/HookWebpackError.js:80:7)
    at __webpack_require_module__ (/Users/muhammetturk/Documents/github-projects/burada-v3/node_modules/webpack/lib/Compilation.js:5541:12)
    at __webpack_require__ (/Users/muhammetturk/Documents/github-projects/burada-v3/node_modules/webpack/lib/Compilation.js:5488:18)
    at /Users/muhammetturk/Documents/github-projects/burada-v3/node_modules/webpack/lib/Compilation.js:5576:20
    at symbolIterator (/Users/muhammetturk/Documents/github-projects/burada-v3/node_modules/neo-async/async.js:3485:9)
    at done (/Users/muhammetturk/Documents/github-projects/burada-v3/node_modules/neo-async/async.js:3527:9)
    at Hook.eval [as callAsync] (eval at create (/Users/muhammetturk/Documents/github-projects/burada-v3/node_modules/tapable/lib/HookCodeFactory.js:31:10), <anonymous>:15:1)
    at /Users/muhammetturk/Documents/github-projects/burada-v3/node_modules/webpack/lib/Compilation.js:5463:43
    at symbolIterator (/Users/muhammetturk/Documents/github-projects/burada-v3/node_modules/neo-async/async.js:3482:9)
    at timesSync (/Users/muhammetturk/Documents/github-projects/burada-v3/node_modules/neo-async/async.js:2297:7)
    at Object.eachLimit (/Users/muhammetturk/Documents/github-projects/burada-v3/node_modules/neo-async/async.js:3463:5)
    at /Users/muhammetturk/Documents/github-projects/burada-v3/node_modules/webpack/lib/Compilation.js:5426:16
    at symbolIterator (/Users/muhammetturk/Documents/github-projects/burada-v3/node_modules/neo-async/async.js:3485:9)
    at timesSync (/Users/muhammetturk/Documents/github-projects/burada-v3/node_modules/neo-async/async.js:2297:7)
    at Object.eachLimit (/Users/muhammetturk/Documents/github-projects/burada-v3/node_modules/neo-async/async.js:3463:5)
    at /Users/muhammetturk/Documents/github-projects/burada-v3/node_modules/webpack/lib/Compilation.js:5394:15
    at symbolIterator (/Users/muhammetturk/Documents/github-projects/burada-v3/node_modules/neo-async/async.js:3485:9)
    at done (/Users/muhammetturk/Documents/github-projects/burada-v3/node_modules/neo-async/async.js:3527:9)
    at /Users/muhammetturk/Documents/github-projects/burada-v3/node_modules/webpack/lib/Compilation.js:5340:8
    at /Users/muhammetturk/Documents/github-projects/burada-v3/node_modules/webpack/lib/Compilation.js:3744:6
    at /Users/muhammetturk/Documents/github-projects/burada-v3/node_modules/webpack/lib/HookWebpackError.js:66:2
    at Hook.eval [as callAsync] (eval at create (/Users/muhammetturk/Documents/github-projects/burada-v3/node_modules/tapable/lib/HookCodeFactory.js:31:10), <anonymous>:6:1)
    at Cache.store (/Users/muhammetturk/Documents/github-projects/burada-v3/node_modules/webpack/lib/Cache.js:114:20)
    at ItemCacheFacade.store (/Users/muhammetturk/Documents/github-projects/burada-v3/node_modules/webpack/lib/CacheFacade.js:141:15)
    at /Users/muhammetturk/Documents/github-projects/burada-v3/node_modules/webpack/lib/Compilation.js:3743:11
    at /Users/muhammetturk/Documents/github-projects/burada-v3/node_modules/webpack/lib/Cache.js:100:5
    at Hook.eval [as callAsync] (eval at create (/Users/muhammetturk/Documents/github-projects/burada-v3/node_modules/tapable/lib/HookCodeFactory.js:31:10), <anonymous>:6:1)
    at Cache.get (/Users/muhammetturk/Documents/github-projects/burada-v3/node_modules/webpack/lib/Cache.js:82:18)
    at ItemCacheFacade.get (/Users/muhammetturk/Documents/github-projects/burada-v3/node_modules/webpack/lib/CacheFacade.js:115:15)
    at Compilation._codeGenerationModule (/Users/muhammetturk/Documents/github-projects/burada-v3/node_modules/webpack/lib/Compilation.js:3711:9)
    at codeGen (/Users/muhammetturk/Documents/github-projects/burada-v3/node_modules/webpack/lib/Compilation.js:5328:11)
    at symbolIterator (/Users/muhammetturk/Documents/github-projects/burada-v3/node_modules/neo-async/async.js:3482:9)
    at timesSync (/Users/muhammetturk/Documents/github-projects/burada-v3/node_modules/neo-async/async.js:2297:7)
    at Object.eachLimit (/Users/muhammetturk/Documents/github-projects/burada-v3/node_modules/neo-async/async.js:3463:5)
    at /Users/muhammetturk/Documents/github-projects/burada-v3/node_modules/webpack/lib/Compilation.js:5358:14
    at processQueue (/Users/muhammetturk/Documents/github-projects/burada-v3/node_modules/webpack/lib/util/processAsyncTree.js:61:4)
    at process.processTicksAndRejections (node:internal/process/task_queues:84:11)

Generated code for /Users/muhammetturk/Documents/github-projects/burada-v3/node_modules/css-loader/dist/cjs.js??clonedRuleSet-3.use[1]!/Users/muhammetturk/Documents/github-projects/burada-v3/node_modules/vue-loader/dist/stylePostLoader.js!/Users/muhammetturk/Documents/github-projects/burada-v3/node_modules/postcss-loader/dist/cjs.js??clonedRuleSet-3.use[2]!/Users/muhammetturk/Documents/github-projects/burada-v3/node_modules/vue-loader/dist/index.js??ruleSet[1].rules[12].use[0]!/Users/muhammetturk/Documents/github-projects/burada-v3/src/components/complementarities/HighlightRequest.vue?vue&type=style&index=0&id=523dfd26&scoped=true&lang=css
1 | throw new Error("Module build failed (from ./node_modules/postcss-loader/dist/cjs.js):\nValidationError: Invalid options object. PostCSS Loader has been initialized using an options object that does not match the API schema.\n - options has an unknown property 'plugins'. These properties are valid:\n   object { postcssOptions?, execute?, sourceMap?, implementation? }\n    at validate (/Users/muhammetturk/Documents/github-projects/burada-v3/node_modules/schema-utils/dist/validate.js:213:11)\n    at Object.getOptions (/Users/muhammetturk/Documents/github-projects/burada-v3/node_modules/webpack/lib/NormalModule.js:721:19)\n    at Object.loader (/Users/muhammetturk/Documents/github-projects/burada-v3/node_modules/postcss-loader/dist/index.js:28:24)");
 @ ./src/components/complementarities/HighlightRequest.vue?vue&type=style&index=0&id=523dfd26&scoped=true&lang=css 1:0-432 1:0-432
 @ ./src/components/complementarities/HighlightRequest.vue 5:0-87
 @ ./src/router/index.js 29:0-84 160:13-29
 @ ./src/main.js

ERROR in ./src/components/complementarities/NewsTicker.vue?vue&type=style&index=0&id=c5039c46&scoped=true&lang=css (./node_modules/mini-css-extract-plugin/dist/loader.js!./node_modules/css-loader/dist/cjs.js??clonedRuleSet-3.use[1]!./node_modules/vue-loader/dist/stylePostLoader.js!./node_modules/postcss-loader/dist/cjs.js??clonedRuleSet-3.use[2]!./node_modules/vue-loader/dist/index.js??ruleSet[1].rules[12].use[0]!./src/components/complementarities/NewsTicker.vue?vue&type=style&index=0&id=c5039c46&scoped=true&lang=css)
Module build failed (from ./node_modules/mini-css-extract-plugin/dist/loader.js):
HookWebpackError: Module build failed (from ./node_modules/postcss-loader/dist/cjs.js):
ValidationError: Invalid options object. PostCSS Loader has been initialized using an options object that does not match the API schema.
 - options has an unknown property 'plugins'. These properties are valid:
   object { postcssOptions?, execute?, sourceMap?, implementation? }
    at validate (/Users/muhammetturk/Documents/github-projects/burada-v3/node_modules/schema-utils/dist/validate.js:213:11)
    at Object.getOptions (/Users/muhammetturk/Documents/github-projects/burada-v3/node_modules/webpack/lib/NormalModule.js:721:19)
    at Object.loader (/Users/muhammetturk/Documents/github-projects/burada-v3/node_modules/postcss-loader/dist/index.js:28:24)
    at tryRunOrWebpackError (/Users/muhammetturk/Documents/github-projects/burada-v3/node_modules/webpack/lib/HookWebpackError.js:85:9)
    at __webpack_require_module__ (/Users/muhammetturk/Documents/github-projects/burada-v3/node_modules/webpack/lib/Compilation.js:5541:12)
    at __webpack_require__ (/Users/muhammetturk/Documents/github-projects/burada-v3/node_modules/webpack/lib/Compilation.js:5488:18)
    at /Users/muhammetturk/Documents/github-projects/burada-v3/node_modules/webpack/lib/Compilation.js:5576:20
    at symbolIterator (/Users/muhammetturk/Documents/github-projects/burada-v3/node_modules/neo-async/async.js:3485:9)
    at done (/Users/muhammetturk/Documents/github-projects/burada-v3/node_modules/neo-async/async.js:3527:9)
    at Hook.eval [as callAsync] (eval at create (/Users/muhammetturk/Documents/github-projects/burada-v3/node_modules/tapable/lib/HookCodeFactory.js:31:10), <anonymous>:15:1)
    at /Users/muhammetturk/Documents/github-projects/burada-v3/node_modules/webpack/lib/Compilation.js:5463:43
    at symbolIterator (/Users/muhammetturk/Documents/github-projects/burada-v3/node_modules/neo-async/async.js:3482:9)
    at timesSync (/Users/muhammetturk/Documents/github-projects/burada-v3/node_modules/neo-async/async.js:2297:7)
    at Object.eachLimit (/Users/muhammetturk/Documents/github-projects/burada-v3/node_modules/neo-async/async.js:3463:5)
    at /Users/muhammetturk/Documents/github-projects/burada-v3/node_modules/webpack/lib/Compilation.js:5426:16
    at symbolIterator (/Users/muhammetturk/Documents/github-projects/burada-v3/node_modules/neo-async/async.js:3485:9)
    at timesSync (/Users/muhammetturk/Documents/github-projects/burada-v3/node_modules/neo-async/async.js:2297:7)
    at Object.eachLimit (/Users/muhammetturk/Documents/github-projects/burada-v3/node_modules/neo-async/async.js:3463:5)
    at /Users/muhammetturk/Documents/github-projects/burada-v3/node_modules/webpack/lib/Compilation.js:5394:15
    at symbolIterator (/Users/muhammetturk/Documents/github-projects/burada-v3/node_modules/neo-async/async.js:3485:9)
    at done (/Users/muhammetturk/Documents/github-projects/burada-v3/node_modules/neo-async/async.js:3527:9)
    at /Users/muhammetturk/Documents/github-projects/burada-v3/node_modules/webpack/lib/Compilation.js:5340:8
    at /Users/muhammetturk/Documents/github-projects/burada-v3/node_modules/webpack/lib/Compilation.js:3744:6
    at /Users/muhammetturk/Documents/github-projects/burada-v3/node_modules/webpack/lib/HookWebpackError.js:66:2
    at Hook.eval [as callAsync] (eval at create (/Users/muhammetturk/Documents/github-projects/burada-v3/node_modules/tapable/lib/HookCodeFactory.js:31:10), <anonymous>:6:1)
    at Cache.store (/Users/muhammetturk/Documents/github-projects/burada-v3/node_modules/webpack/lib/Cache.js:114:20)
    at ItemCacheFacade.store (/Users/muhammetturk/Documents/github-projects/burada-v3/node_modules/webpack/lib/CacheFacade.js:141:15)
    at /Users/muhammetturk/Documents/github-projects/burada-v3/node_modules/webpack/lib/Compilation.js:3743:11
    at /Users/muhammetturk/Documents/github-projects/burada-v3/node_modules/webpack/lib/Cache.js:100:5
    at Hook.eval [as callAsync] (eval at create (/Users/muhammetturk/Documents/github-projects/burada-v3/node_modules/tapable/lib/HookCodeFactory.js:31:10), <anonymous>:6:1)
    at Cache.get (/Users/muhammetturk/Documents/github-projects/burada-v3/node_modules/webpack/lib/Cache.js:82:18)
    at ItemCacheFacade.get (/Users/muhammetturk/Documents/github-projects/burada-v3/node_modules/webpack/lib/CacheFacade.js:115:15)
    at Compilation._codeGenerationModule (/Users/muhammetturk/Documents/github-projects/burada-v3/node_modules/webpack/lib/Compilation.js:3711:9)
    at codeGen (/Users/muhammetturk/Documents/github-projects/burada-v3/node_modules/webpack/lib/Compilation.js:5328:11)
    at symbolIterator (/Users/muhammetturk/Documents/github-projects/burada-v3/node_modules/neo-async/async.js:3482:9)
    at timesSync (/Users/muhammetturk/Documents/github-projects/burada-v3/node_modules/neo-async/async.js:2297:7)
    at Object.eachLimit (/Users/muhammetturk/Documents/github-projects/burada-v3/node_modules/neo-async/async.js:3463:5)
    at /Users/muhammetturk/Documents/github-projects/burada-v3/node_modules/webpack/lib/Compilation.js:5358:14
    at processQueue (/Users/muhammetturk/Documents/github-projects/burada-v3/node_modules/webpack/lib/util/processAsyncTree.js:61:4)
    at process.processTicksAndRejections (node:internal/process/task_queues:84:11)
-- inner error --
Error: Module build failed (from ./node_modules/postcss-loader/dist/cjs.js):
ValidationError: Invalid options object. PostCSS Loader has been initialized using an options object that does not match the API schema.
 - options has an unknown property 'plugins'. These properties are valid:
   object { postcssOptions?, execute?, sourceMap?, implementation? }
    at validate (/Users/muhammetturk/Documents/github-projects/burada-v3/node_modules/schema-utils/dist/validate.js:213:11)
    at Object.getOptions (/Users/muhammetturk/Documents/github-projects/burada-v3/node_modules/webpack/lib/NormalModule.js:721:19)
    at Object.loader (/Users/muhammetturk/Documents/github-projects/burada-v3/node_modules/postcss-loader/dist/index.js:28:24)
    at Object.<anonymous> (/Users/muhammetturk/Documents/github-projects/burada-v3/node_modules/css-loader/dist/cjs.js??clonedRuleSet-3.use[1]!/Users/muhammetturk/Documents/github-projects/burada-v3/node_modules/vue-loader/dist/stylePostLoader.js!/Users/muhammetturk/Documents/github-projects/burada-v3/node_modules/postcss-loader/dist/cjs.js??clonedRuleSet-3.use[2]!/Users/muhammetturk/Documents/github-projects/burada-v3/node_modules/vue-loader/dist/index.js??ruleSet[1].rules[12].use[0]!/Users/muhammetturk/Documents/github-projects/burada-v3/src/components/complementarities/NewsTicker.vue?vue&type=style&index=0&id=c5039c46&scoped=true&lang=css:1:7)
    at /Users/muhammetturk/Documents/github-projects/burada-v3/node_modules/webpack/lib/javascript/JavascriptModulesPlugin.js:544:10
    at Hook.eval [as call] (eval at create (/Users/muhammetturk/Documents/github-projects/burada-v3/node_modules/tapable/lib/HookCodeFactory.js:19:10), <anonymous>:7:1)
    at /Users/muhammetturk/Documents/github-projects/burada-v3/node_modules/webpack/lib/Compilation.js:5543:39
    at tryRunOrWebpackError (/Users/muhammetturk/Documents/github-projects/burada-v3/node_modules/webpack/lib/HookWebpackError.js:80:7)
    at __webpack_require_module__ (/Users/muhammetturk/Documents/github-projects/burada-v3/node_modules/webpack/lib/Compilation.js:5541:12)
    at __webpack_require__ (/Users/muhammetturk/Documents/github-projects/burada-v3/node_modules/webpack/lib/Compilation.js:5488:18)
    at /Users/muhammetturk/Documents/github-projects/burada-v3/node_modules/webpack/lib/Compilation.js:5576:20
    at symbolIterator (/Users/muhammetturk/Documents/github-projects/burada-v3/node_modules/neo-async/async.js:3485:9)
    at done (/Users/muhammetturk/Documents/github-projects/burada-v3/node_modules/neo-async/async.js:3527:9)
    at Hook.eval [as callAsync] (eval at create (/Users/muhammetturk/Documents/github-projects/burada-v3/node_modules/tapable/lib/HookCodeFactory.js:31:10), <anonymous>:15:1)
    at /Users/muhammetturk/Documents/github-projects/burada-v3/node_modules/webpack/lib/Compilation.js:5463:43
    at symbolIterator (/Users/muhammetturk/Documents/github-projects/burada-v3/node_modules/neo-async/async.js:3482:9)
    at timesSync (/Users/muhammetturk/Documents/github-projects/burada-v3/node_modules/neo-async/async.js:2297:7)
    at Object.eachLimit (/Users/muhammetturk/Documents/github-projects/burada-v3/node_modules/neo-async/async.js:3463:5)
    at /Users/muhammetturk/Documents/github-projects/burada-v3/node_modules/webpack/lib/Compilation.js:5426:16
    at symbolIterator (/Users/muhammetturk/Documents/github-projects/burada-v3/node_modules/neo-async/async.js:3485:9)
    at timesSync (/Users/muhammetturk/Documents/github-projects/burada-v3/node_modules/neo-async/async.js:2297:7)
    at Object.eachLimit (/Users/muhammetturk/Documents/github-projects/burada-v3/node_modules/neo-async/async.js:3463:5)
    at /Users/muhammetturk/Documents/github-projects/burada-v3/node_modules/webpack/lib/Compilation.js:5394:15
    at symbolIterator (/Users/muhammetturk/Documents/github-projects/burada-v3/node_modules/neo-async/async.js:3485:9)
    at done (/Users/muhammetturk/Documents/github-projects/burada-v3/node_modules/neo-async/async.js:3527:9)
    at /Users/muhammetturk/Documents/github-projects/burada-v3/node_modules/webpack/lib/Compilation.js:5340:8
    at /Users/muhammetturk/Documents/github-projects/burada-v3/node_modules/webpack/lib/Compilation.js:3744:6
    at /Users/muhammetturk/Documents/github-projects/burada-v3/node_modules/webpack/lib/HookWebpackError.js:66:2
    at Hook.eval [as callAsync] (eval at create (/Users/muhammetturk/Documents/github-projects/burada-v3/node_modules/tapable/lib/HookCodeFactory.js:31:10), <anonymous>:6:1)
    at Cache.store (/Users/muhammetturk/Documents/github-projects/burada-v3/node_modules/webpack/lib/Cache.js:114:20)
    at ItemCacheFacade.store (/Users/muhammetturk/Documents/github-projects/burada-v3/node_modules/webpack/lib/CacheFacade.js:141:15)
    at /Users/muhammetturk/Documents/github-projects/burada-v3/node_modules/webpack/lib/Compilation.js:3743:11
    at /Users/muhammetturk/Documents/github-projects/burada-v3/node_modules/webpack/lib/Cache.js:100:5
    at Hook.eval [as callAsync] (eval at create (/Users/muhammetturk/Documents/github-projects/burada-v3/node_modules/tapable/lib/HookCodeFactory.js:31:10), <anonymous>:6:1)
    at Cache.get (/Users/muhammetturk/Documents/github-projects/burada-v3/node_modules/webpack/lib/Cache.js:82:18)
    at ItemCacheFacade.get (/Users/muhammetturk/Documents/github-projects/burada-v3/node_modules/webpack/lib/CacheFacade.js:115:15)
    at Compilation._codeGenerationModule (/Users/muhammetturk/Documents/github-projects/burada-v3/node_modules/webpack/lib/Compilation.js:3711:9)
    at codeGen (/Users/muhammetturk/Documents/github-projects/burada-v3/node_modules/webpack/lib/Compilation.js:5328:11)
    at symbolIterator (/Users/muhammetturk/Documents/github-projects/burada-v3/node_modules/neo-async/async.js:3482:9)
    at timesSync (/Users/muhammetturk/Documents/github-projects/burada-v3/node_modules/neo-async/async.js:2297:7)
    at Object.eachLimit (/Users/muhammetturk/Documents/github-projects/burada-v3/node_modules/neo-async/async.js:3463:5)
    at /Users/muhammetturk/Documents/github-projects/burada-v3/node_modules/webpack/lib/Compilation.js:5358:14
    at processQueue (/Users/muhammetturk/Documents/github-projects/burada-v3/node_modules/webpack/lib/util/processAsyncTree.js:61:4)
    at process.processTicksAndRejections (node:internal/process/task_queues:84:11)

Generated code for /Users/muhammetturk/Documents/github-projects/burada-v3/node_modules/css-loader/dist/cjs.js??clonedRuleSet-3.use[1]!/Users/muhammetturk/Documents/github-projects/burada-v3/node_modules/vue-loader/dist/stylePostLoader.js!/Users/muhammetturk/Documents/github-projects/burada-v3/node_modules/postcss-loader/dist/cjs.js??clonedRuleSet-3.use[2]!/Users/muhammetturk/Documents/github-projects/burada-v3/node_modules/vue-loader/dist/index.js??ruleSet[1].rules[12].use[0]!/Users/muhammetturk/Documents/github-projects/burada-v3/src/components/complementarities/NewsTicker.vue?vue&type=style&index=0&id=c5039c46&scoped=true&lang=css
1 | throw new Error("Module build failed (from ./node_modules/postcss-loader/dist/cjs.js):\nValidationError: Invalid options object. PostCSS Loader has been initialized using an options object that does not match the API schema.\n - options has an unknown property 'plugins'. These properties are valid:\n   object { postcssOptions?, execute?, sourceMap?, implementation? }\n    at validate (/Users/muhammetturk/Documents/github-projects/burada-v3/node_modules/schema-utils/dist/validate.js:213:11)\n    at Object.getOptions (/Users/muhammetturk/Documents/github-projects/burada-v3/node_modules/webpack/lib/NormalModule.js:721:19)\n    at Object.loader (/Users/muhammetturk/Documents/github-projects/burada-v3/node_modules/postcss-loader/dist/index.js:28:24)");
 @ ./src/components/complementarities/NewsTicker.vue?vue&type=style&index=0&id=c5039c46&scoped=true&lang=css 1:0-426 1:0-426
 @ ./src/components/complementarities/NewsTicker.vue 5:0-81
 @ ./node_modules/babel-loader/lib/index.js!./src/components/screens/home/home.js?vue&type=script&lang=js&external
 @ ./src/components/screens/home/home.js?vue&type=script&lang=js&external 1:0-122 1:0-122 1:123-234 1:123-234
 @ ./src/components/screens/home/home.vue 2:0-63 8:49-55 3:0-58 3:0-58
 @ ./src/router/index.js 7:0-54 68:13-17
 @ ./src/main.js

ERROR in ./src/components/complementarities/PartnerRail.vue?vue&type=style&index=0&id=0e7bc92d&scoped=true&lang=css (./node_modules/mini-css-extract-plugin/dist/loader.js!./node_modules/css-loader/dist/cjs.js??clonedRuleSet-3.use[1]!./node_modules/vue-loader/dist/stylePostLoader.js!./node_modules/postcss-loader/dist/cjs.js??clonedRuleSet-3.use[2]!./node_modules/vue-loader/dist/index.js??ruleSet[1].rules[12].use[0]!./src/components/complementarities/PartnerRail.vue?vue&type=style&index=0&id=0e7bc92d&scoped=true&lang=css)
Module build failed (from ./node_modules/mini-css-extract-plugin/dist/loader.js):
HookWebpackError: Module build failed (from ./node_modules/postcss-loader/dist/cjs.js):
ValidationError: Invalid options object. PostCSS Loader has been initialized using an options object that does not match the API schema.
 - options has an unknown property 'plugins'. These properties are valid:
   object { postcssOptions?, execute?, sourceMap?, implementation? }
    at validate (/Users/muhammetturk/Documents/github-projects/burada-v3/node_modules/schema-utils/dist/validate.js:213:11)
    at Object.getOptions (/Users/muhammetturk/Documents/github-projects/burada-v3/node_modules/webpack/lib/NormalModule.js:721:19)
    at Object.loader (/Users/muhammetturk/Documents/github-projects/burada-v3/node_modules/postcss-loader/dist/index.js:28:24)
    at tryRunOrWebpackError (/Users/muhammetturk/Documents/github-projects/burada-v3/node_modules/webpack/lib/HookWebpackError.js:85:9)
    at __webpack_require_module__ (/Users/muhammetturk/Documents/github-projects/burada-v3/node_modules/webpack/lib/Compilation.js:5541:12)
    at __webpack_require__ (/Users/muhammetturk/Documents/github-projects/burada-v3/node_modules/webpack/lib/Compilation.js:5488:18)
    at /Users/muhammetturk/Documents/github-projects/burada-v3/node_modules/webpack/lib/Compilation.js:5576:20
    at symbolIterator (/Users/muhammetturk/Documents/github-projects/burada-v3/node_modules/neo-async/async.js:3485:9)
    at done (/Users/muhammetturk/Documents/github-projects/burada-v3/node_modules/neo-async/async.js:3527:9)
    at Hook.eval [as callAsync] (eval at create (/Users/muhammetturk/Documents/github-projects/burada-v3/node_modules/tapable/lib/HookCodeFactory.js:31:10), <anonymous>:15:1)
    at /Users/muhammetturk/Documents/github-projects/burada-v3/node_modules/webpack/lib/Compilation.js:5463:43
    at symbolIterator (/Users/muhammetturk/Documents/github-projects/burada-v3/node_modules/neo-async/async.js:3482:9)
    at timesSync (/Users/muhammetturk/Documents/github-projects/burada-v3/node_modules/neo-async/async.js:2297:7)
    at Object.eachLimit (/Users/muhammetturk/Documents/github-projects/burada-v3/node_modules/neo-async/async.js:3463:5)
    at /Users/muhammetturk/Documents/github-projects/burada-v3/node_modules/webpack/lib/Compilation.js:5426:16
    at symbolIterator (/Users/muhammetturk/Documents/github-projects/burada-v3/node_modules/neo-async/async.js:3485:9)
    at timesSync (/Users/muhammetturk/Documents/github-projects/burada-v3/node_modules/neo-async/async.js:2297:7)
    at Object.eachLimit (/Users/muhammetturk/Documents/github-projects/burada-v3/node_modules/neo-async/async.js:3463:5)
    at /Users/muhammetturk/Documents/github-projects/burada-v3/node_modules/webpack/lib/Compilation.js:5394:15
    at symbolIterator (/Users/muhammetturk/Documents/github-projects/burada-v3/node_modules/neo-async/async.js:3485:9)
    at done (/Users/muhammetturk/Documents/github-projects/burada-v3/node_modules/neo-async/async.js:3527:9)
    at /Users/muhammetturk/Documents/github-projects/burada-v3/node_modules/webpack/lib/Compilation.js:5340:8
    at /Users/muhammetturk/Documents/github-projects/burada-v3/node_modules/webpack/lib/Compilation.js:3744:6
    at /Users/muhammetturk/Documents/github-projects/burada-v3/node_modules/webpack/lib/HookWebpackError.js:66:2
    at Hook.eval [as callAsync] (eval at create (/Users/muhammetturk/Documents/github-projects/burada-v3/node_modules/tapable/lib/HookCodeFactory.js:31:10), <anonymous>:6:1)
    at Cache.store (/Users/muhammetturk/Documents/github-projects/burada-v3/node_modules/webpack/lib/Cache.js:114:20)
    at ItemCacheFacade.store (/Users/muhammetturk/Documents/github-projects/burada-v3/node_modules/webpack/lib/CacheFacade.js:141:15)
    at /Users/muhammetturk/Documents/github-projects/burada-v3/node_modules/webpack/lib/Compilation.js:3743:11
    at /Users/muhammetturk/Documents/github-projects/burada-v3/node_modules/webpack/lib/Cache.js:100:5
    at Hook.eval [as callAsync] (eval at create (/Users/muhammetturk/Documents/github-projects/burada-v3/node_modules/tapable/lib/HookCodeFactory.js:31:10), <anonymous>:6:1)
    at Cache.get (/Users/muhammetturk/Documents/github-projects/burada-v3/node_modules/webpack/lib/Cache.js:82:18)
    at ItemCacheFacade.get (/Users/muhammetturk/Documents/github-projects/burada-v3/node_modules/webpack/lib/CacheFacade.js:115:15)
    at Compilation._codeGenerationModule (/Users/muhammetturk/Documents/github-projects/burada-v3/node_modules/webpack/lib/Compilation.js:3711:9)
    at codeGen (/Users/muhammetturk/Documents/github-projects/burada-v3/node_modules/webpack/lib/Compilation.js:5328:11)
    at symbolIterator (/Users/muhammetturk/Documents/github-projects/burada-v3/node_modules/neo-async/async.js:3482:9)
    at timesSync (/Users/muhammetturk/Documents/github-projects/burada-v3/node_modules/neo-async/async.js:2297:7)
    at Object.eachLimit (/Users/muhammetturk/Documents/github-projects/burada-v3/node_modules/neo-async/async.js:3463:5)
    at /Users/muhammetturk/Documents/github-projects/burada-v3/node_modules/webpack/lib/Compilation.js:5358:14
    at processQueue (/Users/muhammetturk/Documents/github-projects/burada-v3/node_modules/webpack/lib/util/processAsyncTree.js:61:4)
    at process.processTicksAndRejections (node:internal/process/task_queues:84:11)
-- inner error --
Error: Module build failed (from ./node_modules/postcss-loader/dist/cjs.js):
ValidationError: Invalid options object. PostCSS Loader has been initialized using an options object that does not match the API schema.
 - options has an unknown property 'plugins'. These properties are valid:
   object { postcssOptions?, execute?, sourceMap?, implementation? }
    at validate (/Users/muhammetturk/Documents/github-projects/burada-v3/node_modules/schema-utils/dist/validate.js:213:11)
    at Object.getOptions (/Users/muhammetturk/Documents/github-projects/burada-v3/node_modules/webpack/lib/NormalModule.js:721:19)
    at Object.loader (/Users/muhammetturk/Documents/github-projects/burada-v3/node_modules/postcss-loader/dist/index.js:28:24)
    at Object.<anonymous> (/Users/muhammetturk/Documents/github-projects/burada-v3/node_modules/css-loader/dist/cjs.js??clonedRuleSet-3.use[1]!/Users/muhammetturk/Documents/github-projects/burada-v3/node_modules/vue-loader/dist/stylePostLoader.js!/Users/muhammetturk/Documents/github-projects/burada-v3/node_modules/postcss-loader/dist/cjs.js??clonedRuleSet-3.use[2]!/Users/muhammetturk/Documents/github-projects/burada-v3/node_modules/vue-loader/dist/index.js??ruleSet[1].rules[12].use[0]!/Users/muhammetturk/Documents/github-projects/burada-v3/src/components/complementarities/PartnerRail.vue?vue&type=style&index=0&id=0e7bc92d&scoped=true&lang=css:1:7)
    at /Users/muhammetturk/Documents/github-projects/burada-v3/node_modules/webpack/lib/javascript/JavascriptModulesPlugin.js:544:10
    at Hook.eval [as call] (eval at create (/Users/muhammetturk/Documents/github-projects/burada-v3/node_modules/tapable/lib/HookCodeFactory.js:19:10), <anonymous>:7:1)
    at /Users/muhammetturk/Documents/github-projects/burada-v3/node_modules/webpack/lib/Compilation.js:5543:39
    at tryRunOrWebpackError (/Users/muhammetturk/Documents/github-projects/burada-v3/node_modules/webpack/lib/HookWebpackError.js:80:7)
    at __webpack_require_module__ (/Users/muhammetturk/Documents/github-projects/burada-v3/node_modules/webpack/lib/Compilation.js:5541:12)
    at __webpack_require__ (/Users/muhammetturk/Documents/github-projects/burada-v3/node_modules/webpack/lib/Compilation.js:5488:18)
    at /Users/muhammetturk/Documents/github-projects/burada-v3/node_modules/webpack/lib/Compilation.js:5576:20
    at symbolIterator (/Users/muhammetturk/Documents/github-projects/burada-v3/node_modules/neo-async/async.js:3485:9)
    at done (/Users/muhammetturk/Documents/github-projects/burada-v3/node_modules/neo-async/async.js:3527:9)
    at Hook.eval [as callAsync] (eval at create (/Users/muhammetturk/Documents/github-projects/burada-v3/node_modules/tapable/lib/HookCodeFactory.js:31:10), <anonymous>:15:1)
    at /Users/muhammetturk/Documents/github-projects/burada-v3/node_modules/webpack/lib/Compilation.js:5463:43
    at symbolIterator (/Users/muhammetturk/Documents/github-projects/burada-v3/node_modules/neo-async/async.js:3482:9)
    at timesSync (/Users/muhammetturk/Documents/github-projects/burada-v3/node_modules/neo-async/async.js:2297:7)
    at Object.eachLimit (/Users/muhammetturk/Documents/github-projects/burada-v3/node_modules/neo-async/async.js:3463:5)
    at /Users/muhammetturk/Documents/github-projects/burada-v3/node_modules/webpack/lib/Compilation.js:5426:16
    at symbolIterator (/Users/muhammetturk/Documents/github-projects/burada-v3/node_modules/neo-async/async.js:3485:9)
    at timesSync (/Users/muhammetturk/Documents/github-projects/burada-v3/node_modules/neo-async/async.js:2297:7)
    at Object.eachLimit (/Users/muhammetturk/Documents/github-projects/burada-v3/node_modules/neo-async/async.js:3463:5)
    at /Users/muhammetturk/Documents/github-projects/burada-v3/node_modules/webpack/lib/Compilation.js:5394:15
    at symbolIterator (/Users/muhammetturk/Documents/github-projects/burada-v3/node_modules/neo-async/async.js:3485:9)
    at done (/Users/muhammetturk/Documents/github-projects/burada-v3/node_modules/neo-async/async.js:3527:9)
    at /Users/muhammetturk/Documents/github-projects/burada-v3/node_modules/webpack/lib/Compilation.js:5340:8
    at /Users/muhammetturk/Documents/github-projects/burada-v3/node_modules/webpack/lib/Compilation.js:3744:6
    at /Users/muhammetturk/Documents/github-projects/burada-v3/node_modules/webpack/lib/HookWebpackError.js:66:2
    at Hook.eval [as callAsync] (eval at create (/Users/muhammetturk/Documents/github-projects/burada-v3/node_modules/tapable/lib/HookCodeFactory.js:31:10), <anonymous>:6:1)
    at Cache.store (/Users/muhammetturk/Documents/github-projects/burada-v3/node_modules/webpack/lib/Cache.js:114:20)
    at ItemCacheFacade.store (/Users/muhammetturk/Documents/github-projects/burada-v3/node_modules/webpack/lib/CacheFacade.js:141:15)
    at /Users/muhammetturk/Documents/github-projects/burada-v3/node_modules/webpack/lib/Compilation.js:3743:11
    at /Users/muhammetturk/Documents/github-projects/burada-v3/node_modules/webpack/lib/Cache.js:100:5
    at Hook.eval [as callAsync] (eval at create (/Users/muhammetturk/Documents/github-projects/burada-v3/node_modules/tapable/lib/HookCodeFactory.js:31:10), <anonymous>:6:1)
    at Cache.get (/Users/muhammetturk/Documents/github-projects/burada-v3/node_modules/webpack/lib/Cache.js:82:18)
    at ItemCacheFacade.get (/Users/muhammetturk/Documents/github-projects/burada-v3/node_modules/webpack/lib/CacheFacade.js:115:15)
    at Compilation._codeGenerationModule (/Users/muhammetturk/Documents/github-projects/burada-v3/node_modules/webpack/lib/Compilation.js:3711:9)
    at codeGen (/Users/muhammetturk/Documents/github-projects/burada-v3/node_modules/webpack/lib/Compilation.js:5328:11)
    at symbolIterator (/Users/muhammetturk/Documents/github-projects/burada-v3/node_modules/neo-async/async.js:3482:9)
    at timesSync (/Users/muhammetturk/Documents/github-projects/burada-v3/node_modules/neo-async/async.js:2297:7)
    at Object.eachLimit (/Users/muhammetturk/Documents/github-projects/burada-v3/node_modules/neo-async/async.js:3463:5)
    at /Users/muhammetturk/Documents/github-projects/burada-v3/node_modules/webpack/lib/Compilation.js:5358:14
    at processQueue (/Users/muhammetturk/Documents/github-projects/burada-v3/node_modules/webpack/lib/util/processAsyncTree.js:61:4)
    at process.processTicksAndRejections (node:internal/process/task_queues:84:11)

Generated code for /Users/muhammetturk/Documents/github-projects/burada-v3/node_modules/css-loader/dist/cjs.js??clonedRuleSet-3.use[1]!/Users/muhammetturk/Documents/github-projects/burada-v3/node_modules/vue-loader/dist/stylePostLoader.js!/Users/muhammetturk/Documents/github-projects/burada-v3/node_modules/postcss-loader/dist/cjs.js??clonedRuleSet-3.use[2]!/Users/muhammetturk/Documents/github-projects/burada-v3/node_modules/vue-loader/dist/index.js??ruleSet[1].rules[12].use[0]!/Users/muhammetturk/Documents/github-projects/burada-v3/src/components/complementarities/PartnerRail.vue?vue&type=style&index=0&id=0e7bc92d&scoped=true&lang=css
1 | throw new Error("Module build failed (from ./node_modules/postcss-loader/dist/cjs.js):\nValidationError: Invalid options object. PostCSS Loader has been initialized using an options object that does not match the API schema.\n - options has an unknown property 'plugins'. These properties are valid:\n   object { postcssOptions?, execute?, sourceMap?, implementation? }\n    at validate (/Users/muhammetturk/Documents/github-projects/burada-v3/node_modules/schema-utils/dist/validate.js:213:11)\n    at Object.getOptions (/Users/muhammetturk/Documents/github-projects/burada-v3/node_modules/webpack/lib/NormalModule.js:721:19)\n    at Object.loader (/Users/muhammetturk/Documents/github-projects/burada-v3/node_modules/postcss-loader/dist/index.js:28:24)");
 @ ./src/components/complementarities/PartnerRail.vue?vue&type=style&index=0&id=0e7bc92d&scoped=true&lang=css 1:0-427 1:0-427
 @ ./src/components/complementarities/PartnerRail.vue 5:0-82
 @ ./node_modules/babel-loader/lib/index.js!./src/components/screens/home/home.js?vue&type=script&lang=js&external 3:0-73 9:4-15
 @ ./src/components/screens/home/home.js?vue&type=script&lang=js&external 1:0-122 1:0-122 1:123-234 1:123-234
 @ ./src/components/screens/home/home.vue 2:0-63 8:49-55 3:0-58 3:0-58
 @ ./src/router/index.js 7:0-54 68:13-17
 @ ./src/main.js

ERROR in ./src/components/complementarities/PostCard.vue?vue&type=style&index=0&id=9303acae&scoped=true&lang=css (./node_modules/mini-css-extract-plugin/dist/loader.js!./node_modules/css-loader/dist/cjs.js??clonedRuleSet-3.use[1]!./node_modules/vue-loader/dist/stylePostLoader.js!./node_modules/postcss-loader/dist/cjs.js??clonedRuleSet-3.use[2]!./node_modules/vue-loader/dist/index.js??ruleSet[1].rules[12].use[0]!./src/components/complementarities/PostCard.vue?vue&type=style&index=0&id=9303acae&scoped=true&lang=css)
Module build failed (from ./node_modules/mini-css-extract-plugin/dist/loader.js):
HookWebpackError: Module build failed (from ./node_modules/postcss-loader/dist/cjs.js):
ValidationError: Invalid options object. PostCSS Loader has been initialized using an options object that does not match the API schema.
 - options has an unknown property 'plugins'. These properties are valid:
   object { postcssOptions?, execute?, sourceMap?, implementation? }
    at validate (/Users/muhammetturk/Documents/github-projects/burada-v3/node_modules/schema-utils/dist/validate.js:213:11)
    at Object.getOptions (/Users/muhammetturk/Documents/github-projects/burada-v3/node_modules/webpack/lib/NormalModule.js:721:19)
    at Object.loader (/Users/muhammetturk/Documents/github-projects/burada-v3/node_modules/postcss-loader/dist/index.js:28:24)
    at tryRunOrWebpackError (/Users/muhammetturk/Documents/github-projects/burada-v3/node_modules/webpack/lib/HookWebpackError.js:85:9)
    at __webpack_require_module__ (/Users/muhammetturk/Documents/github-projects/burada-v3/node_modules/webpack/lib/Compilation.js:5541:12)
    at __webpack_require__ (/Users/muhammetturk/Documents/github-projects/burada-v3/node_modules/webpack/lib/Compilation.js:5488:18)
    at /Users/muhammetturk/Documents/github-projects/burada-v3/node_modules/webpack/lib/Compilation.js:5576:20
    at symbolIterator (/Users/muhammetturk/Documents/github-projects/burada-v3/node_modules/neo-async/async.js:3485:9)
    at done (/Users/muhammetturk/Documents/github-projects/burada-v3/node_modules/neo-async/async.js:3527:9)
    at Hook.eval [as callAsync] (eval at create (/Users/muhammetturk/Documents/github-projects/burada-v3/node_modules/tapable/lib/HookCodeFactory.js:31:10), <anonymous>:15:1)
    at /Users/muhammetturk/Documents/github-projects/burada-v3/node_modules/webpack/lib/Compilation.js:5463:43
    at symbolIterator (/Users/muhammetturk/Documents/github-projects/burada-v3/node_modules/neo-async/async.js:3482:9)
    at timesSync (/Users/muhammetturk/Documents/github-projects/burada-v3/node_modules/neo-async/async.js:2297:7)
    at Object.eachLimit (/Users/muhammetturk/Documents/github-projects/burada-v3/node_modules/neo-async/async.js:3463:5)
    at /Users/muhammetturk/Documents/github-projects/burada-v3/node_modules/webpack/lib/Compilation.js:5426:16
    at symbolIterator (/Users/muhammetturk/Documents/github-projects/burada-v3/node_modules/neo-async/async.js:3485:9)
    at timesSync (/Users/muhammetturk/Documents/github-projects/burada-v3/node_modules/neo-async/async.js:2297:7)
    at Object.eachLimit (/Users/muhammetturk/Documents/github-projects/burada-v3/node_modules/neo-async/async.js:3463:5)
    at /Users/muhammetturk/Documents/github-projects/burada-v3/node_modules/webpack/lib/Compilation.js:5394:15
    at symbolIterator (/Users/muhammetturk/Documents/github-projects/burada-v3/node_modules/neo-async/async.js:3485:9)
    at done (/Users/muhammetturk/Documents/github-projects/burada-v3/node_modules/neo-async/async.js:3527:9)
    at /Users/muhammetturk/Documents/github-projects/burada-v3/node_modules/webpack/lib/Compilation.js:5340:8
    at /Users/muhammetturk/Documents/github-projects/burada-v3/node_modules/webpack/lib/Compilation.js:3744:6
    at /Users/muhammetturk/Documents/github-projects/burada-v3/node_modules/webpack/lib/HookWebpackError.js:66:2
    at Hook.eval [as callAsync] (eval at create (/Users/muhammetturk/Documents/github-projects/burada-v3/node_modules/tapable/lib/HookCodeFactory.js:31:10), <anonymous>:6:1)
    at Cache.store (/Users/muhammetturk/Documents/github-projects/burada-v3/node_modules/webpack/lib/Cache.js:114:20)
    at ItemCacheFacade.store (/Users/muhammetturk/Documents/github-projects/burada-v3/node_modules/webpack/lib/CacheFacade.js:141:15)
    at /Users/muhammetturk/Documents/github-projects/burada-v3/node_modules/webpack/lib/Compilation.js:3743:11
    at /Users/muhammetturk/Documents/github-projects/burada-v3/node_modules/webpack/lib/Cache.js:100:5
    at Hook.eval [as callAsync] (eval at create (/Users/muhammetturk/Documents/github-projects/burada-v3/node_modules/tapable/lib/HookCodeFactory.js:31:10), <anonymous>:6:1)
    at Cache.get (/Users/muhammetturk/Documents/github-projects/burada-v3/node_modules/webpack/lib/Cache.js:82:18)
    at ItemCacheFacade.get (/Users/muhammetturk/Documents/github-projects/burada-v3/node_modules/webpack/lib/CacheFacade.js:115:15)
    at Compilation._codeGenerationModule (/Users/muhammetturk/Documents/github-projects/burada-v3/node_modules/webpack/lib/Compilation.js:3711:9)
    at codeGen (/Users/muhammetturk/Documents/github-projects/burada-v3/node_modules/webpack/lib/Compilation.js:5328:11)
    at symbolIterator (/Users/muhammetturk/Documents/github-projects/burada-v3/node_modules/neo-async/async.js:3482:9)
    at timesSync (/Users/muhammetturk/Documents/github-projects/burada-v3/node_modules/neo-async/async.js:2297:7)
    at Object.eachLimit (/Users/muhammetturk/Documents/github-projects/burada-v3/node_modules/neo-async/async.js:3463:5)
    at /Users/muhammetturk/Documents/github-projects/burada-v3/node_modules/webpack/lib/Compilation.js:5358:14
    at processQueue (/Users/muhammetturk/Documents/github-projects/burada-v3/node_modules/webpack/lib/util/processAsyncTree.js:61:4)
    at process.processTicksAndRejections (node:internal/process/task_queues:84:11)
-- inner error --
Error: Module build failed (from ./node_modules/postcss-loader/dist/cjs.js):
ValidationError: Invalid options object. PostCSS Loader has been initialized using an options object that does not match the API schema.
 - options has an unknown property 'plugins'. These properties are valid:
   object { postcssOptions?, execute?, sourceMap?, implementation? }
    at validate (/Users/muhammetturk/Documents/github-projects/burada-v3/node_modules/schema-utils/dist/validate.js:213:11)
    at Object.getOptions (/Users/muhammetturk/Documents/github-projects/burada-v3/node_modules/webpack/lib/NormalModule.js:721:19)
    at Object.loader (/Users/muhammetturk/Documents/github-projects/burada-v3/node_modules/postcss-loader/dist/index.js:28:24)
    at Object.<anonymous> (/Users/muhammetturk/Documents/github-projects/burada-v3/node_modules/css-loader/dist/cjs.js??clonedRuleSet-3.use[1]!/Users/muhammetturk/Documents/github-projects/burada-v3/node_modules/vue-loader/dist/stylePostLoader.js!/Users/muhammetturk/Documents/github-projects/burada-v3/node_modules/postcss-loader/dist/cjs.js??clonedRuleSet-3.use[2]!/Users/muhammetturk/Documents/github-projects/burada-v3/node_modules/vue-loader/dist/index.js??ruleSet[1].rules[12].use[0]!/Users/muhammetturk/Documents/github-projects/burada-v3/src/components/complementarities/PostCard.vue?vue&type=style&index=0&id=9303acae&scoped=true&lang=css:1:7)
    at /Users/muhammetturk/Documents/github-projects/burada-v3/node_modules/webpack/lib/javascript/JavascriptModulesPlugin.js:544:10
    at Hook.eval [as call] (eval at create (/Users/muhammetturk/Documents/github-projects/burada-v3/node_modules/tapable/lib/HookCodeFactory.js:19:10), <anonymous>:7:1)
    at /Users/muhammetturk/Documents/github-projects/burada-v3/node_modules/webpack/lib/Compilation.js:5543:39
    at tryRunOrWebpackError (/Users/muhammetturk/Documents/github-projects/burada-v3/node_modules/webpack/lib/HookWebpackError.js:80:7)
    at __webpack_require_module__ (/Users/muhammetturk/Documents/github-projects/burada-v3/node_modules/webpack/lib/Compilation.js:5541:12)
    at __webpack_require__ (/Users/muhammetturk/Documents/github-projects/burada-v3/node_modules/webpack/lib/Compilation.js:5488:18)
    at /Users/muhammetturk/Documents/github-projects/burada-v3/node_modules/webpack/lib/Compilation.js:5576:20
    at symbolIterator (/Users/muhammetturk/Documents/github-projects/burada-v3/node_modules/neo-async/async.js:3485:9)
    at done (/Users/muhammetturk/Documents/github-projects/burada-v3/node_modules/neo-async/async.js:3527:9)
    at Hook.eval [as callAsync] (eval at create (/Users/muhammetturk/Documents/github-projects/burada-v3/node_modules/tapable/lib/HookCodeFactory.js:31:10), <anonymous>:15:1)
    at /Users/muhammetturk/Documents/github-projects/burada-v3/node_modules/webpack/lib/Compilation.js:5463:43
    at symbolIterator (/Users/muhammetturk/Documents/github-projects/burada-v3/node_modules/neo-async/async.js:3482:9)
    at timesSync (/Users/muhammetturk/Documents/github-projects/burada-v3/node_modules/neo-async/async.js:2297:7)
    at Object.eachLimit (/Users/muhammetturk/Documents/github-projects/burada-v3/node_modules/neo-async/async.js:3463:5)
    at /Users/muhammetturk/Documents/github-projects/burada-v3/node_modules/webpack/lib/Compilation.js:5426:16
    at symbolIterator (/Users/muhammetturk/Documents/github-projects/burada-v3/node_modules/neo-async/async.js:3485:9)
    at timesSync (/Users/muhammetturk/Documents/github-projects/burada-v3/node_modules/neo-async/async.js:2297:7)
    at Object.eachLimit (/Users/muhammetturk/Documents/github-projects/burada-v3/node_modules/neo-async/async.js:3463:5)
    at /Users/muhammetturk/Documents/github-projects/burada-v3/node_modules/webpack/lib/Compilation.js:5394:15
    at symbolIterator (/Users/muhammetturk/Documents/github-projects/burada-v3/node_modules/neo-async/async.js:3485:9)
    at done (/Users/muhammetturk/Documents/github-projects/burada-v3/node_modules/neo-async/async.js:3527:9)
    at /Users/muhammetturk/Documents/github-projects/burada-v3/node_modules/webpack/lib/Compilation.js:5340:8
    at /Users/muhammetturk/Documents/github-projects/burada-v3/node_modules/webpack/lib/Compilation.js:3744:6
    at /Users/muhammetturk/Documents/github-projects/burada-v3/node_modules/webpack/lib/HookWebpackError.js:66:2
    at Hook.eval [as callAsync] (eval at create (/Users/muhammetturk/Documents/github-projects/burada-v3/node_modules/tapable/lib/HookCodeFactory.js:31:10), <anonymous>:6:1)
    at Cache.store (/Users/muhammetturk/Documents/github-projects/burada-v3/node_modules/webpack/lib/Cache.js:114:20)
    at ItemCacheFacade.store (/Users/muhammetturk/Documents/github-projects/burada-v3/node_modules/webpack/lib/CacheFacade.js:141:15)
    at /Users/muhammetturk/Documents/github-projects/burada-v3/node_modules/webpack/lib/Compilation.js:3743:11
    at /Users/muhammetturk/Documents/github-projects/burada-v3/node_modules/webpack/lib/Cache.js:100:5
    at Hook.eval [as callAsync] (eval at create (/Users/muhammetturk/Documents/github-projects/burada-v3/node_modules/tapable/lib/HookCodeFactory.js:31:10), <anonymous>:6:1)
    at Cache.get (/Users/muhammetturk/Documents/github-projects/burada-v3/node_modules/webpack/lib/Cache.js:82:18)
    at ItemCacheFacade.get (/Users/muhammetturk/Documents/github-projects/burada-v3/node_modules/webpack/lib/CacheFacade.js:115:15)
    at Compilation._codeGenerationModule (/Users/muhammetturk/Documents/github-projects/burada-v3/node_modules/webpack/lib/Compilation.js:3711:9)
    at codeGen (/Users/muhammetturk/Documents/github-projects/burada-v3/node_modules/webpack/lib/Compilation.js:5328:11)
    at symbolIterator (/Users/muhammetturk/Documents/github-projects/burada-v3/node_modules/neo-async/async.js:3482:9)
    at timesSync (/Users/muhammetturk/Documents/github-projects/burada-v3/node_modules/neo-async/async.js:2297:7)
    at Object.eachLimit (/Users/muhammetturk/Documents/github-projects/burada-v3/node_modules/neo-async/async.js:3463:5)
    at /Users/muhammetturk/Documents/github-projects/burada-v3/node_modules/webpack/lib/Compilation.js:5358:14
    at processQueue (/Users/muhammetturk/Documents/github-projects/burada-v3/node_modules/webpack/lib/util/processAsyncTree.js:61:4)
    at process.processTicksAndRejections (node:internal/process/task_queues:84:11)

Generated code for /Users/muhammetturk/Documents/github-projects/burada-v3/node_modules/css-loader/dist/cjs.js??clonedRuleSet-3.use[1]!/Users/muhammetturk/Documents/github-projects/burada-v3/node_modules/vue-loader/dist/stylePostLoader.js!/Users/muhammetturk/Documents/github-projects/burada-v3/node_modules/postcss-loader/dist/cjs.js??clonedRuleSet-3.use[2]!/Users/muhammetturk/Documents/github-projects/burada-v3/node_modules/vue-loader/dist/index.js??ruleSet[1].rules[12].use[0]!/Users/muhammetturk/Documents/github-projects/burada-v3/src/components/complementarities/PostCard.vue?vue&type=style&index=0&id=9303acae&scoped=true&lang=css
1 | throw new Error("Module build failed (from ./node_modules/postcss-loader/dist/cjs.js):\nValidationError: Invalid options object. PostCSS Loader has been initialized using an options object that does not match the API schema.\n - options has an unknown property 'plugins'. These properties are valid:\n   object { postcssOptions?, execute?, sourceMap?, implementation? }\n    at validate (/Users/muhammetturk/Documents/github-projects/burada-v3/node_modules/schema-utils/dist/validate.js:213:11)\n    at Object.getOptions (/Users/muhammetturk/Documents/github-projects/burada-v3/node_modules/webpack/lib/NormalModule.js:721:19)\n    at Object.loader (/Users/muhammetturk/Documents/github-projects/burada-v3/node_modules/postcss-loader/dist/index.js:28:24)");
 @ ./src/components/complementarities/PostCard.vue?vue&type=style&index=0&id=9303acae&scoped=true&lang=css 1:0-424 1:0-424
 @ ./src/components/complementarities/PostCard.vue 5:0-79
 @ ./node_modules/babel-loader/lib/index.js!./node_modules/vue-loader/dist/index.js??ruleSet[1].rules[12].use[0]!./src/components/complementarities/PostContainer.vue?vue&type=script&lang=js 1:0-67 5:4-12
 @ ./src/components/complementarities/PostContainer.vue?vue&type=script&lang=js 1:0-196 1:0-196 1:197-382 1:197-382
 @ ./src/components/complementarities/PostContainer.vue 2:0-64 8:49-55 3:0-59 3:0-59
 @ ./src/router/index.js 28:0-77 242:13-26
 @ ./src/main.js

ERROR in ./src/components/complementarities/PostContainer.vue?vue&type=style&index=0&id=c2836c54&scoped=true&lang=css (./node_modules/mini-css-extract-plugin/dist/loader.js!./node_modules/css-loader/dist/cjs.js??clonedRuleSet-3.use[1]!./node_modules/vue-loader/dist/stylePostLoader.js!./node_modules/postcss-loader/dist/cjs.js??clonedRuleSet-3.use[2]!./node_modules/vue-loader/dist/index.js??ruleSet[1].rules[12].use[0]!./src/components/complementarities/PostContainer.vue?vue&type=style&index=0&id=c2836c54&scoped=true&lang=css)
Module build failed (from ./node_modules/mini-css-extract-plugin/dist/loader.js):
HookWebpackError: Module build failed (from ./node_modules/postcss-loader/dist/cjs.js):
ValidationError: Invalid options object. PostCSS Loader has been initialized using an options object that does not match the API schema.
 - options has an unknown property 'plugins'. These properties are valid:
   object { postcssOptions?, execute?, sourceMap?, implementation? }
    at validate (/Users/muhammetturk/Documents/github-projects/burada-v3/node_modules/schema-utils/dist/validate.js:213:11)
    at Object.getOptions (/Users/muhammetturk/Documents/github-projects/burada-v3/node_modules/webpack/lib/NormalModule.js:721:19)
    at Object.loader (/Users/muhammetturk/Documents/github-projects/burada-v3/node_modules/postcss-loader/dist/index.js:28:24)
    at tryRunOrWebpackError (/Users/muhammetturk/Documents/github-projects/burada-v3/node_modules/webpack/lib/HookWebpackError.js:85:9)
    at __webpack_require_module__ (/Users/muhammetturk/Documents/github-projects/burada-v3/node_modules/webpack/lib/Compilation.js:5541:12)
    at __webpack_require__ (/Users/muhammetturk/Documents/github-projects/burada-v3/node_modules/webpack/lib/Compilation.js:5488:18)
    at /Users/muhammetturk/Documents/github-projects/burada-v3/node_modules/webpack/lib/Compilation.js:5576:20
    at symbolIterator (/Users/muhammetturk/Documents/github-projects/burada-v3/node_modules/neo-async/async.js:3485:9)
    at done (/Users/muhammetturk/Documents/github-projects/burada-v3/node_modules/neo-async/async.js:3527:9)
    at Hook.eval [as callAsync] (eval at create (/Users/muhammetturk/Documents/github-projects/burada-v3/node_modules/tapable/lib/HookCodeFactory.js:31:10), <anonymous>:15:1)
    at /Users/muhammetturk/Documents/github-projects/burada-v3/node_modules/webpack/lib/Compilation.js:5463:43
    at symbolIterator (/Users/muhammetturk/Documents/github-projects/burada-v3/node_modules/neo-async/async.js:3482:9)
    at timesSync (/Users/muhammetturk/Documents/github-projects/burada-v3/node_modules/neo-async/async.js:2297:7)
    at Object.eachLimit (/Users/muhammetturk/Documents/github-projects/burada-v3/node_modules/neo-async/async.js:3463:5)
    at /Users/muhammetturk/Documents/github-projects/burada-v3/node_modules/webpack/lib/Compilation.js:5426:16
    at symbolIterator (/Users/muhammetturk/Documents/github-projects/burada-v3/node_modules/neo-async/async.js:3485:9)
    at timesSync (/Users/muhammetturk/Documents/github-projects/burada-v3/node_modules/neo-async/async.js:2297:7)
    at Object.eachLimit (/Users/muhammetturk/Documents/github-projects/burada-v3/node_modules/neo-async/async.js:3463:5)
    at /Users/muhammetturk/Documents/github-projects/burada-v3/node_modules/webpack/lib/Compilation.js:5394:15
    at symbolIterator (/Users/muhammetturk/Documents/github-projects/burada-v3/node_modules/neo-async/async.js:3485:9)
    at done (/Users/muhammetturk/Documents/github-projects/burada-v3/node_modules/neo-async/async.js:3527:9)
    at /Users/muhammetturk/Documents/github-projects/burada-v3/node_modules/webpack/lib/Compilation.js:5340:8
    at /Users/muhammetturk/Documents/github-projects/burada-v3/node_modules/webpack/lib/Compilation.js:3744:6
    at /Users/muhammetturk/Documents/github-projects/burada-v3/node_modules/webpack/lib/HookWebpackError.js:66:2
    at Hook.eval [as callAsync] (eval at create (/Users/muhammetturk/Documents/github-projects/burada-v3/node_modules/tapable/lib/HookCodeFactory.js:31:10), <anonymous>:6:1)
    at Cache.store (/Users/muhammetturk/Documents/github-projects/burada-v3/node_modules/webpack/lib/Cache.js:114:20)
    at ItemCacheFacade.store (/Users/muhammetturk/Documents/github-projects/burada-v3/node_modules/webpack/lib/CacheFacade.js:141:15)
    at /Users/muhammetturk/Documents/github-projects/burada-v3/node_modules/webpack/lib/Compilation.js:3743:11
    at /Users/muhammetturk/Documents/github-projects/burada-v3/node_modules/webpack/lib/Cache.js:100:5
    at Hook.eval [as callAsync] (eval at create (/Users/muhammetturk/Documents/github-projects/burada-v3/node_modules/tapable/lib/HookCodeFactory.js:31:10), <anonymous>:6:1)
    at Cache.get (/Users/muhammetturk/Documents/github-projects/burada-v3/node_modules/webpack/lib/Cache.js:82:18)
    at ItemCacheFacade.get (/Users/muhammetturk/Documents/github-projects/burada-v3/node_modules/webpack/lib/CacheFacade.js:115:15)
    at Compilation._codeGenerationModule (/Users/muhammetturk/Documents/github-projects/burada-v3/node_modules/webpack/lib/Compilation.js:3711:9)
    at codeGen (/Users/muhammetturk/Documents/github-projects/burada-v3/node_modules/webpack/lib/Compilation.js:5328:11)
    at symbolIterator (/Users/muhammetturk/Documents/github-projects/burada-v3/node_modules/neo-async/async.js:3482:9)
    at timesSync (/Users/muhammetturk/Documents/github-projects/burada-v3/node_modules/neo-async/async.js:2297:7)
    at Object.eachLimit (/Users/muhammetturk/Documents/github-projects/burada-v3/node_modules/neo-async/async.js:3463:5)
    at /Users/muhammetturk/Documents/github-projects/burada-v3/node_modules/webpack/lib/Compilation.js:5358:14
    at processQueue (/Users/muhammetturk/Documents/github-projects/burada-v3/node_modules/webpack/lib/util/processAsyncTree.js:61:4)
    at process.processTicksAndRejections (node:internal/process/task_queues:84:11)
-- inner error --
Error: Module build failed (from ./node_modules/postcss-loader/dist/cjs.js):
ValidationError: Invalid options object. PostCSS Loader has been initialized using an options object that does not match the API schema.
 - options has an unknown property 'plugins'. These properties are valid:
   object { postcssOptions?, execute?, sourceMap?, implementation? }
    at validate (/Users/muhammetturk/Documents/github-projects/burada-v3/node_modules/schema-utils/dist/validate.js:213:11)
    at Object.getOptions (/Users/muhammetturk/Documents/github-projects/burada-v3/node_modules/webpack/lib/NormalModule.js:721:19)
    at Object.loader (/Users/muhammetturk/Documents/github-projects/burada-v3/node_modules/postcss-loader/dist/index.js:28:24)
    at Object.<anonymous> (/Users/muhammetturk/Documents/github-projects/burada-v3/node_modules/css-loader/dist/cjs.js??clonedRuleSet-3.use[1]!/Users/muhammetturk/Documents/github-projects/burada-v3/node_modules/vue-loader/dist/stylePostLoader.js!/Users/muhammetturk/Documents/github-projects/burada-v3/node_modules/postcss-loader/dist/cjs.js??clonedRuleSet-3.use[2]!/Users/muhammetturk/Documents/github-projects/burada-v3/node_modules/vue-loader/dist/index.js??ruleSet[1].rules[12].use[0]!/Users/muhammetturk/Documents/github-projects/burada-v3/src/components/complementarities/PostContainer.vue?vue&type=style&index=0&id=c2836c54&scoped=true&lang=css:1:7)
    at /Users/muhammetturk/Documents/github-projects/burada-v3/node_modules/webpack/lib/javascript/JavascriptModulesPlugin.js:544:10
    at Hook.eval [as call] (eval at create (/Users/muhammetturk/Documents/github-projects/burada-v3/node_modules/tapable/lib/HookCodeFactory.js:19:10), <anonymous>:7:1)
    at /Users/muhammetturk/Documents/github-projects/burada-v3/node_modules/webpack/lib/Compilation.js:5543:39
    at tryRunOrWebpackError (/Users/muhammetturk/Documents/github-projects/burada-v3/node_modules/webpack/lib/HookWebpackError.js:80:7)
    at __webpack_require_module__ (/Users/muhammetturk/Documents/github-projects/burada-v3/node_modules/webpack/lib/Compilation.js:5541:12)
    at __webpack_require__ (/Users/muhammetturk/Documents/github-projects/burada-v3/node_modules/webpack/lib/Compilation.js:5488:18)
    at /Users/muhammetturk/Documents/github-projects/burada-v3/node_modules/webpack/lib/Compilation.js:5576:20
    at symbolIterator (/Users/muhammetturk/Documents/github-projects/burada-v3/node_modules/neo-async/async.js:3485:9)
    at done (/Users/muhammetturk/Documents/github-projects/burada-v3/node_modules/neo-async/async.js:3527:9)
    at Hook.eval [as callAsync] (eval at create (/Users/muhammetturk/Documents/github-projects/burada-v3/node_modules/tapable/lib/HookCodeFactory.js:31:10), <anonymous>:15:1)
    at /Users/muhammetturk/Documents/github-projects/burada-v3/node_modules/webpack/lib/Compilation.js:5463:43
    at symbolIterator (/Users/muhammetturk/Documents/github-projects/burada-v3/node_modules/neo-async/async.js:3482:9)
    at timesSync (/Users/muhammetturk/Documents/github-projects/burada-v3/node_modules/neo-async/async.js:2297:7)
    at Object.eachLimit (/Users/muhammetturk/Documents/github-projects/burada-v3/node_modules/neo-async/async.js:3463:5)
    at /Users/muhammetturk/Documents/github-projects/burada-v3/node_modules/webpack/lib/Compilation.js:5426:16
    at symbolIterator (/Users/muhammetturk/Documents/github-projects/burada-v3/node_modules/neo-async/async.js:3485:9)
    at timesSync (/Users/muhammetturk/Documents/github-projects/burada-v3/node_modules/neo-async/async.js:2297:7)
    at Object.eachLimit (/Users/muhammetturk/Documents/github-projects/burada-v3/node_modules/neo-async/async.js:3463:5)
    at /Users/muhammetturk/Documents/github-projects/burada-v3/node_modules/webpack/lib/Compilation.js:5394:15
    at symbolIterator (/Users/muhammetturk/Documents/github-projects/burada-v3/node_modules/neo-async/async.js:3485:9)
    at done (/Users/muhammetturk/Documents/github-projects/burada-v3/node_modules/neo-async/async.js:3527:9)
    at /Users/muhammetturk/Documents/github-projects/burada-v3/node_modules/webpack/lib/Compilation.js:5340:8
    at /Users/muhammetturk/Documents/github-projects/burada-v3/node_modules/webpack/lib/Compilation.js:3744:6
    at /Users/muhammetturk/Documents/github-projects/burada-v3/node_modules/webpack/lib/HookWebpackError.js:66:2
    at Hook.eval [as callAsync] (eval at create (/Users/muhammetturk/Documents/github-projects/burada-v3/node_modules/tapable/lib/HookCodeFactory.js:31:10), <anonymous>:6:1)
    at Cache.store (/Users/muhammetturk/Documents/github-projects/burada-v3/node_modules/webpack/lib/Cache.js:114:20)
    at ItemCacheFacade.store (/Users/muhammetturk/Documents/github-projects/burada-v3/node_modules/webpack/lib/CacheFacade.js:141:15)
    at /Users/muhammetturk/Documents/github-projects/burada-v3/node_modules/webpack/lib/Compilation.js:3743:11
    at /Users/muhammetturk/Documents/github-projects/burada-v3/node_modules/webpack/lib/Cache.js:100:5
    at Hook.eval [as callAsync] (eval at create (/Users/muhammetturk/Documents/github-projects/burada-v3/node_modules/tapable/lib/HookCodeFactory.js:31:10), <anonymous>:6:1)
    at Cache.get (/Users/muhammetturk/Documents/github-projects/burada-v3/node_modules/webpack/lib/Cache.js:82:18)
    at ItemCacheFacade.get (/Users/muhammetturk/Documents/github-projects/burada-v3/node_modules/webpack/lib/CacheFacade.js:115:15)
    at Compilation._codeGenerationModule (/Users/muhammetturk/Documents/github-projects/burada-v3/node_modules/webpack/lib/Compilation.js:3711:9)
    at codeGen (/Users/muhammetturk/Documents/github-projects/burada-v3/node_modules/webpack/lib/Compilation.js:5328:11)
    at symbolIterator (/Users/muhammetturk/Documents/github-projects/burada-v3/node_modules/neo-async/async.js:3482:9)
    at timesSync (/Users/muhammetturk/Documents/github-projects/burada-v3/node_modules/neo-async/async.js:2297:7)
    at Object.eachLimit (/Users/muhammetturk/Documents/github-projects/burada-v3/node_modules/neo-async/async.js:3463:5)
    at /Users/muhammetturk/Documents/github-projects/burada-v3/node_modules/webpack/lib/Compilation.js:5358:14
    at processQueue (/Users/muhammetturk/Documents/github-projects/burada-v3/node_modules/webpack/lib/util/processAsyncTree.js:61:4)
    at process.processTicksAndRejections (node:internal/process/task_queues:84:11)

Generated code for /Users/muhammetturk/Documents/github-projects/burada-v3/node_modules/css-loader/dist/cjs.js??clonedRuleSet-3.use[1]!/Users/muhammetturk/Documents/github-projects/burada-v3/node_modules/vue-loader/dist/stylePostLoader.js!/Users/muhammetturk/Documents/github-projects/burada-v3/node_modules/postcss-loader/dist/cjs.js??clonedRuleSet-3.use[2]!/Users/muhammetturk/Documents/github-projects/burada-v3/node_modules/vue-loader/dist/index.js??ruleSet[1].rules[12].use[0]!/Users/muhammetturk/Documents/github-projects/burada-v3/src/components/complementarities/PostContainer.vue?vue&type=style&index=0&id=c2836c54&scoped=true&lang=css
1 | throw new Error("Module build failed (from ./node_modules/postcss-loader/dist/cjs.js):\nValidationError: Invalid options object. PostCSS Loader has been initialized using an options object that does not match the API schema.\n - options has an unknown property 'plugins'. These properties are valid:\n   object { postcssOptions?, execute?, sourceMap?, implementation? }\n    at validate (/Users/muhammetturk/Documents/github-projects/burada-v3/node_modules/schema-utils/dist/validate.js:213:11)\n    at Object.getOptions (/Users/muhammetturk/Documents/github-projects/burada-v3/node_modules/webpack/lib/NormalModule.js:721:19)\n    at Object.loader (/Users/muhammetturk/Documents/github-projects/burada-v3/node_modules/postcss-loader/dist/index.js:28:24)");
 @ ./src/components/complementarities/PostContainer.vue?vue&type=style&index=0&id=c2836c54&scoped=true&lang=css 1:0-429 1:0-429
 @ ./src/components/complementarities/PostContainer.vue 5:0-84
 @ ./src/router/index.js 28:0-77 242:13-26
 @ ./src/main.js

ERROR in ./src/components/complementarities/ProfileAvatar.vue?vue&type=style&index=0&id=1356a070&scoped=true&lang=css (./node_modules/mini-css-extract-plugin/dist/loader.js!./node_modules/css-loader/dist/cjs.js??clonedRuleSet-3.use[1]!./node_modules/vue-loader/dist/stylePostLoader.js!./node_modules/postcss-loader/dist/cjs.js??clonedRuleSet-3.use[2]!./node_modules/vue-loader/dist/index.js??ruleSet[1].rules[12].use[0]!./src/components/complementarities/ProfileAvatar.vue?vue&type=style&index=0&id=1356a070&scoped=true&lang=css)
Module build failed (from ./node_modules/mini-css-extract-plugin/dist/loader.js):
HookWebpackError: Module build failed (from ./node_modules/postcss-loader/dist/cjs.js):
ValidationError: Invalid options object. PostCSS Loader has been initialized using an options object that does not match the API schema.
 - options has an unknown property 'plugins'. These properties are valid:
   object { postcssOptions?, execute?, sourceMap?, implementation? }
    at validate (/Users/muhammetturk/Documents/github-projects/burada-v3/node_modules/schema-utils/dist/validate.js:213:11)
    at Object.getOptions (/Users/muhammetturk/Documents/github-projects/burada-v3/node_modules/webpack/lib/NormalModule.js:721:19)
    at Object.loader (/Users/muhammetturk/Documents/github-projects/burada-v3/node_modules/postcss-loader/dist/index.js:28:24)
    at tryRunOrWebpackError (/Users/muhammetturk/Documents/github-projects/burada-v3/node_modules/webpack/lib/HookWebpackError.js:85:9)
    at __webpack_require_module__ (/Users/muhammetturk/Documents/github-projects/burada-v3/node_modules/webpack/lib/Compilation.js:5541:12)
    at __webpack_require__ (/Users/muhammetturk/Documents/github-projects/burada-v3/node_modules/webpack/lib/Compilation.js:5488:18)
    at /Users/muhammetturk/Documents/github-projects/burada-v3/node_modules/webpack/lib/Compilation.js:5576:20
    at symbolIterator (/Users/muhammetturk/Documents/github-projects/burada-v3/node_modules/neo-async/async.js:3485:9)
    at done (/Users/muhammetturk/Documents/github-projects/burada-v3/node_modules/neo-async/async.js:3527:9)
    at Hook.eval [as callAsync] (eval at create (/Users/muhammetturk/Documents/github-projects/burada-v3/node_modules/tapable/lib/HookCodeFactory.js:31:10), <anonymous>:15:1)
    at /Users/muhammetturk/Documents/github-projects/burada-v3/node_modules/webpack/lib/Compilation.js:5463:43
    at symbolIterator (/Users/muhammetturk/Documents/github-projects/burada-v3/node_modules/neo-async/async.js:3482:9)
    at timesSync (/Users/muhammetturk/Documents/github-projects/burada-v3/node_modules/neo-async/async.js:2297:7)
    at Object.eachLimit (/Users/muhammetturk/Documents/github-projects/burada-v3/node_modules/neo-async/async.js:3463:5)
    at /Users/muhammetturk/Documents/github-projects/burada-v3/node_modules/webpack/lib/Compilation.js:5426:16
    at symbolIterator (/Users/muhammetturk/Documents/github-projects/burada-v3/node_modules/neo-async/async.js:3485:9)
    at timesSync (/Users/muhammetturk/Documents/github-projects/burada-v3/node_modules/neo-async/async.js:2297:7)
    at Object.eachLimit (/Users/muhammetturk/Documents/github-projects/burada-v3/node_modules/neo-async/async.js:3463:5)
    at /Users/muhammetturk/Documents/github-projects/burada-v3/node_modules/webpack/lib/Compilation.js:5394:15
    at symbolIterator (/Users/muhammetturk/Documents/github-projects/burada-v3/node_modules/neo-async/async.js:3485:9)
    at done (/Users/muhammetturk/Documents/github-projects/burada-v3/node_modules/neo-async/async.js:3527:9)
    at /Users/muhammetturk/Documents/github-projects/burada-v3/node_modules/webpack/lib/Compilation.js:5340:8
    at /Users/muhammetturk/Documents/github-projects/burada-v3/node_modules/webpack/lib/Compilation.js:3744:6
    at /Users/muhammetturk/Documents/github-projects/burada-v3/node_modules/webpack/lib/HookWebpackError.js:66:2
    at Hook.eval [as callAsync] (eval at create (/Users/muhammetturk/Documents/github-projects/burada-v3/node_modules/tapable/lib/HookCodeFactory.js:31:10), <anonymous>:6:1)
    at Cache.store (/Users/muhammetturk/Documents/github-projects/burada-v3/node_modules/webpack/lib/Cache.js:114:20)
    at ItemCacheFacade.store (/Users/muhammetturk/Documents/github-projects/burada-v3/node_modules/webpack/lib/CacheFacade.js:141:15)
    at /Users/muhammetturk/Documents/github-projects/burada-v3/node_modules/webpack/lib/Compilation.js:3743:11
    at /Users/muhammetturk/Documents/github-projects/burada-v3/node_modules/webpack/lib/Cache.js:100:5
    at Hook.eval [as callAsync] (eval at create (/Users/muhammetturk/Documents/github-projects/burada-v3/node_modules/tapable/lib/HookCodeFactory.js:31:10), <anonymous>:6:1)
    at Cache.get (/Users/muhammetturk/Documents/github-projects/burada-v3/node_modules/webpack/lib/Cache.js:82:18)
    at ItemCacheFacade.get (/Users/muhammetturk/Documents/github-projects/burada-v3/node_modules/webpack/lib/CacheFacade.js:115:15)
    at Compilation._codeGenerationModule (/Users/muhammetturk/Documents/github-projects/burada-v3/node_modules/webpack/lib/Compilation.js:3711:9)
    at codeGen (/Users/muhammetturk/Documents/github-projects/burada-v3/node_modules/webpack/lib/Compilation.js:5328:11)
    at symbolIterator (/Users/muhammetturk/Documents/github-projects/burada-v3/node_modules/neo-async/async.js:3482:9)
    at timesSync (/Users/muhammetturk/Documents/github-projects/burada-v3/node_modules/neo-async/async.js:2297:7)
    at Object.eachLimit (/Users/muhammetturk/Documents/github-projects/burada-v3/node_modules/neo-async/async.js:3463:5)
    at /Users/muhammetturk/Documents/github-projects/burada-v3/node_modules/webpack/lib/Compilation.js:5358:14
    at processQueue (/Users/muhammetturk/Documents/github-projects/burada-v3/node_modules/webpack/lib/util/processAsyncTree.js:61:4)
    at process.processTicksAndRejections (node:internal/process/task_queues:84:11)
-- inner error --
Error: Module build failed (from ./node_modules/postcss-loader/dist/cjs.js):
ValidationError: Invalid options object. PostCSS Loader has been initialized using an options object that does not match the API schema.
 - options has an unknown property 'plugins'. These properties are valid:
   object { postcssOptions?, execute?, sourceMap?, implementation? }
    at validate (/Users/muhammetturk/Documents/github-projects/burada-v3/node_modules/schema-utils/dist/validate.js:213:11)
    at Object.getOptions (/Users/muhammetturk/Documents/github-projects/burada-v3/node_modules/webpack/lib/NormalModule.js:721:19)
    at Object.loader (/Users/muhammetturk/Documents/github-projects/burada-v3/node_modules/postcss-loader/dist/index.js:28:24)
    at Object.<anonymous> (/Users/muhammetturk/Documents/github-projects/burada-v3/node_modules/css-loader/dist/cjs.js??clonedRuleSet-3.use[1]!/Users/muhammetturk/Documents/github-projects/burada-v3/node_modules/vue-loader/dist/stylePostLoader.js!/Users/muhammetturk/Documents/github-projects/burada-v3/node_modules/postcss-loader/dist/cjs.js??clonedRuleSet-3.use[2]!/Users/muhammetturk/Documents/github-projects/burada-v3/node_modules/vue-loader/dist/index.js??ruleSet[1].rules[12].use[0]!/Users/muhammetturk/Documents/github-projects/burada-v3/src/components/complementarities/ProfileAvatar.vue?vue&type=style&index=0&id=1356a070&scoped=true&lang=css:1:7)
    at /Users/muhammetturk/Documents/github-projects/burada-v3/node_modules/webpack/lib/javascript/JavascriptModulesPlugin.js:544:10
    at Hook.eval [as call] (eval at create (/Users/muhammetturk/Documents/github-projects/burada-v3/node_modules/tapable/lib/HookCodeFactory.js:19:10), <anonymous>:7:1)
    at /Users/muhammetturk/Documents/github-projects/burada-v3/node_modules/webpack/lib/Compilation.js:5543:39
    at tryRunOrWebpackError (/Users/muhammetturk/Documents/github-projects/burada-v3/node_modules/webpack/lib/HookWebpackError.js:80:7)
    at __webpack_require_module__ (/Users/muhammetturk/Documents/github-projects/burada-v3/node_modules/webpack/lib/Compilation.js:5541:12)
    at __webpack_require__ (/Users/muhammetturk/Documents/github-projects/burada-v3/node_modules/webpack/lib/Compilation.js:5488:18)
    at /Users/muhammetturk/Documents/github-projects/burada-v3/node_modules/webpack/lib/Compilation.js:5576:20
    at symbolIterator (/Users/muhammetturk/Documents/github-projects/burada-v3/node_modules/neo-async/async.js:3485:9)
    at done (/Users/muhammetturk/Documents/github-projects/burada-v3/node_modules/neo-async/async.js:3527:9)
    at Hook.eval [as callAsync] (eval at create (/Users/muhammetturk/Documents/github-projects/burada-v3/node_modules/tapable/lib/HookCodeFactory.js:31:10), <anonymous>:15:1)
    at /Users/muhammetturk/Documents/github-projects/burada-v3/node_modules/webpack/lib/Compilation.js:5463:43
    at symbolIterator (/Users/muhammetturk/Documents/github-projects/burada-v3/node_modules/neo-async/async.js:3482:9)
    at timesSync (/Users/muhammetturk/Documents/github-projects/burada-v3/node_modules/neo-async/async.js:2297:7)
    at Object.eachLimit (/Users/muhammetturk/Documents/github-projects/burada-v3/node_modules/neo-async/async.js:3463:5)
    at /Users/muhammetturk/Documents/github-projects/burada-v3/node_modules/webpack/lib/Compilation.js:5426:16
    at symbolIterator (/Users/muhammetturk/Documents/github-projects/burada-v3/node_modules/neo-async/async.js:3485:9)
    at timesSync (/Users/muhammetturk/Documents/github-projects/burada-v3/node_modules/neo-async/async.js:2297:7)
    at Object.eachLimit (/Users/muhammetturk/Documents/github-projects/burada-v3/node_modules/neo-async/async.js:3463:5)
    at /Users/muhammetturk/Documents/github-projects/burada-v3/node_modules/webpack/lib/Compilation.js:5394:15
    at symbolIterator (/Users/muhammetturk/Documents/github-projects/burada-v3/node_modules/neo-async/async.js:3485:9)
    at done (/Users/muhammetturk/Documents/github-projects/burada-v3/node_modules/neo-async/async.js:3527:9)
    at /Users/muhammetturk/Documents/github-projects/burada-v3/node_modules/webpack/lib/Compilation.js:5340:8
    at /Users/muhammetturk/Documents/github-projects/burada-v3/node_modules/webpack/lib/Compilation.js:3744:6
    at /Users/muhammetturk/Documents/github-projects/burada-v3/node_modules/webpack/lib/HookWebpackError.js:66:2
    at Hook.eval [as callAsync] (eval at create (/Users/muhammetturk/Documents/github-projects/burada-v3/node_modules/tapable/lib/HookCodeFactory.js:31:10), <anonymous>:6:1)
    at Cache.store (/Users/muhammetturk/Documents/github-projects/burada-v3/node_modules/webpack/lib/Cache.js:114:20)
    at ItemCacheFacade.store (/Users/muhammetturk/Documents/github-projects/burada-v3/node_modules/webpack/lib/CacheFacade.js:141:15)
    at /Users/muhammetturk/Documents/github-projects/burada-v3/node_modules/webpack/lib/Compilation.js:3743:11
    at /Users/muhammetturk/Documents/github-projects/burada-v3/node_modules/webpack/lib/Cache.js:100:5
    at Hook.eval [as callAsync] (eval at create (/Users/muhammetturk/Documents/github-projects/burada-v3/node_modules/tapable/lib/HookCodeFactory.js:31:10), <anonymous>:6:1)
    at Cache.get (/Users/muhammetturk/Documents/github-projects/burada-v3/node_modules/webpack/lib/Cache.js:82:18)
    at ItemCacheFacade.get (/Users/muhammetturk/Documents/github-projects/burada-v3/node_modules/webpack/lib/CacheFacade.js:115:15)
    at Compilation._codeGenerationModule (/Users/muhammetturk/Documents/github-projects/burada-v3/node_modules/webpack/lib/Compilation.js:3711:9)
    at codeGen (/Users/muhammetturk/Documents/github-projects/burada-v3/node_modules/webpack/lib/Compilation.js:5328:11)
    at symbolIterator (/Users/muhammetturk/Documents/github-projects/burada-v3/node_modules/neo-async/async.js:3482:9)
    at timesSync (/Users/muhammetturk/Documents/github-projects/burada-v3/node_modules/neo-async/async.js:2297:7)
    at Object.eachLimit (/Users/muhammetturk/Documents/github-projects/burada-v3/node_modules/neo-async/async.js:3463:5)
    at /Users/muhammetturk/Documents/github-projects/burada-v3/node_modules/webpack/lib/Compilation.js:5358:14
    at processQueue (/Users/muhammetturk/Documents/github-projects/burada-v3/node_modules/webpack/lib/util/processAsyncTree.js:61:4)
    at process.processTicksAndRejections (node:internal/process/task_queues:84:11)

Generated code for /Users/muhammetturk/Documents/github-projects/burada-v3/node_modules/css-loader/dist/cjs.js??clonedRuleSet-3.use[1]!/Users/muhammetturk/Documents/github-projects/burada-v3/node_modules/vue-loader/dist/stylePostLoader.js!/Users/muhammetturk/Documents/github-projects/burada-v3/node_modules/postcss-loader/dist/cjs.js??clonedRuleSet-3.use[2]!/Users/muhammetturk/Documents/github-projects/burada-v3/node_modules/vue-loader/dist/index.js??ruleSet[1].rules[12].use[0]!/Users/muhammetturk/Documents/github-projects/burada-v3/src/components/complementarities/ProfileAvatar.vue?vue&type=style&index=0&id=1356a070&scoped=true&lang=css
1 | throw new Error("Module build failed (from ./node_modules/postcss-loader/dist/cjs.js):\nValidationError: Invalid options object. PostCSS Loader has been initialized using an options object that does not match the API schema.\n - options has an unknown property 'plugins'. These properties are valid:\n   object { postcssOptions?, execute?, sourceMap?, implementation? }\n    at validate (/Users/muhammetturk/Documents/github-projects/burada-v3/node_modules/schema-utils/dist/validate.js:213:11)\n    at Object.getOptions (/Users/muhammetturk/Documents/github-projects/burada-v3/node_modules/webpack/lib/NormalModule.js:721:19)\n    at Object.loader (/Users/muhammetturk/Documents/github-projects/burada-v3/node_modules/postcss-loader/dist/index.js:28:24)");
 @ ./src/components/complementarities/ProfileAvatar.vue?vue&type=style&index=0&id=1356a070&scoped=true&lang=css 1:0-429 1:0-429
 @ ./src/components/complementarities/ProfileAvatar.vue 5:0-84
 @ ./node_modules/babel-loader/lib/index.js!./node_modules/vue-loader/dist/index.js??ruleSet[1].rules[12].use[0]!./src/components/complementarities/Conversations.vue?vue&type=script&lang=js
 @ ./src/components/complementarities/Conversations.vue?vue&type=script&lang=js 1:0-196 1:0-196 1:197-382 1:197-382
 @ ./src/components/complementarities/Conversations.vue 2:0-64 8:49-55 3:0-59 3:0-59
 @ ./src/router/index.js 14:0-77 171:13-26
 @ ./src/main.js

ERROR in ./src/components/complementarities/donate.vue?vue&type=style&index=0&id=b66525f4&scoped=true&lang=css (./node_modules/mini-css-extract-plugin/dist/loader.js!./node_modules/css-loader/dist/cjs.js??clonedRuleSet-3.use[1]!./node_modules/vue-loader/dist/stylePostLoader.js!./node_modules/postcss-loader/dist/cjs.js??clonedRuleSet-3.use[2]!./node_modules/vue-loader/dist/index.js??ruleSet[1].rules[12].use[0]!./src/components/complementarities/donate.vue?vue&type=style&index=0&id=b66525f4&scoped=true&lang=css)
Module build failed (from ./node_modules/mini-css-extract-plugin/dist/loader.js):
HookWebpackError: Module build failed (from ./node_modules/postcss-loader/dist/cjs.js):
ValidationError: Invalid options object. PostCSS Loader has been initialized using an options object that does not match the API schema.
 - options has an unknown property 'plugins'. These properties are valid:
   object { postcssOptions?, execute?, sourceMap?, implementation? }
    at validate (/Users/muhammetturk/Documents/github-projects/burada-v3/node_modules/schema-utils/dist/validate.js:213:11)
    at Object.getOptions (/Users/muhammetturk/Documents/github-projects/burada-v3/node_modules/webpack/lib/NormalModule.js:721:19)
    at Object.loader (/Users/muhammetturk/Documents/github-projects/burada-v3/node_modules/postcss-loader/dist/index.js:28:24)
    at tryRunOrWebpackError (/Users/muhammetturk/Documents/github-projects/burada-v3/node_modules/webpack/lib/HookWebpackError.js:85:9)
    at __webpack_require_module__ (/Users/muhammetturk/Documents/github-projects/burada-v3/node_modules/webpack/lib/Compilation.js:5541:12)
    at __webpack_require__ (/Users/muhammetturk/Documents/github-projects/burada-v3/node_modules/webpack/lib/Compilation.js:5488:18)
    at /Users/muhammetturk/Documents/github-projects/burada-v3/node_modules/webpack/lib/Compilation.js:5576:20
    at symbolIterator (/Users/muhammetturk/Documents/github-projects/burada-v3/node_modules/neo-async/async.js:3485:9)
    at done (/Users/muhammetturk/Documents/github-projects/burada-v3/node_modules/neo-async/async.js:3527:9)
    at Hook.eval [as callAsync] (eval at create (/Users/muhammetturk/Documents/github-projects/burada-v3/node_modules/tapable/lib/HookCodeFactory.js:31:10), <anonymous>:15:1)
    at /Users/muhammetturk/Documents/github-projects/burada-v3/node_modules/webpack/lib/Compilation.js:5463:43
    at symbolIterator (/Users/muhammetturk/Documents/github-projects/burada-v3/node_modules/neo-async/async.js:3482:9)
    at timesSync (/Users/muhammetturk/Documents/github-projects/burada-v3/node_modules/neo-async/async.js:2297:7)
    at Object.eachLimit (/Users/muhammetturk/Documents/github-projects/burada-v3/node_modules/neo-async/async.js:3463:5)
    at /Users/muhammetturk/Documents/github-projects/burada-v3/node_modules/webpack/lib/Compilation.js:5426:16
    at symbolIterator (/Users/muhammetturk/Documents/github-projects/burada-v3/node_modules/neo-async/async.js:3485:9)
    at timesSync (/Users/muhammetturk/Documents/github-projects/burada-v3/node_modules/neo-async/async.js:2297:7)
    at Object.eachLimit (/Users/muhammetturk/Documents/github-projects/burada-v3/node_modules/neo-async/async.js:3463:5)
    at /Users/muhammetturk/Documents/github-projects/burada-v3/node_modules/webpack/lib/Compilation.js:5394:15
    at symbolIterator (/Users/muhammetturk/Documents/github-projects/burada-v3/node_modules/neo-async/async.js:3485:9)
    at done (/Users/muhammetturk/Documents/github-projects/burada-v3/node_modules/neo-async/async.js:3527:9)
    at /Users/muhammetturk/Documents/github-projects/burada-v3/node_modules/webpack/lib/Compilation.js:5340:8
    at /Users/muhammetturk/Documents/github-projects/burada-v3/node_modules/webpack/lib/Compilation.js:3744:6
    at /Users/muhammetturk/Documents/github-projects/burada-v3/node_modules/webpack/lib/HookWebpackError.js:66:2
    at Hook.eval [as callAsync] (eval at create (/Users/muhammetturk/Documents/github-projects/burada-v3/node_modules/tapable/lib/HookCodeFactory.js:31:10), <anonymous>:6:1)
    at Cache.store (/Users/muhammetturk/Documents/github-projects/burada-v3/node_modules/webpack/lib/Cache.js:114:20)
    at ItemCacheFacade.store (/Users/muhammetturk/Documents/github-projects/burada-v3/node_modules/webpack/lib/CacheFacade.js:141:15)
    at /Users/muhammetturk/Documents/github-projects/burada-v3/node_modules/webpack/lib/Compilation.js:3743:11
    at /Users/muhammetturk/Documents/github-projects/burada-v3/node_modules/webpack/lib/Cache.js:100:5
    at Hook.eval [as callAsync] (eval at create (/Users/muhammetturk/Documents/github-projects/burada-v3/node_modules/tapable/lib/HookCodeFactory.js:31:10), <anonymous>:6:1)
    at Cache.get (/Users/muhammetturk/Documents/github-projects/burada-v3/node_modules/webpack/lib/Cache.js:82:18)
    at ItemCacheFacade.get (/Users/muhammetturk/Documents/github-projects/burada-v3/node_modules/webpack/lib/CacheFacade.js:115:15)
    at Compilation._codeGenerationModule (/Users/muhammetturk/Documents/github-projects/burada-v3/node_modules/webpack/lib/Compilation.js:3711:9)
    at codeGen (/Users/muhammetturk/Documents/github-projects/burada-v3/node_modules/webpack/lib/Compilation.js:5328:11)
    at symbolIterator (/Users/muhammetturk/Documents/github-projects/burada-v3/node_modules/neo-async/async.js:3482:9)
    at timesSync (/Users/muhammetturk/Documents/github-projects/burada-v3/node_modules/neo-async/async.js:2297:7)
    at Object.eachLimit (/Users/muhammetturk/Documents/github-projects/burada-v3/node_modules/neo-async/async.js:3463:5)
    at /Users/muhammetturk/Documents/github-projects/burada-v3/node_modules/webpack/lib/Compilation.js:5358:14
    at processQueue (/Users/muhammetturk/Documents/github-projects/burada-v3/node_modules/webpack/lib/util/processAsyncTree.js:61:4)
    at process.processTicksAndRejections (node:internal/process/task_queues:84:11)
-- inner error --
Error: Module build failed (from ./node_modules/postcss-loader/dist/cjs.js):
ValidationError: Invalid options object. PostCSS Loader has been initialized using an options object that does not match the API schema.
 - options has an unknown property 'plugins'. These properties are valid:
   object { postcssOptions?, execute?, sourceMap?, implementation? }
    at validate (/Users/muhammetturk/Documents/github-projects/burada-v3/node_modules/schema-utils/dist/validate.js:213:11)
    at Object.getOptions (/Users/muhammetturk/Documents/github-projects/burada-v3/node_modules/webpack/lib/NormalModule.js:721:19)
    at Object.loader (/Users/muhammetturk/Documents/github-projects/burada-v3/node_modules/postcss-loader/dist/index.js:28:24)
    at Object.<anonymous> (/Users/muhammetturk/Documents/github-projects/burada-v3/node_modules/css-loader/dist/cjs.js??clonedRuleSet-3.use[1]!/Users/muhammetturk/Documents/github-projects/burada-v3/node_modules/vue-loader/dist/stylePostLoader.js!/Users/muhammetturk/Documents/github-projects/burada-v3/node_modules/postcss-loader/dist/cjs.js??clonedRuleSet-3.use[2]!/Users/muhammetturk/Documents/github-projects/burada-v3/node_modules/vue-loader/dist/index.js??ruleSet[1].rules[12].use[0]!/Users/muhammetturk/Documents/github-projects/burada-v3/src/components/complementarities/donate.vue?vue&type=style&index=0&id=b66525f4&scoped=true&lang=css:1:7)
    at /Users/muhammetturk/Documents/github-projects/burada-v3/node_modules/webpack/lib/javascript/JavascriptModulesPlugin.js:544:10
    at Hook.eval [as call] (eval at create (/Users/muhammetturk/Documents/github-projects/burada-v3/node_modules/tapable/lib/HookCodeFactory.js:19:10), <anonymous>:7:1)
    at /Users/muhammetturk/Documents/github-projects/burada-v3/node_modules/webpack/lib/Compilation.js:5543:39
    at tryRunOrWebpackError (/Users/muhammetturk/Documents/github-projects/burada-v3/node_modules/webpack/lib/HookWebpackError.js:80:7)
    at __webpack_require_module__ (/Users/muhammetturk/Documents/github-projects/burada-v3/node_modules/webpack/lib/Compilation.js:5541:12)
    at __webpack_require__ (/Users/muhammetturk/Documents/github-projects/burada-v3/node_modules/webpack/lib/Compilation.js:5488:18)
    at /Users/muhammetturk/Documents/github-projects/burada-v3/node_modules/webpack/lib/Compilation.js:5576:20
    at symbolIterator (/Users/muhammetturk/Documents/github-projects/burada-v3/node_modules/neo-async/async.js:3485:9)
    at done (/Users/muhammetturk/Documents/github-projects/burada-v3/node_modules/neo-async/async.js:3527:9)
    at Hook.eval [as callAsync] (eval at create (/Users/muhammetturk/Documents/github-projects/burada-v3/node_modules/tapable/lib/HookCodeFactory.js:31:10), <anonymous>:15:1)
    at /Users/muhammetturk/Documents/github-projects/burada-v3/node_modules/webpack/lib/Compilation.js:5463:43
    at symbolIterator (/Users/muhammetturk/Documents/github-projects/burada-v3/node_modules/neo-async/async.js:3482:9)
    at timesSync (/Users/muhammetturk/Documents/github-projects/burada-v3/node_modules/neo-async/async.js:2297:7)
    at Object.eachLimit (/Users/muhammetturk/Documents/github-projects/burada-v3/node_modules/neo-async/async.js:3463:5)
    at /Users/muhammetturk/Documents/github-projects/burada-v3/node_modules/webpack/lib/Compilation.js:5426:16
    at symbolIterator (/Users/muhammetturk/Documents/github-projects/burada-v3/node_modules/neo-async/async.js:3485:9)
    at timesSync (/Users/muhammetturk/Documents/github-projects/burada-v3/node_modules/neo-async/async.js:2297:7)
    at Object.eachLimit (/Users/muhammetturk/Documents/github-projects/burada-v3/node_modules/neo-async/async.js:3463:5)
    at /Users/muhammetturk/Documents/github-projects/burada-v3/node_modules/webpack/lib/Compilation.js:5394:15
    at symbolIterator (/Users/muhammetturk/Documents/github-projects/burada-v3/node_modules/neo-async/async.js:3485:9)
    at done (/Users/muhammetturk/Documents/github-projects/burada-v3/node_modules/neo-async/async.js:3527:9)
    at /Users/muhammetturk/Documents/github-projects/burada-v3/node_modules/webpack/lib/Compilation.js:5340:8
    at /Users/muhammetturk/Documents/github-projects/burada-v3/node_modules/webpack/lib/Compilation.js:3744:6
    at /Users/muhammetturk/Documents/github-projects/burada-v3/node_modules/webpack/lib/HookWebpackError.js:66:2
    at Hook.eval [as callAsync] (eval at create (/Users/muhammetturk/Documents/github-projects/burada-v3/node_modules/tapable/lib/HookCodeFactory.js:31:10), <anonymous>:6:1)
    at Cache.store (/Users/muhammetturk/Documents/github-projects/burada-v3/node_modules/webpack/lib/Cache.js:114:20)
    at ItemCacheFacade.store (/Users/muhammetturk/Documents/github-projects/burada-v3/node_modules/webpack/lib/CacheFacade.js:141:15)
    at /Users/muhammetturk/Documents/github-projects/burada-v3/node_modules/webpack/lib/Compilation.js:3743:11
    at /Users/muhammetturk/Documents/github-projects/burada-v3/node_modules/webpack/lib/Cache.js:100:5
    at Hook.eval [as callAsync] (eval at create (/Users/muhammetturk/Documents/github-projects/burada-v3/node_modules/tapable/lib/HookCodeFactory.js:31:10), <anonymous>:6:1)
    at Cache.get (/Users/muhammetturk/Documents/github-projects/burada-v3/node_modules/webpack/lib/Cache.js:82:18)
    at ItemCacheFacade.get (/Users/muhammetturk/Documents/github-projects/burada-v3/node_modules/webpack/lib/CacheFacade.js:115:15)
    at Compilation._codeGenerationModule (/Users/muhammetturk/Documents/github-projects/burada-v3/node_modules/webpack/lib/Compilation.js:3711:9)
    at codeGen (/Users/muhammetturk/Documents/github-projects/burada-v3/node_modules/webpack/lib/Compilation.js:5328:11)
    at symbolIterator (/Users/muhammetturk/Documents/github-projects/burada-v3/node_modules/neo-async/async.js:3482:9)
    at timesSync (/Users/muhammetturk/Documents/github-projects/burada-v3/node_modules/neo-async/async.js:2297:7)
    at Object.eachLimit (/Users/muhammetturk/Documents/github-projects/burada-v3/node_modules/neo-async/async.js:3463:5)
    at /Users/muhammetturk/Documents/github-projects/burada-v3/node_modules/webpack/lib/Compilation.js:5358:14
    at processQueue (/Users/muhammetturk/Documents/github-projects/burada-v3/node_modules/webpack/lib/util/processAsyncTree.js:61:4)
    at process.processTicksAndRejections (node:internal/process/task_queues:84:11)

Generated code for /Users/muhammetturk/Documents/github-projects/burada-v3/node_modules/css-loader/dist/cjs.js??clonedRuleSet-3.use[1]!/Users/muhammetturk/Documents/github-projects/burada-v3/node_modules/vue-loader/dist/stylePostLoader.js!/Users/muhammetturk/Documents/github-projects/burada-v3/node_modules/postcss-loader/dist/cjs.js??clonedRuleSet-3.use[2]!/Users/muhammetturk/Documents/github-projects/burada-v3/node_modules/vue-loader/dist/index.js??ruleSet[1].rules[12].use[0]!/Users/muhammetturk/Documents/github-projects/burada-v3/src/components/complementarities/donate.vue?vue&type=style&index=0&id=b66525f4&scoped=true&lang=css
1 | throw new Error("Module build failed (from ./node_modules/postcss-loader/dist/cjs.js):\nValidationError: Invalid options object. PostCSS Loader has been initialized using an options object that does not match the API schema.\n - options has an unknown property 'plugins'. These properties are valid:\n   object { postcssOptions?, execute?, sourceMap?, implementation? }\n    at validate (/Users/muhammetturk/Documents/github-projects/burada-v3/node_modules/schema-utils/dist/validate.js:213:11)\n    at Object.getOptions (/Users/muhammetturk/Documents/github-projects/burada-v3/node_modules/webpack/lib/NormalModule.js:721:19)\n    at Object.loader (/Users/muhammetturk/Documents/github-projects/burada-v3/node_modules/postcss-loader/dist/index.js:28:24)");
 @ ./src/components/complementarities/donate.vue?vue&type=style&index=0&id=b66525f4&scoped=true&lang=css 1:0-422 1:0-422
 @ ./src/components/complementarities/donate.vue 5:0-77
 @ ./src/router/index.js 15:0-63 138:13-19
 @ ./src/main.js

ERROR in ./src/components/screens/after-login-page/after-login-page.vue?vue&type=style&index=0&id=0d2294de&scoped=true&lang=css (./node_modules/mini-css-extract-plugin/dist/loader.js!./node_modules/css-loader/dist/cjs.js??clonedRuleSet-3.use[1]!./node_modules/vue-loader/dist/stylePostLoader.js!./node_modules/postcss-loader/dist/cjs.js??clonedRuleSet-3.use[2]!./node_modules/vue-loader/dist/index.js??ruleSet[1].rules[12].use[0]!./src/components/screens/after-login-page/after-login-page.vue?vue&type=style&index=0&id=0d2294de&scoped=true&lang=css)
Module build failed (from ./node_modules/mini-css-extract-plugin/dist/loader.js):
HookWebpackError: Module build failed (from ./node_modules/postcss-loader/dist/cjs.js):
ValidationError: Invalid options object. PostCSS Loader has been initialized using an options object that does not match the API schema.
 - options has an unknown property 'plugins'. These properties are valid:
   object { postcssOptions?, execute?, sourceMap?, implementation? }
    at validate (/Users/muhammetturk/Documents/github-projects/burada-v3/node_modules/schema-utils/dist/validate.js:213:11)
    at Object.getOptions (/Users/muhammetturk/Documents/github-projects/burada-v3/node_modules/webpack/lib/NormalModule.js:721:19)
    at Object.loader (/Users/muhammetturk/Documents/github-projects/burada-v3/node_modules/postcss-loader/dist/index.js:28:24)
    at tryRunOrWebpackError (/Users/muhammetturk/Documents/github-projects/burada-v3/node_modules/webpack/lib/HookWebpackError.js:85:9)
    at __webpack_require_module__ (/Users/muhammetturk/Documents/github-projects/burada-v3/node_modules/webpack/lib/Compilation.js:5541:12)
    at __webpack_require__ (/Users/muhammetturk/Documents/github-projects/burada-v3/node_modules/webpack/lib/Compilation.js:5488:18)
    at /Users/muhammetturk/Documents/github-projects/burada-v3/node_modules/webpack/lib/Compilation.js:5576:20
    at symbolIterator (/Users/muhammetturk/Documents/github-projects/burada-v3/node_modules/neo-async/async.js:3485:9)
    at done (/Users/muhammetturk/Documents/github-projects/burada-v3/node_modules/neo-async/async.js:3527:9)
    at Hook.eval [as callAsync] (eval at create (/Users/muhammetturk/Documents/github-projects/burada-v3/node_modules/tapable/lib/HookCodeFactory.js:31:10), <anonymous>:15:1)
    at /Users/muhammetturk/Documents/github-projects/burada-v3/node_modules/webpack/lib/Compilation.js:5463:43
    at symbolIterator (/Users/muhammetturk/Documents/github-projects/burada-v3/node_modules/neo-async/async.js:3482:9)
    at timesSync (/Users/muhammetturk/Documents/github-projects/burada-v3/node_modules/neo-async/async.js:2297:7)
    at Object.eachLimit (/Users/muhammetturk/Documents/github-projects/burada-v3/node_modules/neo-async/async.js:3463:5)
    at /Users/muhammetturk/Documents/github-projects/burada-v3/node_modules/webpack/lib/Compilation.js:5426:16
    at symbolIterator (/Users/muhammetturk/Documents/github-projects/burada-v3/node_modules/neo-async/async.js:3485:9)
    at timesSync (/Users/muhammetturk/Documents/github-projects/burada-v3/node_modules/neo-async/async.js:2297:7)
    at Object.eachLimit (/Users/muhammetturk/Documents/github-projects/burada-v3/node_modules/neo-async/async.js:3463:5)
    at /Users/muhammetturk/Documents/github-projects/burada-v3/node_modules/webpack/lib/Compilation.js:5394:15
    at symbolIterator (/Users/muhammetturk/Documents/github-projects/burada-v3/node_modules/neo-async/async.js:3485:9)
    at done (/Users/muhammetturk/Documents/github-projects/burada-v3/node_modules/neo-async/async.js:3527:9)
    at /Users/muhammetturk/Documents/github-projects/burada-v3/node_modules/webpack/lib/Compilation.js:5340:8
    at /Users/muhammetturk/Documents/github-projects/burada-v3/node_modules/webpack/lib/Compilation.js:3744:6
    at /Users/muhammetturk/Documents/github-projects/burada-v3/node_modules/webpack/lib/HookWebpackError.js:66:2
    at Hook.eval [as callAsync] (eval at create (/Users/muhammetturk/Documents/github-projects/burada-v3/node_modules/tapable/lib/HookCodeFactory.js:31:10), <anonymous>:6:1)
    at Cache.store (/Users/muhammetturk/Documents/github-projects/burada-v3/node_modules/webpack/lib/Cache.js:114:20)
    at ItemCacheFacade.store (/Users/muhammetturk/Documents/github-projects/burada-v3/node_modules/webpack/lib/CacheFacade.js:141:15)
    at /Users/muhammetturk/Documents/github-projects/burada-v3/node_modules/webpack/lib/Compilation.js:3743:11
    at /Users/muhammetturk/Documents/github-projects/burada-v3/node_modules/webpack/lib/Cache.js:100:5
    at Hook.eval [as callAsync] (eval at create (/Users/muhammetturk/Documents/github-projects/burada-v3/node_modules/tapable/lib/HookCodeFactory.js:31:10), <anonymous>:6:1)
    at Cache.get (/Users/muhammetturk/Documents/github-projects/burada-v3/node_modules/webpack/lib/Cache.js:82:18)
    at ItemCacheFacade.get (/Users/muhammetturk/Documents/github-projects/burada-v3/node_modules/webpack/lib/CacheFacade.js:115:15)
    at Compilation._codeGenerationModule (/Users/muhammetturk/Documents/github-projects/burada-v3/node_modules/webpack/lib/Compilation.js:3711:9)
    at codeGen (/Users/muhammetturk/Documents/github-projects/burada-v3/node_modules/webpack/lib/Compilation.js:5328:11)
    at symbolIterator (/Users/muhammetturk/Documents/github-projects/burada-v3/node_modules/neo-async/async.js:3482:9)
    at timesSync (/Users/muhammetturk/Documents/github-projects/burada-v3/node_modules/neo-async/async.js:2297:7)
    at Object.eachLimit (/Users/muhammetturk/Documents/github-projects/burada-v3/node_modules/neo-async/async.js:3463:5)
    at /Users/muhammetturk/Documents/github-projects/burada-v3/node_modules/webpack/lib/Compilation.js:5358:14
    at processQueue (/Users/muhammetturk/Documents/github-projects/burada-v3/node_modules/webpack/lib/util/processAsyncTree.js:61:4)
    at process.processTicksAndRejections (node:internal/process/task_queues:84:11)
-- inner error --
Error: Module build failed (from ./node_modules/postcss-loader/dist/cjs.js):
ValidationError: Invalid options object. PostCSS Loader has been initialized using an options object that does not match the API schema.
 - options has an unknown property 'plugins'. These properties are valid:
   object { postcssOptions?, execute?, sourceMap?, implementation? }
    at validate (/Users/muhammetturk/Documents/github-projects/burada-v3/node_modules/schema-utils/dist/validate.js:213:11)
    at Object.getOptions (/Users/muhammetturk/Documents/github-projects/burada-v3/node_modules/webpack/lib/NormalModule.js:721:19)
    at Object.loader (/Users/muhammetturk/Documents/github-projects/burada-v3/node_modules/postcss-loader/dist/index.js:28:24)
    at Object.<anonymous> (/Users/muhammetturk/Documents/github-projects/burada-v3/node_modules/css-loader/dist/cjs.js??clonedRuleSet-3.use[1]!/Users/muhammetturk/Documents/github-projects/burada-v3/node_modules/vue-loader/dist/stylePostLoader.js!/Users/muhammetturk/Documents/github-projects/burada-v3/node_modules/postcss-loader/dist/cjs.js??clonedRuleSet-3.use[2]!/Users/muhammetturk/Documents/github-projects/burada-v3/node_modules/vue-loader/dist/index.js??ruleSet[1].rules[12].use[0]!/Users/muhammetturk/Documents/github-projects/burada-v3/src/components/screens/after-login-page/after-login-page.vue?vue&type=style&index=0&id=0d2294de&scoped=true&lang=css:1:7)
    at /Users/muhammetturk/Documents/github-projects/burada-v3/node_modules/webpack/lib/javascript/JavascriptModulesPlugin.js:544:10
    at Hook.eval [as call] (eval at create (/Users/muhammetturk/Documents/github-projects/burada-v3/node_modules/tapable/lib/HookCodeFactory.js:19:10), <anonymous>:7:1)
    at /Users/muhammetturk/Documents/github-projects/burada-v3/node_modules/webpack/lib/Compilation.js:5543:39
    at tryRunOrWebpackError (/Users/muhammetturk/Documents/github-projects/burada-v3/node_modules/webpack/lib/HookWebpackError.js:80:7)
    at __webpack_require_module__ (/Users/muhammetturk/Documents/github-projects/burada-v3/node_modules/webpack/lib/Compilation.js:5541:12)
    at __webpack_require__ (/Users/muhammetturk/Documents/github-projects/burada-v3/node_modules/webpack/lib/Compilation.js:5488:18)
    at /Users/muhammetturk/Documents/github-projects/burada-v3/node_modules/webpack/lib/Compilation.js:5576:20
    at symbolIterator (/Users/muhammetturk/Documents/github-projects/burada-v3/node_modules/neo-async/async.js:3485:9)
    at done (/Users/muhammetturk/Documents/github-projects/burada-v3/node_modules/neo-async/async.js:3527:9)
    at Hook.eval [as callAsync] (eval at create (/Users/muhammetturk/Documents/github-projects/burada-v3/node_modules/tapable/lib/HookCodeFactory.js:31:10), <anonymous>:15:1)
    at /Users/muhammetturk/Documents/github-projects/burada-v3/node_modules/webpack/lib/Compilation.js:5463:43
    at symbolIterator (/Users/muhammetturk/Documents/github-projects/burada-v3/node_modules/neo-async/async.js:3482:9)
    at timesSync (/Users/muhammetturk/Documents/github-projects/burada-v3/node_modules/neo-async/async.js:2297:7)
    at Object.eachLimit (/Users/muhammetturk/Documents/github-projects/burada-v3/node_modules/neo-async/async.js:3463:5)
    at /Users/muhammetturk/Documents/github-projects/burada-v3/node_modules/webpack/lib/Compilation.js:5426:16
    at symbolIterator (/Users/muhammetturk/Documents/github-projects/burada-v3/node_modules/neo-async/async.js:3485:9)
    at timesSync (/Users/muhammetturk/Documents/github-projects/burada-v3/node_modules/neo-async/async.js:2297:7)
    at Object.eachLimit (/Users/muhammetturk/Documents/github-projects/burada-v3/node_modules/neo-async/async.js:3463:5)
    at /Users/muhammetturk/Documents/github-projects/burada-v3/node_modules/webpack/lib/Compilation.js:5394:15
    at symbolIterator (/Users/muhammetturk/Documents/github-projects/burada-v3/node_modules/neo-async/async.js:3485:9)
    at done (/Users/muhammetturk/Documents/github-projects/burada-v3/node_modules/neo-async/async.js:3527:9)
    at /Users/muhammetturk/Documents/github-projects/burada-v3/node_modules/webpack/lib/Compilation.js:5340:8
    at /Users/muhammetturk/Documents/github-projects/burada-v3/node_modules/webpack/lib/Compilation.js:3744:6
    at /Users/muhammetturk/Documents/github-projects/burada-v3/node_modules/webpack/lib/HookWebpackError.js:66:2
    at Hook.eval [as callAsync] (eval at create (/Users/muhammetturk/Documents/github-projects/burada-v3/node_modules/tapable/lib/HookCodeFactory.js:31:10), <anonymous>:6:1)
    at Cache.store (/Users/muhammetturk/Documents/github-projects/burada-v3/node_modules/webpack/lib/Cache.js:114:20)
    at ItemCacheFacade.store (/Users/muhammetturk/Documents/github-projects/burada-v3/node_modules/webpack/lib/CacheFacade.js:141:15)
    at /Users/muhammetturk/Documents/github-projects/burada-v3/node_modules/webpack/lib/Compilation.js:3743:11
    at /Users/muhammetturk/Documents/github-projects/burada-v3/node_modules/webpack/lib/Cache.js:100:5
    at Hook.eval [as callAsync] (eval at create (/Users/muhammetturk/Documents/github-projects/burada-v3/node_modules/tapable/lib/HookCodeFactory.js:31:10), <anonymous>:6:1)
    at Cache.get (/Users/muhammetturk/Documents/github-projects/burada-v3/node_modules/webpack/lib/Cache.js:82:18)
    at ItemCacheFacade.get (/Users/muhammetturk/Documents/github-projects/burada-v3/node_modules/webpack/lib/CacheFacade.js:115:15)
    at Compilation._codeGenerationModule (/Users/muhammetturk/Documents/github-projects/burada-v3/node_modules/webpack/lib/Compilation.js:3711:9)
    at codeGen (/Users/muhammetturk/Documents/github-projects/burada-v3/node_modules/webpack/lib/Compilation.js:5328:11)
    at symbolIterator (/Users/muhammetturk/Documents/github-projects/burada-v3/node_modules/neo-async/async.js:3482:9)
    at timesSync (/Users/muhammetturk/Documents/github-projects/burada-v3/node_modules/neo-async/async.js:2297:7)
    at Object.eachLimit (/Users/muhammetturk/Documents/github-projects/burada-v3/node_modules/neo-async/async.js:3463:5)
    at /Users/muhammetturk/Documents/github-projects/burada-v3/node_modules/webpack/lib/Compilation.js:5358:14
    at processQueue (/Users/muhammetturk/Documents/github-projects/burada-v3/node_modules/webpack/lib/util/processAsyncTree.js:61:4)
    at process.processTicksAndRejections (node:internal/process/task_queues:84:11)

Generated code for /Users/muhammetturk/Documents/github-projects/burada-v3/node_modules/css-loader/dist/cjs.js??clonedRuleSet-3.use[1]!/Users/muhammetturk/Documents/github-projects/burada-v3/node_modules/vue-loader/dist/stylePostLoader.js!/Users/muhammetturk/Documents/github-projects/burada-v3/node_modules/postcss-loader/dist/cjs.js??clonedRuleSet-3.use[2]!/Users/muhammetturk/Documents/github-projects/burada-v3/node_modules/vue-loader/dist/index.js??ruleSet[1].rules[12].use[0]!/Users/muhammetturk/Documents/github-projects/burada-v3/src/components/screens/after-login-page/after-login-page.vue?vue&type=style&index=0&id=0d2294de&scoped=true&lang=css
1 | throw new Error("Module build failed (from ./node_modules/postcss-loader/dist/cjs.js):\nValidationError: Invalid options object. PostCSS Loader has been initialized using an options object that does not match the API schema.\n - options has an unknown property 'plugins'. These properties are valid:\n   object { postcssOptions?, execute?, sourceMap?, implementation? }\n    at validate (/Users/muhammetturk/Documents/github-projects/burada-v3/node_modules/schema-utils/dist/validate.js:213:11)\n    at Object.getOptions (/Users/muhammetturk/Documents/github-projects/burada-v3/node_modules/webpack/lib/NormalModule.js:721:19)\n    at Object.loader (/Users/muhammetturk/Documents/github-projects/burada-v3/node_modules/postcss-loader/dist/index.js:28:24)");
 @ ./src/components/screens/after-login-page/after-login-page.vue?vue&type=style&index=0&id=0d2294de&scoped=true&lang=css 1:0-447 1:0-447
 @ ./src/components/screens/after-login-page/after-login-page.vue 5:0-87
 @ ./src/router/index.js 8:0-88 55:13-27
 @ ./src/main.js

ERROR in ./src/components/screens/settings/settings.vue?vue&type=style&index=0&id=2bf74eb4&scoped=true&lang=css (./node_modules/mini-css-extract-plugin/dist/loader.js!./node_modules/css-loader/dist/cjs.js??clonedRuleSet-3.use[1]!./node_modules/vue-loader/dist/stylePostLoader.js!./node_modules/postcss-loader/dist/cjs.js??clonedRuleSet-3.use[2]!./node_modules/vue-loader/dist/index.js??ruleSet[1].rules[12].use[0]!./src/components/screens/settings/settings.vue?vue&type=style&index=0&id=2bf74eb4&scoped=true&lang=css)
Module build failed (from ./node_modules/mini-css-extract-plugin/dist/loader.js):
HookWebpackError: Module build failed (from ./node_modules/postcss-loader/dist/cjs.js):
ValidationError: Invalid options object. PostCSS Loader has been initialized using an options object that does not match the API schema.
 - options has an unknown property 'plugins'. These properties are valid:
   object { postcssOptions?, execute?, sourceMap?, implementation? }
    at validate (/Users/muhammetturk/Documents/github-projects/burada-v3/node_modules/schema-utils/dist/validate.js:213:11)
    at Object.getOptions (/Users/muhammetturk/Documents/github-projects/burada-v3/node_modules/webpack/lib/NormalModule.js:721:19)
    at Object.loader (/Users/muhammetturk/Documents/github-projects/burada-v3/node_modules/postcss-loader/dist/index.js:28:24)
    at tryRunOrWebpackError (/Users/muhammetturk/Documents/github-projects/burada-v3/node_modules/webpack/lib/HookWebpackError.js:85:9)
    at __webpack_require_module__ (/Users/muhammetturk/Documents/github-projects/burada-v3/node_modules/webpack/lib/Compilation.js:5541:12)
    at __webpack_require__ (/Users/muhammetturk/Documents/github-projects/burada-v3/node_modules/webpack/lib/Compilation.js:5488:18)
    at /Users/muhammetturk/Documents/github-projects/burada-v3/node_modules/webpack/lib/Compilation.js:5576:20
    at symbolIterator (/Users/muhammetturk/Documents/github-projects/burada-v3/node_modules/neo-async/async.js:3485:9)
    at done (/Users/muhammetturk/Documents/github-projects/burada-v3/node_modules/neo-async/async.js:3527:9)
    at Hook.eval [as callAsync] (eval at create (/Users/muhammetturk/Documents/github-projects/burada-v3/node_modules/tapable/lib/HookCodeFactory.js:31:10), <anonymous>:15:1)
    at /Users/muhammetturk/Documents/github-projects/burada-v3/node_modules/webpack/lib/Compilation.js:5463:43
    at symbolIterator (/Users/muhammetturk/Documents/github-projects/burada-v3/node_modules/neo-async/async.js:3482:9)
    at timesSync (/Users/muhammetturk/Documents/github-projects/burada-v3/node_modules/neo-async/async.js:2297:7)
    at Object.eachLimit (/Users/muhammetturk/Documents/github-projects/burada-v3/node_modules/neo-async/async.js:3463:5)
    at /Users/muhammetturk/Documents/github-projects/burada-v3/node_modules/webpack/lib/Compilation.js:5426:16
    at symbolIterator (/Users/muhammetturk/Documents/github-projects/burada-v3/node_modules/neo-async/async.js:3485:9)
    at timesSync (/Users/muhammetturk/Documents/github-projects/burada-v3/node_modules/neo-async/async.js:2297:7)
    at Object.eachLimit (/Users/muhammetturk/Documents/github-projects/burada-v3/node_modules/neo-async/async.js:3463:5)
    at /Users/muhammetturk/Documents/github-projects/burada-v3/node_modules/webpack/lib/Compilation.js:5394:15
    at symbolIterator (/Users/muhammetturk/Documents/github-projects/burada-v3/node_modules/neo-async/async.js:3485:9)
    at done (/Users/muhammetturk/Documents/github-projects/burada-v3/node_modules/neo-async/async.js:3527:9)
    at /Users/muhammetturk/Documents/github-projects/burada-v3/node_modules/webpack/lib/Compilation.js:5340:8
    at /Users/muhammetturk/Documents/github-projects/burada-v3/node_modules/webpack/lib/Compilation.js:3744:6
    at /Users/muhammetturk/Documents/github-projects/burada-v3/node_modules/webpack/lib/HookWebpackError.js:66:2
    at Hook.eval [as callAsync] (eval at create (/Users/muhammetturk/Documents/github-projects/burada-v3/node_modules/tapable/lib/HookCodeFactory.js:31:10), <anonymous>:6:1)
    at Cache.store (/Users/muhammetturk/Documents/github-projects/burada-v3/node_modules/webpack/lib/Cache.js:114:20)
    at ItemCacheFacade.store (/Users/muhammetturk/Documents/github-projects/burada-v3/node_modules/webpack/lib/CacheFacade.js:141:15)
    at /Users/muhammetturk/Documents/github-projects/burada-v3/node_modules/webpack/lib/Compilation.js:3743:11
    at /Users/muhammetturk/Documents/github-projects/burada-v3/node_modules/webpack/lib/Cache.js:100:5
    at Hook.eval [as callAsync] (eval at create (/Users/muhammetturk/Documents/github-projects/burada-v3/node_modules/tapable/lib/HookCodeFactory.js:31:10), <anonymous>:6:1)
    at Cache.get (/Users/muhammetturk/Documents/github-projects/burada-v3/node_modules/webpack/lib/Cache.js:82:18)
    at ItemCacheFacade.get (/Users/muhammetturk/Documents/github-projects/burada-v3/node_modules/webpack/lib/CacheFacade.js:115:15)
    at Compilation._codeGenerationModule (/Users/muhammetturk/Documents/github-projects/burada-v3/node_modules/webpack/lib/Compilation.js:3711:9)
    at codeGen (/Users/muhammetturk/Documents/github-projects/burada-v3/node_modules/webpack/lib/Compilation.js:5328:11)
    at symbolIterator (/Users/muhammetturk/Documents/github-projects/burada-v3/node_modules/neo-async/async.js:3482:9)
    at timesSync (/Users/muhammetturk/Documents/github-projects/burada-v3/node_modules/neo-async/async.js:2297:7)
    at Object.eachLimit (/Users/muhammetturk/Documents/github-projects/burada-v3/node_modules/neo-async/async.js:3463:5)
    at /Users/muhammetturk/Documents/github-projects/burada-v3/node_modules/webpack/lib/Compilation.js:5358:14
    at processQueue (/Users/muhammetturk/Documents/github-projects/burada-v3/node_modules/webpack/lib/util/processAsyncTree.js:61:4)
    at process.processTicksAndRejections (node:internal/process/task_queues:84:11)
-- inner error --
Error: Module build failed (from ./node_modules/postcss-loader/dist/cjs.js):
ValidationError: Invalid options object. PostCSS Loader has been initialized using an options object that does not match the API schema.
 - options has an unknown property 'plugins'. These properties are valid:
   object { postcssOptions?, execute?, sourceMap?, implementation? }
    at validate (/Users/muhammetturk/Documents/github-projects/burada-v3/node_modules/schema-utils/dist/validate.js:213:11)
    at Object.getOptions (/Users/muhammetturk/Documents/github-projects/burada-v3/node_modules/webpack/lib/NormalModule.js:721:19)
    at Object.loader (/Users/muhammetturk/Documents/github-projects/burada-v3/node_modules/postcss-loader/dist/index.js:28:24)
    at Object.<anonymous> (/Users/muhammetturk/Documents/github-projects/burada-v3/node_modules/css-loader/dist/cjs.js??clonedRuleSet-3.use[1]!/Users/muhammetturk/Documents/github-projects/burada-v3/node_modules/vue-loader/dist/stylePostLoader.js!/Users/muhammetturk/Documents/github-projects/burada-v3/node_modules/postcss-loader/dist/cjs.js??clonedRuleSet-3.use[2]!/Users/muhammetturk/Documents/github-projects/burada-v3/node_modules/vue-loader/dist/index.js??ruleSet[1].rules[12].use[0]!/Users/muhammetturk/Documents/github-projects/burada-v3/src/components/screens/settings/settings.vue?vue&type=style&index=0&id=2bf74eb4&scoped=true&lang=css:1:7)
    at /Users/muhammetturk/Documents/github-projects/burada-v3/node_modules/webpack/lib/javascript/JavascriptModulesPlugin.js:544:10
    at Hook.eval [as call] (eval at create (/Users/muhammetturk/Documents/github-projects/burada-v3/node_modules/tapable/lib/HookCodeFactory.js:19:10), <anonymous>:7:1)
    at /Users/muhammetturk/Documents/github-projects/burada-v3/node_modules/webpack/lib/Compilation.js:5543:39
    at tryRunOrWebpackError (/Users/muhammetturk/Documents/github-projects/burada-v3/node_modules/webpack/lib/HookWebpackError.js:80:7)
    at __webpack_require_module__ (/Users/muhammetturk/Documents/github-projects/burada-v3/node_modules/webpack/lib/Compilation.js:5541:12)
    at __webpack_require__ (/Users/muhammetturk/Documents/github-projects/burada-v3/node_modules/webpack/lib/Compilation.js:5488:18)
    at /Users/muhammetturk/Documents/github-projects/burada-v3/node_modules/webpack/lib/Compilation.js:5576:20
    at symbolIterator (/Users/muhammetturk/Documents/github-projects/burada-v3/node_modules/neo-async/async.js:3485:9)
    at done (/Users/muhammetturk/Documents/github-projects/burada-v3/node_modules/neo-async/async.js:3527:9)
    at Hook.eval [as callAsync] (eval at create (/Users/muhammetturk/Documents/github-projects/burada-v3/node_modules/tapable/lib/HookCodeFactory.js:31:10), <anonymous>:15:1)
    at /Users/muhammetturk/Documents/github-projects/burada-v3/node_modules/webpack/lib/Compilation.js:5463:43
    at symbolIterator (/Users/muhammetturk/Documents/github-projects/burada-v3/node_modules/neo-async/async.js:3482:9)
    at timesSync (/Users/muhammetturk/Documents/github-projects/burada-v3/node_modules/neo-async/async.js:2297:7)
    at Object.eachLimit (/Users/muhammetturk/Documents/github-projects/burada-v3/node_modules/neo-async/async.js:3463:5)
    at /Users/muhammetturk/Documents/github-projects/burada-v3/node_modules/webpack/lib/Compilation.js:5426:16
    at symbolIterator (/Users/muhammetturk/Documents/github-projects/burada-v3/node_modules/neo-async/async.js:3485:9)
    at timesSync (/Users/muhammetturk/Documents/github-projects/burada-v3/node_modules/neo-async/async.js:2297:7)
    at Object.eachLimit (/Users/muhammetturk/Documents/github-projects/burada-v3/node_modules/neo-async/async.js:3463:5)
    at /Users/muhammetturk/Documents/github-projects/burada-v3/node_modules/webpack/lib/Compilation.js:5394:15
    at symbolIterator (/Users/muhammetturk/Documents/github-projects/burada-v3/node_modules/neo-async/async.js:3485:9)
    at done (/Users/muhammetturk/Documents/github-projects/burada-v3/node_modules/neo-async/async.js:3527:9)
    at /Users/muhammetturk/Documents/github-projects/burada-v3/node_modules/webpack/lib/Compilation.js:5340:8
    at /Users/muhammetturk/Documents/github-projects/burada-v3/node_modules/webpack/lib/Compilation.js:3744:6
    at /Users/muhammetturk/Documents/github-projects/burada-v3/node_modules/webpack/lib/HookWebpackError.js:66:2
    at Hook.eval [as callAsync] (eval at create (/Users/muhammetturk/Documents/github-projects/burada-v3/node_modules/tapable/lib/HookCodeFactory.js:31:10), <anonymous>:6:1)
    at Cache.store (/Users/muhammetturk/Documents/github-projects/burada-v3/node_modules/webpack/lib/Cache.js:114:20)
    at ItemCacheFacade.store (/Users/muhammetturk/Documents/github-projects/burada-v3/node_modules/webpack/lib/CacheFacade.js:141:15)
    at /Users/muhammetturk/Documents/github-projects/burada-v3/node_modules/webpack/lib/Compilation.js:3743:11
    at /Users/muhammetturk/Documents/github-projects/burada-v3/node_modules/webpack/lib/Cache.js:100:5
    at Hook.eval [as callAsync] (eval at create (/Users/muhammetturk/Documents/github-projects/burada-v3/node_modules/tapable/lib/HookCodeFactory.js:31:10), <anonymous>:6:1)
    at Cache.get (/Users/muhammetturk/Documents/github-projects/burada-v3/node_modules/webpack/lib/Cache.js:82:18)
    at ItemCacheFacade.get (/Users/muhammetturk/Documents/github-projects/burada-v3/node_modules/webpack/lib/CacheFacade.js:115:15)
    at Compilation._codeGenerationModule (/Users/muhammetturk/Documents/github-projects/burada-v3/node_modules/webpack/lib/Compilation.js:3711:9)
    at codeGen (/Users/muhammetturk/Documents/github-projects/burada-v3/node_modules/webpack/lib/Compilation.js:5328:11)
    at symbolIterator (/Users/muhammetturk/Documents/github-projects/burada-v3/node_modules/neo-async/async.js:3482:9)
    at timesSync (/Users/muhammetturk/Documents/github-projects/burada-v3/node_modules/neo-async/async.js:2297:7)
    at Object.eachLimit (/Users/muhammetturk/Documents/github-projects/burada-v3/node_modules/neo-async/async.js:3463:5)
    at /Users/muhammetturk/Documents/github-projects/burada-v3/node_modules/webpack/lib/Compilation.js:5358:14
    at processQueue (/Users/muhammetturk/Documents/github-projects/burada-v3/node_modules/webpack/lib/util/processAsyncTree.js:61:4)
    at process.processTicksAndRejections (node:internal/process/task_queues:84:11)

Generated code for /Users/muhammetturk/Documents/github-projects/burada-v3/node_modules/css-loader/dist/cjs.js??clonedRuleSet-3.use[1]!/Users/muhammetturk/Documents/github-projects/burada-v3/node_modules/vue-loader/dist/stylePostLoader.js!/Users/muhammetturk/Documents/github-projects/burada-v3/node_modules/postcss-loader/dist/cjs.js??clonedRuleSet-3.use[2]!/Users/muhammetturk/Documents/github-projects/burada-v3/node_modules/vue-loader/dist/index.js??ruleSet[1].rules[12].use[0]!/Users/muhammetturk/Documents/github-projects/burada-v3/src/components/screens/settings/settings.vue?vue&type=style&index=0&id=2bf74eb4&scoped=true&lang=css
1 | throw new Error("Module build failed (from ./node_modules/postcss-loader/dist/cjs.js):\nValidationError: Invalid options object. PostCSS Loader has been initialized using an options object that does not match the API schema.\n - options has an unknown property 'plugins'. These properties are valid:\n   object { postcssOptions?, execute?, sourceMap?, implementation? }\n    at validate (/Users/muhammetturk/Documents/github-projects/burada-v3/node_modules/schema-utils/dist/validate.js:213:11)\n    at Object.getOptions (/Users/muhammetturk/Documents/github-projects/burada-v3/node_modules/webpack/lib/NormalModule.js:721:19)\n    at Object.loader (/Users/muhammetturk/Documents/github-projects/burada-v3/node_modules/postcss-loader/dist/index.js:28:24)");
 @ ./src/components/screens/settings/settings.vue?vue&type=style&index=0&id=2bf74eb4&scoped=true&lang=css 1:0-439 1:0-439
 @ ./src/components/screens/settings/settings.vue 5:0-79
 @ ./src/router/index.js 26:0-66
 @ ./src/main.js

ERROR in ./src/components/app/app.css?vue&type=style&index=0&id=4c0cc9fa&scoped=true&lang=css&external (./node_modules/mini-css-extract-plugin/dist/loader.js!./node_modules/css-loader/dist/cjs.js??clonedRuleSet-3.use[1]!./node_modules/vue-loader/dist/stylePostLoader.js!./node_modules/postcss-loader/dist/cjs.js??clonedRuleSet-3.use[2]!./src/components/app/app.css?vue&type=style&index=0&id=4c0cc9fa&scoped=true&lang=css&external)
Module build failed (from ./node_modules/mini-css-extract-plugin/dist/loader.js):
HookWebpackError: Module build failed (from ./node_modules/postcss-loader/dist/cjs.js):
ValidationError: Invalid options object. PostCSS Loader has been initialized using an options object that does not match the API schema.
 - options has an unknown property 'plugins'. These properties are valid:
   object { postcssOptions?, execute?, sourceMap?, implementation? }
    at validate (/Users/muhammetturk/Documents/github-projects/burada-v3/node_modules/schema-utils/dist/validate.js:213:11)
    at Object.getOptions (/Users/muhammetturk/Documents/github-projects/burada-v3/node_modules/webpack/lib/NormalModule.js:721:19)
    at Object.loader (/Users/muhammetturk/Documents/github-projects/burada-v3/node_modules/postcss-loader/dist/index.js:28:24)
    at tryRunOrWebpackError (/Users/muhammetturk/Documents/github-projects/burada-v3/node_modules/webpack/lib/HookWebpackError.js:85:9)
    at __webpack_require_module__ (/Users/muhammetturk/Documents/github-projects/burada-v3/node_modules/webpack/lib/Compilation.js:5541:12)
    at __webpack_require__ (/Users/muhammetturk/Documents/github-projects/burada-v3/node_modules/webpack/lib/Compilation.js:5488:18)
    at /Users/muhammetturk/Documents/github-projects/burada-v3/node_modules/webpack/lib/Compilation.js:5576:20
    at symbolIterator (/Users/muhammetturk/Documents/github-projects/burada-v3/node_modules/neo-async/async.js:3485:9)
    at done (/Users/muhammetturk/Documents/github-projects/burada-v3/node_modules/neo-async/async.js:3527:9)
    at Hook.eval [as callAsync] (eval at create (/Users/muhammetturk/Documents/github-projects/burada-v3/node_modules/tapable/lib/HookCodeFactory.js:31:10), <anonymous>:15:1)
    at /Users/muhammetturk/Documents/github-projects/burada-v3/node_modules/webpack/lib/Compilation.js:5463:43
    at symbolIterator (/Users/muhammetturk/Documents/github-projects/burada-v3/node_modules/neo-async/async.js:3482:9)
    at timesSync (/Users/muhammetturk/Documents/github-projects/burada-v3/node_modules/neo-async/async.js:2297:7)
    at Object.eachLimit (/Users/muhammetturk/Documents/github-projects/burada-v3/node_modules/neo-async/async.js:3463:5)
    at /Users/muhammetturk/Documents/github-projects/burada-v3/node_modules/webpack/lib/Compilation.js:5426:16
    at symbolIterator (/Users/muhammetturk/Documents/github-projects/burada-v3/node_modules/neo-async/async.js:3485:9)
    at timesSync (/Users/muhammetturk/Documents/github-projects/burada-v3/node_modules/neo-async/async.js:2297:7)
    at Object.eachLimit (/Users/muhammetturk/Documents/github-projects/burada-v3/node_modules/neo-async/async.js:3463:5)
    at /Users/muhammetturk/Documents/github-projects/burada-v3/node_modules/webpack/lib/Compilation.js:5394:15
    at symbolIterator (/Users/muhammetturk/Documents/github-projects/burada-v3/node_modules/neo-async/async.js:3485:9)
    at done (/Users/muhammetturk/Documents/github-projects/burada-v3/node_modules/neo-async/async.js:3527:9)
    at /Users/muhammetturk/Documents/github-projects/burada-v3/node_modules/webpack/lib/Compilation.js:5340:8
    at /Users/muhammetturk/Documents/github-projects/burada-v3/node_modules/webpack/lib/Compilation.js:3744:6
    at /Users/muhammetturk/Documents/github-projects/burada-v3/node_modules/webpack/lib/HookWebpackError.js:66:2
    at Hook.eval [as callAsync] (eval at create (/Users/muhammetturk/Documents/github-projects/burada-v3/node_modules/tapable/lib/HookCodeFactory.js:31:10), <anonymous>:6:1)
    at Cache.store (/Users/muhammetturk/Documents/github-projects/burada-v3/node_modules/webpack/lib/Cache.js:114:20)
    at ItemCacheFacade.store (/Users/muhammetturk/Documents/github-projects/burada-v3/node_modules/webpack/lib/CacheFacade.js:141:15)
    at /Users/muhammetturk/Documents/github-projects/burada-v3/node_modules/webpack/lib/Compilation.js:3743:11
    at /Users/muhammetturk/Documents/github-projects/burada-v3/node_modules/webpack/lib/Cache.js:100:5
    at Hook.eval [as callAsync] (eval at create (/Users/muhammetturk/Documents/github-projects/burada-v3/node_modules/tapable/lib/HookCodeFactory.js:31:10), <anonymous>:6:1)
    at Cache.get (/Users/muhammetturk/Documents/github-projects/burada-v3/node_modules/webpack/lib/Cache.js:82:18)
    at ItemCacheFacade.get (/Users/muhammetturk/Documents/github-projects/burada-v3/node_modules/webpack/lib/CacheFacade.js:115:15)
    at Compilation._codeGenerationModule (/Users/muhammetturk/Documents/github-projects/burada-v3/node_modules/webpack/lib/Compilation.js:3711:9)
    at codeGen (/Users/muhammetturk/Documents/github-projects/burada-v3/node_modules/webpack/lib/Compilation.js:5328:11)
    at symbolIterator (/Users/muhammetturk/Documents/github-projects/burada-v3/node_modules/neo-async/async.js:3482:9)
    at timesSync (/Users/muhammetturk/Documents/github-projects/burada-v3/node_modules/neo-async/async.js:2297:7)
    at Object.eachLimit (/Users/muhammetturk/Documents/github-projects/burada-v3/node_modules/neo-async/async.js:3463:5)
    at /Users/muhammetturk/Documents/github-projects/burada-v3/node_modules/webpack/lib/Compilation.js:5358:14
    at processQueue (/Users/muhammetturk/Documents/github-projects/burada-v3/node_modules/webpack/lib/util/processAsyncTree.js:61:4)
    at processTicksAndRejections (node:internal/process/task_queues:84:11)
    at runNextTicks (node:internal/process/task_queues:68:3)
    at process.processImmediate (node:internal/timers:472:9)
-- inner error --
Error: Module build failed (from ./node_modules/postcss-loader/dist/cjs.js):
ValidationError: Invalid options object. PostCSS Loader has been initialized using an options object that does not match the API schema.
 - options has an unknown property 'plugins'. These properties are valid:
   object { postcssOptions?, execute?, sourceMap?, implementation? }
    at validate (/Users/muhammetturk/Documents/github-projects/burada-v3/node_modules/schema-utils/dist/validate.js:213:11)
    at Object.getOptions (/Users/muhammetturk/Documents/github-projects/burada-v3/node_modules/webpack/lib/NormalModule.js:721:19)
    at Object.loader (/Users/muhammetturk/Documents/github-projects/burada-v3/node_modules/postcss-loader/dist/index.js:28:24)
    at Object.<anonymous> (/Users/muhammetturk/Documents/github-projects/burada-v3/node_modules/css-loader/dist/cjs.js??clonedRuleSet-3.use[1]!/Users/muhammetturk/Documents/github-projects/burada-v3/node_modules/vue-loader/dist/stylePostLoader.js!/Users/muhammetturk/Documents/github-projects/burada-v3/node_modules/postcss-loader/dist/cjs.js??clonedRuleSet-3.use[2]!/Users/muhammetturk/Documents/github-projects/burada-v3/src/components/app/app.css?vue&type=style&index=0&id=4c0cc9fa&scoped=true&lang=css&external:1:7)
    at /Users/muhammetturk/Documents/github-projects/burada-v3/node_modules/webpack/lib/javascript/JavascriptModulesPlugin.js:544:10
    at Hook.eval [as call] (eval at create (/Users/muhammetturk/Documents/github-projects/burada-v3/node_modules/tapable/lib/HookCodeFactory.js:19:10), <anonymous>:7:1)
    at /Users/muhammetturk/Documents/github-projects/burada-v3/node_modules/webpack/lib/Compilation.js:5543:39
    at tryRunOrWebpackError (/Users/muhammetturk/Documents/github-projects/burada-v3/node_modules/webpack/lib/HookWebpackError.js:80:7)
    at __webpack_require_module__ (/Users/muhammetturk/Documents/github-projects/burada-v3/node_modules/webpack/lib/Compilation.js:5541:12)
    at __webpack_require__ (/Users/muhammetturk/Documents/github-projects/burada-v3/node_modules/webpack/lib/Compilation.js:5488:18)
    at /Users/muhammetturk/Documents/github-projects/burada-v3/node_modules/webpack/lib/Compilation.js:5576:20
    at symbolIterator (/Users/muhammetturk/Documents/github-projects/burada-v3/node_modules/neo-async/async.js:3485:9)
    at done (/Users/muhammetturk/Documents/github-projects/burada-v3/node_modules/neo-async/async.js:3527:9)
    at Hook.eval [as callAsync] (eval at create (/Users/muhammetturk/Documents/github-projects/burada-v3/node_modules/tapable/lib/HookCodeFactory.js:31:10), <anonymous>:15:1)
    at /Users/muhammetturk/Documents/github-projects/burada-v3/node_modules/webpack/lib/Compilation.js:5463:43
    at symbolIterator (/Users/muhammetturk/Documents/github-projects/burada-v3/node_modules/neo-async/async.js:3482:9)
    at timesSync (/Users/muhammetturk/Documents/github-projects/burada-v3/node_modules/neo-async/async.js:2297:7)
    at Object.eachLimit (/Users/muhammetturk/Documents/github-projects/burada-v3/node_modules/neo-async/async.js:3463:5)
    at /Users/muhammetturk/Documents/github-projects/burada-v3/node_modules/webpack/lib/Compilation.js:5426:16
    at symbolIterator (/Users/muhammetturk/Documents/github-projects/burada-v3/node_modules/neo-async/async.js:3485:9)
    at timesSync (/Users/muhammetturk/Documents/github-projects/burada-v3/node_modules/neo-async/async.js:2297:7)
    at Object.eachLimit (/Users/muhammetturk/Documents/github-projects/burada-v3/node_modules/neo-async/async.js:3463:5)
    at /Users/muhammetturk/Documents/github-projects/burada-v3/node_modules/webpack/lib/Compilation.js:5394:15
    at symbolIterator (/Users/muhammetturk/Documents/github-projects/burada-v3/node_modules/neo-async/async.js:3485:9)
    at done (/Users/muhammetturk/Documents/github-projects/burada-v3/node_modules/neo-async/async.js:3527:9)
    at /Users/muhammetturk/Documents/github-projects/burada-v3/node_modules/webpack/lib/Compilation.js:5340:8
    at /Users/muhammetturk/Documents/github-projects/burada-v3/node_modules/webpack/lib/Compilation.js:3744:6
    at /Users/muhammetturk/Documents/github-projects/burada-v3/node_modules/webpack/lib/HookWebpackError.js:66:2
    at Hook.eval [as callAsync] (eval at create (/Users/muhammetturk/Documents/github-projects/burada-v3/node_modules/tapable/lib/HookCodeFactory.js:31:10), <anonymous>:6:1)
    at Cache.store (/Users/muhammetturk/Documents/github-projects/burada-v3/node_modules/webpack/lib/Cache.js:114:20)
    at ItemCacheFacade.store (/Users/muhammetturk/Documents/github-projects/burada-v3/node_modules/webpack/lib/CacheFacade.js:141:15)
    at /Users/muhammetturk/Documents/github-projects/burada-v3/node_modules/webpack/lib/Compilation.js:3743:11
    at /Users/muhammetturk/Documents/github-projects/burada-v3/node_modules/webpack/lib/Cache.js:100:5
    at Hook.eval [as callAsync] (eval at create (/Users/muhammetturk/Documents/github-projects/burada-v3/node_modules/tapable/lib/HookCodeFactory.js:31:10), <anonymous>:6:1)
    at Cache.get (/Users/muhammetturk/Documents/github-projects/burada-v3/node_modules/webpack/lib/Cache.js:82:18)
    at ItemCacheFacade.get (/Users/muhammetturk/Documents/github-projects/burada-v3/node_modules/webpack/lib/CacheFacade.js:115:15)
    at Compilation._codeGenerationModule (/Users/muhammetturk/Documents/github-projects/burada-v3/node_modules/webpack/lib/Compilation.js:3711:9)
    at codeGen (/Users/muhammetturk/Documents/github-projects/burada-v3/node_modules/webpack/lib/Compilation.js:5328:11)
    at symbolIterator (/Users/muhammetturk/Documents/github-projects/burada-v3/node_modules/neo-async/async.js:3482:9)
    at timesSync (/Users/muhammetturk/Documents/github-projects/burada-v3/node_modules/neo-async/async.js:2297:7)
    at Object.eachLimit (/Users/muhammetturk/Documents/github-projects/burada-v3/node_modules/neo-async/async.js:3463:5)
    at /Users/muhammetturk/Documents/github-projects/burada-v3/node_modules/webpack/lib/Compilation.js:5358:14
    at processQueue (/Users/muhammetturk/Documents/github-projects/burada-v3/node_modules/webpack/lib/util/processAsyncTree.js:61:4)
    at processTicksAndRejections (node:internal/process/task_queues:84:11)
    at runNextTicks (node:internal/process/task_queues:68:3)
    at process.processImmediate (node:internal/timers:472:9)

Generated code for /Users/muhammetturk/Documents/github-projects/burada-v3/node_modules/css-loader/dist/cjs.js??clonedRuleSet-3.use[1]!/Users/muhammetturk/Documents/github-projects/burada-v3/node_modules/vue-loader/dist/stylePostLoader.js!/Users/muhammetturk/Documents/github-projects/burada-v3/node_modules/postcss-loader/dist/cjs.js??clonedRuleSet-3.use[2]!/Users/muhammetturk/Documents/github-projects/burada-v3/src/components/app/app.css?vue&type=style&index=0&id=4c0cc9fa&scoped=true&lang=css&external
1 | throw new Error("Module build failed (from ./node_modules/postcss-loader/dist/cjs.js):\nValidationError: Invalid options object. PostCSS Loader has been initialized using an options object that does not match the API schema.\n - options has an unknown property 'plugins'. These properties are valid:\n   object { postcssOptions?, execute?, sourceMap?, implementation? }\n    at validate (/Users/muhammetturk/Documents/github-projects/burada-v3/node_modules/schema-utils/dist/validate.js:213:11)\n    at Object.getOptions (/Users/muhammetturk/Documents/github-projects/burada-v3/node_modules/webpack/lib/NormalModule.js:721:19)\n    at Object.loader (/Users/muhammetturk/Documents/github-projects/burada-v3/node_modules/postcss-loader/dist/index.js:28:24)");
 @ ./src/components/app/app.css?vue&type=style&index=0&id=4c0cc9fa&scoped=true&lang=css&external 1:0-352 1:0-352
 @ ./src/components/app/app.vue 5:0-83
 @ ./src/main.js 2:0-43 56:22-25

ERROR in ./src/components/complementarities/footer/footer.css?vue&type=style&index=0&id=2dbb4382&scoped=true&lang=css&external (./node_modules/mini-css-extract-plugin/dist/loader.js!./node_modules/css-loader/dist/cjs.js??clonedRuleSet-3.use[1]!./node_modules/vue-loader/dist/stylePostLoader.js!./node_modules/postcss-loader/dist/cjs.js??clonedRuleSet-3.use[2]!./src/components/complementarities/footer/footer.css?vue&type=style&index=0&id=2dbb4382&scoped=true&lang=css&external)
Module build failed (from ./node_modules/mini-css-extract-plugin/dist/loader.js):
HookWebpackError: Module build failed (from ./node_modules/postcss-loader/dist/cjs.js):
ValidationError: Invalid options object. PostCSS Loader has been initialized using an options object that does not match the API schema.
 - options has an unknown property 'plugins'. These properties are valid:
   object { postcssOptions?, execute?, sourceMap?, implementation? }
    at validate (/Users/muhammetturk/Documents/github-projects/burada-v3/node_modules/schema-utils/dist/validate.js:213:11)
    at Object.getOptions (/Users/muhammetturk/Documents/github-projects/burada-v3/node_modules/webpack/lib/NormalModule.js:721:19)
    at Object.loader (/Users/muhammetturk/Documents/github-projects/burada-v3/node_modules/postcss-loader/dist/index.js:28:24)
    at tryRunOrWebpackError (/Users/muhammetturk/Documents/github-projects/burada-v3/node_modules/webpack/lib/HookWebpackError.js:85:9)
    at __webpack_require_module__ (/Users/muhammetturk/Documents/github-projects/burada-v3/node_modules/webpack/lib/Compilation.js:5541:12)
    at __webpack_require__ (/Users/muhammetturk/Documents/github-projects/burada-v3/node_modules/webpack/lib/Compilation.js:5488:18)
    at /Users/muhammetturk/Documents/github-projects/burada-v3/node_modules/webpack/lib/Compilation.js:5576:20
    at symbolIterator (/Users/muhammetturk/Documents/github-projects/burada-v3/node_modules/neo-async/async.js:3485:9)
    at done (/Users/muhammetturk/Documents/github-projects/burada-v3/node_modules/neo-async/async.js:3527:9)
    at Hook.eval [as callAsync] (eval at create (/Users/muhammetturk/Documents/github-projects/burada-v3/node_modules/tapable/lib/HookCodeFactory.js:31:10), <anonymous>:15:1)
    at /Users/muhammetturk/Documents/github-projects/burada-v3/node_modules/webpack/lib/Compilation.js:5463:43
    at symbolIterator (/Users/muhammetturk/Documents/github-projects/burada-v3/node_modules/neo-async/async.js:3482:9)
    at timesSync (/Users/muhammetturk/Documents/github-projects/burada-v3/node_modules/neo-async/async.js:2297:7)
    at Object.eachLimit (/Users/muhammetturk/Documents/github-projects/burada-v3/node_modules/neo-async/async.js:3463:5)
    at /Users/muhammetturk/Documents/github-projects/burada-v3/node_modules/webpack/lib/Compilation.js:5426:16
    at symbolIterator (/Users/muhammetturk/Documents/github-projects/burada-v3/node_modules/neo-async/async.js:3485:9)
    at timesSync (/Users/muhammetturk/Documents/github-projects/burada-v3/node_modules/neo-async/async.js:2297:7)
    at Object.eachLimit (/Users/muhammetturk/Documents/github-projects/burada-v3/node_modules/neo-async/async.js:3463:5)
    at /Users/muhammetturk/Documents/github-projects/burada-v3/node_modules/webpack/lib/Compilation.js:5394:15
    at symbolIterator (/Users/muhammetturk/Documents/github-projects/burada-v3/node_modules/neo-async/async.js:3485:9)
    at done (/Users/muhammetturk/Documents/github-projects/burada-v3/node_modules/neo-async/async.js:3527:9)
    at /Users/muhammetturk/Documents/github-projects/burada-v3/node_modules/webpack/lib/Compilation.js:5340:8
    at /Users/muhammetturk/Documents/github-projects/burada-v3/node_modules/webpack/lib/Compilation.js:3744:6
    at /Users/muhammetturk/Documents/github-projects/burada-v3/node_modules/webpack/lib/HookWebpackError.js:66:2
    at Hook.eval [as callAsync] (eval at create (/Users/muhammetturk/Documents/github-projects/burada-v3/node_modules/tapable/lib/HookCodeFactory.js:31:10), <anonymous>:6:1)
    at Cache.store (/Users/muhammetturk/Documents/github-projects/burada-v3/node_modules/webpack/lib/Cache.js:114:20)
    at ItemCacheFacade.store (/Users/muhammetturk/Documents/github-projects/burada-v3/node_modules/webpack/lib/CacheFacade.js:141:15)
    at /Users/muhammetturk/Documents/github-projects/burada-v3/node_modules/webpack/lib/Compilation.js:3743:11
    at /Users/muhammetturk/Documents/github-projects/burada-v3/node_modules/webpack/lib/Cache.js:100:5
    at Hook.eval [as callAsync] (eval at create (/Users/muhammetturk/Documents/github-projects/burada-v3/node_modules/tapable/lib/HookCodeFactory.js:31:10), <anonymous>:6:1)
    at Cache.get (/Users/muhammetturk/Documents/github-projects/burada-v3/node_modules/webpack/lib/Cache.js:82:18)
    at ItemCacheFacade.get (/Users/muhammetturk/Documents/github-projects/burada-v3/node_modules/webpack/lib/CacheFacade.js:115:15)
    at Compilation._codeGenerationModule (/Users/muhammetturk/Documents/github-projects/burada-v3/node_modules/webpack/lib/Compilation.js:3711:9)
    at codeGen (/Users/muhammetturk/Documents/github-projects/burada-v3/node_modules/webpack/lib/Compilation.js:5328:11)
    at symbolIterator (/Users/muhammetturk/Documents/github-projects/burada-v3/node_modules/neo-async/async.js:3482:9)
    at timesSync (/Users/muhammetturk/Documents/github-projects/burada-v3/node_modules/neo-async/async.js:2297:7)
    at Object.eachLimit (/Users/muhammetturk/Documents/github-projects/burada-v3/node_modules/neo-async/async.js:3463:5)
    at /Users/muhammetturk/Documents/github-projects/burada-v3/node_modules/webpack/lib/Compilation.js:5358:14
    at processQueue (/Users/muhammetturk/Documents/github-projects/burada-v3/node_modules/webpack/lib/util/processAsyncTree.js:61:4)
    at process.processTicksAndRejections (node:internal/process/task_queues:84:11)
-- inner error --
Error: Module build failed (from ./node_modules/postcss-loader/dist/cjs.js):
ValidationError: Invalid options object. PostCSS Loader has been initialized using an options object that does not match the API schema.
 - options has an unknown property 'plugins'. These properties are valid:
   object { postcssOptions?, execute?, sourceMap?, implementation? }
    at validate (/Users/muhammetturk/Documents/github-projects/burada-v3/node_modules/schema-utils/dist/validate.js:213:11)
    at Object.getOptions (/Users/muhammetturk/Documents/github-projects/burada-v3/node_modules/webpack/lib/NormalModule.js:721:19)
    at Object.loader (/Users/muhammetturk/Documents/github-projects/burada-v3/node_modules/postcss-loader/dist/index.js:28:24)
    at Object.<anonymous> (/Users/muhammetturk/Documents/github-projects/burada-v3/node_modules/css-loader/dist/cjs.js??clonedRuleSet-3.use[1]!/Users/muhammetturk/Documents/github-projects/burada-v3/node_modules/vue-loader/dist/stylePostLoader.js!/Users/muhammetturk/Documents/github-projects/burada-v3/node_modules/postcss-loader/dist/cjs.js??clonedRuleSet-3.use[2]!/Users/muhammetturk/Documents/github-projects/burada-v3/src/components/complementarities/footer/footer.css?vue&type=style&index=0&id=2dbb4382&scoped=true&lang=css&external:1:7)
    at /Users/muhammetturk/Documents/github-projects/burada-v3/node_modules/webpack/lib/javascript/JavascriptModulesPlugin.js:544:10
    at Hook.eval [as call] (eval at create (/Users/muhammetturk/Documents/github-projects/burada-v3/node_modules/tapable/lib/HookCodeFactory.js:19:10), <anonymous>:7:1)
    at /Users/muhammetturk/Documents/github-projects/burada-v3/node_modules/webpack/lib/Compilation.js:5543:39
    at tryRunOrWebpackError (/Users/muhammetturk/Documents/github-projects/burada-v3/node_modules/webpack/lib/HookWebpackError.js:80:7)
    at __webpack_require_module__ (/Users/muhammetturk/Documents/github-projects/burada-v3/node_modules/webpack/lib/Compilation.js:5541:12)
    at __webpack_require__ (/Users/muhammetturk/Documents/github-projects/burada-v3/node_modules/webpack/lib/Compilation.js:5488:18)
    at /Users/muhammetturk/Documents/github-projects/burada-v3/node_modules/webpack/lib/Compilation.js:5576:20
    at symbolIterator (/Users/muhammetturk/Documents/github-projects/burada-v3/node_modules/neo-async/async.js:3485:9)
    at done (/Users/muhammetturk/Documents/github-projects/burada-v3/node_modules/neo-async/async.js:3527:9)
    at Hook.eval [as callAsync] (eval at create (/Users/muhammetturk/Documents/github-projects/burada-v3/node_modules/tapable/lib/HookCodeFactory.js:31:10), <anonymous>:15:1)
    at /Users/muhammetturk/Documents/github-projects/burada-v3/node_modules/webpack/lib/Compilation.js:5463:43
    at symbolIterator (/Users/muhammetturk/Documents/github-projects/burada-v3/node_modules/neo-async/async.js:3482:9)
    at timesSync (/Users/muhammetturk/Documents/github-projects/burada-v3/node_modules/neo-async/async.js:2297:7)
    at Object.eachLimit (/Users/muhammetturk/Documents/github-projects/burada-v3/node_modules/neo-async/async.js:3463:5)
    at /Users/muhammetturk/Documents/github-projects/burada-v3/node_modules/webpack/lib/Compilation.js:5426:16
    at symbolIterator (/Users/muhammetturk/Documents/github-projects/burada-v3/node_modules/neo-async/async.js:3485:9)
    at timesSync (/Users/muhammetturk/Documents/github-projects/burada-v3/node_modules/neo-async/async.js:2297:7)
    at Object.eachLimit (/Users/muhammetturk/Documents/github-projects/burada-v3/node_modules/neo-async/async.js:3463:5)
    at /Users/muhammetturk/Documents/github-projects/burada-v3/node_modules/webpack/lib/Compilation.js:5394:15
    at symbolIterator (/Users/muhammetturk/Documents/github-projects/burada-v3/node_modules/neo-async/async.js:3485:9)
    at done (/Users/muhammetturk/Documents/github-projects/burada-v3/node_modules/neo-async/async.js:3527:9)
    at /Users/muhammetturk/Documents/github-projects/burada-v3/node_modules/webpack/lib/Compilation.js:5340:8
    at /Users/muhammetturk/Documents/github-projects/burada-v3/node_modules/webpack/lib/Compilation.js:3744:6
    at /Users/muhammetturk/Documents/github-projects/burada-v3/node_modules/webpack/lib/HookWebpackError.js:66:2
    at Hook.eval [as callAsync] (eval at create (/Users/muhammetturk/Documents/github-projects/burada-v3/node_modules/tapable/lib/HookCodeFactory.js:31:10), <anonymous>:6:1)
    at Cache.store (/Users/muhammetturk/Documents/github-projects/burada-v3/node_modules/webpack/lib/Cache.js:114:20)
    at ItemCacheFacade.store (/Users/muhammetturk/Documents/github-projects/burada-v3/node_modules/webpack/lib/CacheFacade.js:141:15)
    at /Users/muhammetturk/Documents/github-projects/burada-v3/node_modules/webpack/lib/Compilation.js:3743:11
    at /Users/muhammetturk/Documents/github-projects/burada-v3/node_modules/webpack/lib/Cache.js:100:5
    at Hook.eval [as callAsync] (eval at create (/Users/muhammetturk/Documents/github-projects/burada-v3/node_modules/tapable/lib/HookCodeFactory.js:31:10), <anonymous>:6:1)
    at Cache.get (/Users/muhammetturk/Documents/github-projects/burada-v3/node_modules/webpack/lib/Cache.js:82:18)
    at ItemCacheFacade.get (/Users/muhammetturk/Documents/github-projects/burada-v3/node_modules/webpack/lib/CacheFacade.js:115:15)
    at Compilation._codeGenerationModule (/Users/muhammetturk/Documents/github-projects/burada-v3/node_modules/webpack/lib/Compilation.js:3711:9)
    at codeGen (/Users/muhammetturk/Documents/github-projects/burada-v3/node_modules/webpack/lib/Compilation.js:5328:11)
    at symbolIterator (/Users/muhammetturk/Documents/github-projects/burada-v3/node_modules/neo-async/async.js:3482:9)
    at timesSync (/Users/muhammetturk/Documents/github-projects/burada-v3/node_modules/neo-async/async.js:2297:7)
    at Object.eachLimit (/Users/muhammetturk/Documents/github-projects/burada-v3/node_modules/neo-async/async.js:3463:5)
    at /Users/muhammetturk/Documents/github-projects/burada-v3/node_modules/webpack/lib/Compilation.js:5358:14
    at processQueue (/Users/muhammetturk/Documents/github-projects/burada-v3/node_modules/webpack/lib/util/processAsyncTree.js:61:4)
    at process.processTicksAndRejections (node:internal/process/task_queues:84:11)

Generated code for /Users/muhammetturk/Documents/github-projects/burada-v3/node_modules/css-loader/dist/cjs.js??clonedRuleSet-3.use[1]!/Users/muhammetturk/Documents/github-projects/burada-v3/node_modules/vue-loader/dist/stylePostLoader.js!/Users/muhammetturk/Documents/github-projects/burada-v3/node_modules/postcss-loader/dist/cjs.js??clonedRuleSet-3.use[2]!/Users/muhammetturk/Documents/github-projects/burada-v3/src/components/complementarities/footer/footer.css?vue&type=style&index=0&id=2dbb4382&scoped=true&lang=css&external
1 | throw new Error("Module build failed (from ./node_modules/postcss-loader/dist/cjs.js):\nValidationError: Invalid options object. PostCSS Loader has been initialized using an options object that does not match the API schema.\n - options has an unknown property 'plugins'. These properties are valid:\n   object { postcssOptions?, execute?, sourceMap?, implementation? }\n    at validate (/Users/muhammetturk/Documents/github-projects/burada-v3/node_modules/schema-utils/dist/validate.js:213:11)\n    at Object.getOptions (/Users/muhammetturk/Documents/github-projects/burada-v3/node_modules/webpack/lib/NormalModule.js:721:19)\n    at Object.loader (/Users/muhammetturk/Documents/github-projects/burada-v3/node_modules/postcss-loader/dist/index.js:28:24)");
 @ ./src/components/complementarities/footer/footer.css?vue&type=style&index=0&id=2dbb4382&scoped=true&lang=css&external 1:0-367 1:0-367
 @ ./src/components/complementarities/footer/footer.vue 5:0-86
 @ ./node_modules/babel-loader/lib/index.js!./src/components/screens/login/login.js?vue&type=script&lang=js&external 51:0-70 63:4-10
 @ ./src/components/screens/login/login.js?vue&type=script&lang=js&external 1:0-123 1:0-123 1:124-236 1:124-236
 @ ./src/components/screens/login/login.vue 2:0-64 8:49-55 3:0-59 3:0-59
 @ ./src/router/index.js 18:0-57 46:13-18
 @ ./src/main.js

ERROR in ./src/components/complementarities/menubar/menubar.css?vue&type=style&index=0&id=3bb0520e&scoped=true&lang=css&external (./node_modules/mini-css-extract-plugin/dist/loader.js!./node_modules/css-loader/dist/cjs.js??clonedRuleSet-3.use[1]!./node_modules/vue-loader/dist/stylePostLoader.js!./node_modules/postcss-loader/dist/cjs.js??clonedRuleSet-3.use[2]!./src/components/complementarities/menubar/menubar.css?vue&type=style&index=0&id=3bb0520e&scoped=true&lang=css&external)
Module build failed (from ./node_modules/mini-css-extract-plugin/dist/loader.js):
HookWebpackError: Module build failed (from ./node_modules/postcss-loader/dist/cjs.js):
ValidationError: Invalid options object. PostCSS Loader has been initialized using an options object that does not match the API schema.
 - options has an unknown property 'plugins'. These properties are valid:
   object { postcssOptions?, execute?, sourceMap?, implementation? }
    at validate (/Users/muhammetturk/Documents/github-projects/burada-v3/node_modules/schema-utils/dist/validate.js:213:11)
    at Object.getOptions (/Users/muhammetturk/Documents/github-projects/burada-v3/node_modules/webpack/lib/NormalModule.js:721:19)
    at Object.loader (/Users/muhammetturk/Documents/github-projects/burada-v3/node_modules/postcss-loader/dist/index.js:28:24)
    at tryRunOrWebpackError (/Users/muhammetturk/Documents/github-projects/burada-v3/node_modules/webpack/lib/HookWebpackError.js:85:9)
    at __webpack_require_module__ (/Users/muhammetturk/Documents/github-projects/burada-v3/node_modules/webpack/lib/Compilation.js:5541:12)
    at __webpack_require__ (/Users/muhammetturk/Documents/github-projects/burada-v3/node_modules/webpack/lib/Compilation.js:5488:18)
    at /Users/muhammetturk/Documents/github-projects/burada-v3/node_modules/webpack/lib/Compilation.js:5576:20
    at symbolIterator (/Users/muhammetturk/Documents/github-projects/burada-v3/node_modules/neo-async/async.js:3485:9)
    at done (/Users/muhammetturk/Documents/github-projects/burada-v3/node_modules/neo-async/async.js:3527:9)
    at Hook.eval [as callAsync] (eval at create (/Users/muhammetturk/Documents/github-projects/burada-v3/node_modules/tapable/lib/HookCodeFactory.js:31:10), <anonymous>:15:1)
    at /Users/muhammetturk/Documents/github-projects/burada-v3/node_modules/webpack/lib/Compilation.js:5463:43
    at symbolIterator (/Users/muhammetturk/Documents/github-projects/burada-v3/node_modules/neo-async/async.js:3482:9)
    at timesSync (/Users/muhammetturk/Documents/github-projects/burada-v3/node_modules/neo-async/async.js:2297:7)
    at Object.eachLimit (/Users/muhammetturk/Documents/github-projects/burada-v3/node_modules/neo-async/async.js:3463:5)
    at /Users/muhammetturk/Documents/github-projects/burada-v3/node_modules/webpack/lib/Compilation.js:5426:16
    at symbolIterator (/Users/muhammetturk/Documents/github-projects/burada-v3/node_modules/neo-async/async.js:3485:9)
    at timesSync (/Users/muhammetturk/Documents/github-projects/burada-v3/node_modules/neo-async/async.js:2297:7)
    at Object.eachLimit (/Users/muhammetturk/Documents/github-projects/burada-v3/node_modules/neo-async/async.js:3463:5)
    at /Users/muhammetturk/Documents/github-projects/burada-v3/node_modules/webpack/lib/Compilation.js:5394:15
    at symbolIterator (/Users/muhammetturk/Documents/github-projects/burada-v3/node_modules/neo-async/async.js:3485:9)
    at done (/Users/muhammetturk/Documents/github-projects/burada-v3/node_modules/neo-async/async.js:3527:9)
    at /Users/muhammetturk/Documents/github-projects/burada-v3/node_modules/webpack/lib/Compilation.js:5340:8
    at /Users/muhammetturk/Documents/github-projects/burada-v3/node_modules/webpack/lib/Compilation.js:3744:6
    at /Users/muhammetturk/Documents/github-projects/burada-v3/node_modules/webpack/lib/HookWebpackError.js:66:2
    at Hook.eval [as callAsync] (eval at create (/Users/muhammetturk/Documents/github-projects/burada-v3/node_modules/tapable/lib/HookCodeFactory.js:31:10), <anonymous>:6:1)
    at Cache.store (/Users/muhammetturk/Documents/github-projects/burada-v3/node_modules/webpack/lib/Cache.js:114:20)
    at ItemCacheFacade.store (/Users/muhammetturk/Documents/github-projects/burada-v3/node_modules/webpack/lib/CacheFacade.js:141:15)
    at /Users/muhammetturk/Documents/github-projects/burada-v3/node_modules/webpack/lib/Compilation.js:3743:11
    at /Users/muhammetturk/Documents/github-projects/burada-v3/node_modules/webpack/lib/Cache.js:100:5
    at Hook.eval [as callAsync] (eval at create (/Users/muhammetturk/Documents/github-projects/burada-v3/node_modules/tapable/lib/HookCodeFactory.js:31:10), <anonymous>:6:1)
    at Cache.get (/Users/muhammetturk/Documents/github-projects/burada-v3/node_modules/webpack/lib/Cache.js:82:18)
    at ItemCacheFacade.get (/Users/muhammetturk/Documents/github-projects/burada-v3/node_modules/webpack/lib/CacheFacade.js:115:15)
    at Compilation._codeGenerationModule (/Users/muhammetturk/Documents/github-projects/burada-v3/node_modules/webpack/lib/Compilation.js:3711:9)
    at codeGen (/Users/muhammetturk/Documents/github-projects/burada-v3/node_modules/webpack/lib/Compilation.js:5328:11)
    at symbolIterator (/Users/muhammetturk/Documents/github-projects/burada-v3/node_modules/neo-async/async.js:3482:9)
    at timesSync (/Users/muhammetturk/Documents/github-projects/burada-v3/node_modules/neo-async/async.js:2297:7)
    at Object.eachLimit (/Users/muhammetturk/Documents/github-projects/burada-v3/node_modules/neo-async/async.js:3463:5)
    at /Users/muhammetturk/Documents/github-projects/burada-v3/node_modules/webpack/lib/Compilation.js:5358:14
    at processQueue (/Users/muhammetturk/Documents/github-projects/burada-v3/node_modules/webpack/lib/util/processAsyncTree.js:61:4)
    at processTicksAndRejections (node:internal/process/task_queues:84:11)
    at runNextTicks (node:internal/process/task_queues:68:3)
    at process.processImmediate (node:internal/timers:472:9)
-- inner error --
Error: Module build failed (from ./node_modules/postcss-loader/dist/cjs.js):
ValidationError: Invalid options object. PostCSS Loader has been initialized using an options object that does not match the API schema.
 - options has an unknown property 'plugins'. These properties are valid:
   object { postcssOptions?, execute?, sourceMap?, implementation? }
    at validate (/Users/muhammetturk/Documents/github-projects/burada-v3/node_modules/schema-utils/dist/validate.js:213:11)
    at Object.getOptions (/Users/muhammetturk/Documents/github-projects/burada-v3/node_modules/webpack/lib/NormalModule.js:721:19)
    at Object.loader (/Users/muhammetturk/Documents/github-projects/burada-v3/node_modules/postcss-loader/dist/index.js:28:24)
    at Object.<anonymous> (/Users/muhammetturk/Documents/github-projects/burada-v3/node_modules/css-loader/dist/cjs.js??clonedRuleSet-3.use[1]!/Users/muhammetturk/Documents/github-projects/burada-v3/node_modules/vue-loader/dist/stylePostLoader.js!/Users/muhammetturk/Documents/github-projects/burada-v3/node_modules/postcss-loader/dist/cjs.js??clonedRuleSet-3.use[2]!/Users/muhammetturk/Documents/github-projects/burada-v3/src/components/complementarities/menubar/menubar.css?vue&type=style&index=0&id=3bb0520e&scoped=true&lang=css&external:1:7)
    at /Users/muhammetturk/Documents/github-projects/burada-v3/node_modules/webpack/lib/javascript/JavascriptModulesPlugin.js:544:10
    at Hook.eval [as call] (eval at create (/Users/muhammetturk/Documents/github-projects/burada-v3/node_modules/tapable/lib/HookCodeFactory.js:19:10), <anonymous>:7:1)
    at /Users/muhammetturk/Documents/github-projects/burada-v3/node_modules/webpack/lib/Compilation.js:5543:39
    at tryRunOrWebpackError (/Users/muhammetturk/Documents/github-projects/burada-v3/node_modules/webpack/lib/HookWebpackError.js:80:7)
    at __webpack_require_module__ (/Users/muhammetturk/Documents/github-projects/burada-v3/node_modules/webpack/lib/Compilation.js:5541:12)
    at __webpack_require__ (/Users/muhammetturk/Documents/github-projects/burada-v3/node_modules/webpack/lib/Compilation.js:5488:18)
    at /Users/muhammetturk/Documents/github-projects/burada-v3/node_modules/webpack/lib/Compilation.js:5576:20
    at symbolIterator (/Users/muhammetturk/Documents/github-projects/burada-v3/node_modules/neo-async/async.js:3485:9)
    at done (/Users/muhammetturk/Documents/github-projects/burada-v3/node_modules/neo-async/async.js:3527:9)
    at Hook.eval [as callAsync] (eval at create (/Users/muhammetturk/Documents/github-projects/burada-v3/node_modules/tapable/lib/HookCodeFactory.js:31:10), <anonymous>:15:1)
    at /Users/muhammetturk/Documents/github-projects/burada-v3/node_modules/webpack/lib/Compilation.js:5463:43
    at symbolIterator (/Users/muhammetturk/Documents/github-projects/burada-v3/node_modules/neo-async/async.js:3482:9)
    at timesSync (/Users/muhammetturk/Documents/github-projects/burada-v3/node_modules/neo-async/async.js:2297:7)
    at Object.eachLimit (/Users/muhammetturk/Documents/github-projects/burada-v3/node_modules/neo-async/async.js:3463:5)
    at /Users/muhammetturk/Documents/github-projects/burada-v3/node_modules/webpack/lib/Compilation.js:5426:16
    at symbolIterator (/Users/muhammetturk/Documents/github-projects/burada-v3/node_modules/neo-async/async.js:3485:9)
    at timesSync (/Users/muhammetturk/Documents/github-projects/burada-v3/node_modules/neo-async/async.js:2297:7)
    at Object.eachLimit (/Users/muhammetturk/Documents/github-projects/burada-v3/node_modules/neo-async/async.js:3463:5)
    at /Users/muhammetturk/Documents/github-projects/burada-v3/node_modules/webpack/lib/Compilation.js:5394:15
    at symbolIterator (/Users/muhammetturk/Documents/github-projects/burada-v3/node_modules/neo-async/async.js:3485:9)
    at done (/Users/muhammetturk/Documents/github-projects/burada-v3/node_modules/neo-async/async.js:3527:9)
    at /Users/muhammetturk/Documents/github-projects/burada-v3/node_modules/webpack/lib/Compilation.js:5340:8
    at /Users/muhammetturk/Documents/github-projects/burada-v3/node_modules/webpack/lib/Compilation.js:3744:6
    at /Users/muhammetturk/Documents/github-projects/burada-v3/node_modules/webpack/lib/HookWebpackError.js:66:2
    at Hook.eval [as callAsync] (eval at create (/Users/muhammetturk/Documents/github-projects/burada-v3/node_modules/tapable/lib/HookCodeFactory.js:31:10), <anonymous>:6:1)
    at Cache.store (/Users/muhammetturk/Documents/github-projects/burada-v3/node_modules/webpack/lib/Cache.js:114:20)
    at ItemCacheFacade.store (/Users/muhammetturk/Documents/github-projects/burada-v3/node_modules/webpack/lib/CacheFacade.js:141:15)
    at /Users/muhammetturk/Documents/github-projects/burada-v3/node_modules/webpack/lib/Compilation.js:3743:11
    at /Users/muhammetturk/Documents/github-projects/burada-v3/node_modules/webpack/lib/Cache.js:100:5
    at Hook.eval [as callAsync] (eval at create (/Users/muhammetturk/Documents/github-projects/burada-v3/node_modules/tapable/lib/HookCodeFactory.js:31:10), <anonymous>:6:1)
    at Cache.get (/Users/muhammetturk/Documents/github-projects/burada-v3/node_modules/webpack/lib/Cache.js:82:18)
    at ItemCacheFacade.get (/Users/muhammetturk/Documents/github-projects/burada-v3/node_modules/webpack/lib/CacheFacade.js:115:15)
    at Compilation._codeGenerationModule (/Users/muhammetturk/Documents/github-projects/burada-v3/node_modules/webpack/lib/Compilation.js:3711:9)
    at codeGen (/Users/muhammetturk/Documents/github-projects/burada-v3/node_modules/webpack/lib/Compilation.js:5328:11)
    at symbolIterator (/Users/muhammetturk/Documents/github-projects/burada-v3/node_modules/neo-async/async.js:3482:9)
    at timesSync (/Users/muhammetturk/Documents/github-projects/burada-v3/node_modules/neo-async/async.js:2297:7)
    at Object.eachLimit (/Users/muhammetturk/Documents/github-projects/burada-v3/node_modules/neo-async/async.js:3463:5)
    at /Users/muhammetturk/Documents/github-projects/burada-v3/node_modules/webpack/lib/Compilation.js:5358:14
    at processQueue (/Users/muhammetturk/Documents/github-projects/burada-v3/node_modules/webpack/lib/util/processAsyncTree.js:61:4)
    at processTicksAndRejections (node:internal/process/task_queues:84:11)
    at runNextTicks (node:internal/process/task_queues:68:3)
    at process.processImmediate (node:internal/timers:472:9)

Generated code for /Users/muhammetturk/Documents/github-projects/burada-v3/node_modules/css-loader/dist/cjs.js??clonedRuleSet-3.use[1]!/Users/muhammetturk/Documents/github-projects/burada-v3/node_modules/vue-loader/dist/stylePostLoader.js!/Users/muhammetturk/Documents/github-projects/burada-v3/node_modules/postcss-loader/dist/cjs.js??clonedRuleSet-3.use[2]!/Users/muhammetturk/Documents/github-projects/burada-v3/src/components/complementarities/menubar/menubar.css?vue&type=style&index=0&id=3bb0520e&scoped=true&lang=css&external
1 | throw new Error("Module build failed (from ./node_modules/postcss-loader/dist/cjs.js):\nValidationError: Invalid options object. PostCSS Loader has been initialized using an options object that does not match the API schema.\n - options has an unknown property 'plugins'. These properties are valid:\n   object { postcssOptions?, execute?, sourceMap?, implementation? }\n    at validate (/Users/muhammetturk/Documents/github-projects/burada-v3/node_modules/schema-utils/dist/validate.js:213:11)\n    at Object.getOptions (/Users/muhammetturk/Documents/github-projects/burada-v3/node_modules/webpack/lib/NormalModule.js:721:19)\n    at Object.loader (/Users/muhammetturk/Documents/github-projects/burada-v3/node_modules/postcss-loader/dist/index.js:28:24)");
 @ ./src/components/complementarities/menubar/menubar.css?vue&type=style&index=0&id=3bb0520e&scoped=true&lang=css&external 1:0-368 1:0-368
 @ ./src/components/complementarities/menubar/menubar.vue 5:0-87
 @ ./node_modules/babel-loader/lib/index.js!./src/components/app/app.js?vue&type=script&lang=js&external 1:0-73 10:4-11
 @ ./src/components/app/app.js?vue&type=script&lang=js&external 1:0-118 1:0-118 1:119-226 1:119-226
 @ ./src/components/app/app.vue 2:0-62 8:49-55 3:0-57 3:0-57
 @ ./src/main.js 2:0-43 56:22-25

ERROR in ./src/components/complementarities/navigation-bar/navigation-bar.css?vue&type=style&index=0&id=49b69ea3&scoped=true&lang=css&external (./node_modules/mini-css-extract-plugin/dist/loader.js!./node_modules/css-loader/dist/cjs.js??clonedRuleSet-3.use[1]!./node_modules/vue-loader/dist/stylePostLoader.js!./node_modules/postcss-loader/dist/cjs.js??clonedRuleSet-3.use[2]!./src/components/complementarities/navigation-bar/navigation-bar.css?vue&type=style&index=0&id=49b69ea3&scoped=true&lang=css&external)
Module build failed (from ./node_modules/mini-css-extract-plugin/dist/loader.js):
HookWebpackError: Module build failed (from ./node_modules/postcss-loader/dist/cjs.js):
ValidationError: Invalid options object. PostCSS Loader has been initialized using an options object that does not match the API schema.
 - options has an unknown property 'plugins'. These properties are valid:
   object { postcssOptions?, execute?, sourceMap?, implementation? }
    at validate (/Users/muhammetturk/Documents/github-projects/burada-v3/node_modules/schema-utils/dist/validate.js:213:11)
    at Object.getOptions (/Users/muhammetturk/Documents/github-projects/burada-v3/node_modules/webpack/lib/NormalModule.js:721:19)
    at Object.loader (/Users/muhammetturk/Documents/github-projects/burada-v3/node_modules/postcss-loader/dist/index.js:28:24)
    at tryRunOrWebpackError (/Users/muhammetturk/Documents/github-projects/burada-v3/node_modules/webpack/lib/HookWebpackError.js:85:9)
    at __webpack_require_module__ (/Users/muhammetturk/Documents/github-projects/burada-v3/node_modules/webpack/lib/Compilation.js:5541:12)
    at __webpack_require__ (/Users/muhammetturk/Documents/github-projects/burada-v3/node_modules/webpack/lib/Compilation.js:5488:18)
    at /Users/muhammetturk/Documents/github-projects/burada-v3/node_modules/webpack/lib/Compilation.js:5576:20
    at symbolIterator (/Users/muhammetturk/Documents/github-projects/burada-v3/node_modules/neo-async/async.js:3485:9)
    at done (/Users/muhammetturk/Documents/github-projects/burada-v3/node_modules/neo-async/async.js:3527:9)
    at Hook.eval [as callAsync] (eval at create (/Users/muhammetturk/Documents/github-projects/burada-v3/node_modules/tapable/lib/HookCodeFactory.js:31:10), <anonymous>:15:1)
    at /Users/muhammetturk/Documents/github-projects/burada-v3/node_modules/webpack/lib/Compilation.js:5463:43
    at symbolIterator (/Users/muhammetturk/Documents/github-projects/burada-v3/node_modules/neo-async/async.js:3482:9)
    at timesSync (/Users/muhammetturk/Documents/github-projects/burada-v3/node_modules/neo-async/async.js:2297:7)
    at Object.eachLimit (/Users/muhammetturk/Documents/github-projects/burada-v3/node_modules/neo-async/async.js:3463:5)
    at /Users/muhammetturk/Documents/github-projects/burada-v3/node_modules/webpack/lib/Compilation.js:5426:16
    at symbolIterator (/Users/muhammetturk/Documents/github-projects/burada-v3/node_modules/neo-async/async.js:3485:9)
    at timesSync (/Users/muhammetturk/Documents/github-projects/burada-v3/node_modules/neo-async/async.js:2297:7)
    at Object.eachLimit (/Users/muhammetturk/Documents/github-projects/burada-v3/node_modules/neo-async/async.js:3463:5)
    at /Users/muhammetturk/Documents/github-projects/burada-v3/node_modules/webpack/lib/Compilation.js:5394:15
    at symbolIterator (/Users/muhammetturk/Documents/github-projects/burada-v3/node_modules/neo-async/async.js:3485:9)
    at done (/Users/muhammetturk/Documents/github-projects/burada-v3/node_modules/neo-async/async.js:3527:9)
    at /Users/muhammetturk/Documents/github-projects/burada-v3/node_modules/webpack/lib/Compilation.js:5340:8
    at /Users/muhammetturk/Documents/github-projects/burada-v3/node_modules/webpack/lib/Compilation.js:3744:6
    at /Users/muhammetturk/Documents/github-projects/burada-v3/node_modules/webpack/lib/HookWebpackError.js:66:2
    at Hook.eval [as callAsync] (eval at create (/Users/muhammetturk/Documents/github-projects/burada-v3/node_modules/tapable/lib/HookCodeFactory.js:31:10), <anonymous>:6:1)
    at Cache.store (/Users/muhammetturk/Documents/github-projects/burada-v3/node_modules/webpack/lib/Cache.js:114:20)
    at ItemCacheFacade.store (/Users/muhammetturk/Documents/github-projects/burada-v3/node_modules/webpack/lib/CacheFacade.js:141:15)
    at /Users/muhammetturk/Documents/github-projects/burada-v3/node_modules/webpack/lib/Compilation.js:3743:11
    at /Users/muhammetturk/Documents/github-projects/burada-v3/node_modules/webpack/lib/Cache.js:100:5
    at Hook.eval [as callAsync] (eval at create (/Users/muhammetturk/Documents/github-projects/burada-v3/node_modules/tapable/lib/HookCodeFactory.js:31:10), <anonymous>:6:1)
    at Cache.get (/Users/muhammetturk/Documents/github-projects/burada-v3/node_modules/webpack/lib/Cache.js:82:18)
    at ItemCacheFacade.get (/Users/muhammetturk/Documents/github-projects/burada-v3/node_modules/webpack/lib/CacheFacade.js:115:15)
    at Compilation._codeGenerationModule (/Users/muhammetturk/Documents/github-projects/burada-v3/node_modules/webpack/lib/Compilation.js:3711:9)
    at codeGen (/Users/muhammetturk/Documents/github-projects/burada-v3/node_modules/webpack/lib/Compilation.js:5328:11)
    at symbolIterator (/Users/muhammetturk/Documents/github-projects/burada-v3/node_modules/neo-async/async.js:3482:9)
    at timesSync (/Users/muhammetturk/Documents/github-projects/burada-v3/node_modules/neo-async/async.js:2297:7)
    at Object.eachLimit (/Users/muhammetturk/Documents/github-projects/burada-v3/node_modules/neo-async/async.js:3463:5)
    at /Users/muhammetturk/Documents/github-projects/burada-v3/node_modules/webpack/lib/Compilation.js:5358:14
    at processQueue (/Users/muhammetturk/Documents/github-projects/burada-v3/node_modules/webpack/lib/util/processAsyncTree.js:61:4)
    at processTicksAndRejections (node:internal/process/task_queues:84:11)
    at runNextTicks (node:internal/process/task_queues:68:3)
    at process.processImmediate (node:internal/timers:472:9)
-- inner error --
Error: Module build failed (from ./node_modules/postcss-loader/dist/cjs.js):
ValidationError: Invalid options object. PostCSS Loader has been initialized using an options object that does not match the API schema.
 - options has an unknown property 'plugins'. These properties are valid:
   object { postcssOptions?, execute?, sourceMap?, implementation? }
    at validate (/Users/muhammetturk/Documents/github-projects/burada-v3/node_modules/schema-utils/dist/validate.js:213:11)
    at Object.getOptions (/Users/muhammetturk/Documents/github-projects/burada-v3/node_modules/webpack/lib/NormalModule.js:721:19)
    at Object.loader (/Users/muhammetturk/Documents/github-projects/burada-v3/node_modules/postcss-loader/dist/index.js:28:24)
    at Object.<anonymous> (/Users/muhammetturk/Documents/github-projects/burada-v3/node_modules/css-loader/dist/cjs.js??clonedRuleSet-3.use[1]!/Users/muhammetturk/Documents/github-projects/burada-v3/node_modules/vue-loader/dist/stylePostLoader.js!/Users/muhammetturk/Documents/github-projects/burada-v3/node_modules/postcss-loader/dist/cjs.js??clonedRuleSet-3.use[2]!/Users/muhammetturk/Documents/github-projects/burada-v3/src/components/complementarities/navigation-bar/navigation-bar.css?vue&type=style&index=0&id=49b69ea3&scoped=true&lang=css&external:1:7)
    at /Users/muhammetturk/Documents/github-projects/burada-v3/node_modules/webpack/lib/javascript/JavascriptModulesPlugin.js:544:10
    at Hook.eval [as call] (eval at create (/Users/muhammetturk/Documents/github-projects/burada-v3/node_modules/tapable/lib/HookCodeFactory.js:19:10), <anonymous>:7:1)
    at /Users/muhammetturk/Documents/github-projects/burada-v3/node_modules/webpack/lib/Compilation.js:5543:39
    at tryRunOrWebpackError (/Users/muhammetturk/Documents/github-projects/burada-v3/node_modules/webpack/lib/HookWebpackError.js:80:7)
    at __webpack_require_module__ (/Users/muhammetturk/Documents/github-projects/burada-v3/node_modules/webpack/lib/Compilation.js:5541:12)
    at __webpack_require__ (/Users/muhammetturk/Documents/github-projects/burada-v3/node_modules/webpack/lib/Compilation.js:5488:18)
    at /Users/muhammetturk/Documents/github-projects/burada-v3/node_modules/webpack/lib/Compilation.js:5576:20
    at symbolIterator (/Users/muhammetturk/Documents/github-projects/burada-v3/node_modules/neo-async/async.js:3485:9)
    at done (/Users/muhammetturk/Documents/github-projects/burada-v3/node_modules/neo-async/async.js:3527:9)
    at Hook.eval [as callAsync] (eval at create (/Users/muhammetturk/Documents/github-projects/burada-v3/node_modules/tapable/lib/HookCodeFactory.js:31:10), <anonymous>:15:1)
    at /Users/muhammetturk/Documents/github-projects/burada-v3/node_modules/webpack/lib/Compilation.js:5463:43
    at symbolIterator (/Users/muhammetturk/Documents/github-projects/burada-v3/node_modules/neo-async/async.js:3482:9)
    at timesSync (/Users/muhammetturk/Documents/github-projects/burada-v3/node_modules/neo-async/async.js:2297:7)
    at Object.eachLimit (/Users/muhammetturk/Documents/github-projects/burada-v3/node_modules/neo-async/async.js:3463:5)
    at /Users/muhammetturk/Documents/github-projects/burada-v3/node_modules/webpack/lib/Compilation.js:5426:16
    at symbolIterator (/Users/muhammetturk/Documents/github-projects/burada-v3/node_modules/neo-async/async.js:3485:9)
    at timesSync (/Users/muhammetturk/Documents/github-projects/burada-v3/node_modules/neo-async/async.js:2297:7)
    at Object.eachLimit (/Users/muhammetturk/Documents/github-projects/burada-v3/node_modules/neo-async/async.js:3463:5)
    at /Users/muhammetturk/Documents/github-projects/burada-v3/node_modules/webpack/lib/Compilation.js:5394:15
    at symbolIterator (/Users/muhammetturk/Documents/github-projects/burada-v3/node_modules/neo-async/async.js:3485:9)
    at done (/Users/muhammetturk/Documents/github-projects/burada-v3/node_modules/neo-async/async.js:3527:9)
    at /Users/muhammetturk/Documents/github-projects/burada-v3/node_modules/webpack/lib/Compilation.js:5340:8
    at /Users/muhammetturk/Documents/github-projects/burada-v3/node_modules/webpack/lib/Compilation.js:3744:6
    at /Users/muhammetturk/Documents/github-projects/burada-v3/node_modules/webpack/lib/HookWebpackError.js:66:2
    at Hook.eval [as callAsync] (eval at create (/Users/muhammetturk/Documents/github-projects/burada-v3/node_modules/tapable/lib/HookCodeFactory.js:31:10), <anonymous>:6:1)
    at Cache.store (/Users/muhammetturk/Documents/github-projects/burada-v3/node_modules/webpack/lib/Cache.js:114:20)
    at ItemCacheFacade.store (/Users/muhammetturk/Documents/github-projects/burada-v3/node_modules/webpack/lib/CacheFacade.js:141:15)
    at /Users/muhammetturk/Documents/github-projects/burada-v3/node_modules/webpack/lib/Compilation.js:3743:11
    at /Users/muhammetturk/Documents/github-projects/burada-v3/node_modules/webpack/lib/Cache.js:100:5
    at Hook.eval [as callAsync] (eval at create (/Users/muhammetturk/Documents/github-projects/burada-v3/node_modules/tapable/lib/HookCodeFactory.js:31:10), <anonymous>:6:1)
    at Cache.get (/Users/muhammetturk/Documents/github-projects/burada-v3/node_modules/webpack/lib/Cache.js:82:18)
    at ItemCacheFacade.get (/Users/muhammetturk/Documents/github-projects/burada-v3/node_modules/webpack/lib/CacheFacade.js:115:15)
    at Compilation._codeGenerationModule (/Users/muhammetturk/Documents/github-projects/burada-v3/node_modules/webpack/lib/Compilation.js:3711:9)
    at codeGen (/Users/muhammetturk/Documents/github-projects/burada-v3/node_modules/webpack/lib/Compilation.js:5328:11)
    at symbolIterator (/Users/muhammetturk/Documents/github-projects/burada-v3/node_modules/neo-async/async.js:3482:9)
    at timesSync (/Users/muhammetturk/Documents/github-projects/burada-v3/node_modules/neo-async/async.js:2297:7)
    at Object.eachLimit (/Users/muhammetturk/Documents/github-projects/burada-v3/node_modules/neo-async/async.js:3463:5)
    at /Users/muhammetturk/Documents/github-projects/burada-v3/node_modules/webpack/lib/Compilation.js:5358:14
    at processQueue (/Users/muhammetturk/Documents/github-projects/burada-v3/node_modules/webpack/lib/util/processAsyncTree.js:61:4)
    at processTicksAndRejections (node:internal/process/task_queues:84:11)
    at runNextTicks (node:internal/process/task_queues:68:3)
    at process.processImmediate (node:internal/timers:472:9)

Generated code for /Users/muhammetturk/Documents/github-projects/burada-v3/node_modules/css-loader/dist/cjs.js??clonedRuleSet-3.use[1]!/Users/muhammetturk/Documents/github-projects/burada-v3/node_modules/vue-loader/dist/stylePostLoader.js!/Users/muhammetturk/Documents/github-projects/burada-v3/node_modules/postcss-loader/dist/cjs.js??clonedRuleSet-3.use[2]!/Users/muhammetturk/Documents/github-projects/burada-v3/src/components/complementarities/navigation-bar/navigation-bar.css?vue&type=style&index=0&id=49b69ea3&scoped=true&lang=css&external
1 | throw new Error("Module build failed (from ./node_modules/postcss-loader/dist/cjs.js):\nValidationError: Invalid options object. PostCSS Loader has been initialized using an options object that does not match the API schema.\n - options has an unknown property 'plugins'. These properties are valid:\n   object { postcssOptions?, execute?, sourceMap?, implementation? }\n    at validate (/Users/muhammetturk/Documents/github-projects/burada-v3/node_modules/schema-utils/dist/validate.js:213:11)\n    at Object.getOptions (/Users/muhammetturk/Documents/github-projects/burada-v3/node_modules/webpack/lib/NormalModule.js:721:19)\n    at Object.loader (/Users/muhammetturk/Documents/github-projects/burada-v3/node_modules/postcss-loader/dist/index.js:28:24)");
 @ ./src/components/complementarities/navigation-bar/navigation-bar.css?vue&type=style&index=0&id=49b69ea3&scoped=true&lang=css&external 1:0-375 1:0-375
 @ ./src/components/complementarities/navigation-bar/navigation-bar.vue 5:0-94
 @ ./node_modules/babel-loader/lib/index.js!./src/components/app/app.js?vue&type=script&lang=js&external 2:0-93 11:4-17
 @ ./src/components/app/app.js?vue&type=script&lang=js&external 1:0-118 1:0-118 1:119-226 1:119-226
 @ ./src/components/app/app.vue 2:0-62 8:49-55 3:0-57 3:0-57
 @ ./src/main.js 2:0-43 56:22-25

ERROR in ./src/components/complementarities/post/post.css?vue&type=style&index=0&id=6db3a5c6&scoped=true&lang=css&external (./node_modules/mini-css-extract-plugin/dist/loader.js!./node_modules/css-loader/dist/cjs.js??clonedRuleSet-3.use[1]!./node_modules/vue-loader/dist/stylePostLoader.js!./node_modules/postcss-loader/dist/cjs.js??clonedRuleSet-3.use[2]!./src/components/complementarities/post/post.css?vue&type=style&index=0&id=6db3a5c6&scoped=true&lang=css&external)
Module build failed (from ./node_modules/mini-css-extract-plugin/dist/loader.js):
HookWebpackError: Module build failed (from ./node_modules/postcss-loader/dist/cjs.js):
ValidationError: Invalid options object. PostCSS Loader has been initialized using an options object that does not match the API schema.
 - options has an unknown property 'plugins'. These properties are valid:
   object { postcssOptions?, execute?, sourceMap?, implementation? }
    at validate (/Users/muhammetturk/Documents/github-projects/burada-v3/node_modules/schema-utils/dist/validate.js:213:11)
    at Object.getOptions (/Users/muhammetturk/Documents/github-projects/burada-v3/node_modules/webpack/lib/NormalModule.js:721:19)
    at Object.loader (/Users/muhammetturk/Documents/github-projects/burada-v3/node_modules/postcss-loader/dist/index.js:28:24)
    at tryRunOrWebpackError (/Users/muhammetturk/Documents/github-projects/burada-v3/node_modules/webpack/lib/HookWebpackError.js:85:9)
    at __webpack_require_module__ (/Users/muhammetturk/Documents/github-projects/burada-v3/node_modules/webpack/lib/Compilation.js:5541:12)
    at __webpack_require__ (/Users/muhammetturk/Documents/github-projects/burada-v3/node_modules/webpack/lib/Compilation.js:5488:18)
    at /Users/muhammetturk/Documents/github-projects/burada-v3/node_modules/webpack/lib/Compilation.js:5576:20
    at symbolIterator (/Users/muhammetturk/Documents/github-projects/burada-v3/node_modules/neo-async/async.js:3485:9)
    at done (/Users/muhammetturk/Documents/github-projects/burada-v3/node_modules/neo-async/async.js:3527:9)
    at Hook.eval [as callAsync] (eval at create (/Users/muhammetturk/Documents/github-projects/burada-v3/node_modules/tapable/lib/HookCodeFactory.js:31:10), <anonymous>:15:1)
    at /Users/muhammetturk/Documents/github-projects/burada-v3/node_modules/webpack/lib/Compilation.js:5463:43
    at symbolIterator (/Users/muhammetturk/Documents/github-projects/burada-v3/node_modules/neo-async/async.js:3482:9)
    at timesSync (/Users/muhammetturk/Documents/github-projects/burada-v3/node_modules/neo-async/async.js:2297:7)
    at Object.eachLimit (/Users/muhammetturk/Documents/github-projects/burada-v3/node_modules/neo-async/async.js:3463:5)
    at /Users/muhammetturk/Documents/github-projects/burada-v3/node_modules/webpack/lib/Compilation.js:5426:16
    at symbolIterator (/Users/muhammetturk/Documents/github-projects/burada-v3/node_modules/neo-async/async.js:3485:9)
    at timesSync (/Users/muhammetturk/Documents/github-projects/burada-v3/node_modules/neo-async/async.js:2297:7)
    at Object.eachLimit (/Users/muhammetturk/Documents/github-projects/burada-v3/node_modules/neo-async/async.js:3463:5)
    at /Users/muhammetturk/Documents/github-projects/burada-v3/node_modules/webpack/lib/Compilation.js:5394:15
    at symbolIterator (/Users/muhammetturk/Documents/github-projects/burada-v3/node_modules/neo-async/async.js:3485:9)
    at done (/Users/muhammetturk/Documents/github-projects/burada-v3/node_modules/neo-async/async.js:3527:9)
    at /Users/muhammetturk/Documents/github-projects/burada-v3/node_modules/webpack/lib/Compilation.js:5340:8
    at /Users/muhammetturk/Documents/github-projects/burada-v3/node_modules/webpack/lib/Compilation.js:3744:6
    at /Users/muhammetturk/Documents/github-projects/burada-v3/node_modules/webpack/lib/HookWebpackError.js:66:2
    at Hook.eval [as callAsync] (eval at create (/Users/muhammetturk/Documents/github-projects/burada-v3/node_modules/tapable/lib/HookCodeFactory.js:31:10), <anonymous>:6:1)
    at Cache.store (/Users/muhammetturk/Documents/github-projects/burada-v3/node_modules/webpack/lib/Cache.js:114:20)
    at ItemCacheFacade.store (/Users/muhammetturk/Documents/github-projects/burada-v3/node_modules/webpack/lib/CacheFacade.js:141:15)
    at /Users/muhammetturk/Documents/github-projects/burada-v3/node_modules/webpack/lib/Compilation.js:3743:11
    at /Users/muhammetturk/Documents/github-projects/burada-v3/node_modules/webpack/lib/Cache.js:100:5
    at Hook.eval [as callAsync] (eval at create (/Users/muhammetturk/Documents/github-projects/burada-v3/node_modules/tapable/lib/HookCodeFactory.js:31:10), <anonymous>:6:1)
    at Cache.get (/Users/muhammetturk/Documents/github-projects/burada-v3/node_modules/webpack/lib/Cache.js:82:18)
    at ItemCacheFacade.get (/Users/muhammetturk/Documents/github-projects/burada-v3/node_modules/webpack/lib/CacheFacade.js:115:15)
    at Compilation._codeGenerationModule (/Users/muhammetturk/Documents/github-projects/burada-v3/node_modules/webpack/lib/Compilation.js:3711:9)
    at codeGen (/Users/muhammetturk/Documents/github-projects/burada-v3/node_modules/webpack/lib/Compilation.js:5328:11)
    at symbolIterator (/Users/muhammetturk/Documents/github-projects/burada-v3/node_modules/neo-async/async.js:3482:9)
    at timesSync (/Users/muhammetturk/Documents/github-projects/burada-v3/node_modules/neo-async/async.js:2297:7)
    at Object.eachLimit (/Users/muhammetturk/Documents/github-projects/burada-v3/node_modules/neo-async/async.js:3463:5)
    at /Users/muhammetturk/Documents/github-projects/burada-v3/node_modules/webpack/lib/Compilation.js:5358:14
    at processQueue (/Users/muhammetturk/Documents/github-projects/burada-v3/node_modules/webpack/lib/util/processAsyncTree.js:61:4)
    at process.processTicksAndRejections (node:internal/process/task_queues:84:11)
-- inner error --
Error: Module build failed (from ./node_modules/postcss-loader/dist/cjs.js):
ValidationError: Invalid options object. PostCSS Loader has been initialized using an options object that does not match the API schema.
 - options has an unknown property 'plugins'. These properties are valid:
   object { postcssOptions?, execute?, sourceMap?, implementation? }
    at validate (/Users/muhammetturk/Documents/github-projects/burada-v3/node_modules/schema-utils/dist/validate.js:213:11)
    at Object.getOptions (/Users/muhammetturk/Documents/github-projects/burada-v3/node_modules/webpack/lib/NormalModule.js:721:19)
    at Object.loader (/Users/muhammetturk/Documents/github-projects/burada-v3/node_modules/postcss-loader/dist/index.js:28:24)
    at Object.<anonymous> (/Users/muhammetturk/Documents/github-projects/burada-v3/node_modules/css-loader/dist/cjs.js??clonedRuleSet-3.use[1]!/Users/muhammetturk/Documents/github-projects/burada-v3/node_modules/vue-loader/dist/stylePostLoader.js!/Users/muhammetturk/Documents/github-projects/burada-v3/node_modules/postcss-loader/dist/cjs.js??clonedRuleSet-3.use[2]!/Users/muhammetturk/Documents/github-projects/burada-v3/src/components/complementarities/post/post.css?vue&type=style&index=0&id=6db3a5c6&scoped=true&lang=css&external:1:7)
    at /Users/muhammetturk/Documents/github-projects/burada-v3/node_modules/webpack/lib/javascript/JavascriptModulesPlugin.js:544:10
    at Hook.eval [as call] (eval at create (/Users/muhammetturk/Documents/github-projects/burada-v3/node_modules/tapable/lib/HookCodeFactory.js:19:10), <anonymous>:7:1)
    at /Users/muhammetturk/Documents/github-projects/burada-v3/node_modules/webpack/lib/Compilation.js:5543:39
    at tryRunOrWebpackError (/Users/muhammetturk/Documents/github-projects/burada-v3/node_modules/webpack/lib/HookWebpackError.js:80:7)
    at __webpack_require_module__ (/Users/muhammetturk/Documents/github-projects/burada-v3/node_modules/webpack/lib/Compilation.js:5541:12)
    at __webpack_require__ (/Users/muhammetturk/Documents/github-projects/burada-v3/node_modules/webpack/lib/Compilation.js:5488:18)
    at /Users/muhammetturk/Documents/github-projects/burada-v3/node_modules/webpack/lib/Compilation.js:5576:20
    at symbolIterator (/Users/muhammetturk/Documents/github-projects/burada-v3/node_modules/neo-async/async.js:3485:9)
    at done (/Users/muhammetturk/Documents/github-projects/burada-v3/node_modules/neo-async/async.js:3527:9)
    at Hook.eval [as callAsync] (eval at create (/Users/muhammetturk/Documents/github-projects/burada-v3/node_modules/tapable/lib/HookCodeFactory.js:31:10), <anonymous>:15:1)
    at /Users/muhammetturk/Documents/github-projects/burada-v3/node_modules/webpack/lib/Compilation.js:5463:43
    at symbolIterator (/Users/muhammetturk/Documents/github-projects/burada-v3/node_modules/neo-async/async.js:3482:9)
    at timesSync (/Users/muhammetturk/Documents/github-projects/burada-v3/node_modules/neo-async/async.js:2297:7)
    at Object.eachLimit (/Users/muhammetturk/Documents/github-projects/burada-v3/node_modules/neo-async/async.js:3463:5)
    at /Users/muhammetturk/Documents/github-projects/burada-v3/node_modules/webpack/lib/Compilation.js:5426:16
    at symbolIterator (/Users/muhammetturk/Documents/github-projects/burada-v3/node_modules/neo-async/async.js:3485:9)
    at timesSync (/Users/muhammetturk/Documents/github-projects/burada-v3/node_modules/neo-async/async.js:2297:7)
    at Object.eachLimit (/Users/muhammetturk/Documents/github-projects/burada-v3/node_modules/neo-async/async.js:3463:5)
    at /Users/muhammetturk/Documents/github-projects/burada-v3/node_modules/webpack/lib/Compilation.js:5394:15
    at symbolIterator (/Users/muhammetturk/Documents/github-projects/burada-v3/node_modules/neo-async/async.js:3485:9)
    at done (/Users/muhammetturk/Documents/github-projects/burada-v3/node_modules/neo-async/async.js:3527:9)
    at /Users/muhammetturk/Documents/github-projects/burada-v3/node_modules/webpack/lib/Compilation.js:5340:8
    at /Users/muhammetturk/Documents/github-projects/burada-v3/node_modules/webpack/lib/Compilation.js:3744:6
    at /Users/muhammetturk/Documents/github-projects/burada-v3/node_modules/webpack/lib/HookWebpackError.js:66:2
    at Hook.eval [as callAsync] (eval at create (/Users/muhammetturk/Documents/github-projects/burada-v3/node_modules/tapable/lib/HookCodeFactory.js:31:10), <anonymous>:6:1)
    at Cache.store (/Users/muhammetturk/Documents/github-projects/burada-v3/node_modules/webpack/lib/Cache.js:114:20)
    at ItemCacheFacade.store (/Users/muhammetturk/Documents/github-projects/burada-v3/node_modules/webpack/lib/CacheFacade.js:141:15)
    at /Users/muhammetturk/Documents/github-projects/burada-v3/node_modules/webpack/lib/Compilation.js:3743:11
    at /Users/muhammetturk/Documents/github-projects/burada-v3/node_modules/webpack/lib/Cache.js:100:5
    at Hook.eval [as callAsync] (eval at create (/Users/muhammetturk/Documents/github-projects/burada-v3/node_modules/tapable/lib/HookCodeFactory.js:31:10), <anonymous>:6:1)
    at Cache.get (/Users/muhammetturk/Documents/github-projects/burada-v3/node_modules/webpack/lib/Cache.js:82:18)
    at ItemCacheFacade.get (/Users/muhammetturk/Documents/github-projects/burada-v3/node_modules/webpack/lib/CacheFacade.js:115:15)
    at Compilation._codeGenerationModule (/Users/muhammetturk/Documents/github-projects/burada-v3/node_modules/webpack/lib/Compilation.js:3711:9)
    at codeGen (/Users/muhammetturk/Documents/github-projects/burada-v3/node_modules/webpack/lib/Compilation.js:5328:11)
    at symbolIterator (/Users/muhammetturk/Documents/github-projects/burada-v3/node_modules/neo-async/async.js:3482:9)
    at timesSync (/Users/muhammetturk/Documents/github-projects/burada-v3/node_modules/neo-async/async.js:2297:7)
    at Object.eachLimit (/Users/muhammetturk/Documents/github-projects/burada-v3/node_modules/neo-async/async.js:3463:5)
    at /Users/muhammetturk/Documents/github-projects/burada-v3/node_modules/webpack/lib/Compilation.js:5358:14
    at processQueue (/Users/muhammetturk/Documents/github-projects/burada-v3/node_modules/webpack/lib/util/processAsyncTree.js:61:4)
    at process.processTicksAndRejections (node:internal/process/task_queues:84:11)

Generated code for /Users/muhammetturk/Documents/github-projects/burada-v3/node_modules/css-loader/dist/cjs.js??clonedRuleSet-3.use[1]!/Users/muhammetturk/Documents/github-projects/burada-v3/node_modules/vue-loader/dist/stylePostLoader.js!/Users/muhammetturk/Documents/github-projects/burada-v3/node_modules/postcss-loader/dist/cjs.js??clonedRuleSet-3.use[2]!/Users/muhammetturk/Documents/github-projects/burada-v3/src/components/complementarities/post/post.css?vue&type=style&index=0&id=6db3a5c6&scoped=true&lang=css&external
1 | throw new Error("Module build failed (from ./node_modules/postcss-loader/dist/cjs.js):\nValidationError: Invalid options object. PostCSS Loader has been initialized using an options object that does not match the API schema.\n - options has an unknown property 'plugins'. These properties are valid:\n   object { postcssOptions?, execute?, sourceMap?, implementation? }\n    at validate (/Users/muhammetturk/Documents/github-projects/burada-v3/node_modules/schema-utils/dist/validate.js:213:11)\n    at Object.getOptions (/Users/muhammetturk/Documents/github-projects/burada-v3/node_modules/webpack/lib/NormalModule.js:721:19)\n    at Object.loader (/Users/muhammetturk/Documents/github-projects/burada-v3/node_modules/postcss-loader/dist/index.js:28:24)");
 @ ./src/components/complementarities/post/post.css?vue&type=style&index=0&id=6db3a5c6&scoped=true&lang=css&external 1:0-365 1:0-365
 @ ./src/components/complementarities/post/post.vue 5:0-84
 @ ./node_modules/babel-loader/lib/index.js!./src/components/screens/post-list/post-list.js?vue&type=script&lang=js&external 5:0-64 14:4-8
 @ ./src/components/screens/post-list/post-list.js?vue&type=script&lang=js&external 1:0-127 1:0-127 1:128-244 1:128-244
 @ ./src/components/screens/post-list/post-list.vue 2:0-68 8:49-55 3:0-63 3:0-63
 @ ./src/router/index.js 25:0-68 233:13-21
 @ ./src/main.js

ERROR in ./src/components/complementarities/video-player/video-player.css?vue&type=style&index=0&id=94bab6ac&scoped=true&lang=css&external (./node_modules/mini-css-extract-plugin/dist/loader.js!./node_modules/css-loader/dist/cjs.js??clonedRuleSet-3.use[1]!./node_modules/vue-loader/dist/stylePostLoader.js!./node_modules/postcss-loader/dist/cjs.js??clonedRuleSet-3.use[2]!./src/components/complementarities/video-player/video-player.css?vue&type=style&index=0&id=94bab6ac&scoped=true&lang=css&external)
Module build failed (from ./node_modules/mini-css-extract-plugin/dist/loader.js):
HookWebpackError: Module build failed (from ./node_modules/postcss-loader/dist/cjs.js):
ValidationError: Invalid options object. PostCSS Loader has been initialized using an options object that does not match the API schema.
 - options has an unknown property 'plugins'. These properties are valid:
   object { postcssOptions?, execute?, sourceMap?, implementation? }
    at validate (/Users/muhammetturk/Documents/github-projects/burada-v3/node_modules/schema-utils/dist/validate.js:213:11)
    at Object.getOptions (/Users/muhammetturk/Documents/github-projects/burada-v3/node_modules/webpack/lib/NormalModule.js:721:19)
    at Object.loader (/Users/muhammetturk/Documents/github-projects/burada-v3/node_modules/postcss-loader/dist/index.js:28:24)
    at tryRunOrWebpackError (/Users/muhammetturk/Documents/github-projects/burada-v3/node_modules/webpack/lib/HookWebpackError.js:85:9)
    at __webpack_require_module__ (/Users/muhammetturk/Documents/github-projects/burada-v3/node_modules/webpack/lib/Compilation.js:5541:12)
    at __webpack_require__ (/Users/muhammetturk/Documents/github-projects/burada-v3/node_modules/webpack/lib/Compilation.js:5488:18)
    at /Users/muhammetturk/Documents/github-projects/burada-v3/node_modules/webpack/lib/Compilation.js:5576:20
    at symbolIterator (/Users/muhammetturk/Documents/github-projects/burada-v3/node_modules/neo-async/async.js:3485:9)
    at done (/Users/muhammetturk/Documents/github-projects/burada-v3/node_modules/neo-async/async.js:3527:9)
    at Hook.eval [as callAsync] (eval at create (/Users/muhammetturk/Documents/github-projects/burada-v3/node_modules/tapable/lib/HookCodeFactory.js:31:10), <anonymous>:15:1)
    at /Users/muhammetturk/Documents/github-projects/burada-v3/node_modules/webpack/lib/Compilation.js:5463:43
    at symbolIterator (/Users/muhammetturk/Documents/github-projects/burada-v3/node_modules/neo-async/async.js:3482:9)
    at timesSync (/Users/muhammetturk/Documents/github-projects/burada-v3/node_modules/neo-async/async.js:2297:7)
    at Object.eachLimit (/Users/muhammetturk/Documents/github-projects/burada-v3/node_modules/neo-async/async.js:3463:5)
    at /Users/muhammetturk/Documents/github-projects/burada-v3/node_modules/webpack/lib/Compilation.js:5426:16
    at symbolIterator (/Users/muhammetturk/Documents/github-projects/burada-v3/node_modules/neo-async/async.js:3485:9)
    at timesSync (/Users/muhammetturk/Documents/github-projects/burada-v3/node_modules/neo-async/async.js:2297:7)
    at Object.eachLimit (/Users/muhammetturk/Documents/github-projects/burada-v3/node_modules/neo-async/async.js:3463:5)
    at /Users/muhammetturk/Documents/github-projects/burada-v3/node_modules/webpack/lib/Compilation.js:5394:15
    at symbolIterator (/Users/muhammetturk/Documents/github-projects/burada-v3/node_modules/neo-async/async.js:3485:9)
    at done (/Users/muhammetturk/Documents/github-projects/burada-v3/node_modules/neo-async/async.js:3527:9)
    at /Users/muhammetturk/Documents/github-projects/burada-v3/node_modules/webpack/lib/Compilation.js:5340:8
    at /Users/muhammetturk/Documents/github-projects/burada-v3/node_modules/webpack/lib/Compilation.js:3744:6
    at /Users/muhammetturk/Documents/github-projects/burada-v3/node_modules/webpack/lib/HookWebpackError.js:66:2
    at Hook.eval [as callAsync] (eval at create (/Users/muhammetturk/Documents/github-projects/burada-v3/node_modules/tapable/lib/HookCodeFactory.js:31:10), <anonymous>:6:1)
    at Cache.store (/Users/muhammetturk/Documents/github-projects/burada-v3/node_modules/webpack/lib/Cache.js:114:20)
    at ItemCacheFacade.store (/Users/muhammetturk/Documents/github-projects/burada-v3/node_modules/webpack/lib/CacheFacade.js:141:15)
    at /Users/muhammetturk/Documents/github-projects/burada-v3/node_modules/webpack/lib/Compilation.js:3743:11
    at /Users/muhammetturk/Documents/github-projects/burada-v3/node_modules/webpack/lib/Cache.js:100:5
    at Hook.eval [as callAsync] (eval at create (/Users/muhammetturk/Documents/github-projects/burada-v3/node_modules/tapable/lib/HookCodeFactory.js:31:10), <anonymous>:6:1)
    at Cache.get (/Users/muhammetturk/Documents/github-projects/burada-v3/node_modules/webpack/lib/Cache.js:82:18)
    at ItemCacheFacade.get (/Users/muhammetturk/Documents/github-projects/burada-v3/node_modules/webpack/lib/CacheFacade.js:115:15)
    at Compilation._codeGenerationModule (/Users/muhammetturk/Documents/github-projects/burada-v3/node_modules/webpack/lib/Compilation.js:3711:9)
    at codeGen (/Users/muhammetturk/Documents/github-projects/burada-v3/node_modules/webpack/lib/Compilation.js:5328:11)
    at symbolIterator (/Users/muhammetturk/Documents/github-projects/burada-v3/node_modules/neo-async/async.js:3482:9)
    at timesSync (/Users/muhammetturk/Documents/github-projects/burada-v3/node_modules/neo-async/async.js:2297:7)
    at Object.eachLimit (/Users/muhammetturk/Documents/github-projects/burada-v3/node_modules/neo-async/async.js:3463:5)
    at /Users/muhammetturk/Documents/github-projects/burada-v3/node_modules/webpack/lib/Compilation.js:5358:14
    at processQueue (/Users/muhammetturk/Documents/github-projects/burada-v3/node_modules/webpack/lib/util/processAsyncTree.js:61:4)
    at process.processTicksAndRejections (node:internal/process/task_queues:84:11)
-- inner error --
Error: Module build failed (from ./node_modules/postcss-loader/dist/cjs.js):
ValidationError: Invalid options object. PostCSS Loader has been initialized using an options object that does not match the API schema.
 - options has an unknown property 'plugins'. These properties are valid:
   object { postcssOptions?, execute?, sourceMap?, implementation? }
    at validate (/Users/muhammetturk/Documents/github-projects/burada-v3/node_modules/schema-utils/dist/validate.js:213:11)
    at Object.getOptions (/Users/muhammetturk/Documents/github-projects/burada-v3/node_modules/webpack/lib/NormalModule.js:721:19)
    at Object.loader (/Users/muhammetturk/Documents/github-projects/burada-v3/node_modules/postcss-loader/dist/index.js:28:24)
    at Object.<anonymous> (/Users/muhammetturk/Documents/github-projects/burada-v3/node_modules/css-loader/dist/cjs.js??clonedRuleSet-3.use[1]!/Users/muhammetturk/Documents/github-projects/burada-v3/node_modules/vue-loader/dist/stylePostLoader.js!/Users/muhammetturk/Documents/github-projects/burada-v3/node_modules/postcss-loader/dist/cjs.js??clonedRuleSet-3.use[2]!/Users/muhammetturk/Documents/github-projects/burada-v3/src/components/complementarities/video-player/video-player.css?vue&type=style&index=0&id=94bab6ac&scoped=true&lang=css&external:1:7)
    at /Users/muhammetturk/Documents/github-projects/burada-v3/node_modules/webpack/lib/javascript/JavascriptModulesPlugin.js:544:10
    at Hook.eval [as call] (eval at create (/Users/muhammetturk/Documents/github-projects/burada-v3/node_modules/tapable/lib/HookCodeFactory.js:19:10), <anonymous>:7:1)
    at /Users/muhammetturk/Documents/github-projects/burada-v3/node_modules/webpack/lib/Compilation.js:5543:39
    at tryRunOrWebpackError (/Users/muhammetturk/Documents/github-projects/burada-v3/node_modules/webpack/lib/HookWebpackError.js:80:7)
    at __webpack_require_module__ (/Users/muhammetturk/Documents/github-projects/burada-v3/node_modules/webpack/lib/Compilation.js:5541:12)
    at __webpack_require__ (/Users/muhammetturk/Documents/github-projects/burada-v3/node_modules/webpack/lib/Compilation.js:5488:18)
    at /Users/muhammetturk/Documents/github-projects/burada-v3/node_modules/webpack/lib/Compilation.js:5576:20
    at symbolIterator (/Users/muhammetturk/Documents/github-projects/burada-v3/node_modules/neo-async/async.js:3485:9)
    at done (/Users/muhammetturk/Documents/github-projects/burada-v3/node_modules/neo-async/async.js:3527:9)
    at Hook.eval [as callAsync] (eval at create (/Users/muhammetturk/Documents/github-projects/burada-v3/node_modules/tapable/lib/HookCodeFactory.js:31:10), <anonymous>:15:1)
    at /Users/muhammetturk/Documents/github-projects/burada-v3/node_modules/webpack/lib/Compilation.js:5463:43
    at symbolIterator (/Users/muhammetturk/Documents/github-projects/burada-v3/node_modules/neo-async/async.js:3482:9)
    at timesSync (/Users/muhammetturk/Documents/github-projects/burada-v3/node_modules/neo-async/async.js:2297:7)
    at Object.eachLimit (/Users/muhammetturk/Documents/github-projects/burada-v3/node_modules/neo-async/async.js:3463:5)
    at /Users/muhammetturk/Documents/github-projects/burada-v3/node_modules/webpack/lib/Compilation.js:5426:16
    at symbolIterator (/Users/muhammetturk/Documents/github-projects/burada-v3/node_modules/neo-async/async.js:3485:9)
    at timesSync (/Users/muhammetturk/Documents/github-projects/burada-v3/node_modules/neo-async/async.js:2297:7)
    at Object.eachLimit (/Users/muhammetturk/Documents/github-projects/burada-v3/node_modules/neo-async/async.js:3463:5)
    at /Users/muhammetturk/Documents/github-projects/burada-v3/node_modules/webpack/lib/Compilation.js:5394:15
    at symbolIterator (/Users/muhammetturk/Documents/github-projects/burada-v3/node_modules/neo-async/async.js:3485:9)
    at done (/Users/muhammetturk/Documents/github-projects/burada-v3/node_modules/neo-async/async.js:3527:9)
    at /Users/muhammetturk/Documents/github-projects/burada-v3/node_modules/webpack/lib/Compilation.js:5340:8
    at /Users/muhammetturk/Documents/github-projects/burada-v3/node_modules/webpack/lib/Compilation.js:3744:6
    at /Users/muhammetturk/Documents/github-projects/burada-v3/node_modules/webpack/lib/HookWebpackError.js:66:2
    at Hook.eval [as callAsync] (eval at create (/Users/muhammetturk/Documents/github-projects/burada-v3/node_modules/tapable/lib/HookCodeFactory.js:31:10), <anonymous>:6:1)
    at Cache.store (/Users/muhammetturk/Documents/github-projects/burada-v3/node_modules/webpack/lib/Cache.js:114:20)
    at ItemCacheFacade.store (/Users/muhammetturk/Documents/github-projects/burada-v3/node_modules/webpack/lib/CacheFacade.js:141:15)
    at /Users/muhammetturk/Documents/github-projects/burada-v3/node_modules/webpack/lib/Compilation.js:3743:11
    at /Users/muhammetturk/Documents/github-projects/burada-v3/node_modules/webpack/lib/Cache.js:100:5
    at Hook.eval [as callAsync] (eval at create (/Users/muhammetturk/Documents/github-projects/burada-v3/node_modules/tapable/lib/HookCodeFactory.js:31:10), <anonymous>:6:1)
    at Cache.get (/Users/muhammetturk/Documents/github-projects/burada-v3/node_modules/webpack/lib/Cache.js:82:18)
    at ItemCacheFacade.get (/Users/muhammetturk/Documents/github-projects/burada-v3/node_modules/webpack/lib/CacheFacade.js:115:15)
    at Compilation._codeGenerationModule (/Users/muhammetturk/Documents/github-projects/burada-v3/node_modules/webpack/lib/Compilation.js:3711:9)
    at codeGen (/Users/muhammetturk/Documents/github-projects/burada-v3/node_modules/webpack/lib/Compilation.js:5328:11)
    at symbolIterator (/Users/muhammetturk/Documents/github-projects/burada-v3/node_modules/neo-async/async.js:3482:9)
    at timesSync (/Users/muhammetturk/Documents/github-projects/burada-v3/node_modules/neo-async/async.js:2297:7)
    at Object.eachLimit (/Users/muhammetturk/Documents/github-projects/burada-v3/node_modules/neo-async/async.js:3463:5)
    at /Users/muhammetturk/Documents/github-projects/burada-v3/node_modules/webpack/lib/Compilation.js:5358:14
    at processQueue (/Users/muhammetturk/Documents/github-projects/burada-v3/node_modules/webpack/lib/util/processAsyncTree.js:61:4)
    at process.processTicksAndRejections (node:internal/process/task_queues:84:11)

Generated code for /Users/muhammetturk/Documents/github-projects/burada-v3/node_modules/css-loader/dist/cjs.js??clonedRuleSet-3.use[1]!/Users/muhammetturk/Documents/github-projects/burada-v3/node_modules/vue-loader/dist/stylePostLoader.js!/Users/muhammetturk/Documents/github-projects/burada-v3/node_modules/postcss-loader/dist/cjs.js??clonedRuleSet-3.use[2]!/Users/muhammetturk/Documents/github-projects/burada-v3/src/components/complementarities/video-player/video-player.css?vue&type=style&index=0&id=94bab6ac&scoped=true&lang=css&external
1 | throw new Error("Module build failed (from ./node_modules/postcss-loader/dist/cjs.js):\nValidationError: Invalid options object. PostCSS Loader has been initialized using an options object that does not match the API schema.\n - options has an unknown property 'plugins'. These properties are valid:\n   object { postcssOptions?, execute?, sourceMap?, implementation? }\n    at validate (/Users/muhammetturk/Documents/github-projects/burada-v3/node_modules/schema-utils/dist/validate.js:213:11)\n    at Object.getOptions (/Users/muhammetturk/Documents/github-projects/burada-v3/node_modules/webpack/lib/NormalModule.js:721:19)\n    at Object.loader (/Users/muhammetturk/Documents/github-projects/burada-v3/node_modules/postcss-loader/dist/index.js:28:24)");
 @ ./src/components/complementarities/video-player/video-player.css?vue&type=style&index=0&id=94bab6ac&scoped=true&lang=css&external 1:0-373 1:0-373
 @ ./src/components/complementarities/video-player/video-player.vue 5:0-92
 @ ./node_modules/babel-loader/lib/index.js!./src/components/complementarities/post/post.js?vue&type=script&lang=js&external 7:0-87 23:4-15
 @ ./src/components/complementarities/post/post.js?vue&type=script&lang=js&external 1:0-122 1:0-122 1:123-234 1:123-234
 @ ./src/components/complementarities/post/post.vue 2:0-63 8:49-55 3:0-58 3:0-58
 @ ./node_modules/babel-loader/lib/index.js!./src/components/screens/post-list/post-list.js?vue&type=script&lang=js&external 5:0-64 14:4-8
 @ ./src/components/screens/post-list/post-list.js?vue&type=script&lang=js&external 1:0-127 1:0-127 1:128-244 1:128-244
 @ ./src/components/screens/post-list/post-list.vue 2:0-68 8:49-55 3:0-63 3:0-63
 @ ./src/router/index.js 25:0-68 233:13-21
 @ ./src/main.js

ERROR in ./src/components/screens/add/add.css?vue&type=style&index=0&id=7e9df17c&scoped=true&lang=css&external (./node_modules/mini-css-extract-plugin/dist/loader.js!./node_modules/css-loader/dist/cjs.js??clonedRuleSet-3.use[1]!./node_modules/vue-loader/dist/stylePostLoader.js!./node_modules/postcss-loader/dist/cjs.js??clonedRuleSet-3.use[2]!./src/components/screens/add/add.css?vue&type=style&index=0&id=7e9df17c&scoped=true&lang=css&external)
Module build failed (from ./node_modules/mini-css-extract-plugin/dist/loader.js):
HookWebpackError: Module build failed (from ./node_modules/postcss-loader/dist/cjs.js):
ValidationError: Invalid options object. PostCSS Loader has been initialized using an options object that does not match the API schema.
 - options has an unknown property 'plugins'. These properties are valid:
   object { postcssOptions?, execute?, sourceMap?, implementation? }
    at validate (/Users/muhammetturk/Documents/github-projects/burada-v3/node_modules/schema-utils/dist/validate.js:213:11)
    at Object.getOptions (/Users/muhammetturk/Documents/github-projects/burada-v3/node_modules/webpack/lib/NormalModule.js:721:19)
    at Object.loader (/Users/muhammetturk/Documents/github-projects/burada-v3/node_modules/postcss-loader/dist/index.js:28:24)
    at tryRunOrWebpackError (/Users/muhammetturk/Documents/github-projects/burada-v3/node_modules/webpack/lib/HookWebpackError.js:85:9)
    at __webpack_require_module__ (/Users/muhammetturk/Documents/github-projects/burada-v3/node_modules/webpack/lib/Compilation.js:5541:12)
    at __webpack_require__ (/Users/muhammetturk/Documents/github-projects/burada-v3/node_modules/webpack/lib/Compilation.js:5488:18)
    at /Users/muhammetturk/Documents/github-projects/burada-v3/node_modules/webpack/lib/Compilation.js:5576:20
    at symbolIterator (/Users/muhammetturk/Documents/github-projects/burada-v3/node_modules/neo-async/async.js:3485:9)
    at done (/Users/muhammetturk/Documents/github-projects/burada-v3/node_modules/neo-async/async.js:3527:9)
    at Hook.eval [as callAsync] (eval at create (/Users/muhammetturk/Documents/github-projects/burada-v3/node_modules/tapable/lib/HookCodeFactory.js:31:10), <anonymous>:15:1)
    at /Users/muhammetturk/Documents/github-projects/burada-v3/node_modules/webpack/lib/Compilation.js:5463:43
    at symbolIterator (/Users/muhammetturk/Documents/github-projects/burada-v3/node_modules/neo-async/async.js:3482:9)
    at timesSync (/Users/muhammetturk/Documents/github-projects/burada-v3/node_modules/neo-async/async.js:2297:7)
    at Object.eachLimit (/Users/muhammetturk/Documents/github-projects/burada-v3/node_modules/neo-async/async.js:3463:5)
    at /Users/muhammetturk/Documents/github-projects/burada-v3/node_modules/webpack/lib/Compilation.js:5426:16
    at symbolIterator (/Users/muhammetturk/Documents/github-projects/burada-v3/node_modules/neo-async/async.js:3485:9)
    at timesSync (/Users/muhammetturk/Documents/github-projects/burada-v3/node_modules/neo-async/async.js:2297:7)
    at Object.eachLimit (/Users/muhammetturk/Documents/github-projects/burada-v3/node_modules/neo-async/async.js:3463:5)
    at /Users/muhammetturk/Documents/github-projects/burada-v3/node_modules/webpack/lib/Compilation.js:5394:15
    at symbolIterator (/Users/muhammetturk/Documents/github-projects/burada-v3/node_modules/neo-async/async.js:3485:9)
    at done (/Users/muhammetturk/Documents/github-projects/burada-v3/node_modules/neo-async/async.js:3527:9)
    at /Users/muhammetturk/Documents/github-projects/burada-v3/node_modules/webpack/lib/Compilation.js:5340:8
    at /Users/muhammetturk/Documents/github-projects/burada-v3/node_modules/webpack/lib/Compilation.js:3744:6
    at /Users/muhammetturk/Documents/github-projects/burada-v3/node_modules/webpack/lib/HookWebpackError.js:66:2
    at Hook.eval [as callAsync] (eval at create (/Users/muhammetturk/Documents/github-projects/burada-v3/node_modules/tapable/lib/HookCodeFactory.js:31:10), <anonymous>:6:1)
    at Cache.store (/Users/muhammetturk/Documents/github-projects/burada-v3/node_modules/webpack/lib/Cache.js:114:20)
    at ItemCacheFacade.store (/Users/muhammetturk/Documents/github-projects/burada-v3/node_modules/webpack/lib/CacheFacade.js:141:15)
    at /Users/muhammetturk/Documents/github-projects/burada-v3/node_modules/webpack/lib/Compilation.js:3743:11
    at /Users/muhammetturk/Documents/github-projects/burada-v3/node_modules/webpack/lib/Cache.js:100:5
    at Hook.eval [as callAsync] (eval at create (/Users/muhammetturk/Documents/github-projects/burada-v3/node_modules/tapable/lib/HookCodeFactory.js:31:10), <anonymous>:6:1)
    at Cache.get (/Users/muhammetturk/Documents/github-projects/burada-v3/node_modules/webpack/lib/Cache.js:82:18)
    at ItemCacheFacade.get (/Users/muhammetturk/Documents/github-projects/burada-v3/node_modules/webpack/lib/CacheFacade.js:115:15)
    at Compilation._codeGenerationModule (/Users/muhammetturk/Documents/github-projects/burada-v3/node_modules/webpack/lib/Compilation.js:3711:9)
    at codeGen (/Users/muhammetturk/Documents/github-projects/burada-v3/node_modules/webpack/lib/Compilation.js:5328:11)
    at symbolIterator (/Users/muhammetturk/Documents/github-projects/burada-v3/node_modules/neo-async/async.js:3482:9)
    at timesSync (/Users/muhammetturk/Documents/github-projects/burada-v3/node_modules/neo-async/async.js:2297:7)
    at Object.eachLimit (/Users/muhammetturk/Documents/github-projects/burada-v3/node_modules/neo-async/async.js:3463:5)
    at /Users/muhammetturk/Documents/github-projects/burada-v3/node_modules/webpack/lib/Compilation.js:5358:14
    at processQueue (/Users/muhammetturk/Documents/github-projects/burada-v3/node_modules/webpack/lib/util/processAsyncTree.js:61:4)
    at process.processTicksAndRejections (node:internal/process/task_queues:84:11)
-- inner error --
Error: Module build failed (from ./node_modules/postcss-loader/dist/cjs.js):
ValidationError: Invalid options object. PostCSS Loader has been initialized using an options object that does not match the API schema.
 - options has an unknown property 'plugins'. These properties are valid:
   object { postcssOptions?, execute?, sourceMap?, implementation? }
    at validate (/Users/muhammetturk/Documents/github-projects/burada-v3/node_modules/schema-utils/dist/validate.js:213:11)
    at Object.getOptions (/Users/muhammetturk/Documents/github-projects/burada-v3/node_modules/webpack/lib/NormalModule.js:721:19)
    at Object.loader (/Users/muhammetturk/Documents/github-projects/burada-v3/node_modules/postcss-loader/dist/index.js:28:24)
    at Object.<anonymous> (/Users/muhammetturk/Documents/github-projects/burada-v3/node_modules/css-loader/dist/cjs.js??clonedRuleSet-3.use[1]!/Users/muhammetturk/Documents/github-projects/burada-v3/node_modules/vue-loader/dist/stylePostLoader.js!/Users/muhammetturk/Documents/github-projects/burada-v3/node_modules/postcss-loader/dist/cjs.js??clonedRuleSet-3.use[2]!/Users/muhammetturk/Documents/github-projects/burada-v3/src/components/screens/add/add.css?vue&type=style&index=0&id=7e9df17c&scoped=true&lang=css&external:1:7)
    at /Users/muhammetturk/Documents/github-projects/burada-v3/node_modules/webpack/lib/javascript/JavascriptModulesPlugin.js:544:10
    at Hook.eval [as call] (eval at create (/Users/muhammetturk/Documents/github-projects/burada-v3/node_modules/tapable/lib/HookCodeFactory.js:19:10), <anonymous>:7:1)
    at /Users/muhammetturk/Documents/github-projects/burada-v3/node_modules/webpack/lib/Compilation.js:5543:39
    at tryRunOrWebpackError (/Users/muhammetturk/Documents/github-projects/burada-v3/node_modules/webpack/lib/HookWebpackError.js:80:7)
    at __webpack_require_module__ (/Users/muhammetturk/Documents/github-projects/burada-v3/node_modules/webpack/lib/Compilation.js:5541:12)
    at __webpack_require__ (/Users/muhammetturk/Documents/github-projects/burada-v3/node_modules/webpack/lib/Compilation.js:5488:18)
    at /Users/muhammetturk/Documents/github-projects/burada-v3/node_modules/webpack/lib/Compilation.js:5576:20
    at symbolIterator (/Users/muhammetturk/Documents/github-projects/burada-v3/node_modules/neo-async/async.js:3485:9)
    at done (/Users/muhammetturk/Documents/github-projects/burada-v3/node_modules/neo-async/async.js:3527:9)
    at Hook.eval [as callAsync] (eval at create (/Users/muhammetturk/Documents/github-projects/burada-v3/node_modules/tapable/lib/HookCodeFactory.js:31:10), <anonymous>:15:1)
    at /Users/muhammetturk/Documents/github-projects/burada-v3/node_modules/webpack/lib/Compilation.js:5463:43
    at symbolIterator (/Users/muhammetturk/Documents/github-projects/burada-v3/node_modules/neo-async/async.js:3482:9)
    at timesSync (/Users/muhammetturk/Documents/github-projects/burada-v3/node_modules/neo-async/async.js:2297:7)
    at Object.eachLimit (/Users/muhammetturk/Documents/github-projects/burada-v3/node_modules/neo-async/async.js:3463:5)
    at /Users/muhammetturk/Documents/github-projects/burada-v3/node_modules/webpack/lib/Compilation.js:5426:16
    at symbolIterator (/Users/muhammetturk/Documents/github-projects/burada-v3/node_modules/neo-async/async.js:3485:9)
    at timesSync (/Users/muhammetturk/Documents/github-projects/burada-v3/node_modules/neo-async/async.js:2297:7)
    at Object.eachLimit (/Users/muhammetturk/Documents/github-projects/burada-v3/node_modules/neo-async/async.js:3463:5)
    at /Users/muhammetturk/Documents/github-projects/burada-v3/node_modules/webpack/lib/Compilation.js:5394:15
    at symbolIterator (/Users/muhammetturk/Documents/github-projects/burada-v3/node_modules/neo-async/async.js:3485:9)
    at done (/Users/muhammetturk/Documents/github-projects/burada-v3/node_modules/neo-async/async.js:3527:9)
    at /Users/muhammetturk/Documents/github-projects/burada-v3/node_modules/webpack/lib/Compilation.js:5340:8
    at /Users/muhammetturk/Documents/github-projects/burada-v3/node_modules/webpack/lib/Compilation.js:3744:6
    at /Users/muhammetturk/Documents/github-projects/burada-v3/node_modules/webpack/lib/HookWebpackError.js:66:2
    at Hook.eval [as callAsync] (eval at create (/Users/muhammetturk/Documents/github-projects/burada-v3/node_modules/tapable/lib/HookCodeFactory.js:31:10), <anonymous>:6:1)
    at Cache.store (/Users/muhammetturk/Documents/github-projects/burada-v3/node_modules/webpack/lib/Cache.js:114:20)
    at ItemCacheFacade.store (/Users/muhammetturk/Documents/github-projects/burada-v3/node_modules/webpack/lib/CacheFacade.js:141:15)
    at /Users/muhammetturk/Documents/github-projects/burada-v3/node_modules/webpack/lib/Compilation.js:3743:11
    at /Users/muhammetturk/Documents/github-projects/burada-v3/node_modules/webpack/lib/Cache.js:100:5
    at Hook.eval [as callAsync] (eval at create (/Users/muhammetturk/Documents/github-projects/burada-v3/node_modules/tapable/lib/HookCodeFactory.js:31:10), <anonymous>:6:1)
    at Cache.get (/Users/muhammetturk/Documents/github-projects/burada-v3/node_modules/webpack/lib/Cache.js:82:18)
    at ItemCacheFacade.get (/Users/muhammetturk/Documents/github-projects/burada-v3/node_modules/webpack/lib/CacheFacade.js:115:15)
    at Compilation._codeGenerationModule (/Users/muhammetturk/Documents/github-projects/burada-v3/node_modules/webpack/lib/Compilation.js:3711:9)
    at codeGen (/Users/muhammetturk/Documents/github-projects/burada-v3/node_modules/webpack/lib/Compilation.js:5328:11)
    at symbolIterator (/Users/muhammetturk/Documents/github-projects/burada-v3/node_modules/neo-async/async.js:3482:9)
    at timesSync (/Users/muhammetturk/Documents/github-projects/burada-v3/node_modules/neo-async/async.js:2297:7)
    at Object.eachLimit (/Users/muhammetturk/Documents/github-projects/burada-v3/node_modules/neo-async/async.js:3463:5)
    at /Users/muhammetturk/Documents/github-projects/burada-v3/node_modules/webpack/lib/Compilation.js:5358:14
    at processQueue (/Users/muhammetturk/Documents/github-projects/burada-v3/node_modules/webpack/lib/util/processAsyncTree.js:61:4)
    at process.processTicksAndRejections (node:internal/process/task_queues:84:11)

Generated code for /Users/muhammetturk/Documents/github-projects/burada-v3/node_modules/css-loader/dist/cjs.js??clonedRuleSet-3.use[1]!/Users/muhammetturk/Documents/github-projects/burada-v3/node_modules/vue-loader/dist/stylePostLoader.js!/Users/muhammetturk/Documents/github-projects/burada-v3/node_modules/postcss-loader/dist/cjs.js??clonedRuleSet-3.use[2]!/Users/muhammetturk/Documents/github-projects/burada-v3/src/components/screens/add/add.css?vue&type=style&index=0&id=7e9df17c&scoped=true&lang=css&external
1 | throw new Error("Module build failed (from ./node_modules/postcss-loader/dist/cjs.js):\nValidationError: Invalid options object. PostCSS Loader has been initialized using an options object that does not match the API schema.\n - options has an unknown property 'plugins'. These properties are valid:\n   object { postcssOptions?, execute?, sourceMap?, implementation? }\n    at validate (/Users/muhammetturk/Documents/github-projects/burada-v3/node_modules/schema-utils/dist/validate.js:213:11)\n    at Object.getOptions (/Users/muhammetturk/Documents/github-projects/burada-v3/node_modules/webpack/lib/NormalModule.js:721:19)\n    at Object.loader (/Users/muhammetturk/Documents/github-projects/burada-v3/node_modules/postcss-loader/dist/index.js:28:24)");
 @ ./src/components/screens/add/add.css?vue&type=style&index=0&id=7e9df17c&scoped=true&lang=css&external 1:0-364 1:0-364
 @ ./src/components/screens/add/add.vue 5:0-83
 @ ./src/router/index.js 10:0-51 90:13-16
 @ ./src/main.js

ERROR in ./src/components/screens/business/business.css?vue&type=style&index=0&id=6d2ec40b&scoped=true&lang=css&external (./node_modules/mini-css-extract-plugin/dist/loader.js!./node_modules/css-loader/dist/cjs.js??clonedRuleSet-3.use[1]!./node_modules/vue-loader/dist/stylePostLoader.js!./node_modules/postcss-loader/dist/cjs.js??clonedRuleSet-3.use[2]!./src/components/screens/business/business.css?vue&type=style&index=0&id=6d2ec40b&scoped=true&lang=css&external)
Module build failed (from ./node_modules/mini-css-extract-plugin/dist/loader.js):
HookWebpackError: Module build failed (from ./node_modules/postcss-loader/dist/cjs.js):
ValidationError: Invalid options object. PostCSS Loader has been initialized using an options object that does not match the API schema.
 - options has an unknown property 'plugins'. These properties are valid:
   object { postcssOptions?, execute?, sourceMap?, implementation? }
    at validate (/Users/muhammetturk/Documents/github-projects/burada-v3/node_modules/schema-utils/dist/validate.js:213:11)
    at Object.getOptions (/Users/muhammetturk/Documents/github-projects/burada-v3/node_modules/webpack/lib/NormalModule.js:721:19)
    at Object.loader (/Users/muhammetturk/Documents/github-projects/burada-v3/node_modules/postcss-loader/dist/index.js:28:24)
    at tryRunOrWebpackError (/Users/muhammetturk/Documents/github-projects/burada-v3/node_modules/webpack/lib/HookWebpackError.js:85:9)
    at __webpack_require_module__ (/Users/muhammetturk/Documents/github-projects/burada-v3/node_modules/webpack/lib/Compilation.js:5541:12)
    at __webpack_require__ (/Users/muhammetturk/Documents/github-projects/burada-v3/node_modules/webpack/lib/Compilation.js:5488:18)
    at /Users/muhammetturk/Documents/github-projects/burada-v3/node_modules/webpack/lib/Compilation.js:5576:20
    at symbolIterator (/Users/muhammetturk/Documents/github-projects/burada-v3/node_modules/neo-async/async.js:3485:9)
    at done (/Users/muhammetturk/Documents/github-projects/burada-v3/node_modules/neo-async/async.js:3527:9)
    at Hook.eval [as callAsync] (eval at create (/Users/muhammetturk/Documents/github-projects/burada-v3/node_modules/tapable/lib/HookCodeFactory.js:31:10), <anonymous>:15:1)
    at /Users/muhammetturk/Documents/github-projects/burada-v3/node_modules/webpack/lib/Compilation.js:5463:43
    at symbolIterator (/Users/muhammetturk/Documents/github-projects/burada-v3/node_modules/neo-async/async.js:3482:9)
    at timesSync (/Users/muhammetturk/Documents/github-projects/burada-v3/node_modules/neo-async/async.js:2297:7)
    at Object.eachLimit (/Users/muhammetturk/Documents/github-projects/burada-v3/node_modules/neo-async/async.js:3463:5)
    at /Users/muhammetturk/Documents/github-projects/burada-v3/node_modules/webpack/lib/Compilation.js:5426:16
    at symbolIterator (/Users/muhammetturk/Documents/github-projects/burada-v3/node_modules/neo-async/async.js:3485:9)
    at timesSync (/Users/muhammetturk/Documents/github-projects/burada-v3/node_modules/neo-async/async.js:2297:7)
    at Object.eachLimit (/Users/muhammetturk/Documents/github-projects/burada-v3/node_modules/neo-async/async.js:3463:5)
    at /Users/muhammetturk/Documents/github-projects/burada-v3/node_modules/webpack/lib/Compilation.js:5394:15
    at symbolIterator (/Users/muhammetturk/Documents/github-projects/burada-v3/node_modules/neo-async/async.js:3485:9)
    at done (/Users/muhammetturk/Documents/github-projects/burada-v3/node_modules/neo-async/async.js:3527:9)
    at /Users/muhammetturk/Documents/github-projects/burada-v3/node_modules/webpack/lib/Compilation.js:5340:8
    at /Users/muhammetturk/Documents/github-projects/burada-v3/node_modules/webpack/lib/Compilation.js:3744:6
    at /Users/muhammetturk/Documents/github-projects/burada-v3/node_modules/webpack/lib/HookWebpackError.js:66:2
    at Hook.eval [as callAsync] (eval at create (/Users/muhammetturk/Documents/github-projects/burada-v3/node_modules/tapable/lib/HookCodeFactory.js:31:10), <anonymous>:6:1)
    at Cache.store (/Users/muhammetturk/Documents/github-projects/burada-v3/node_modules/webpack/lib/Cache.js:114:20)
    at ItemCacheFacade.store (/Users/muhammetturk/Documents/github-projects/burada-v3/node_modules/webpack/lib/CacheFacade.js:141:15)
    at /Users/muhammetturk/Documents/github-projects/burada-v3/node_modules/webpack/lib/Compilation.js:3743:11
    at /Users/muhammetturk/Documents/github-projects/burada-v3/node_modules/webpack/lib/Cache.js:100:5
    at Hook.eval [as callAsync] (eval at create (/Users/muhammetturk/Documents/github-projects/burada-v3/node_modules/tapable/lib/HookCodeFactory.js:31:10), <anonymous>:6:1)
    at Cache.get (/Users/muhammetturk/Documents/github-projects/burada-v3/node_modules/webpack/lib/Cache.js:82:18)
    at ItemCacheFacade.get (/Users/muhammetturk/Documents/github-projects/burada-v3/node_modules/webpack/lib/CacheFacade.js:115:15)
    at Compilation._codeGenerationModule (/Users/muhammetturk/Documents/github-projects/burada-v3/node_modules/webpack/lib/Compilation.js:3711:9)
    at codeGen (/Users/muhammetturk/Documents/github-projects/burada-v3/node_modules/webpack/lib/Compilation.js:5328:11)
    at symbolIterator (/Users/muhammetturk/Documents/github-projects/burada-v3/node_modules/neo-async/async.js:3482:9)
    at timesSync (/Users/muhammetturk/Documents/github-projects/burada-v3/node_modules/neo-async/async.js:2297:7)
    at Object.eachLimit (/Users/muhammetturk/Documents/github-projects/burada-v3/node_modules/neo-async/async.js:3463:5)
    at /Users/muhammetturk/Documents/github-projects/burada-v3/node_modules/webpack/lib/Compilation.js:5358:14
    at processQueue (/Users/muhammetturk/Documents/github-projects/burada-v3/node_modules/webpack/lib/util/processAsyncTree.js:61:4)
    at process.processTicksAndRejections (node:internal/process/task_queues:84:11)
-- inner error --
Error: Module build failed (from ./node_modules/postcss-loader/dist/cjs.js):
ValidationError: Invalid options object. PostCSS Loader has been initialized using an options object that does not match the API schema.
 - options has an unknown property 'plugins'. These properties are valid:
   object { postcssOptions?, execute?, sourceMap?, implementation? }
    at validate (/Users/muhammetturk/Documents/github-projects/burada-v3/node_modules/schema-utils/dist/validate.js:213:11)
    at Object.getOptions (/Users/muhammetturk/Documents/github-projects/burada-v3/node_modules/webpack/lib/NormalModule.js:721:19)
    at Object.loader (/Users/muhammetturk/Documents/github-projects/burada-v3/node_modules/postcss-loader/dist/index.js:28:24)
    at Object.<anonymous> (/Users/muhammetturk/Documents/github-projects/burada-v3/node_modules/css-loader/dist/cjs.js??clonedRuleSet-3.use[1]!/Users/muhammetturk/Documents/github-projects/burada-v3/node_modules/vue-loader/dist/stylePostLoader.js!/Users/muhammetturk/Documents/github-projects/burada-v3/node_modules/postcss-loader/dist/cjs.js??clonedRuleSet-3.use[2]!/Users/muhammetturk/Documents/github-projects/burada-v3/src/components/screens/business/business.css?vue&type=style&index=0&id=6d2ec40b&scoped=true&lang=css&external:1:7)
    at /Users/muhammetturk/Documents/github-projects/burada-v3/node_modules/webpack/lib/javascript/JavascriptModulesPlugin.js:544:10
    at Hook.eval [as call] (eval at create (/Users/muhammetturk/Documents/github-projects/burada-v3/node_modules/tapable/lib/HookCodeFactory.js:19:10), <anonymous>:7:1)
    at /Users/muhammetturk/Documents/github-projects/burada-v3/node_modules/webpack/lib/Compilation.js:5543:39
    at tryRunOrWebpackError (/Users/muhammetturk/Documents/github-projects/burada-v3/node_modules/webpack/lib/HookWebpackError.js:80:7)
    at __webpack_require_module__ (/Users/muhammetturk/Documents/github-projects/burada-v3/node_modules/webpack/lib/Compilation.js:5541:12)
    at __webpack_require__ (/Users/muhammetturk/Documents/github-projects/burada-v3/node_modules/webpack/lib/Compilation.js:5488:18)
    at /Users/muhammetturk/Documents/github-projects/burada-v3/node_modules/webpack/lib/Compilation.js:5576:20
    at symbolIterator (/Users/muhammetturk/Documents/github-projects/burada-v3/node_modules/neo-async/async.js:3485:9)
    at done (/Users/muhammetturk/Documents/github-projects/burada-v3/node_modules/neo-async/async.js:3527:9)
    at Hook.eval [as callAsync] (eval at create (/Users/muhammetturk/Documents/github-projects/burada-v3/node_modules/tapable/lib/HookCodeFactory.js:31:10), <anonymous>:15:1)
    at /Users/muhammetturk/Documents/github-projects/burada-v3/node_modules/webpack/lib/Compilation.js:5463:43
    at symbolIterator (/Users/muhammetturk/Documents/github-projects/burada-v3/node_modules/neo-async/async.js:3482:9)
    at timesSync (/Users/muhammetturk/Documents/github-projects/burada-v3/node_modules/neo-async/async.js:2297:7)
    at Object.eachLimit (/Users/muhammetturk/Documents/github-projects/burada-v3/node_modules/neo-async/async.js:3463:5)
    at /Users/muhammetturk/Documents/github-projects/burada-v3/node_modules/webpack/lib/Compilation.js:5426:16
    at symbolIterator (/Users/muhammetturk/Documents/github-projects/burada-v3/node_modules/neo-async/async.js:3485:9)
    at timesSync (/Users/muhammetturk/Documents/github-projects/burada-v3/node_modules/neo-async/async.js:2297:7)
    at Object.eachLimit (/Users/muhammetturk/Documents/github-projects/burada-v3/node_modules/neo-async/async.js:3463:5)
    at /Users/muhammetturk/Documents/github-projects/burada-v3/node_modules/webpack/lib/Compilation.js:5394:15
    at symbolIterator (/Users/muhammetturk/Documents/github-projects/burada-v3/node_modules/neo-async/async.js:3485:9)
    at done (/Users/muhammetturk/Documents/github-projects/burada-v3/node_modules/neo-async/async.js:3527:9)
    at /Users/muhammetturk/Documents/github-projects/burada-v3/node_modules/webpack/lib/Compilation.js:5340:8
    at /Users/muhammetturk/Documents/github-projects/burada-v3/node_modules/webpack/lib/Compilation.js:3744:6
    at /Users/muhammetturk/Documents/github-projects/burada-v3/node_modules/webpack/lib/HookWebpackError.js:66:2
    at Hook.eval [as callAsync] (eval at create (/Users/muhammetturk/Documents/github-projects/burada-v3/node_modules/tapable/lib/HookCodeFactory.js:31:10), <anonymous>:6:1)
    at Cache.store (/Users/muhammetturk/Documents/github-projects/burada-v3/node_modules/webpack/lib/Cache.js:114:20)
    at ItemCacheFacade.store (/Users/muhammetturk/Documents/github-projects/burada-v3/node_modules/webpack/lib/CacheFacade.js:141:15)
    at /Users/muhammetturk/Documents/github-projects/burada-v3/node_modules/webpack/lib/Compilation.js:3743:11
    at /Users/muhammetturk/Documents/github-projects/burada-v3/node_modules/webpack/lib/Cache.js:100:5
    at Hook.eval [as callAsync] (eval at create (/Users/muhammetturk/Documents/github-projects/burada-v3/node_modules/tapable/lib/HookCodeFactory.js:31:10), <anonymous>:6:1)
    at Cache.get (/Users/muhammetturk/Documents/github-projects/burada-v3/node_modules/webpack/lib/Cache.js:82:18)
    at ItemCacheFacade.get (/Users/muhammetturk/Documents/github-projects/burada-v3/node_modules/webpack/lib/CacheFacade.js:115:15)
    at Compilation._codeGenerationModule (/Users/muhammetturk/Documents/github-projects/burada-v3/node_modules/webpack/lib/Compilation.js:3711:9)
    at codeGen (/Users/muhammetturk/Documents/github-projects/burada-v3/node_modules/webpack/lib/Compilation.js:5328:11)
    at symbolIterator (/Users/muhammetturk/Documents/github-projects/burada-v3/node_modules/neo-async/async.js:3482:9)
    at timesSync (/Users/muhammetturk/Documents/github-projects/burada-v3/node_modules/neo-async/async.js:2297:7)
    at Object.eachLimit (/Users/muhammetturk/Documents/github-projects/burada-v3/node_modules/neo-async/async.js:3463:5)
    at /Users/muhammetturk/Documents/github-projects/burada-v3/node_modules/webpack/lib/Compilation.js:5358:14
    at processQueue (/Users/muhammetturk/Documents/github-projects/burada-v3/node_modules/webpack/lib/util/processAsyncTree.js:61:4)
    at process.processTicksAndRejections (node:internal/process/task_queues:84:11)

Generated code for /Users/muhammetturk/Documents/github-projects/burada-v3/node_modules/css-loader/dist/cjs.js??clonedRuleSet-3.use[1]!/Users/muhammetturk/Documents/github-projects/burada-v3/node_modules/vue-loader/dist/stylePostLoader.js!/Users/muhammetturk/Documents/github-projects/burada-v3/node_modules/postcss-loader/dist/cjs.js??clonedRuleSet-3.use[2]!/Users/muhammetturk/Documents/github-projects/burada-v3/src/components/screens/business/business.css?vue&type=style&index=0&id=6d2ec40b&scoped=true&lang=css&external
1 | throw new Error("Module build failed (from ./node_modules/postcss-loader/dist/cjs.js):\nValidationError: Invalid options object. PostCSS Loader has been initialized using an options object that does not match the API schema.\n - options has an unknown property 'plugins'. These properties are valid:\n   object { postcssOptions?, execute?, sourceMap?, implementation? }\n    at validate (/Users/muhammetturk/Documents/github-projects/burada-v3/node_modules/schema-utils/dist/validate.js:213:11)\n    at Object.getOptions (/Users/muhammetturk/Documents/github-projects/burada-v3/node_modules/webpack/lib/NormalModule.js:721:19)\n    at Object.loader (/Users/muhammetturk/Documents/github-projects/burada-v3/node_modules/postcss-loader/dist/index.js:28:24)");
 @ ./src/components/screens/business/business.css?vue&type=style&index=0&id=6d2ec40b&scoped=true&lang=css&external 1:0-369 1:0-369
 @ ./src/components/screens/business/business.vue 5:0-88
 @ ./src/router/index.js 13:0-66 126:13-21
 @ ./src/main.js

ERROR in ./src/components/screens/chat/chat.css?vue&type=style&index=0&id=73d3e373&scoped=true&lang=css&external (./node_modules/mini-css-extract-plugin/dist/loader.js!./node_modules/css-loader/dist/cjs.js??clonedRuleSet-3.use[1]!./node_modules/vue-loader/dist/stylePostLoader.js!./node_modules/postcss-loader/dist/cjs.js??clonedRuleSet-3.use[2]!./src/components/screens/chat/chat.css?vue&type=style&index=0&id=73d3e373&scoped=true&lang=css&external)
Module build failed (from ./node_modules/mini-css-extract-plugin/dist/loader.js):
HookWebpackError: Module build failed (from ./node_modules/postcss-loader/dist/cjs.js):
ValidationError: Invalid options object. PostCSS Loader has been initialized using an options object that does not match the API schema.
 - options has an unknown property 'plugins'. These properties are valid:
   object { postcssOptions?, execute?, sourceMap?, implementation? }
    at validate (/Users/muhammetturk/Documents/github-projects/burada-v3/node_modules/schema-utils/dist/validate.js:213:11)
    at Object.getOptions (/Users/muhammetturk/Documents/github-projects/burada-v3/node_modules/webpack/lib/NormalModule.js:721:19)
    at Object.loader (/Users/muhammetturk/Documents/github-projects/burada-v3/node_modules/postcss-loader/dist/index.js:28:24)
    at tryRunOrWebpackError (/Users/muhammetturk/Documents/github-projects/burada-v3/node_modules/webpack/lib/HookWebpackError.js:85:9)
    at __webpack_require_module__ (/Users/muhammetturk/Documents/github-projects/burada-v3/node_modules/webpack/lib/Compilation.js:5541:12)
    at __webpack_require__ (/Users/muhammetturk/Documents/github-projects/burada-v3/node_modules/webpack/lib/Compilation.js:5488:18)
    at /Users/muhammetturk/Documents/github-projects/burada-v3/node_modules/webpack/lib/Compilation.js:5576:20
    at symbolIterator (/Users/muhammetturk/Documents/github-projects/burada-v3/node_modules/neo-async/async.js:3485:9)
    at done (/Users/muhammetturk/Documents/github-projects/burada-v3/node_modules/neo-async/async.js:3527:9)
    at Hook.eval [as callAsync] (eval at create (/Users/muhammetturk/Documents/github-projects/burada-v3/node_modules/tapable/lib/HookCodeFactory.js:31:10), <anonymous>:15:1)
    at /Users/muhammetturk/Documents/github-projects/burada-v3/node_modules/webpack/lib/Compilation.js:5463:43
    at symbolIterator (/Users/muhammetturk/Documents/github-projects/burada-v3/node_modules/neo-async/async.js:3482:9)
    at timesSync (/Users/muhammetturk/Documents/github-projects/burada-v3/node_modules/neo-async/async.js:2297:7)
    at Object.eachLimit (/Users/muhammetturk/Documents/github-projects/burada-v3/node_modules/neo-async/async.js:3463:5)
    at /Users/muhammetturk/Documents/github-projects/burada-v3/node_modules/webpack/lib/Compilation.js:5426:16
    at symbolIterator (/Users/muhammetturk/Documents/github-projects/burada-v3/node_modules/neo-async/async.js:3485:9)
    at timesSync (/Users/muhammetturk/Documents/github-projects/burada-v3/node_modules/neo-async/async.js:2297:7)
    at Object.eachLimit (/Users/muhammetturk/Documents/github-projects/burada-v3/node_modules/neo-async/async.js:3463:5)
    at /Users/muhammetturk/Documents/github-projects/burada-v3/node_modules/webpack/lib/Compilation.js:5394:15
    at symbolIterator (/Users/muhammetturk/Documents/github-projects/burada-v3/node_modules/neo-async/async.js:3485:9)
    at done (/Users/muhammetturk/Documents/github-projects/burada-v3/node_modules/neo-async/async.js:3527:9)
    at /Users/muhammetturk/Documents/github-projects/burada-v3/node_modules/webpack/lib/Compilation.js:5340:8
    at /Users/muhammetturk/Documents/github-projects/burada-v3/node_modules/webpack/lib/Compilation.js:3744:6
    at /Users/muhammetturk/Documents/github-projects/burada-v3/node_modules/webpack/lib/HookWebpackError.js:66:2
    at Hook.eval [as callAsync] (eval at create (/Users/muhammetturk/Documents/github-projects/burada-v3/node_modules/tapable/lib/HookCodeFactory.js:31:10), <anonymous>:6:1)
    at Cache.store (/Users/muhammetturk/Documents/github-projects/burada-v3/node_modules/webpack/lib/Cache.js:114:20)
    at ItemCacheFacade.store (/Users/muhammetturk/Documents/github-projects/burada-v3/node_modules/webpack/lib/CacheFacade.js:141:15)
    at /Users/muhammetturk/Documents/github-projects/burada-v3/node_modules/webpack/lib/Compilation.js:3743:11
    at /Users/muhammetturk/Documents/github-projects/burada-v3/node_modules/webpack/lib/Cache.js:100:5
    at Hook.eval [as callAsync] (eval at create (/Users/muhammetturk/Documents/github-projects/burada-v3/node_modules/tapable/lib/HookCodeFactory.js:31:10), <anonymous>:6:1)
    at Cache.get (/Users/muhammetturk/Documents/github-projects/burada-v3/node_modules/webpack/lib/Cache.js:82:18)
    at ItemCacheFacade.get (/Users/muhammetturk/Documents/github-projects/burada-v3/node_modules/webpack/lib/CacheFacade.js:115:15)
    at Compilation._codeGenerationModule (/Users/muhammetturk/Documents/github-projects/burada-v3/node_modules/webpack/lib/Compilation.js:3711:9)
    at codeGen (/Users/muhammetturk/Documents/github-projects/burada-v3/node_modules/webpack/lib/Compilation.js:5328:11)
    at symbolIterator (/Users/muhammetturk/Documents/github-projects/burada-v3/node_modules/neo-async/async.js:3482:9)
    at timesSync (/Users/muhammetturk/Documents/github-projects/burada-v3/node_modules/neo-async/async.js:2297:7)
    at Object.eachLimit (/Users/muhammetturk/Documents/github-projects/burada-v3/node_modules/neo-async/async.js:3463:5)
    at /Users/muhammetturk/Documents/github-projects/burada-v3/node_modules/webpack/lib/Compilation.js:5358:14
    at processQueue (/Users/muhammetturk/Documents/github-projects/burada-v3/node_modules/webpack/lib/util/processAsyncTree.js:61:4)
    at process.processTicksAndRejections (node:internal/process/task_queues:84:11)
-- inner error --
Error: Module build failed (from ./node_modules/postcss-loader/dist/cjs.js):
ValidationError: Invalid options object. PostCSS Loader has been initialized using an options object that does not match the API schema.
 - options has an unknown property 'plugins'. These properties are valid:
   object { postcssOptions?, execute?, sourceMap?, implementation? }
    at validate (/Users/muhammetturk/Documents/github-projects/burada-v3/node_modules/schema-utils/dist/validate.js:213:11)
    at Object.getOptions (/Users/muhammetturk/Documents/github-projects/burada-v3/node_modules/webpack/lib/NormalModule.js:721:19)
    at Object.loader (/Users/muhammetturk/Documents/github-projects/burada-v3/node_modules/postcss-loader/dist/index.js:28:24)
    at Object.<anonymous> (/Users/muhammetturk/Documents/github-projects/burada-v3/node_modules/css-loader/dist/cjs.js??clonedRuleSet-3.use[1]!/Users/muhammetturk/Documents/github-projects/burada-v3/node_modules/vue-loader/dist/stylePostLoader.js!/Users/muhammetturk/Documents/github-projects/burada-v3/node_modules/postcss-loader/dist/cjs.js??clonedRuleSet-3.use[2]!/Users/muhammetturk/Documents/github-projects/burada-v3/src/components/screens/chat/chat.css?vue&type=style&index=0&id=73d3e373&scoped=true&lang=css&external:1:7)
    at /Users/muhammetturk/Documents/github-projects/burada-v3/node_modules/webpack/lib/javascript/JavascriptModulesPlugin.js:544:10
    at Hook.eval [as call] (eval at create (/Users/muhammetturk/Documents/github-projects/burada-v3/node_modules/tapable/lib/HookCodeFactory.js:19:10), <anonymous>:7:1)
    at /Users/muhammetturk/Documents/github-projects/burada-v3/node_modules/webpack/lib/Compilation.js:5543:39
    at tryRunOrWebpackError (/Users/muhammetturk/Documents/github-projects/burada-v3/node_modules/webpack/lib/HookWebpackError.js:80:7)
    at __webpack_require_module__ (/Users/muhammetturk/Documents/github-projects/burada-v3/node_modules/webpack/lib/Compilation.js:5541:12)
    at __webpack_require__ (/Users/muhammetturk/Documents/github-projects/burada-v3/node_modules/webpack/lib/Compilation.js:5488:18)
    at /Users/muhammetturk/Documents/github-projects/burada-v3/node_modules/webpack/lib/Compilation.js:5576:20
    at symbolIterator (/Users/muhammetturk/Documents/github-projects/burada-v3/node_modules/neo-async/async.js:3485:9)
    at done (/Users/muhammetturk/Documents/github-projects/burada-v3/node_modules/neo-async/async.js:3527:9)
    at Hook.eval [as callAsync] (eval at create (/Users/muhammetturk/Documents/github-projects/burada-v3/node_modules/tapable/lib/HookCodeFactory.js:31:10), <anonymous>:15:1)
    at /Users/muhammetturk/Documents/github-projects/burada-v3/node_modules/webpack/lib/Compilation.js:5463:43
    at symbolIterator (/Users/muhammetturk/Documents/github-projects/burada-v3/node_modules/neo-async/async.js:3482:9)
    at timesSync (/Users/muhammetturk/Documents/github-projects/burada-v3/node_modules/neo-async/async.js:2297:7)
    at Object.eachLimit (/Users/muhammetturk/Documents/github-projects/burada-v3/node_modules/neo-async/async.js:3463:5)
    at /Users/muhammetturk/Documents/github-projects/burada-v3/node_modules/webpack/lib/Compilation.js:5426:16
    at symbolIterator (/Users/muhammetturk/Documents/github-projects/burada-v3/node_modules/neo-async/async.js:3485:9)
    at timesSync (/Users/muhammetturk/Documents/github-projects/burada-v3/node_modules/neo-async/async.js:2297:7)
    at Object.eachLimit (/Users/muhammetturk/Documents/github-projects/burada-v3/node_modules/neo-async/async.js:3463:5)
    at /Users/muhammetturk/Documents/github-projects/burada-v3/node_modules/webpack/lib/Compilation.js:5394:15
    at symbolIterator (/Users/muhammetturk/Documents/github-projects/burada-v3/node_modules/neo-async/async.js:3485:9)
    at done (/Users/muhammetturk/Documents/github-projects/burada-v3/node_modules/neo-async/async.js:3527:9)
    at /Users/muhammetturk/Documents/github-projects/burada-v3/node_modules/webpack/lib/Compilation.js:5340:8
    at /Users/muhammetturk/Documents/github-projects/burada-v3/node_modules/webpack/lib/Compilation.js:3744:6
    at /Users/muhammetturk/Documents/github-projects/burada-v3/node_modules/webpack/lib/HookWebpackError.js:66:2
    at Hook.eval [as callAsync] (eval at create (/Users/muhammetturk/Documents/github-projects/burada-v3/node_modules/tapable/lib/HookCodeFactory.js:31:10), <anonymous>:6:1)
    at Cache.store (/Users/muhammetturk/Documents/github-projects/burada-v3/node_modules/webpack/lib/Cache.js:114:20)
    at ItemCacheFacade.store (/Users/muhammetturk/Documents/github-projects/burada-v3/node_modules/webpack/lib/CacheFacade.js:141:15)
    at /Users/muhammetturk/Documents/github-projects/burada-v3/node_modules/webpack/lib/Compilation.js:3743:11
    at /Users/muhammetturk/Documents/github-projects/burada-v3/node_modules/webpack/lib/Cache.js:100:5
    at Hook.eval [as callAsync] (eval at create (/Users/muhammetturk/Documents/github-projects/burada-v3/node_modules/tapable/lib/HookCodeFactory.js:31:10), <anonymous>:6:1)
    at Cache.get (/Users/muhammetturk/Documents/github-projects/burada-v3/node_modules/webpack/lib/Cache.js:82:18)
    at ItemCacheFacade.get (/Users/muhammetturk/Documents/github-projects/burada-v3/node_modules/webpack/lib/CacheFacade.js:115:15)
    at Compilation._codeGenerationModule (/Users/muhammetturk/Documents/github-projects/burada-v3/node_modules/webpack/lib/Compilation.js:3711:9)
    at codeGen (/Users/muhammetturk/Documents/github-projects/burada-v3/node_modules/webpack/lib/Compilation.js:5328:11)
    at symbolIterator (/Users/muhammetturk/Documents/github-projects/burada-v3/node_modules/neo-async/async.js:3482:9)
    at timesSync (/Users/muhammetturk/Documents/github-projects/burada-v3/node_modules/neo-async/async.js:2297:7)
    at Object.eachLimit (/Users/muhammetturk/Documents/github-projects/burada-v3/node_modules/neo-async/async.js:3463:5)
    at /Users/muhammetturk/Documents/github-projects/burada-v3/node_modules/webpack/lib/Compilation.js:5358:14
    at processQueue (/Users/muhammetturk/Documents/github-projects/burada-v3/node_modules/webpack/lib/util/processAsyncTree.js:61:4)
    at process.processTicksAndRejections (node:internal/process/task_queues:84:11)

Generated code for /Users/muhammetturk/Documents/github-projects/burada-v3/node_modules/css-loader/dist/cjs.js??clonedRuleSet-3.use[1]!/Users/muhammetturk/Documents/github-projects/burada-v3/node_modules/vue-loader/dist/stylePostLoader.js!/Users/muhammetturk/Documents/github-projects/burada-v3/node_modules/postcss-loader/dist/cjs.js??clonedRuleSet-3.use[2]!/Users/muhammetturk/Documents/github-projects/burada-v3/src/components/screens/chat/chat.css?vue&type=style&index=0&id=73d3e373&scoped=true&lang=css&external
1 | throw new Error("Module build failed (from ./node_modules/postcss-loader/dist/cjs.js):\nValidationError: Invalid options object. PostCSS Loader has been initialized using an options object that does not match the API schema.\n - options has an unknown property 'plugins'. These properties are valid:\n   object { postcssOptions?, execute?, sourceMap?, implementation? }\n    at validate (/Users/muhammetturk/Documents/github-projects/burada-v3/node_modules/schema-utils/dist/validate.js:213:11)\n    at Object.getOptions (/Users/muhammetturk/Documents/github-projects/burada-v3/node_modules/webpack/lib/NormalModule.js:721:19)\n    at Object.loader (/Users/muhammetturk/Documents/github-projects/burada-v3/node_modules/postcss-loader/dist/index.js:28:24)");
 @ ./src/components/screens/chat/chat.css?vue&type=style&index=0&id=73d3e373&scoped=true&lang=css&external 1:0-365 1:0-365
 @ ./src/components/screens/chat/chat.vue 5:0-84
 @ ./src/router/index.js 11:0-54 183:13-17
 @ ./src/main.js

ERROR in ./src/components/screens/home/home.css?vue&type=style&index=0&id=d4cc9068&scoped=true&lang=css&external (./node_modules/mini-css-extract-plugin/dist/loader.js!./node_modules/css-loader/dist/cjs.js??clonedRuleSet-3.use[1]!./node_modules/vue-loader/dist/stylePostLoader.js!./node_modules/postcss-loader/dist/cjs.js??clonedRuleSet-3.use[2]!./src/components/screens/home/home.css?vue&type=style&index=0&id=d4cc9068&scoped=true&lang=css&external)
Module build failed (from ./node_modules/mini-css-extract-plugin/dist/loader.js):
HookWebpackError: Module build failed (from ./node_modules/postcss-loader/dist/cjs.js):
ValidationError: Invalid options object. PostCSS Loader has been initialized using an options object that does not match the API schema.
 - options has an unknown property 'plugins'. These properties are valid:
   object { postcssOptions?, execute?, sourceMap?, implementation? }
    at validate (/Users/muhammetturk/Documents/github-projects/burada-v3/node_modules/schema-utils/dist/validate.js:213:11)
    at Object.getOptions (/Users/muhammetturk/Documents/github-projects/burada-v3/node_modules/webpack/lib/NormalModule.js:721:19)
    at Object.loader (/Users/muhammetturk/Documents/github-projects/burada-v3/node_modules/postcss-loader/dist/index.js:28:24)
    at tryRunOrWebpackError (/Users/muhammetturk/Documents/github-projects/burada-v3/node_modules/webpack/lib/HookWebpackError.js:85:9)
    at __webpack_require_module__ (/Users/muhammetturk/Documents/github-projects/burada-v3/node_modules/webpack/lib/Compilation.js:5541:12)
    at __webpack_require__ (/Users/muhammetturk/Documents/github-projects/burada-v3/node_modules/webpack/lib/Compilation.js:5488:18)
    at /Users/muhammetturk/Documents/github-projects/burada-v3/node_modules/webpack/lib/Compilation.js:5576:20
    at symbolIterator (/Users/muhammetturk/Documents/github-projects/burada-v3/node_modules/neo-async/async.js:3485:9)
    at done (/Users/muhammetturk/Documents/github-projects/burada-v3/node_modules/neo-async/async.js:3527:9)
    at Hook.eval [as callAsync] (eval at create (/Users/muhammetturk/Documents/github-projects/burada-v3/node_modules/tapable/lib/HookCodeFactory.js:31:10), <anonymous>:15:1)
    at /Users/muhammetturk/Documents/github-projects/burada-v3/node_modules/webpack/lib/Compilation.js:5463:43
    at symbolIterator (/Users/muhammetturk/Documents/github-projects/burada-v3/node_modules/neo-async/async.js:3482:9)
    at timesSync (/Users/muhammetturk/Documents/github-projects/burada-v3/node_modules/neo-async/async.js:2297:7)
    at Object.eachLimit (/Users/muhammetturk/Documents/github-projects/burada-v3/node_modules/neo-async/async.js:3463:5)
    at /Users/muhammetturk/Documents/github-projects/burada-v3/node_modules/webpack/lib/Compilation.js:5426:16
    at symbolIterator (/Users/muhammetturk/Documents/github-projects/burada-v3/node_modules/neo-async/async.js:3485:9)
    at timesSync (/Users/muhammetturk/Documents/github-projects/burada-v3/node_modules/neo-async/async.js:2297:7)
    at Object.eachLimit (/Users/muhammetturk/Documents/github-projects/burada-v3/node_modules/neo-async/async.js:3463:5)
    at /Users/muhammetturk/Documents/github-projects/burada-v3/node_modules/webpack/lib/Compilation.js:5394:15
    at symbolIterator (/Users/muhammetturk/Documents/github-projects/burada-v3/node_modules/neo-async/async.js:3485:9)
    at done (/Users/muhammetturk/Documents/github-projects/burada-v3/node_modules/neo-async/async.js:3527:9)
    at /Users/muhammetturk/Documents/github-projects/burada-v3/node_modules/webpack/lib/Compilation.js:5340:8
    at /Users/muhammetturk/Documents/github-projects/burada-v3/node_modules/webpack/lib/Compilation.js:3744:6
    at /Users/muhammetturk/Documents/github-projects/burada-v3/node_modules/webpack/lib/HookWebpackError.js:66:2
    at Hook.eval [as callAsync] (eval at create (/Users/muhammetturk/Documents/github-projects/burada-v3/node_modules/tapable/lib/HookCodeFactory.js:31:10), <anonymous>:6:1)
    at Cache.store (/Users/muhammetturk/Documents/github-projects/burada-v3/node_modules/webpack/lib/Cache.js:114:20)
    at ItemCacheFacade.store (/Users/muhammetturk/Documents/github-projects/burada-v3/node_modules/webpack/lib/CacheFacade.js:141:15)
    at /Users/muhammetturk/Documents/github-projects/burada-v3/node_modules/webpack/lib/Compilation.js:3743:11
    at /Users/muhammetturk/Documents/github-projects/burada-v3/node_modules/webpack/lib/Cache.js:100:5
    at Hook.eval [as callAsync] (eval at create (/Users/muhammetturk/Documents/github-projects/burada-v3/node_modules/tapable/lib/HookCodeFactory.js:31:10), <anonymous>:6:1)
    at Cache.get (/Users/muhammetturk/Documents/github-projects/burada-v3/node_modules/webpack/lib/Cache.js:82:18)
    at ItemCacheFacade.get (/Users/muhammetturk/Documents/github-projects/burada-v3/node_modules/webpack/lib/CacheFacade.js:115:15)
    at Compilation._codeGenerationModule (/Users/muhammetturk/Documents/github-projects/burada-v3/node_modules/webpack/lib/Compilation.js:3711:9)
    at codeGen (/Users/muhammetturk/Documents/github-projects/burada-v3/node_modules/webpack/lib/Compilation.js:5328:11)
    at symbolIterator (/Users/muhammetturk/Documents/github-projects/burada-v3/node_modules/neo-async/async.js:3482:9)
    at timesSync (/Users/muhammetturk/Documents/github-projects/burada-v3/node_modules/neo-async/async.js:2297:7)
    at Object.eachLimit (/Users/muhammetturk/Documents/github-projects/burada-v3/node_modules/neo-async/async.js:3463:5)
    at /Users/muhammetturk/Documents/github-projects/burada-v3/node_modules/webpack/lib/Compilation.js:5358:14
    at processQueue (/Users/muhammetturk/Documents/github-projects/burada-v3/node_modules/webpack/lib/util/processAsyncTree.js:61:4)
    at process.processTicksAndRejections (node:internal/process/task_queues:84:11)
-- inner error --
Error: Module build failed (from ./node_modules/postcss-loader/dist/cjs.js):
ValidationError: Invalid options object. PostCSS Loader has been initialized using an options object that does not match the API schema.
 - options has an unknown property 'plugins'. These properties are valid:
   object { postcssOptions?, execute?, sourceMap?, implementation? }
    at validate (/Users/muhammetturk/Documents/github-projects/burada-v3/node_modules/schema-utils/dist/validate.js:213:11)
    at Object.getOptions (/Users/muhammetturk/Documents/github-projects/burada-v3/node_modules/webpack/lib/NormalModule.js:721:19)
    at Object.loader (/Users/muhammetturk/Documents/github-projects/burada-v3/node_modules/postcss-loader/dist/index.js:28:24)
    at Object.<anonymous> (/Users/muhammetturk/Documents/github-projects/burada-v3/node_modules/css-loader/dist/cjs.js??clonedRuleSet-3.use[1]!/Users/muhammetturk/Documents/github-projects/burada-v3/node_modules/vue-loader/dist/stylePostLoader.js!/Users/muhammetturk/Documents/github-projects/burada-v3/node_modules/postcss-loader/dist/cjs.js??clonedRuleSet-3.use[2]!/Users/muhammetturk/Documents/github-projects/burada-v3/src/components/screens/home/home.css?vue&type=style&index=0&id=d4cc9068&scoped=true&lang=css&external:1:7)
    at /Users/muhammetturk/Documents/github-projects/burada-v3/node_modules/webpack/lib/javascript/JavascriptModulesPlugin.js:544:10
    at Hook.eval [as call] (eval at create (/Users/muhammetturk/Documents/github-projects/burada-v3/node_modules/tapable/lib/HookCodeFactory.js:19:10), <anonymous>:7:1)
    at /Users/muhammetturk/Documents/github-projects/burada-v3/node_modules/webpack/lib/Compilation.js:5543:39
    at tryRunOrWebpackError (/Users/muhammetturk/Documents/github-projects/burada-v3/node_modules/webpack/lib/HookWebpackError.js:80:7)
    at __webpack_require_module__ (/Users/muhammetturk/Documents/github-projects/burada-v3/node_modules/webpack/lib/Compilation.js:5541:12)
    at __webpack_require__ (/Users/muhammetturk/Documents/github-projects/burada-v3/node_modules/webpack/lib/Compilation.js:5488:18)
    at /Users/muhammetturk/Documents/github-projects/burada-v3/node_modules/webpack/lib/Compilation.js:5576:20
    at symbolIterator (/Users/muhammetturk/Documents/github-projects/burada-v3/node_modules/neo-async/async.js:3485:9)
    at done (/Users/muhammetturk/Documents/github-projects/burada-v3/node_modules/neo-async/async.js:3527:9)
    at Hook.eval [as callAsync] (eval at create (/Users/muhammetturk/Documents/github-projects/burada-v3/node_modules/tapable/lib/HookCodeFactory.js:31:10), <anonymous>:15:1)
    at /Users/muhammetturk/Documents/github-projects/burada-v3/node_modules/webpack/lib/Compilation.js:5463:43
    at symbolIterator (/Users/muhammetturk/Documents/github-projects/burada-v3/node_modules/neo-async/async.js:3482:9)
    at timesSync (/Users/muhammetturk/Documents/github-projects/burada-v3/node_modules/neo-async/async.js:2297:7)
    at Object.eachLimit (/Users/muhammetturk/Documents/github-projects/burada-v3/node_modules/neo-async/async.js:3463:5)
    at /Users/muhammetturk/Documents/github-projects/burada-v3/node_modules/webpack/lib/Compilation.js:5426:16
    at symbolIterator (/Users/muhammetturk/Documents/github-projects/burada-v3/node_modules/neo-async/async.js:3485:9)
    at timesSync (/Users/muhammetturk/Documents/github-projects/burada-v3/node_modules/neo-async/async.js:2297:7)
    at Object.eachLimit (/Users/muhammetturk/Documents/github-projects/burada-v3/node_modules/neo-async/async.js:3463:5)
    at /Users/muhammetturk/Documents/github-projects/burada-v3/node_modules/webpack/lib/Compilation.js:5394:15
    at symbolIterator (/Users/muhammetturk/Documents/github-projects/burada-v3/node_modules/neo-async/async.js:3485:9)
    at done (/Users/muhammetturk/Documents/github-projects/burada-v3/node_modules/neo-async/async.js:3527:9)
    at /Users/muhammetturk/Documents/github-projects/burada-v3/node_modules/webpack/lib/Compilation.js:5340:8
    at /Users/muhammetturk/Documents/github-projects/burada-v3/node_modules/webpack/lib/Compilation.js:3744:6
    at /Users/muhammetturk/Documents/github-projects/burada-v3/node_modules/webpack/lib/HookWebpackError.js:66:2
    at Hook.eval [as callAsync] (eval at create (/Users/muhammetturk/Documents/github-projects/burada-v3/node_modules/tapable/lib/HookCodeFactory.js:31:10), <anonymous>:6:1)
    at Cache.store (/Users/muhammetturk/Documents/github-projects/burada-v3/node_modules/webpack/lib/Cache.js:114:20)
    at ItemCacheFacade.store (/Users/muhammetturk/Documents/github-projects/burada-v3/node_modules/webpack/lib/CacheFacade.js:141:15)
    at /Users/muhammetturk/Documents/github-projects/burada-v3/node_modules/webpack/lib/Compilation.js:3743:11
    at /Users/muhammetturk/Documents/github-projects/burada-v3/node_modules/webpack/lib/Cache.js:100:5
    at Hook.eval [as callAsync] (eval at create (/Users/muhammetturk/Documents/github-projects/burada-v3/node_modules/tapable/lib/HookCodeFactory.js:31:10), <anonymous>:6:1)
    at Cache.get (/Users/muhammetturk/Documents/github-projects/burada-v3/node_modules/webpack/lib/Cache.js:82:18)
    at ItemCacheFacade.get (/Users/muhammetturk/Documents/github-projects/burada-v3/node_modules/webpack/lib/CacheFacade.js:115:15)
    at Compilation._codeGenerationModule (/Users/muhammetturk/Documents/github-projects/burada-v3/node_modules/webpack/lib/Compilation.js:3711:9)
    at codeGen (/Users/muhammetturk/Documents/github-projects/burada-v3/node_modules/webpack/lib/Compilation.js:5328:11)
    at symbolIterator (/Users/muhammetturk/Documents/github-projects/burada-v3/node_modules/neo-async/async.js:3482:9)
    at timesSync (/Users/muhammetturk/Documents/github-projects/burada-v3/node_modules/neo-async/async.js:2297:7)
    at Object.eachLimit (/Users/muhammetturk/Documents/github-projects/burada-v3/node_modules/neo-async/async.js:3463:5)
    at /Users/muhammetturk/Documents/github-projects/burada-v3/node_modules/webpack/lib/Compilation.js:5358:14
    at processQueue (/Users/muhammetturk/Documents/github-projects/burada-v3/node_modules/webpack/lib/util/processAsyncTree.js:61:4)
    at process.processTicksAndRejections (node:internal/process/task_queues:84:11)

Generated code for /Users/muhammetturk/Documents/github-projects/burada-v3/node_modules/css-loader/dist/cjs.js??clonedRuleSet-3.use[1]!/Users/muhammetturk/Documents/github-projects/burada-v3/node_modules/vue-loader/dist/stylePostLoader.js!/Users/muhammetturk/Documents/github-projects/burada-v3/node_modules/postcss-loader/dist/cjs.js??clonedRuleSet-3.use[2]!/Users/muhammetturk/Documents/github-projects/burada-v3/src/components/screens/home/home.css?vue&type=style&index=0&id=d4cc9068&scoped=true&lang=css&external
1 | throw new Error("Module build failed (from ./node_modules/postcss-loader/dist/cjs.js):\nValidationError: Invalid options object. PostCSS Loader has been initialized using an options object that does not match the API schema.\n - options has an unknown property 'plugins'. These properties are valid:\n   object { postcssOptions?, execute?, sourceMap?, implementation? }\n    at validate (/Users/muhammetturk/Documents/github-projects/burada-v3/node_modules/schema-utils/dist/validate.js:213:11)\n    at Object.getOptions (/Users/muhammetturk/Documents/github-projects/burada-v3/node_modules/webpack/lib/NormalModule.js:721:19)\n    at Object.loader (/Users/muhammetturk/Documents/github-projects/burada-v3/node_modules/postcss-loader/dist/index.js:28:24)");
 @ ./src/components/screens/home/home.css?vue&type=style&index=0&id=d4cc9068&scoped=true&lang=css&external 1:0-365 1:0-365
 @ ./src/components/screens/home/home.vue 5:0-84
 @ ./src/router/index.js 7:0-54 68:13-17
 @ ./src/main.js

ERROR in ./src/components/screens/login/login.css?vue&type=style&index=0&id=b343e86c&scoped=true&lang=css&external (./node_modules/mini-css-extract-plugin/dist/loader.js!./node_modules/css-loader/dist/cjs.js??clonedRuleSet-3.use[1]!./node_modules/vue-loader/dist/stylePostLoader.js!./node_modules/postcss-loader/dist/cjs.js??clonedRuleSet-3.use[2]!./src/components/screens/login/login.css?vue&type=style&index=0&id=b343e86c&scoped=true&lang=css&external)
Module build failed (from ./node_modules/mini-css-extract-plugin/dist/loader.js):
HookWebpackError: Module build failed (from ./node_modules/postcss-loader/dist/cjs.js):
ValidationError: Invalid options object. PostCSS Loader has been initialized using an options object that does not match the API schema.
 - options has an unknown property 'plugins'. These properties are valid:
   object { postcssOptions?, execute?, sourceMap?, implementation? }
    at validate (/Users/muhammetturk/Documents/github-projects/burada-v3/node_modules/schema-utils/dist/validate.js:213:11)
    at Object.getOptions (/Users/muhammetturk/Documents/github-projects/burada-v3/node_modules/webpack/lib/NormalModule.js:721:19)
    at Object.loader (/Users/muhammetturk/Documents/github-projects/burada-v3/node_modules/postcss-loader/dist/index.js:28:24)
    at tryRunOrWebpackError (/Users/muhammetturk/Documents/github-projects/burada-v3/node_modules/webpack/lib/HookWebpackError.js:85:9)
    at __webpack_require_module__ (/Users/muhammetturk/Documents/github-projects/burada-v3/node_modules/webpack/lib/Compilation.js:5541:12)
    at __webpack_require__ (/Users/muhammetturk/Documents/github-projects/burada-v3/node_modules/webpack/lib/Compilation.js:5488:18)
    at /Users/muhammetturk/Documents/github-projects/burada-v3/node_modules/webpack/lib/Compilation.js:5576:20
    at symbolIterator (/Users/muhammetturk/Documents/github-projects/burada-v3/node_modules/neo-async/async.js:3485:9)
    at done (/Users/muhammetturk/Documents/github-projects/burada-v3/node_modules/neo-async/async.js:3527:9)
    at Hook.eval [as callAsync] (eval at create (/Users/muhammetturk/Documents/github-projects/burada-v3/node_modules/tapable/lib/HookCodeFactory.js:31:10), <anonymous>:15:1)
    at /Users/muhammetturk/Documents/github-projects/burada-v3/node_modules/webpack/lib/Compilation.js:5463:43
    at symbolIterator (/Users/muhammetturk/Documents/github-projects/burada-v3/node_modules/neo-async/async.js:3482:9)
    at timesSync (/Users/muhammetturk/Documents/github-projects/burada-v3/node_modules/neo-async/async.js:2297:7)
    at Object.eachLimit (/Users/muhammetturk/Documents/github-projects/burada-v3/node_modules/neo-async/async.js:3463:5)
    at /Users/muhammetturk/Documents/github-projects/burada-v3/node_modules/webpack/lib/Compilation.js:5426:16
    at symbolIterator (/Users/muhammetturk/Documents/github-projects/burada-v3/node_modules/neo-async/async.js:3485:9)
    at timesSync (/Users/muhammetturk/Documents/github-projects/burada-v3/node_modules/neo-async/async.js:2297:7)
    at Object.eachLimit (/Users/muhammetturk/Documents/github-projects/burada-v3/node_modules/neo-async/async.js:3463:5)
    at /Users/muhammetturk/Documents/github-projects/burada-v3/node_modules/webpack/lib/Compilation.js:5394:15
    at symbolIterator (/Users/muhammetturk/Documents/github-projects/burada-v3/node_modules/neo-async/async.js:3485:9)
    at done (/Users/muhammetturk/Documents/github-projects/burada-v3/node_modules/neo-async/async.js:3527:9)
    at /Users/muhammetturk/Documents/github-projects/burada-v3/node_modules/webpack/lib/Compilation.js:5340:8
    at /Users/muhammetturk/Documents/github-projects/burada-v3/node_modules/webpack/lib/Compilation.js:3744:6
    at /Users/muhammetturk/Documents/github-projects/burada-v3/node_modules/webpack/lib/HookWebpackError.js:66:2
    at Hook.eval [as callAsync] (eval at create (/Users/muhammetturk/Documents/github-projects/burada-v3/node_modules/tapable/lib/HookCodeFactory.js:31:10), <anonymous>:6:1)
    at Cache.store (/Users/muhammetturk/Documents/github-projects/burada-v3/node_modules/webpack/lib/Cache.js:114:20)
    at ItemCacheFacade.store (/Users/muhammetturk/Documents/github-projects/burada-v3/node_modules/webpack/lib/CacheFacade.js:141:15)
    at /Users/muhammetturk/Documents/github-projects/burada-v3/node_modules/webpack/lib/Compilation.js:3743:11
    at /Users/muhammetturk/Documents/github-projects/burada-v3/node_modules/webpack/lib/Cache.js:100:5
    at Hook.eval [as callAsync] (eval at create (/Users/muhammetturk/Documents/github-projects/burada-v3/node_modules/tapable/lib/HookCodeFactory.js:31:10), <anonymous>:6:1)
    at Cache.get (/Users/muhammetturk/Documents/github-projects/burada-v3/node_modules/webpack/lib/Cache.js:82:18)
    at ItemCacheFacade.get (/Users/muhammetturk/Documents/github-projects/burada-v3/node_modules/webpack/lib/CacheFacade.js:115:15)
    at Compilation._codeGenerationModule (/Users/muhammetturk/Documents/github-projects/burada-v3/node_modules/webpack/lib/Compilation.js:3711:9)
    at codeGen (/Users/muhammetturk/Documents/github-projects/burada-v3/node_modules/webpack/lib/Compilation.js:5328:11)
    at symbolIterator (/Users/muhammetturk/Documents/github-projects/burada-v3/node_modules/neo-async/async.js:3482:9)
    at timesSync (/Users/muhammetturk/Documents/github-projects/burada-v3/node_modules/neo-async/async.js:2297:7)
    at Object.eachLimit (/Users/muhammetturk/Documents/github-projects/burada-v3/node_modules/neo-async/async.js:3463:5)
    at /Users/muhammetturk/Documents/github-projects/burada-v3/node_modules/webpack/lib/Compilation.js:5358:14
    at processQueue (/Users/muhammetturk/Documents/github-projects/burada-v3/node_modules/webpack/lib/util/processAsyncTree.js:61:4)
    at process.processTicksAndRejections (node:internal/process/task_queues:84:11)
-- inner error --
Error: Module build failed (from ./node_modules/postcss-loader/dist/cjs.js):
ValidationError: Invalid options object. PostCSS Loader has been initialized using an options object that does not match the API schema.
 - options has an unknown property 'plugins'. These properties are valid:
   object { postcssOptions?, execute?, sourceMap?, implementation? }
    at validate (/Users/muhammetturk/Documents/github-projects/burada-v3/node_modules/schema-utils/dist/validate.js:213:11)
    at Object.getOptions (/Users/muhammetturk/Documents/github-projects/burada-v3/node_modules/webpack/lib/NormalModule.js:721:19)
    at Object.loader (/Users/muhammetturk/Documents/github-projects/burada-v3/node_modules/postcss-loader/dist/index.js:28:24)
    at Object.<anonymous> (/Users/muhammetturk/Documents/github-projects/burada-v3/node_modules/css-loader/dist/cjs.js??clonedRuleSet-3.use[1]!/Users/muhammetturk/Documents/github-projects/burada-v3/node_modules/vue-loader/dist/stylePostLoader.js!/Users/muhammetturk/Documents/github-projects/burada-v3/node_modules/postcss-loader/dist/cjs.js??clonedRuleSet-3.use[2]!/Users/muhammetturk/Documents/github-projects/burada-v3/src/components/screens/login/login.css?vue&type=style&index=0&id=b343e86c&scoped=true&lang=css&external:1:7)
    at /Users/muhammetturk/Documents/github-projects/burada-v3/node_modules/webpack/lib/javascript/JavascriptModulesPlugin.js:544:10
    at Hook.eval [as call] (eval at create (/Users/muhammetturk/Documents/github-projects/burada-v3/node_modules/tapable/lib/HookCodeFactory.js:19:10), <anonymous>:7:1)
    at /Users/muhammetturk/Documents/github-projects/burada-v3/node_modules/webpack/lib/Compilation.js:5543:39
    at tryRunOrWebpackError (/Users/muhammetturk/Documents/github-projects/burada-v3/node_modules/webpack/lib/HookWebpackError.js:80:7)
    at __webpack_require_module__ (/Users/muhammetturk/Documents/github-projects/burada-v3/node_modules/webpack/lib/Compilation.js:5541:12)
    at __webpack_require__ (/Users/muhammetturk/Documents/github-projects/burada-v3/node_modules/webpack/lib/Compilation.js:5488:18)
    at /Users/muhammetturk/Documents/github-projects/burada-v3/node_modules/webpack/lib/Compilation.js:5576:20
    at symbolIterator (/Users/muhammetturk/Documents/github-projects/burada-v3/node_modules/neo-async/async.js:3485:9)
    at done (/Users/muhammetturk/Documents/github-projects/burada-v3/node_modules/neo-async/async.js:3527:9)
    at Hook.eval [as callAsync] (eval at create (/Users/muhammetturk/Documents/github-projects/burada-v3/node_modules/tapable/lib/HookCodeFactory.js:31:10), <anonymous>:15:1)
    at /Users/muhammetturk/Documents/github-projects/burada-v3/node_modules/webpack/lib/Compilation.js:5463:43
    at symbolIterator (/Users/muhammetturk/Documents/github-projects/burada-v3/node_modules/neo-async/async.js:3482:9)
    at timesSync (/Users/muhammetturk/Documents/github-projects/burada-v3/node_modules/neo-async/async.js:2297:7)
    at Object.eachLimit (/Users/muhammetturk/Documents/github-projects/burada-v3/node_modules/neo-async/async.js:3463:5)
    at /Users/muhammetturk/Documents/github-projects/burada-v3/node_modules/webpack/lib/Compilation.js:5426:16
    at symbolIterator (/Users/muhammetturk/Documents/github-projects/burada-v3/node_modules/neo-async/async.js:3485:9)
    at timesSync (/Users/muhammetturk/Documents/github-projects/burada-v3/node_modules/neo-async/async.js:2297:7)
    at Object.eachLimit (/Users/muhammetturk/Documents/github-projects/burada-v3/node_modules/neo-async/async.js:3463:5)
    at /Users/muhammetturk/Documents/github-projects/burada-v3/node_modules/webpack/lib/Compilation.js:5394:15
    at symbolIterator (/Users/muhammetturk/Documents/github-projects/burada-v3/node_modules/neo-async/async.js:3485:9)
    at done (/Users/muhammetturk/Documents/github-projects/burada-v3/node_modules/neo-async/async.js:3527:9)
    at /Users/muhammetturk/Documents/github-projects/burada-v3/node_modules/webpack/lib/Compilation.js:5340:8
    at /Users/muhammetturk/Documents/github-projects/burada-v3/node_modules/webpack/lib/Compilation.js:3744:6
    at /Users/muhammetturk/Documents/github-projects/burada-v3/node_modules/webpack/lib/HookWebpackError.js:66:2
    at Hook.eval [as callAsync] (eval at create (/Users/muhammetturk/Documents/github-projects/burada-v3/node_modules/tapable/lib/HookCodeFactory.js:31:10), <anonymous>:6:1)
    at Cache.store (/Users/muhammetturk/Documents/github-projects/burada-v3/node_modules/webpack/lib/Cache.js:114:20)
    at ItemCacheFacade.store (/Users/muhammetturk/Documents/github-projects/burada-v3/node_modules/webpack/lib/CacheFacade.js:141:15)
    at /Users/muhammetturk/Documents/github-projects/burada-v3/node_modules/webpack/lib/Compilation.js:3743:11
    at /Users/muhammetturk/Documents/github-projects/burada-v3/node_modules/webpack/lib/Cache.js:100:5
    at Hook.eval [as callAsync] (eval at create (/Users/muhammetturk/Documents/github-projects/burada-v3/node_modules/tapable/lib/HookCodeFactory.js:31:10), <anonymous>:6:1)
    at Cache.get (/Users/muhammetturk/Documents/github-projects/burada-v3/node_modules/webpack/lib/Cache.js:82:18)
    at ItemCacheFacade.get (/Users/muhammetturk/Documents/github-projects/burada-v3/node_modules/webpack/lib/CacheFacade.js:115:15)
    at Compilation._codeGenerationModule (/Users/muhammetturk/Documents/github-projects/burada-v3/node_modules/webpack/lib/Compilation.js:3711:9)
    at codeGen (/Users/muhammetturk/Documents/github-projects/burada-v3/node_modules/webpack/lib/Compilation.js:5328:11)
    at symbolIterator (/Users/muhammetturk/Documents/github-projects/burada-v3/node_modules/neo-async/async.js:3482:9)
    at timesSync (/Users/muhammetturk/Documents/github-projects/burada-v3/node_modules/neo-async/async.js:2297:7)
    at Object.eachLimit (/Users/muhammetturk/Documents/github-projects/burada-v3/node_modules/neo-async/async.js:3463:5)
    at /Users/muhammetturk/Documents/github-projects/burada-v3/node_modules/webpack/lib/Compilation.js:5358:14
    at processQueue (/Users/muhammetturk/Documents/github-projects/burada-v3/node_modules/webpack/lib/util/processAsyncTree.js:61:4)
    at process.processTicksAndRejections (node:internal/process/task_queues:84:11)

Generated code for /Users/muhammetturk/Documents/github-projects/burada-v3/node_modules/css-loader/dist/cjs.js??clonedRuleSet-3.use[1]!/Users/muhammetturk/Documents/github-projects/burada-v3/node_modules/vue-loader/dist/stylePostLoader.js!/Users/muhammetturk/Documents/github-projects/burada-v3/node_modules/postcss-loader/dist/cjs.js??clonedRuleSet-3.use[2]!/Users/muhammetturk/Documents/github-projects/burada-v3/src/components/screens/login/login.css?vue&type=style&index=0&id=b343e86c&scoped=true&lang=css&external
1 | throw new Error("Module build failed (from ./node_modules/postcss-loader/dist/cjs.js):\nValidationError: Invalid options object. PostCSS Loader has been initialized using an options object that does not match the API schema.\n - options has an unknown property 'plugins'. These properties are valid:\n   object { postcssOptions?, execute?, sourceMap?, implementation? }\n    at validate (/Users/muhammetturk/Documents/github-projects/burada-v3/node_modules/schema-utils/dist/validate.js:213:11)\n    at Object.getOptions (/Users/muhammetturk/Documents/github-projects/burada-v3/node_modules/webpack/lib/NormalModule.js:721:19)\n    at Object.loader (/Users/muhammetturk/Documents/github-projects/burada-v3/node_modules/postcss-loader/dist/index.js:28:24)");
 @ ./src/components/screens/login/login.css?vue&type=style&index=0&id=b343e86c&scoped=true&lang=css&external 1:0-366 1:0-366
 @ ./src/components/screens/login/login.vue 5:0-85
 @ ./src/router/index.js 18:0-57 46:13-18
 @ ./src/main.js

ERROR in ./src/components/screens/my-messages/my-messages.css?vue&type=style&index=0&id=6a811a76&scoped=true&lang=css&external (./node_modules/mini-css-extract-plugin/dist/loader.js!./node_modules/css-loader/dist/cjs.js??clonedRuleSet-3.use[1]!./node_modules/vue-loader/dist/stylePostLoader.js!./node_modules/postcss-loader/dist/cjs.js??clonedRuleSet-3.use[2]!./src/components/screens/my-messages/my-messages.css?vue&type=style&index=0&id=6a811a76&scoped=true&lang=css&external)
Module build failed (from ./node_modules/mini-css-extract-plugin/dist/loader.js):
HookWebpackError: Module build failed (from ./node_modules/postcss-loader/dist/cjs.js):
ValidationError: Invalid options object. PostCSS Loader has been initialized using an options object that does not match the API schema.
 - options has an unknown property 'plugins'. These properties are valid:
   object { postcssOptions?, execute?, sourceMap?, implementation? }
    at validate (/Users/muhammetturk/Documents/github-projects/burada-v3/node_modules/schema-utils/dist/validate.js:213:11)
    at Object.getOptions (/Users/muhammetturk/Documents/github-projects/burada-v3/node_modules/webpack/lib/NormalModule.js:721:19)
    at Object.loader (/Users/muhammetturk/Documents/github-projects/burada-v3/node_modules/postcss-loader/dist/index.js:28:24)
    at tryRunOrWebpackError (/Users/muhammetturk/Documents/github-projects/burada-v3/node_modules/webpack/lib/HookWebpackError.js:85:9)
    at __webpack_require_module__ (/Users/muhammetturk/Documents/github-projects/burada-v3/node_modules/webpack/lib/Compilation.js:5541:12)
    at __webpack_require__ (/Users/muhammetturk/Documents/github-projects/burada-v3/node_modules/webpack/lib/Compilation.js:5488:18)
    at /Users/muhammetturk/Documents/github-projects/burada-v3/node_modules/webpack/lib/Compilation.js:5576:20
    at symbolIterator (/Users/muhammetturk/Documents/github-projects/burada-v3/node_modules/neo-async/async.js:3485:9)
    at done (/Users/muhammetturk/Documents/github-projects/burada-v3/node_modules/neo-async/async.js:3527:9)
    at Hook.eval [as callAsync] (eval at create (/Users/muhammetturk/Documents/github-projects/burada-v3/node_modules/tapable/lib/HookCodeFactory.js:31:10), <anonymous>:15:1)
    at /Users/muhammetturk/Documents/github-projects/burada-v3/node_modules/webpack/lib/Compilation.js:5463:43
    at symbolIterator (/Users/muhammetturk/Documents/github-projects/burada-v3/node_modules/neo-async/async.js:3482:9)
    at timesSync (/Users/muhammetturk/Documents/github-projects/burada-v3/node_modules/neo-async/async.js:2297:7)
    at Object.eachLimit (/Users/muhammetturk/Documents/github-projects/burada-v3/node_modules/neo-async/async.js:3463:5)
    at /Users/muhammetturk/Documents/github-projects/burada-v3/node_modules/webpack/lib/Compilation.js:5426:16
    at symbolIterator (/Users/muhammetturk/Documents/github-projects/burada-v3/node_modules/neo-async/async.js:3485:9)
    at timesSync (/Users/muhammetturk/Documents/github-projects/burada-v3/node_modules/neo-async/async.js:2297:7)
    at Object.eachLimit (/Users/muhammetturk/Documents/github-projects/burada-v3/node_modules/neo-async/async.js:3463:5)
    at /Users/muhammetturk/Documents/github-projects/burada-v3/node_modules/webpack/lib/Compilation.js:5394:15
    at symbolIterator (/Users/muhammetturk/Documents/github-projects/burada-v3/node_modules/neo-async/async.js:3485:9)
    at done (/Users/muhammetturk/Documents/github-projects/burada-v3/node_modules/neo-async/async.js:3527:9)
    at /Users/muhammetturk/Documents/github-projects/burada-v3/node_modules/webpack/lib/Compilation.js:5340:8
    at /Users/muhammetturk/Documents/github-projects/burada-v3/node_modules/webpack/lib/Compilation.js:3744:6
    at /Users/muhammetturk/Documents/github-projects/burada-v3/node_modules/webpack/lib/HookWebpackError.js:66:2
    at Hook.eval [as callAsync] (eval at create (/Users/muhammetturk/Documents/github-projects/burada-v3/node_modules/tapable/lib/HookCodeFactory.js:31:10), <anonymous>:6:1)
    at Cache.store (/Users/muhammetturk/Documents/github-projects/burada-v3/node_modules/webpack/lib/Cache.js:114:20)
    at ItemCacheFacade.store (/Users/muhammetturk/Documents/github-projects/burada-v3/node_modules/webpack/lib/CacheFacade.js:141:15)
    at /Users/muhammetturk/Documents/github-projects/burada-v3/node_modules/webpack/lib/Compilation.js:3743:11
    at /Users/muhammetturk/Documents/github-projects/burada-v3/node_modules/webpack/lib/Cache.js:100:5
    at Hook.eval [as callAsync] (eval at create (/Users/muhammetturk/Documents/github-projects/burada-v3/node_modules/tapable/lib/HookCodeFactory.js:31:10), <anonymous>:6:1)
    at Cache.get (/Users/muhammetturk/Documents/github-projects/burada-v3/node_modules/webpack/lib/Cache.js:82:18)
    at ItemCacheFacade.get (/Users/muhammetturk/Documents/github-projects/burada-v3/node_modules/webpack/lib/CacheFacade.js:115:15)
    at Compilation._codeGenerationModule (/Users/muhammetturk/Documents/github-projects/burada-v3/node_modules/webpack/lib/Compilation.js:3711:9)
    at codeGen (/Users/muhammetturk/Documents/github-projects/burada-v3/node_modules/webpack/lib/Compilation.js:5328:11)
    at symbolIterator (/Users/muhammetturk/Documents/github-projects/burada-v3/node_modules/neo-async/async.js:3482:9)
    at timesSync (/Users/muhammetturk/Documents/github-projects/burada-v3/node_modules/neo-async/async.js:2297:7)
    at Object.eachLimit (/Users/muhammetturk/Documents/github-projects/burada-v3/node_modules/neo-async/async.js:3463:5)
    at /Users/muhammetturk/Documents/github-projects/burada-v3/node_modules/webpack/lib/Compilation.js:5358:14
    at processQueue (/Users/muhammetturk/Documents/github-projects/burada-v3/node_modules/webpack/lib/util/processAsyncTree.js:61:4)
    at processTicksAndRejections (node:internal/process/task_queues:84:11)
    at runNextTicks (node:internal/process/task_queues:68:3)
    at process.processImmediate (node:internal/timers:472:9)
-- inner error --
Error: Module build failed (from ./node_modules/postcss-loader/dist/cjs.js):
ValidationError: Invalid options object. PostCSS Loader has been initialized using an options object that does not match the API schema.
 - options has an unknown property 'plugins'. These properties are valid:
   object { postcssOptions?, execute?, sourceMap?, implementation? }
    at validate (/Users/muhammetturk/Documents/github-projects/burada-v3/node_modules/schema-utils/dist/validate.js:213:11)
    at Object.getOptions (/Users/muhammetturk/Documents/github-projects/burada-v3/node_modules/webpack/lib/NormalModule.js:721:19)
    at Object.loader (/Users/muhammetturk/Documents/github-projects/burada-v3/node_modules/postcss-loader/dist/index.js:28:24)
    at Object.<anonymous> (/Users/muhammetturk/Documents/github-projects/burada-v3/node_modules/css-loader/dist/cjs.js??clonedRuleSet-3.use[1]!/Users/muhammetturk/Documents/github-projects/burada-v3/node_modules/vue-loader/dist/stylePostLoader.js!/Users/muhammetturk/Documents/github-projects/burada-v3/node_modules/postcss-loader/dist/cjs.js??clonedRuleSet-3.use[2]!/Users/muhammetturk/Documents/github-projects/burada-v3/src/components/screens/my-messages/my-messages.css?vue&type=style&index=0&id=6a811a76&scoped=true&lang=css&external:1:7)
    at /Users/muhammetturk/Documents/github-projects/burada-v3/node_modules/webpack/lib/javascript/JavascriptModulesPlugin.js:544:10
    at Hook.eval [as call] (eval at create (/Users/muhammetturk/Documents/github-projects/burada-v3/node_modules/tapable/lib/HookCodeFactory.js:19:10), <anonymous>:7:1)
    at /Users/muhammetturk/Documents/github-projects/burada-v3/node_modules/webpack/lib/Compilation.js:5543:39
    at tryRunOrWebpackError (/Users/muhammetturk/Documents/github-projects/burada-v3/node_modules/webpack/lib/HookWebpackError.js:80:7)
    at __webpack_require_module__ (/Users/muhammetturk/Documents/github-projects/burada-v3/node_modules/webpack/lib/Compilation.js:5541:12)
    at __webpack_require__ (/Users/muhammetturk/Documents/github-projects/burada-v3/node_modules/webpack/lib/Compilation.js:5488:18)
    at /Users/muhammetturk/Documents/github-projects/burada-v3/node_modules/webpack/lib/Compilation.js:5576:20
    at symbolIterator (/Users/muhammetturk/Documents/github-projects/burada-v3/node_modules/neo-async/async.js:3485:9)
    at done (/Users/muhammetturk/Documents/github-projects/burada-v3/node_modules/neo-async/async.js:3527:9)
    at Hook.eval [as callAsync] (eval at create (/Users/muhammetturk/Documents/github-projects/burada-v3/node_modules/tapable/lib/HookCodeFactory.js:31:10), <anonymous>:15:1)
    at /Users/muhammetturk/Documents/github-projects/burada-v3/node_modules/webpack/lib/Compilation.js:5463:43
    at symbolIterator (/Users/muhammetturk/Documents/github-projects/burada-v3/node_modules/neo-async/async.js:3482:9)
    at timesSync (/Users/muhammetturk/Documents/github-projects/burada-v3/node_modules/neo-async/async.js:2297:7)
    at Object.eachLimit (/Users/muhammetturk/Documents/github-projects/burada-v3/node_modules/neo-async/async.js:3463:5)
    at /Users/muhammetturk/Documents/github-projects/burada-v3/node_modules/webpack/lib/Compilation.js:5426:16
    at symbolIterator (/Users/muhammetturk/Documents/github-projects/burada-v3/node_modules/neo-async/async.js:3485:9)
    at timesSync (/Users/muhammetturk/Documents/github-projects/burada-v3/node_modules/neo-async/async.js:2297:7)
    at Object.eachLimit (/Users/muhammetturk/Documents/github-projects/burada-v3/node_modules/neo-async/async.js:3463:5)
    at /Users/muhammetturk/Documents/github-projects/burada-v3/node_modules/webpack/lib/Compilation.js:5394:15
    at symbolIterator (/Users/muhammetturk/Documents/github-projects/burada-v3/node_modules/neo-async/async.js:3485:9)
    at done (/Users/muhammetturk/Documents/github-projects/burada-v3/node_modules/neo-async/async.js:3527:9)
    at /Users/muhammetturk/Documents/github-projects/burada-v3/node_modules/webpack/lib/Compilation.js:5340:8
    at /Users/muhammetturk/Documents/github-projects/burada-v3/node_modules/webpack/lib/Compilation.js:3744:6
    at /Users/muhammetturk/Documents/github-projects/burada-v3/node_modules/webpack/lib/HookWebpackError.js:66:2
    at Hook.eval [as callAsync] (eval at create (/Users/muhammetturk/Documents/github-projects/burada-v3/node_modules/tapable/lib/HookCodeFactory.js:31:10), <anonymous>:6:1)
    at Cache.store (/Users/muhammetturk/Documents/github-projects/burada-v3/node_modules/webpack/lib/Cache.js:114:20)
    at ItemCacheFacade.store (/Users/muhammetturk/Documents/github-projects/burada-v3/node_modules/webpack/lib/CacheFacade.js:141:15)
    at /Users/muhammetturk/Documents/github-projects/burada-v3/node_modules/webpack/lib/Compilation.js:3743:11
    at /Users/muhammetturk/Documents/github-projects/burada-v3/node_modules/webpack/lib/Cache.js:100:5
    at Hook.eval [as callAsync] (eval at create (/Users/muhammetturk/Documents/github-projects/burada-v3/node_modules/tapable/lib/HookCodeFactory.js:31:10), <anonymous>:6:1)
    at Cache.get (/Users/muhammetturk/Documents/github-projects/burada-v3/node_modules/webpack/lib/Cache.js:82:18)
    at ItemCacheFacade.get (/Users/muhammetturk/Documents/github-projects/burada-v3/node_modules/webpack/lib/CacheFacade.js:115:15)
    at Compilation._codeGenerationModule (/Users/muhammetturk/Documents/github-projects/burada-v3/node_modules/webpack/lib/Compilation.js:3711:9)
    at codeGen (/Users/muhammetturk/Documents/github-projects/burada-v3/node_modules/webpack/lib/Compilation.js:5328:11)
    at symbolIterator (/Users/muhammetturk/Documents/github-projects/burada-v3/node_modules/neo-async/async.js:3482:9)
    at timesSync (/Users/muhammetturk/Documents/github-projects/burada-v3/node_modules/neo-async/async.js:2297:7)
    at Object.eachLimit (/Users/muhammetturk/Documents/github-projects/burada-v3/node_modules/neo-async/async.js:3463:5)
    at /Users/muhammetturk/Documents/github-projects/burada-v3/node_modules/webpack/lib/Compilation.js:5358:14
    at processQueue (/Users/muhammetturk/Documents/github-projects/burada-v3/node_modules/webpack/lib/util/processAsyncTree.js:61:4)
    at processTicksAndRejections (node:internal/process/task_queues:84:11)
    at runNextTicks (node:internal/process/task_queues:68:3)
    at process.processImmediate (node:internal/timers:472:9)

Generated code for /Users/muhammetturk/Documents/github-projects/burada-v3/node_modules/css-loader/dist/cjs.js??clonedRuleSet-3.use[1]!/Users/muhammetturk/Documents/github-projects/burada-v3/node_modules/vue-loader/dist/stylePostLoader.js!/Users/muhammetturk/Documents/github-projects/burada-v3/node_modules/postcss-loader/dist/cjs.js??clonedRuleSet-3.use[2]!/Users/muhammetturk/Documents/github-projects/burada-v3/src/components/screens/my-messages/my-messages.css?vue&type=style&index=0&id=6a811a76&scoped=true&lang=css&external
1 | throw new Error("Module build failed (from ./node_modules/postcss-loader/dist/cjs.js):\nValidationError: Invalid options object. PostCSS Loader has been initialized using an options object that does not match the API schema.\n - options has an unknown property 'plugins'. These properties are valid:\n   object { postcssOptions?, execute?, sourceMap?, implementation? }\n    at validate (/Users/muhammetturk/Documents/github-projects/burada-v3/node_modules/schema-utils/dist/validate.js:213:11)\n    at Object.getOptions (/Users/muhammetturk/Documents/github-projects/burada-v3/node_modules/webpack/lib/NormalModule.js:721:19)\n    at Object.loader (/Users/muhammetturk/Documents/github-projects/burada-v3/node_modules/postcss-loader/dist/index.js:28:24)");
 @ ./src/components/screens/my-messages/my-messages.css?vue&type=style&index=0&id=6a811a76&scoped=true&lang=css&external 1:0-372 1:0-372
 @ ./src/components/screens/my-messages/my-messages.vue 5:0-91
 @ ./src/router/index.js 22:0-74 214:13-23
 @ ./src/main.js

ERROR in ./src/components/screens/news-details/news-details.css?vue&type=style&index=0&id=1d0070fa&scoped=true&lang=css&external (./node_modules/mini-css-extract-plugin/dist/loader.js!./node_modules/css-loader/dist/cjs.js??clonedRuleSet-3.use[1]!./node_modules/vue-loader/dist/stylePostLoader.js!./node_modules/postcss-loader/dist/cjs.js??clonedRuleSet-3.use[2]!./src/components/screens/news-details/news-details.css?vue&type=style&index=0&id=1d0070fa&scoped=true&lang=css&external)
Module build failed (from ./node_modules/mini-css-extract-plugin/dist/loader.js):
HookWebpackError: Module build failed (from ./node_modules/postcss-loader/dist/cjs.js):
ValidationError: Invalid options object. PostCSS Loader has been initialized using an options object that does not match the API schema.
 - options has an unknown property 'plugins'. These properties are valid:
   object { postcssOptions?, execute?, sourceMap?, implementation? }
    at validate (/Users/muhammetturk/Documents/github-projects/burada-v3/node_modules/schema-utils/dist/validate.js:213:11)
    at Object.getOptions (/Users/muhammetturk/Documents/github-projects/burada-v3/node_modules/webpack/lib/NormalModule.js:721:19)
    at Object.loader (/Users/muhammetturk/Documents/github-projects/burada-v3/node_modules/postcss-loader/dist/index.js:28:24)
    at tryRunOrWebpackError (/Users/muhammetturk/Documents/github-projects/burada-v3/node_modules/webpack/lib/HookWebpackError.js:85:9)
    at __webpack_require_module__ (/Users/muhammetturk/Documents/github-projects/burada-v3/node_modules/webpack/lib/Compilation.js:5541:12)
    at __webpack_require__ (/Users/muhammetturk/Documents/github-projects/burada-v3/node_modules/webpack/lib/Compilation.js:5488:18)
    at /Users/muhammetturk/Documents/github-projects/burada-v3/node_modules/webpack/lib/Compilation.js:5576:20
    at symbolIterator (/Users/muhammetturk/Documents/github-projects/burada-v3/node_modules/neo-async/async.js:3485:9)
    at done (/Users/muhammetturk/Documents/github-projects/burada-v3/node_modules/neo-async/async.js:3527:9)
    at Hook.eval [as callAsync] (eval at create (/Users/muhammetturk/Documents/github-projects/burada-v3/node_modules/tapable/lib/HookCodeFactory.js:31:10), <anonymous>:15:1)
    at /Users/muhammetturk/Documents/github-projects/burada-v3/node_modules/webpack/lib/Compilation.js:5463:43
    at symbolIterator (/Users/muhammetturk/Documents/github-projects/burada-v3/node_modules/neo-async/async.js:3482:9)
    at timesSync (/Users/muhammetturk/Documents/github-projects/burada-v3/node_modules/neo-async/async.js:2297:7)
    at Object.eachLimit (/Users/muhammetturk/Documents/github-projects/burada-v3/node_modules/neo-async/async.js:3463:5)
    at /Users/muhammetturk/Documents/github-projects/burada-v3/node_modules/webpack/lib/Compilation.js:5426:16
    at symbolIterator (/Users/muhammetturk/Documents/github-projects/burada-v3/node_modules/neo-async/async.js:3485:9)
    at timesSync (/Users/muhammetturk/Documents/github-projects/burada-v3/node_modules/neo-async/async.js:2297:7)
    at Object.eachLimit (/Users/muhammetturk/Documents/github-projects/burada-v3/node_modules/neo-async/async.js:3463:5)
    at /Users/muhammetturk/Documents/github-projects/burada-v3/node_modules/webpack/lib/Compilation.js:5394:15
    at symbolIterator (/Users/muhammetturk/Documents/github-projects/burada-v3/node_modules/neo-async/async.js:3485:9)
    at done (/Users/muhammetturk/Documents/github-projects/burada-v3/node_modules/neo-async/async.js:3527:9)
    at /Users/muhammetturk/Documents/github-projects/burada-v3/node_modules/webpack/lib/Compilation.js:5340:8
    at /Users/muhammetturk/Documents/github-projects/burada-v3/node_modules/webpack/lib/Compilation.js:3744:6
    at /Users/muhammetturk/Documents/github-projects/burada-v3/node_modules/webpack/lib/HookWebpackError.js:66:2
    at Hook.eval [as callAsync] (eval at create (/Users/muhammetturk/Documents/github-projects/burada-v3/node_modules/tapable/lib/HookCodeFactory.js:31:10), <anonymous>:6:1)
    at Cache.store (/Users/muhammetturk/Documents/github-projects/burada-v3/node_modules/webpack/lib/Cache.js:114:20)
    at ItemCacheFacade.store (/Users/muhammetturk/Documents/github-projects/burada-v3/node_modules/webpack/lib/CacheFacade.js:141:15)
    at /Users/muhammetturk/Documents/github-projects/burada-v3/node_modules/webpack/lib/Compilation.js:3743:11
    at /Users/muhammetturk/Documents/github-projects/burada-v3/node_modules/webpack/lib/Cache.js:100:5
    at Hook.eval [as callAsync] (eval at create (/Users/muhammetturk/Documents/github-projects/burada-v3/node_modules/tapable/lib/HookCodeFactory.js:31:10), <anonymous>:6:1)
    at Cache.get (/Users/muhammetturk/Documents/github-projects/burada-v3/node_modules/webpack/lib/Cache.js:82:18)
    at ItemCacheFacade.get (/Users/muhammetturk/Documents/github-projects/burada-v3/node_modules/webpack/lib/CacheFacade.js:115:15)
    at Compilation._codeGenerationModule (/Users/muhammetturk/Documents/github-projects/burada-v3/node_modules/webpack/lib/Compilation.js:3711:9)
    at codeGen (/Users/muhammetturk/Documents/github-projects/burada-v3/node_modules/webpack/lib/Compilation.js:5328:11)
    at symbolIterator (/Users/muhammetturk/Documents/github-projects/burada-v3/node_modules/neo-async/async.js:3482:9)
    at timesSync (/Users/muhammetturk/Documents/github-projects/burada-v3/node_modules/neo-async/async.js:2297:7)
    at Object.eachLimit (/Users/muhammetturk/Documents/github-projects/burada-v3/node_modules/neo-async/async.js:3463:5)
    at /Users/muhammetturk/Documents/github-projects/burada-v3/node_modules/webpack/lib/Compilation.js:5358:14
    at processQueue (/Users/muhammetturk/Documents/github-projects/burada-v3/node_modules/webpack/lib/util/processAsyncTree.js:61:4)
    at processTicksAndRejections (node:internal/process/task_queues:84:11)
    at runNextTicks (node:internal/process/task_queues:68:3)
    at process.processImmediate (node:internal/timers:472:9)
-- inner error --
Error: Module build failed (from ./node_modules/postcss-loader/dist/cjs.js):
ValidationError: Invalid options object. PostCSS Loader has been initialized using an options object that does not match the API schema.
 - options has an unknown property 'plugins'. These properties are valid:
   object { postcssOptions?, execute?, sourceMap?, implementation? }
    at validate (/Users/muhammetturk/Documents/github-projects/burada-v3/node_modules/schema-utils/dist/validate.js:213:11)
    at Object.getOptions (/Users/muhammetturk/Documents/github-projects/burada-v3/node_modules/webpack/lib/NormalModule.js:721:19)
    at Object.loader (/Users/muhammetturk/Documents/github-projects/burada-v3/node_modules/postcss-loader/dist/index.js:28:24)
    at Object.<anonymous> (/Users/muhammetturk/Documents/github-projects/burada-v3/node_modules/css-loader/dist/cjs.js??clonedRuleSet-3.use[1]!/Users/muhammetturk/Documents/github-projects/burada-v3/node_modules/vue-loader/dist/stylePostLoader.js!/Users/muhammetturk/Documents/github-projects/burada-v3/node_modules/postcss-loader/dist/cjs.js??clonedRuleSet-3.use[2]!/Users/muhammetturk/Documents/github-projects/burada-v3/src/components/screens/news-details/news-details.css?vue&type=style&index=0&id=1d0070fa&scoped=true&lang=css&external:1:7)
    at /Users/muhammetturk/Documents/github-projects/burada-v3/node_modules/webpack/lib/javascript/JavascriptModulesPlugin.js:544:10
    at Hook.eval [as call] (eval at create (/Users/muhammetturk/Documents/github-projects/burada-v3/node_modules/tapable/lib/HookCodeFactory.js:19:10), <anonymous>:7:1)
    at /Users/muhammetturk/Documents/github-projects/burada-v3/node_modules/webpack/lib/Compilation.js:5543:39
    at tryRunOrWebpackError (/Users/muhammetturk/Documents/github-projects/burada-v3/node_modules/webpack/lib/HookWebpackError.js:80:7)
    at __webpack_require_module__ (/Users/muhammetturk/Documents/github-projects/burada-v3/node_modules/webpack/lib/Compilation.js:5541:12)
    at __webpack_require__ (/Users/muhammetturk/Documents/github-projects/burada-v3/node_modules/webpack/lib/Compilation.js:5488:18)
    at /Users/muhammetturk/Documents/github-projects/burada-v3/node_modules/webpack/lib/Compilation.js:5576:20
    at symbolIterator (/Users/muhammetturk/Documents/github-projects/burada-v3/node_modules/neo-async/async.js:3485:9)
    at done (/Users/muhammetturk/Documents/github-projects/burada-v3/node_modules/neo-async/async.js:3527:9)
    at Hook.eval [as callAsync] (eval at create (/Users/muhammetturk/Documents/github-projects/burada-v3/node_modules/tapable/lib/HookCodeFactory.js:31:10), <anonymous>:15:1)
    at /Users/muhammetturk/Documents/github-projects/burada-v3/node_modules/webpack/lib/Compilation.js:5463:43
    at symbolIterator (/Users/muhammetturk/Documents/github-projects/burada-v3/node_modules/neo-async/async.js:3482:9)
    at timesSync (/Users/muhammetturk/Documents/github-projects/burada-v3/node_modules/neo-async/async.js:2297:7)
    at Object.eachLimit (/Users/muhammetturk/Documents/github-projects/burada-v3/node_modules/neo-async/async.js:3463:5)
    at /Users/muhammetturk/Documents/github-projects/burada-v3/node_modules/webpack/lib/Compilation.js:5426:16
    at symbolIterator (/Users/muhammetturk/Documents/github-projects/burada-v3/node_modules/neo-async/async.js:3485:9)
    at timesSync (/Users/muhammetturk/Documents/github-projects/burada-v3/node_modules/neo-async/async.js:2297:7)
    at Object.eachLimit (/Users/muhammetturk/Documents/github-projects/burada-v3/node_modules/neo-async/async.js:3463:5)
    at /Users/muhammetturk/Documents/github-projects/burada-v3/node_modules/webpack/lib/Compilation.js:5394:15
    at symbolIterator (/Users/muhammetturk/Documents/github-projects/burada-v3/node_modules/neo-async/async.js:3485:9)
    at done (/Users/muhammetturk/Documents/github-projects/burada-v3/node_modules/neo-async/async.js:3527:9)
    at /Users/muhammetturk/Documents/github-projects/burada-v3/node_modules/webpack/lib/Compilation.js:5340:8
    at /Users/muhammetturk/Documents/github-projects/burada-v3/node_modules/webpack/lib/Compilation.js:3744:6
    at /Users/muhammetturk/Documents/github-projects/burada-v3/node_modules/webpack/lib/HookWebpackError.js:66:2
    at Hook.eval [as callAsync] (eval at create (/Users/muhammetturk/Documents/github-projects/burada-v3/node_modules/tapable/lib/HookCodeFactory.js:31:10), <anonymous>:6:1)
    at Cache.store (/Users/muhammetturk/Documents/github-projects/burada-v3/node_modules/webpack/lib/Cache.js:114:20)
    at ItemCacheFacade.store (/Users/muhammetturk/Documents/github-projects/burada-v3/node_modules/webpack/lib/CacheFacade.js:141:15)
    at /Users/muhammetturk/Documents/github-projects/burada-v3/node_modules/webpack/lib/Compilation.js:3743:11
    at /Users/muhammetturk/Documents/github-projects/burada-v3/node_modules/webpack/lib/Cache.js:100:5
    at Hook.eval [as callAsync] (eval at create (/Users/muhammetturk/Documents/github-projects/burada-v3/node_modules/tapable/lib/HookCodeFactory.js:31:10), <anonymous>:6:1)
    at Cache.get (/Users/muhammetturk/Documents/github-projects/burada-v3/node_modules/webpack/lib/Cache.js:82:18)
    at ItemCacheFacade.get (/Users/muhammetturk/Documents/github-projects/burada-v3/node_modules/webpack/lib/CacheFacade.js:115:15)
    at Compilation._codeGenerationModule (/Users/muhammetturk/Documents/github-projects/burada-v3/node_modules/webpack/lib/Compilation.js:3711:9)
    at codeGen (/Users/muhammetturk/Documents/github-projects/burada-v3/node_modules/webpack/lib/Compilation.js:5328:11)
    at symbolIterator (/Users/muhammetturk/Documents/github-projects/burada-v3/node_modules/neo-async/async.js:3482:9)
    at timesSync (/Users/muhammetturk/Documents/github-projects/burada-v3/node_modules/neo-async/async.js:2297:7)
    at Object.eachLimit (/Users/muhammetturk/Documents/github-projects/burada-v3/node_modules/neo-async/async.js:3463:5)
    at /Users/muhammetturk/Documents/github-projects/burada-v3/node_modules/webpack/lib/Compilation.js:5358:14
    at processQueue (/Users/muhammetturk/Documents/github-projects/burada-v3/node_modules/webpack/lib/util/processAsyncTree.js:61:4)
    at processTicksAndRejections (node:internal/process/task_queues:84:11)
    at runNextTicks (node:internal/process/task_queues:68:3)
    at process.processImmediate (node:internal/timers:472:9)

Generated code for /Users/muhammetturk/Documents/github-projects/burada-v3/node_modules/css-loader/dist/cjs.js??clonedRuleSet-3.use[1]!/Users/muhammetturk/Documents/github-projects/burada-v3/node_modules/vue-loader/dist/stylePostLoader.js!/Users/muhammetturk/Documents/github-projects/burada-v3/node_modules/postcss-loader/dist/cjs.js??clonedRuleSet-3.use[2]!/Users/muhammetturk/Documents/github-projects/burada-v3/src/components/screens/news-details/news-details.css?vue&type=style&index=0&id=1d0070fa&scoped=true&lang=css&external
1 | throw new Error("Module build failed (from ./node_modules/postcss-loader/dist/cjs.js):\nValidationError: Invalid options object. PostCSS Loader has been initialized using an options object that does not match the API schema.\n - options has an unknown property 'plugins'. These properties are valid:\n   object { postcssOptions?, execute?, sourceMap?, implementation? }\n    at validate (/Users/muhammetturk/Documents/github-projects/burada-v3/node_modules/schema-utils/dist/validate.js:213:11)\n    at Object.getOptions (/Users/muhammetturk/Documents/github-projects/burada-v3/node_modules/webpack/lib/NormalModule.js:721:19)\n    at Object.loader (/Users/muhammetturk/Documents/github-projects/burada-v3/node_modules/postcss-loader/dist/index.js:28:24)");
 @ ./src/components/screens/news-details/news-details.css?vue&type=style&index=0&id=1d0070fa&scoped=true&lang=css&external 1:0-373 1:0-373
 @ ./src/components/screens/news-details/news-details.vue 5:0-92
 @ ./src/router/index.js
 @ ./src/main.js

ERROR in ./src/components/screens/news-list/news-list.css?vue&type=style&index=0&id=f00bc692&scoped=true&lang=css&external (./node_modules/mini-css-extract-plugin/dist/loader.js!./node_modules/css-loader/dist/cjs.js??clonedRuleSet-3.use[1]!./node_modules/vue-loader/dist/stylePostLoader.js!./node_modules/postcss-loader/dist/cjs.js??clonedRuleSet-3.use[2]!./src/components/screens/news-list/news-list.css?vue&type=style&index=0&id=f00bc692&scoped=true&lang=css&external)
Module build failed (from ./node_modules/mini-css-extract-plugin/dist/loader.js):
HookWebpackError: Module build failed (from ./node_modules/postcss-loader/dist/cjs.js):
ValidationError: Invalid options object. PostCSS Loader has been initialized using an options object that does not match the API schema.
 - options has an unknown property 'plugins'. These properties are valid:
   object { postcssOptions?, execute?, sourceMap?, implementation? }
    at validate (/Users/muhammetturk/Documents/github-projects/burada-v3/node_modules/schema-utils/dist/validate.js:213:11)
    at Object.getOptions (/Users/muhammetturk/Documents/github-projects/burada-v3/node_modules/webpack/lib/NormalModule.js:721:19)
    at Object.loader (/Users/muhammetturk/Documents/github-projects/burada-v3/node_modules/postcss-loader/dist/index.js:28:24)
    at tryRunOrWebpackError (/Users/muhammetturk/Documents/github-projects/burada-v3/node_modules/webpack/lib/HookWebpackError.js:85:9)
    at __webpack_require_module__ (/Users/muhammetturk/Documents/github-projects/burada-v3/node_modules/webpack/lib/Compilation.js:5541:12)
    at __webpack_require__ (/Users/muhammetturk/Documents/github-projects/burada-v3/node_modules/webpack/lib/Compilation.js:5488:18)
    at /Users/muhammetturk/Documents/github-projects/burada-v3/node_modules/webpack/lib/Compilation.js:5576:20
    at symbolIterator (/Users/muhammetturk/Documents/github-projects/burada-v3/node_modules/neo-async/async.js:3485:9)
    at done (/Users/muhammetturk/Documents/github-projects/burada-v3/node_modules/neo-async/async.js:3527:9)
    at Hook.eval [as callAsync] (eval at create (/Users/muhammetturk/Documents/github-projects/burada-v3/node_modules/tapable/lib/HookCodeFactory.js:31:10), <anonymous>:15:1)
    at /Users/muhammetturk/Documents/github-projects/burada-v3/node_modules/webpack/lib/Compilation.js:5463:43
    at symbolIterator (/Users/muhammetturk/Documents/github-projects/burada-v3/node_modules/neo-async/async.js:3482:9)
    at timesSync (/Users/muhammetturk/Documents/github-projects/burada-v3/node_modules/neo-async/async.js:2297:7)
    at Object.eachLimit (/Users/muhammetturk/Documents/github-projects/burada-v3/node_modules/neo-async/async.js:3463:5)
    at /Users/muhammetturk/Documents/github-projects/burada-v3/node_modules/webpack/lib/Compilation.js:5426:16
    at symbolIterator (/Users/muhammetturk/Documents/github-projects/burada-v3/node_modules/neo-async/async.js:3485:9)
    at timesSync (/Users/muhammetturk/Documents/github-projects/burada-v3/node_modules/neo-async/async.js:2297:7)
    at Object.eachLimit (/Users/muhammetturk/Documents/github-projects/burada-v3/node_modules/neo-async/async.js:3463:5)
    at /Users/muhammetturk/Documents/github-projects/burada-v3/node_modules/webpack/lib/Compilation.js:5394:15
    at symbolIterator (/Users/muhammetturk/Documents/github-projects/burada-v3/node_modules/neo-async/async.js:3485:9)
    at done (/Users/muhammetturk/Documents/github-projects/burada-v3/node_modules/neo-async/async.js:3527:9)
    at /Users/muhammetturk/Documents/github-projects/burada-v3/node_modules/webpack/lib/Compilation.js:5340:8
    at /Users/muhammetturk/Documents/github-projects/burada-v3/node_modules/webpack/lib/Compilation.js:3744:6
    at /Users/muhammetturk/Documents/github-projects/burada-v3/node_modules/webpack/lib/HookWebpackError.js:66:2
    at Hook.eval [as callAsync] (eval at create (/Users/muhammetturk/Documents/github-projects/burada-v3/node_modules/tapable/lib/HookCodeFactory.js:31:10), <anonymous>:6:1)
    at Cache.store (/Users/muhammetturk/Documents/github-projects/burada-v3/node_modules/webpack/lib/Cache.js:114:20)
    at ItemCacheFacade.store (/Users/muhammetturk/Documents/github-projects/burada-v3/node_modules/webpack/lib/CacheFacade.js:141:15)
    at /Users/muhammetturk/Documents/github-projects/burada-v3/node_modules/webpack/lib/Compilation.js:3743:11
    at /Users/muhammetturk/Documents/github-projects/burada-v3/node_modules/webpack/lib/Cache.js:100:5
    at Hook.eval [as callAsync] (eval at create (/Users/muhammetturk/Documents/github-projects/burada-v3/node_modules/tapable/lib/HookCodeFactory.js:31:10), <anonymous>:6:1)
    at Cache.get (/Users/muhammetturk/Documents/github-projects/burada-v3/node_modules/webpack/lib/Cache.js:82:18)
    at ItemCacheFacade.get (/Users/muhammetturk/Documents/github-projects/burada-v3/node_modules/webpack/lib/CacheFacade.js:115:15)
    at Compilation._codeGenerationModule (/Users/muhammetturk/Documents/github-projects/burada-v3/node_modules/webpack/lib/Compilation.js:3711:9)
    at codeGen (/Users/muhammetturk/Documents/github-projects/burada-v3/node_modules/webpack/lib/Compilation.js:5328:11)
    at symbolIterator (/Users/muhammetturk/Documents/github-projects/burada-v3/node_modules/neo-async/async.js:3482:9)
    at timesSync (/Users/muhammetturk/Documents/github-projects/burada-v3/node_modules/neo-async/async.js:2297:7)
    at Object.eachLimit (/Users/muhammetturk/Documents/github-projects/burada-v3/node_modules/neo-async/async.js:3463:5)
    at /Users/muhammetturk/Documents/github-projects/burada-v3/node_modules/webpack/lib/Compilation.js:5358:14
    at processQueue (/Users/muhammetturk/Documents/github-projects/burada-v3/node_modules/webpack/lib/util/processAsyncTree.js:61:4)
    at processTicksAndRejections (node:internal/process/task_queues:84:11)
    at runNextTicks (node:internal/process/task_queues:68:3)
    at process.processImmediate (node:internal/timers:472:9)
-- inner error --
Error: Module build failed (from ./node_modules/postcss-loader/dist/cjs.js):
ValidationError: Invalid options object. PostCSS Loader has been initialized using an options object that does not match the API schema.
 - options has an unknown property 'plugins'. These properties are valid:
   object { postcssOptions?, execute?, sourceMap?, implementation? }
    at validate (/Users/muhammetturk/Documents/github-projects/burada-v3/node_modules/schema-utils/dist/validate.js:213:11)
    at Object.getOptions (/Users/muhammetturk/Documents/github-projects/burada-v3/node_modules/webpack/lib/NormalModule.js:721:19)
    at Object.loader (/Users/muhammetturk/Documents/github-projects/burada-v3/node_modules/postcss-loader/dist/index.js:28:24)
    at Object.<anonymous> (/Users/muhammetturk/Documents/github-projects/burada-v3/node_modules/css-loader/dist/cjs.js??clonedRuleSet-3.use[1]!/Users/muhammetturk/Documents/github-projects/burada-v3/node_modules/vue-loader/dist/stylePostLoader.js!/Users/muhammetturk/Documents/github-projects/burada-v3/node_modules/postcss-loader/dist/cjs.js??clonedRuleSet-3.use[2]!/Users/muhammetturk/Documents/github-projects/burada-v3/src/components/screens/news-list/news-list.css?vue&type=style&index=0&id=f00bc692&scoped=true&lang=css&external:1:7)
    at /Users/muhammetturk/Documents/github-projects/burada-v3/node_modules/webpack/lib/javascript/JavascriptModulesPlugin.js:544:10
    at Hook.eval [as call] (eval at create (/Users/muhammetturk/Documents/github-projects/burada-v3/node_modules/tapable/lib/HookCodeFactory.js:19:10), <anonymous>:7:1)
    at /Users/muhammetturk/Documents/github-projects/burada-v3/node_modules/webpack/lib/Compilation.js:5543:39
    at tryRunOrWebpackError (/Users/muhammetturk/Documents/github-projects/burada-v3/node_modules/webpack/lib/HookWebpackError.js:80:7)
    at __webpack_require_module__ (/Users/muhammetturk/Documents/github-projects/burada-v3/node_modules/webpack/lib/Compilation.js:5541:12)
    at __webpack_require__ (/Users/muhammetturk/Documents/github-projects/burada-v3/node_modules/webpack/lib/Compilation.js:5488:18)
    at /Users/muhammetturk/Documents/github-projects/burada-v3/node_modules/webpack/lib/Compilation.js:5576:20
    at symbolIterator (/Users/muhammetturk/Documents/github-projects/burada-v3/node_modules/neo-async/async.js:3485:9)
    at done (/Users/muhammetturk/Documents/github-projects/burada-v3/node_modules/neo-async/async.js:3527:9)
    at Hook.eval [as callAsync] (eval at create (/Users/muhammetturk/Documents/github-projects/burada-v3/node_modules/tapable/lib/HookCodeFactory.js:31:10), <anonymous>:15:1)
    at /Users/muhammetturk/Documents/github-projects/burada-v3/node_modules/webpack/lib/Compilation.js:5463:43
    at symbolIterator (/Users/muhammetturk/Documents/github-projects/burada-v3/node_modules/neo-async/async.js:3482:9)
    at timesSync (/Users/muhammetturk/Documents/github-projects/burada-v3/node_modules/neo-async/async.js:2297:7)
    at Object.eachLimit (/Users/muhammetturk/Documents/github-projects/burada-v3/node_modules/neo-async/async.js:3463:5)
    at /Users/muhammetturk/Documents/github-projects/burada-v3/node_modules/webpack/lib/Compilation.js:5426:16
    at symbolIterator (/Users/muhammetturk/Documents/github-projects/burada-v3/node_modules/neo-async/async.js:3485:9)
    at timesSync (/Users/muhammetturk/Documents/github-projects/burada-v3/node_modules/neo-async/async.js:2297:7)
    at Object.eachLimit (/Users/muhammetturk/Documents/github-projects/burada-v3/node_modules/neo-async/async.js:3463:5)
    at /Users/muhammetturk/Documents/github-projects/burada-v3/node_modules/webpack/lib/Compilation.js:5394:15
    at symbolIterator (/Users/muhammetturk/Documents/github-projects/burada-v3/node_modules/neo-async/async.js:3485:9)
    at done (/Users/muhammetturk/Documents/github-projects/burada-v3/node_modules/neo-async/async.js:3527:9)
    at /Users/muhammetturk/Documents/github-projects/burada-v3/node_modules/webpack/lib/Compilation.js:5340:8
    at /Users/muhammetturk/Documents/github-projects/burada-v3/node_modules/webpack/lib/Compilation.js:3744:6
    at /Users/muhammetturk/Documents/github-projects/burada-v3/node_modules/webpack/lib/HookWebpackError.js:66:2
    at Hook.eval [as callAsync] (eval at create (/Users/muhammetturk/Documents/github-projects/burada-v3/node_modules/tapable/lib/HookCodeFactory.js:31:10), <anonymous>:6:1)
    at Cache.store (/Users/muhammetturk/Documents/github-projects/burada-v3/node_modules/webpack/lib/Cache.js:114:20)
    at ItemCacheFacade.store (/Users/muhammetturk/Documents/github-projects/burada-v3/node_modules/webpack/lib/CacheFacade.js:141:15)
    at /Users/muhammetturk/Documents/github-projects/burada-v3/node_modules/webpack/lib/Compilation.js:3743:11
    at /Users/muhammetturk/Documents/github-projects/burada-v3/node_modules/webpack/lib/Cache.js:100:5
    at Hook.eval [as callAsync] (eval at create (/Users/muhammetturk/Documents/github-projects/burada-v3/node_modules/tapable/lib/HookCodeFactory.js:31:10), <anonymous>:6:1)
    at Cache.get (/Users/muhammetturk/Documents/github-projects/burada-v3/node_modules/webpack/lib/Cache.js:82:18)
    at ItemCacheFacade.get (/Users/muhammetturk/Documents/github-projects/burada-v3/node_modules/webpack/lib/CacheFacade.js:115:15)
    at Compilation._codeGenerationModule (/Users/muhammetturk/Documents/github-projects/burada-v3/node_modules/webpack/lib/Compilation.js:3711:9)
    at codeGen (/Users/muhammetturk/Documents/github-projects/burada-v3/node_modules/webpack/lib/Compilation.js:5328:11)
    at symbolIterator (/Users/muhammetturk/Documents/github-projects/burada-v3/node_modules/neo-async/async.js:3482:9)
    at timesSync (/Users/muhammetturk/Documents/github-projects/burada-v3/node_modules/neo-async/async.js:2297:7)
    at Object.eachLimit (/Users/muhammetturk/Documents/github-projects/burada-v3/node_modules/neo-async/async.js:3463:5)
    at /Users/muhammetturk/Documents/github-projects/burada-v3/node_modules/webpack/lib/Compilation.js:5358:14
    at processQueue (/Users/muhammetturk/Documents/github-projects/burada-v3/node_modules/webpack/lib/util/processAsyncTree.js:61:4)
    at processTicksAndRejections (node:internal/process/task_queues:84:11)
    at runNextTicks (node:internal/process/task_queues:68:3)
    at process.processImmediate (node:internal/timers:472:9)

Generated code for /Users/muhammetturk/Documents/github-projects/burada-v3/node_modules/css-loader/dist/cjs.js??clonedRuleSet-3.use[1]!/Users/muhammetturk/Documents/github-projects/burada-v3/node_modules/vue-loader/dist/stylePostLoader.js!/Users/muhammetturk/Documents/github-projects/burada-v3/node_modules/postcss-loader/dist/cjs.js??clonedRuleSet-3.use[2]!/Users/muhammetturk/Documents/github-projects/burada-v3/src/components/screens/news-list/news-list.css?vue&type=style&index=0&id=f00bc692&scoped=true&lang=css&external
1 | throw new Error("Module build failed (from ./node_modules/postcss-loader/dist/cjs.js):\nValidationError: Invalid options object. PostCSS Loader has been initialized using an options object that does not match the API schema.\n - options has an unknown property 'plugins'. These properties are valid:\n   object { postcssOptions?, execute?, sourceMap?, implementation? }\n    at validate (/Users/muhammetturk/Documents/github-projects/burada-v3/node_modules/schema-utils/dist/validate.js:213:11)\n    at Object.getOptions (/Users/muhammetturk/Documents/github-projects/burada-v3/node_modules/webpack/lib/NormalModule.js:721:19)\n    at Object.loader (/Users/muhammetturk/Documents/github-projects/burada-v3/node_modules/postcss-loader/dist/index.js:28:24)");
 @ ./src/components/screens/news-list/news-list.css?vue&type=style&index=0&id=f00bc692&scoped=true&lang=css&external 1:0-370 1:0-370
 @ ./src/components/screens/news-list/news-list.vue 5:0-89
 @ ./src/router/index.js
 @ ./src/main.js

ERROR in ./src/components/screens/notificaties/notificaties.css?vue&type=style&index=0&id=6e018551&scoped=true&lang=css&external (./node_modules/mini-css-extract-plugin/dist/loader.js!./node_modules/css-loader/dist/cjs.js??clonedRuleSet-3.use[1]!./node_modules/vue-loader/dist/stylePostLoader.js!./node_modules/postcss-loader/dist/cjs.js??clonedRuleSet-3.use[2]!./src/components/screens/notificaties/notificaties.css?vue&type=style&index=0&id=6e018551&scoped=true&lang=css&external)
Module build failed (from ./node_modules/mini-css-extract-plugin/dist/loader.js):
HookWebpackError: Module build failed (from ./node_modules/postcss-loader/dist/cjs.js):
ValidationError: Invalid options object. PostCSS Loader has been initialized using an options object that does not match the API schema.
 - options has an unknown property 'plugins'. These properties are valid:
   object { postcssOptions?, execute?, sourceMap?, implementation? }
    at validate (/Users/muhammetturk/Documents/github-projects/burada-v3/node_modules/schema-utils/dist/validate.js:213:11)
    at Object.getOptions (/Users/muhammetturk/Documents/github-projects/burada-v3/node_modules/webpack/lib/NormalModule.js:721:19)
    at Object.loader (/Users/muhammetturk/Documents/github-projects/burada-v3/node_modules/postcss-loader/dist/index.js:28:24)
    at tryRunOrWebpackError (/Users/muhammetturk/Documents/github-projects/burada-v3/node_modules/webpack/lib/HookWebpackError.js:85:9)
    at __webpack_require_module__ (/Users/muhammetturk/Documents/github-projects/burada-v3/node_modules/webpack/lib/Compilation.js:5541:12)
    at __webpack_require__ (/Users/muhammetturk/Documents/github-projects/burada-v3/node_modules/webpack/lib/Compilation.js:5488:18)
    at /Users/muhammetturk/Documents/github-projects/burada-v3/node_modules/webpack/lib/Compilation.js:5576:20
    at symbolIterator (/Users/muhammetturk/Documents/github-projects/burada-v3/node_modules/neo-async/async.js:3485:9)
    at done (/Users/muhammetturk/Documents/github-projects/burada-v3/node_modules/neo-async/async.js:3527:9)
    at Hook.eval [as callAsync] (eval at create (/Users/muhammetturk/Documents/github-projects/burada-v3/node_modules/tapable/lib/HookCodeFactory.js:31:10), <anonymous>:15:1)
    at /Users/muhammetturk/Documents/github-projects/burada-v3/node_modules/webpack/lib/Compilation.js:5463:43
    at symbolIterator (/Users/muhammetturk/Documents/github-projects/burada-v3/node_modules/neo-async/async.js:3482:9)
    at timesSync (/Users/muhammetturk/Documents/github-projects/burada-v3/node_modules/neo-async/async.js:2297:7)
    at Object.eachLimit (/Users/muhammetturk/Documents/github-projects/burada-v3/node_modules/neo-async/async.js:3463:5)
    at /Users/muhammetturk/Documents/github-projects/burada-v3/node_modules/webpack/lib/Compilation.js:5426:16
    at symbolIterator (/Users/muhammetturk/Documents/github-projects/burada-v3/node_modules/neo-async/async.js:3485:9)
    at timesSync (/Users/muhammetturk/Documents/github-projects/burada-v3/node_modules/neo-async/async.js:2297:7)
    at Object.eachLimit (/Users/muhammetturk/Documents/github-projects/burada-v3/node_modules/neo-async/async.js:3463:5)
    at /Users/muhammetturk/Documents/github-projects/burada-v3/node_modules/webpack/lib/Compilation.js:5394:15
    at symbolIterator (/Users/muhammetturk/Documents/github-projects/burada-v3/node_modules/neo-async/async.js:3485:9)
    at done (/Users/muhammetturk/Documents/github-projects/burada-v3/node_modules/neo-async/async.js:3527:9)
    at /Users/muhammetturk/Documents/github-projects/burada-v3/node_modules/webpack/lib/Compilation.js:5340:8
    at /Users/muhammetturk/Documents/github-projects/burada-v3/node_modules/webpack/lib/Compilation.js:3744:6
    at /Users/muhammetturk/Documents/github-projects/burada-v3/node_modules/webpack/lib/HookWebpackError.js:66:2
    at Hook.eval [as callAsync] (eval at create (/Users/muhammetturk/Documents/github-projects/burada-v3/node_modules/tapable/lib/HookCodeFactory.js:31:10), <anonymous>:6:1)
    at Cache.store (/Users/muhammetturk/Documents/github-projects/burada-v3/node_modules/webpack/lib/Cache.js:114:20)
    at ItemCacheFacade.store (/Users/muhammetturk/Documents/github-projects/burada-v3/node_modules/webpack/lib/CacheFacade.js:141:15)
    at /Users/muhammetturk/Documents/github-projects/burada-v3/node_modules/webpack/lib/Compilation.js:3743:11
    at /Users/muhammetturk/Documents/github-projects/burada-v3/node_modules/webpack/lib/Cache.js:100:5
    at Hook.eval [as callAsync] (eval at create (/Users/muhammetturk/Documents/github-projects/burada-v3/node_modules/tapable/lib/HookCodeFactory.js:31:10), <anonymous>:6:1)
    at Cache.get (/Users/muhammetturk/Documents/github-projects/burada-v3/node_modules/webpack/lib/Cache.js:82:18)
    at ItemCacheFacade.get (/Users/muhammetturk/Documents/github-projects/burada-v3/node_modules/webpack/lib/CacheFacade.js:115:15)
    at Compilation._codeGenerationModule (/Users/muhammetturk/Documents/github-projects/burada-v3/node_modules/webpack/lib/Compilation.js:3711:9)
    at codeGen (/Users/muhammetturk/Documents/github-projects/burada-v3/node_modules/webpack/lib/Compilation.js:5328:11)
    at symbolIterator (/Users/muhammetturk/Documents/github-projects/burada-v3/node_modules/neo-async/async.js:3482:9)
    at timesSync (/Users/muhammetturk/Documents/github-projects/burada-v3/node_modules/neo-async/async.js:2297:7)
    at Object.eachLimit (/Users/muhammetturk/Documents/github-projects/burada-v3/node_modules/neo-async/async.js:3463:5)
    at /Users/muhammetturk/Documents/github-projects/burada-v3/node_modules/webpack/lib/Compilation.js:5358:14
    at processQueue (/Users/muhammetturk/Documents/github-projects/burada-v3/node_modules/webpack/lib/util/processAsyncTree.js:61:4)
    at process.processTicksAndRejections (node:internal/process/task_queues:84:11)
-- inner error --
Error: Module build failed (from ./node_modules/postcss-loader/dist/cjs.js):
ValidationError: Invalid options object. PostCSS Loader has been initialized using an options object that does not match the API schema.
 - options has an unknown property 'plugins'. These properties are valid:
   object { postcssOptions?, execute?, sourceMap?, implementation? }
    at validate (/Users/muhammetturk/Documents/github-projects/burada-v3/node_modules/schema-utils/dist/validate.js:213:11)
    at Object.getOptions (/Users/muhammetturk/Documents/github-projects/burada-v3/node_modules/webpack/lib/NormalModule.js:721:19)
    at Object.loader (/Users/muhammetturk/Documents/github-projects/burada-v3/node_modules/postcss-loader/dist/index.js:28:24)
    at Object.<anonymous> (/Users/muhammetturk/Documents/github-projects/burada-v3/node_modules/css-loader/dist/cjs.js??clonedRuleSet-3.use[1]!/Users/muhammetturk/Documents/github-projects/burada-v3/node_modules/vue-loader/dist/stylePostLoader.js!/Users/muhammetturk/Documents/github-projects/burada-v3/node_modules/postcss-loader/dist/cjs.js??clonedRuleSet-3.use[2]!/Users/muhammetturk/Documents/github-projects/burada-v3/src/components/screens/notificaties/notificaties.css?vue&type=style&index=0&id=6e018551&scoped=true&lang=css&external:1:7)
    at /Users/muhammetturk/Documents/github-projects/burada-v3/node_modules/webpack/lib/javascript/JavascriptModulesPlugin.js:544:10
    at Hook.eval [as call] (eval at create (/Users/muhammetturk/Documents/github-projects/burada-v3/node_modules/tapable/lib/HookCodeFactory.js:19:10), <anonymous>:7:1)
    at /Users/muhammetturk/Documents/github-projects/burada-v3/node_modules/webpack/lib/Compilation.js:5543:39
    at tryRunOrWebpackError (/Users/muhammetturk/Documents/github-projects/burada-v3/node_modules/webpack/lib/HookWebpackError.js:80:7)
    at __webpack_require_module__ (/Users/muhammetturk/Documents/github-projects/burada-v3/node_modules/webpack/lib/Compilation.js:5541:12)
    at __webpack_require__ (/Users/muhammetturk/Documents/github-projects/burada-v3/node_modules/webpack/lib/Compilation.js:5488:18)
    at /Users/muhammetturk/Documents/github-projects/burada-v3/node_modules/webpack/lib/Compilation.js:5576:20
    at symbolIterator (/Users/muhammetturk/Documents/github-projects/burada-v3/node_modules/neo-async/async.js:3485:9)
    at done (/Users/muhammetturk/Documents/github-projects/burada-v3/node_modules/neo-async/async.js:3527:9)
    at Hook.eval [as callAsync] (eval at create (/Users/muhammetturk/Documents/github-projects/burada-v3/node_modules/tapable/lib/HookCodeFactory.js:31:10), <anonymous>:15:1)
    at /Users/muhammetturk/Documents/github-projects/burada-v3/node_modules/webpack/lib/Compilation.js:5463:43
    at symbolIterator (/Users/muhammetturk/Documents/github-projects/burada-v3/node_modules/neo-async/async.js:3482:9)
    at timesSync (/Users/muhammetturk/Documents/github-projects/burada-v3/node_modules/neo-async/async.js:2297:7)
    at Object.eachLimit (/Users/muhammetturk/Documents/github-projects/burada-v3/node_modules/neo-async/async.js:3463:5)
    at /Users/muhammetturk/Documents/github-projects/burada-v3/node_modules/webpack/lib/Compilation.js:5426:16
    at symbolIterator (/Users/muhammetturk/Documents/github-projects/burada-v3/node_modules/neo-async/async.js:3485:9)
    at timesSync (/Users/muhammetturk/Documents/github-projects/burada-v3/node_modules/neo-async/async.js:2297:7)
    at Object.eachLimit (/Users/muhammetturk/Documents/github-projects/burada-v3/node_modules/neo-async/async.js:3463:5)
    at /Users/muhammetturk/Documents/github-projects/burada-v3/node_modules/webpack/lib/Compilation.js:5394:15
    at symbolIterator (/Users/muhammetturk/Documents/github-projects/burada-v3/node_modules/neo-async/async.js:3485:9)
    at done (/Users/muhammetturk/Documents/github-projects/burada-v3/node_modules/neo-async/async.js:3527:9)
    at /Users/muhammetturk/Documents/github-projects/burada-v3/node_modules/webpack/lib/Compilation.js:5340:8
    at /Users/muhammetturk/Documents/github-projects/burada-v3/node_modules/webpack/lib/Compilation.js:3744:6
    at /Users/muhammetturk/Documents/github-projects/burada-v3/node_modules/webpack/lib/HookWebpackError.js:66:2
    at Hook.eval [as callAsync] (eval at create (/Users/muhammetturk/Documents/github-projects/burada-v3/node_modules/tapable/lib/HookCodeFactory.js:31:10), <anonymous>:6:1)
    at Cache.store (/Users/muhammetturk/Documents/github-projects/burada-v3/node_modules/webpack/lib/Cache.js:114:20)
    at ItemCacheFacade.store (/Users/muhammetturk/Documents/github-projects/burada-v3/node_modules/webpack/lib/CacheFacade.js:141:15)
    at /Users/muhammetturk/Documents/github-projects/burada-v3/node_modules/webpack/lib/Compilation.js:3743:11
    at /Users/muhammetturk/Documents/github-projects/burada-v3/node_modules/webpack/lib/Cache.js:100:5
    at Hook.eval [as callAsync] (eval at create (/Users/muhammetturk/Documents/github-projects/burada-v3/node_modules/tapable/lib/HookCodeFactory.js:31:10), <anonymous>:6:1)
    at Cache.get (/Users/muhammetturk/Documents/github-projects/burada-v3/node_modules/webpack/lib/Cache.js:82:18)
    at ItemCacheFacade.get (/Users/muhammetturk/Documents/github-projects/burada-v3/node_modules/webpack/lib/CacheFacade.js:115:15)
    at Compilation._codeGenerationModule (/Users/muhammetturk/Documents/github-projects/burada-v3/node_modules/webpack/lib/Compilation.js:3711:9)
    at codeGen (/Users/muhammetturk/Documents/github-projects/burada-v3/node_modules/webpack/lib/Compilation.js:5328:11)
    at symbolIterator (/Users/muhammetturk/Documents/github-projects/burada-v3/node_modules/neo-async/async.js:3482:9)
    at timesSync (/Users/muhammetturk/Documents/github-projects/burada-v3/node_modules/neo-async/async.js:2297:7)
    at Object.eachLimit (/Users/muhammetturk/Documents/github-projects/burada-v3/node_modules/neo-async/async.js:3463:5)
    at /Users/muhammetturk/Documents/github-projects/burada-v3/node_modules/webpack/lib/Compilation.js:5358:14
    at processQueue (/Users/muhammetturk/Documents/github-projects/burada-v3/node_modules/webpack/lib/util/processAsyncTree.js:61:4)
    at process.processTicksAndRejections (node:internal/process/task_queues:84:11)

Generated code for /Users/muhammetturk/Documents/github-projects/burada-v3/node_modules/css-loader/dist/cjs.js??clonedRuleSet-3.use[1]!/Users/muhammetturk/Documents/github-projects/burada-v3/node_modules/vue-loader/dist/stylePostLoader.js!/Users/muhammetturk/Documents/github-projects/burada-v3/node_modules/postcss-loader/dist/cjs.js??clonedRuleSet-3.use[2]!/Users/muhammetturk/Documents/github-projects/burada-v3/src/components/screens/notificaties/notificaties.css?vue&type=style&index=0&id=6e018551&scoped=true&lang=css&external
1 | throw new Error("Module build failed (from ./node_modules/postcss-loader/dist/cjs.js):\nValidationError: Invalid options object. PostCSS Loader has been initialized using an options object that does not match the API schema.\n - options has an unknown property 'plugins'. These properties are valid:\n   object { postcssOptions?, execute?, sourceMap?, implementation? }\n    at validate (/Users/muhammetturk/Documents/github-projects/burada-v3/node_modules/schema-utils/dist/validate.js:213:11)\n    at Object.getOptions (/Users/muhammetturk/Documents/github-projects/burada-v3/node_modules/webpack/lib/NormalModule.js:721:19)\n    at Object.loader (/Users/muhammetturk/Documents/github-projects/burada-v3/node_modules/postcss-loader/dist/index.js:28:24)");
 @ ./src/components/screens/notificaties/notificaties.css?vue&type=style&index=0&id=6e018551&scoped=true&lang=css&external 1:0-373 1:0-373
 @ ./src/components/screens/notificaties/notificaties.vue 5:0-92
 @ ./src/router/index.js 16:0-78 102:13-25
 @ ./src/main.js

ERROR in ./src/components/screens/post-list/post-list.css?vue&type=style&index=0&id=82fb9560&scoped=true&lang=css&external (./node_modules/mini-css-extract-plugin/dist/loader.js!./node_modules/css-loader/dist/cjs.js??clonedRuleSet-3.use[1]!./node_modules/vue-loader/dist/stylePostLoader.js!./node_modules/postcss-loader/dist/cjs.js??clonedRuleSet-3.use[2]!./src/components/screens/post-list/post-list.css?vue&type=style&index=0&id=82fb9560&scoped=true&lang=css&external)
Module build failed (from ./node_modules/mini-css-extract-plugin/dist/loader.js):
HookWebpackError: Module build failed (from ./node_modules/postcss-loader/dist/cjs.js):
ValidationError: Invalid options object. PostCSS Loader has been initialized using an options object that does not match the API schema.
 - options has an unknown property 'plugins'. These properties are valid:
   object { postcssOptions?, execute?, sourceMap?, implementation? }
    at validate (/Users/muhammetturk/Documents/github-projects/burada-v3/node_modules/schema-utils/dist/validate.js:213:11)
    at Object.getOptions (/Users/muhammetturk/Documents/github-projects/burada-v3/node_modules/webpack/lib/NormalModule.js:721:19)
    at Object.loader (/Users/muhammetturk/Documents/github-projects/burada-v3/node_modules/postcss-loader/dist/index.js:28:24)
    at tryRunOrWebpackError (/Users/muhammetturk/Documents/github-projects/burada-v3/node_modules/webpack/lib/HookWebpackError.js:85:9)
    at __webpack_require_module__ (/Users/muhammetturk/Documents/github-projects/burada-v3/node_modules/webpack/lib/Compilation.js:5541:12)
    at __webpack_require__ (/Users/muhammetturk/Documents/github-projects/burada-v3/node_modules/webpack/lib/Compilation.js:5488:18)
    at /Users/muhammetturk/Documents/github-projects/burada-v3/node_modules/webpack/lib/Compilation.js:5576:20
    at symbolIterator (/Users/muhammetturk/Documents/github-projects/burada-v3/node_modules/neo-async/async.js:3485:9)
    at done (/Users/muhammetturk/Documents/github-projects/burada-v3/node_modules/neo-async/async.js:3527:9)
    at Hook.eval [as callAsync] (eval at create (/Users/muhammetturk/Documents/github-projects/burada-v3/node_modules/tapable/lib/HookCodeFactory.js:31:10), <anonymous>:15:1)
    at /Users/muhammetturk/Documents/github-projects/burada-v3/node_modules/webpack/lib/Compilation.js:5463:43
    at symbolIterator (/Users/muhammetturk/Documents/github-projects/burada-v3/node_modules/neo-async/async.js:3482:9)
    at timesSync (/Users/muhammetturk/Documents/github-projects/burada-v3/node_modules/neo-async/async.js:2297:7)
    at Object.eachLimit (/Users/muhammetturk/Documents/github-projects/burada-v3/node_modules/neo-async/async.js:3463:5)
    at /Users/muhammetturk/Documents/github-projects/burada-v3/node_modules/webpack/lib/Compilation.js:5426:16
    at symbolIterator (/Users/muhammetturk/Documents/github-projects/burada-v3/node_modules/neo-async/async.js:3485:9)
    at timesSync (/Users/muhammetturk/Documents/github-projects/burada-v3/node_modules/neo-async/async.js:2297:7)
    at Object.eachLimit (/Users/muhammetturk/Documents/github-projects/burada-v3/node_modules/neo-async/async.js:3463:5)
    at /Users/muhammetturk/Documents/github-projects/burada-v3/node_modules/webpack/lib/Compilation.js:5394:15
    at symbolIterator (/Users/muhammetturk/Documents/github-projects/burada-v3/node_modules/neo-async/async.js:3485:9)
    at done (/Users/muhammetturk/Documents/github-projects/burada-v3/node_modules/neo-async/async.js:3527:9)
    at /Users/muhammetturk/Documents/github-projects/burada-v3/node_modules/webpack/lib/Compilation.js:5340:8
    at /Users/muhammetturk/Documents/github-projects/burada-v3/node_modules/webpack/lib/Compilation.js:3744:6
    at /Users/muhammetturk/Documents/github-projects/burada-v3/node_modules/webpack/lib/HookWebpackError.js:66:2
    at Hook.eval [as callAsync] (eval at create (/Users/muhammetturk/Documents/github-projects/burada-v3/node_modules/tapable/lib/HookCodeFactory.js:31:10), <anonymous>:6:1)
    at Cache.store (/Users/muhammetturk/Documents/github-projects/burada-v3/node_modules/webpack/lib/Cache.js:114:20)
    at ItemCacheFacade.store (/Users/muhammetturk/Documents/github-projects/burada-v3/node_modules/webpack/lib/CacheFacade.js:141:15)
    at /Users/muhammetturk/Documents/github-projects/burada-v3/node_modules/webpack/lib/Compilation.js:3743:11
    at /Users/muhammetturk/Documents/github-projects/burada-v3/node_modules/webpack/lib/Cache.js:100:5
    at Hook.eval [as callAsync] (eval at create (/Users/muhammetturk/Documents/github-projects/burada-v3/node_modules/tapable/lib/HookCodeFactory.js:31:10), <anonymous>:6:1)
    at Cache.get (/Users/muhammetturk/Documents/github-projects/burada-v3/node_modules/webpack/lib/Cache.js:82:18)
    at ItemCacheFacade.get (/Users/muhammetturk/Documents/github-projects/burada-v3/node_modules/webpack/lib/CacheFacade.js:115:15)
    at Compilation._codeGenerationModule (/Users/muhammetturk/Documents/github-projects/burada-v3/node_modules/webpack/lib/Compilation.js:3711:9)
    at codeGen (/Users/muhammetturk/Documents/github-projects/burada-v3/node_modules/webpack/lib/Compilation.js:5328:11)
    at symbolIterator (/Users/muhammetturk/Documents/github-projects/burada-v3/node_modules/neo-async/async.js:3482:9)
    at timesSync (/Users/muhammetturk/Documents/github-projects/burada-v3/node_modules/neo-async/async.js:2297:7)
    at Object.eachLimit (/Users/muhammetturk/Documents/github-projects/burada-v3/node_modules/neo-async/async.js:3463:5)
    at /Users/muhammetturk/Documents/github-projects/burada-v3/node_modules/webpack/lib/Compilation.js:5358:14
    at processQueue (/Users/muhammetturk/Documents/github-projects/burada-v3/node_modules/webpack/lib/util/processAsyncTree.js:61:4)
    at processTicksAndRejections (node:internal/process/task_queues:84:11)
    at runNextTicks (node:internal/process/task_queues:68:3)
    at process.processImmediate (node:internal/timers:472:9)
-- inner error --
Error: Module build failed (from ./node_modules/postcss-loader/dist/cjs.js):
ValidationError: Invalid options object. PostCSS Loader has been initialized using an options object that does not match the API schema.
 - options has an unknown property 'plugins'. These properties are valid:
   object { postcssOptions?, execute?, sourceMap?, implementation? }
    at validate (/Users/muhammetturk/Documents/github-projects/burada-v3/node_modules/schema-utils/dist/validate.js:213:11)
    at Object.getOptions (/Users/muhammetturk/Documents/github-projects/burada-v3/node_modules/webpack/lib/NormalModule.js:721:19)
    at Object.loader (/Users/muhammetturk/Documents/github-projects/burada-v3/node_modules/postcss-loader/dist/index.js:28:24)
    at Object.<anonymous> (/Users/muhammetturk/Documents/github-projects/burada-v3/node_modules/css-loader/dist/cjs.js??clonedRuleSet-3.use[1]!/Users/muhammetturk/Documents/github-projects/burada-v3/node_modules/vue-loader/dist/stylePostLoader.js!/Users/muhammetturk/Documents/github-projects/burada-v3/node_modules/postcss-loader/dist/cjs.js??clonedRuleSet-3.use[2]!/Users/muhammetturk/Documents/github-projects/burada-v3/src/components/screens/post-list/post-list.css?vue&type=style&index=0&id=82fb9560&scoped=true&lang=css&external:1:7)
    at /Users/muhammetturk/Documents/github-projects/burada-v3/node_modules/webpack/lib/javascript/JavascriptModulesPlugin.js:544:10
    at Hook.eval [as call] (eval at create (/Users/muhammetturk/Documents/github-projects/burada-v3/node_modules/tapable/lib/HookCodeFactory.js:19:10), <anonymous>:7:1)
    at /Users/muhammetturk/Documents/github-projects/burada-v3/node_modules/webpack/lib/Compilation.js:5543:39
    at tryRunOrWebpackError (/Users/muhammetturk/Documents/github-projects/burada-v3/node_modules/webpack/lib/HookWebpackError.js:80:7)
    at __webpack_require_module__ (/Users/muhammetturk/Documents/github-projects/burada-v3/node_modules/webpack/lib/Compilation.js:5541:12)
    at __webpack_require__ (/Users/muhammetturk/Documents/github-projects/burada-v3/node_modules/webpack/lib/Compilation.js:5488:18)
    at /Users/muhammetturk/Documents/github-projects/burada-v3/node_modules/webpack/lib/Compilation.js:5576:20
    at symbolIterator (/Users/muhammetturk/Documents/github-projects/burada-v3/node_modules/neo-async/async.js:3485:9)
    at done (/Users/muhammetturk/Documents/github-projects/burada-v3/node_modules/neo-async/async.js:3527:9)
    at Hook.eval [as callAsync] (eval at create (/Users/muhammetturk/Documents/github-projects/burada-v3/node_modules/tapable/lib/HookCodeFactory.js:31:10), <anonymous>:15:1)
    at /Users/muhammetturk/Documents/github-projects/burada-v3/node_modules/webpack/lib/Compilation.js:5463:43
    at symbolIterator (/Users/muhammetturk/Documents/github-projects/burada-v3/node_modules/neo-async/async.js:3482:9)
    at timesSync (/Users/muhammetturk/Documents/github-projects/burada-v3/node_modules/neo-async/async.js:2297:7)
    at Object.eachLimit (/Users/muhammetturk/Documents/github-projects/burada-v3/node_modules/neo-async/async.js:3463:5)
    at /Users/muhammetturk/Documents/github-projects/burada-v3/node_modules/webpack/lib/Compilation.js:5426:16
    at symbolIterator (/Users/muhammetturk/Documents/github-projects/burada-v3/node_modules/neo-async/async.js:3485:9)
    at timesSync (/Users/muhammetturk/Documents/github-projects/burada-v3/node_modules/neo-async/async.js:2297:7)
    at Object.eachLimit (/Users/muhammetturk/Documents/github-projects/burada-v3/node_modules/neo-async/async.js:3463:5)
    at /Users/muhammetturk/Documents/github-projects/burada-v3/node_modules/webpack/lib/Compilation.js:5394:15
    at symbolIterator (/Users/muhammetturk/Documents/github-projects/burada-v3/node_modules/neo-async/async.js:3485:9)
    at done (/Users/muhammetturk/Documents/github-projects/burada-v3/node_modules/neo-async/async.js:3527:9)
    at /Users/muhammetturk/Documents/github-projects/burada-v3/node_modules/webpack/lib/Compilation.js:5340:8
    at /Users/muhammetturk/Documents/github-projects/burada-v3/node_modules/webpack/lib/Compilation.js:3744:6
    at /Users/muhammetturk/Documents/github-projects/burada-v3/node_modules/webpack/lib/HookWebpackError.js:66:2
    at Hook.eval [as callAsync] (eval at create (/Users/muhammetturk/Documents/github-projects/burada-v3/node_modules/tapable/lib/HookCodeFactory.js:31:10), <anonymous>:6:1)
    at Cache.store (/Users/muhammetturk/Documents/github-projects/burada-v3/node_modules/webpack/lib/Cache.js:114:20)
    at ItemCacheFacade.store (/Users/muhammetturk/Documents/github-projects/burada-v3/node_modules/webpack/lib/CacheFacade.js:141:15)
    at /Users/muhammetturk/Documents/github-projects/burada-v3/node_modules/webpack/lib/Compilation.js:3743:11
    at /Users/muhammetturk/Documents/github-projects/burada-v3/node_modules/webpack/lib/Cache.js:100:5
    at Hook.eval [as callAsync] (eval at create (/Users/muhammetturk/Documents/github-projects/burada-v3/node_modules/tapable/lib/HookCodeFactory.js:31:10), <anonymous>:6:1)
    at Cache.get (/Users/muhammetturk/Documents/github-projects/burada-v3/node_modules/webpack/lib/Cache.js:82:18)
    at ItemCacheFacade.get (/Users/muhammetturk/Documents/github-projects/burada-v3/node_modules/webpack/lib/CacheFacade.js:115:15)
    at Compilation._codeGenerationModule (/Users/muhammetturk/Documents/github-projects/burada-v3/node_modules/webpack/lib/Compilation.js:3711:9)
    at codeGen (/Users/muhammetturk/Documents/github-projects/burada-v3/node_modules/webpack/lib/Compilation.js:5328:11)
    at symbolIterator (/Users/muhammetturk/Documents/github-projects/burada-v3/node_modules/neo-async/async.js:3482:9)
    at timesSync (/Users/muhammetturk/Documents/github-projects/burada-v3/node_modules/neo-async/async.js:2297:7)
    at Object.eachLimit (/Users/muhammetturk/Documents/github-projects/burada-v3/node_modules/neo-async/async.js:3463:5)
    at /Users/muhammetturk/Documents/github-projects/burada-v3/node_modules/webpack/lib/Compilation.js:5358:14
    at processQueue (/Users/muhammetturk/Documents/github-projects/burada-v3/node_modules/webpack/lib/util/processAsyncTree.js:61:4)
    at processTicksAndRejections (node:internal/process/task_queues:84:11)
    at runNextTicks (node:internal/process/task_queues:68:3)
    at process.processImmediate (node:internal/timers:472:9)

Generated code for /Users/muhammetturk/Documents/github-projects/burada-v3/node_modules/css-loader/dist/cjs.js??clonedRuleSet-3.use[1]!/Users/muhammetturk/Documents/github-projects/burada-v3/node_modules/vue-loader/dist/stylePostLoader.js!/Users/muhammetturk/Documents/github-projects/burada-v3/node_modules/postcss-loader/dist/cjs.js??clonedRuleSet-3.use[2]!/Users/muhammetturk/Documents/github-projects/burada-v3/src/components/screens/post-list/post-list.css?vue&type=style&index=0&id=82fb9560&scoped=true&lang=css&external
1 | throw new Error("Module build failed (from ./node_modules/postcss-loader/dist/cjs.js):\nValidationError: Invalid options object. PostCSS Loader has been initialized using an options object that does not match the API schema.\n - options has an unknown property 'plugins'. These properties are valid:\n   object { postcssOptions?, execute?, sourceMap?, implementation? }\n    at validate (/Users/muhammetturk/Documents/github-projects/burada-v3/node_modules/schema-utils/dist/validate.js:213:11)\n    at Object.getOptions (/Users/muhammetturk/Documents/github-projects/burada-v3/node_modules/webpack/lib/NormalModule.js:721:19)\n    at Object.loader (/Users/muhammetturk/Documents/github-projects/burada-v3/node_modules/postcss-loader/dist/index.js:28:24)");
 @ ./src/components/screens/post-list/post-list.css?vue&type=style&index=0&id=82fb9560&scoped=true&lang=css&external 1:0-370 1:0-370
 @ ./src/components/screens/post-list/post-list.vue 5:0-89
 @ ./src/router/index.js 25:0-68 233:13-21
 @ ./src/main.js

ERROR in ./src/components/screens/profile/profile.css?vue&type=style&index=0&id=6ac95a0a&scoped=true&lang=css&external (./node_modules/mini-css-extract-plugin/dist/loader.js!./node_modules/css-loader/dist/cjs.js??clonedRuleSet-3.use[1]!./node_modules/vue-loader/dist/stylePostLoader.js!./node_modules/postcss-loader/dist/cjs.js??clonedRuleSet-3.use[2]!./src/components/screens/profile/profile.css?vue&type=style&index=0&id=6ac95a0a&scoped=true&lang=css&external)
Module build failed (from ./node_modules/mini-css-extract-plugin/dist/loader.js):
HookWebpackError: Module build failed (from ./node_modules/postcss-loader/dist/cjs.js):
ValidationError: Invalid options object. PostCSS Loader has been initialized using an options object that does not match the API schema.
 - options has an unknown property 'plugins'. These properties are valid:
   object { postcssOptions?, execute?, sourceMap?, implementation? }
    at validate (/Users/muhammetturk/Documents/github-projects/burada-v3/node_modules/schema-utils/dist/validate.js:213:11)
    at Object.getOptions (/Users/muhammetturk/Documents/github-projects/burada-v3/node_modules/webpack/lib/NormalModule.js:721:19)
    at Object.loader (/Users/muhammetturk/Documents/github-projects/burada-v3/node_modules/postcss-loader/dist/index.js:28:24)
    at tryRunOrWebpackError (/Users/muhammetturk/Documents/github-projects/burada-v3/node_modules/webpack/lib/HookWebpackError.js:85:9)
    at __webpack_require_module__ (/Users/muhammetturk/Documents/github-projects/burada-v3/node_modules/webpack/lib/Compilation.js:5541:12)
    at __webpack_require__ (/Users/muhammetturk/Documents/github-projects/burada-v3/node_modules/webpack/lib/Compilation.js:5488:18)
    at /Users/muhammetturk/Documents/github-projects/burada-v3/node_modules/webpack/lib/Compilation.js:5576:20
    at symbolIterator (/Users/muhammetturk/Documents/github-projects/burada-v3/node_modules/neo-async/async.js:3485:9)
    at done (/Users/muhammetturk/Documents/github-projects/burada-v3/node_modules/neo-async/async.js:3527:9)
    at Hook.eval [as callAsync] (eval at create (/Users/muhammetturk/Documents/github-projects/burada-v3/node_modules/tapable/lib/HookCodeFactory.js:31:10), <anonymous>:15:1)
    at /Users/muhammetturk/Documents/github-projects/burada-v3/node_modules/webpack/lib/Compilation.js:5463:43
    at symbolIterator (/Users/muhammetturk/Documents/github-projects/burada-v3/node_modules/neo-async/async.js:3482:9)
    at timesSync (/Users/muhammetturk/Documents/github-projects/burada-v3/node_modules/neo-async/async.js:2297:7)
    at Object.eachLimit (/Users/muhammetturk/Documents/github-projects/burada-v3/node_modules/neo-async/async.js:3463:5)
    at /Users/muhammetturk/Documents/github-projects/burada-v3/node_modules/webpack/lib/Compilation.js:5426:16
    at symbolIterator (/Users/muhammetturk/Documents/github-projects/burada-v3/node_modules/neo-async/async.js:3485:9)
    at timesSync (/Users/muhammetturk/Documents/github-projects/burada-v3/node_modules/neo-async/async.js:2297:7)
    at Object.eachLimit (/Users/muhammetturk/Documents/github-projects/burada-v3/node_modules/neo-async/async.js:3463:5)
    at /Users/muhammetturk/Documents/github-projects/burada-v3/node_modules/webpack/lib/Compilation.js:5394:15
    at symbolIterator (/Users/muhammetturk/Documents/github-projects/burada-v3/node_modules/neo-async/async.js:3485:9)
    at done (/Users/muhammetturk/Documents/github-projects/burada-v3/node_modules/neo-async/async.js:3527:9)
    at /Users/muhammetturk/Documents/github-projects/burada-v3/node_modules/webpack/lib/Compilation.js:5340:8
    at /Users/muhammetturk/Documents/github-projects/burada-v3/node_modules/webpack/lib/Compilation.js:3744:6
    at /Users/muhammetturk/Documents/github-projects/burada-v3/node_modules/webpack/lib/HookWebpackError.js:66:2
    at Hook.eval [as callAsync] (eval at create (/Users/muhammetturk/Documents/github-projects/burada-v3/node_modules/tapable/lib/HookCodeFactory.js:31:10), <anonymous>:6:1)
    at Cache.store (/Users/muhammetturk/Documents/github-projects/burada-v3/node_modules/webpack/lib/Cache.js:114:20)
    at ItemCacheFacade.store (/Users/muhammetturk/Documents/github-projects/burada-v3/node_modules/webpack/lib/CacheFacade.js:141:15)
    at /Users/muhammetturk/Documents/github-projects/burada-v3/node_modules/webpack/lib/Compilation.js:3743:11
    at /Users/muhammetturk/Documents/github-projects/burada-v3/node_modules/webpack/lib/Cache.js:100:5
    at Hook.eval [as callAsync] (eval at create (/Users/muhammetturk/Documents/github-projects/burada-v3/node_modules/tapable/lib/HookCodeFactory.js:31:10), <anonymous>:6:1)
    at Cache.get (/Users/muhammetturk/Documents/github-projects/burada-v3/node_modules/webpack/lib/Cache.js:82:18)
    at ItemCacheFacade.get (/Users/muhammetturk/Documents/github-projects/burada-v3/node_modules/webpack/lib/CacheFacade.js:115:15)
    at Compilation._codeGenerationModule (/Users/muhammetturk/Documents/github-projects/burada-v3/node_modules/webpack/lib/Compilation.js:3711:9)
    at codeGen (/Users/muhammetturk/Documents/github-projects/burada-v3/node_modules/webpack/lib/Compilation.js:5328:11)
    at symbolIterator (/Users/muhammetturk/Documents/github-projects/burada-v3/node_modules/neo-async/async.js:3482:9)
    at timesSync (/Users/muhammetturk/Documents/github-projects/burada-v3/node_modules/neo-async/async.js:2297:7)
    at Object.eachLimit (/Users/muhammetturk/Documents/github-projects/burada-v3/node_modules/neo-async/async.js:3463:5)
    at /Users/muhammetturk/Documents/github-projects/burada-v3/node_modules/webpack/lib/Compilation.js:5358:14
    at processQueue (/Users/muhammetturk/Documents/github-projects/burada-v3/node_modules/webpack/lib/util/processAsyncTree.js:61:4)
    at process.processTicksAndRejections (node:internal/process/task_queues:84:11)
-- inner error --
Error: Module build failed (from ./node_modules/postcss-loader/dist/cjs.js):
ValidationError: Invalid options object. PostCSS Loader has been initialized using an options object that does not match the API schema.
 - options has an unknown property 'plugins'. These properties are valid:
   object { postcssOptions?, execute?, sourceMap?, implementation? }
    at validate (/Users/muhammetturk/Documents/github-projects/burada-v3/node_modules/schema-utils/dist/validate.js:213:11)
    at Object.getOptions (/Users/muhammetturk/Documents/github-projects/burada-v3/node_modules/webpack/lib/NormalModule.js:721:19)
    at Object.loader (/Users/muhammetturk/Documents/github-projects/burada-v3/node_modules/postcss-loader/dist/index.js:28:24)
    at Object.<anonymous> (/Users/muhammetturk/Documents/github-projects/burada-v3/node_modules/css-loader/dist/cjs.js??clonedRuleSet-3.use[1]!/Users/muhammetturk/Documents/github-projects/burada-v3/node_modules/vue-loader/dist/stylePostLoader.js!/Users/muhammetturk/Documents/github-projects/burada-v3/node_modules/postcss-loader/dist/cjs.js??clonedRuleSet-3.use[2]!/Users/muhammetturk/Documents/github-projects/burada-v3/src/components/screens/profile/profile.css?vue&type=style&index=0&id=6ac95a0a&scoped=true&lang=css&external:1:7)
    at /Users/muhammetturk/Documents/github-projects/burada-v3/node_modules/webpack/lib/javascript/JavascriptModulesPlugin.js:544:10
    at Hook.eval [as call] (eval at create (/Users/muhammetturk/Documents/github-projects/burada-v3/node_modules/tapable/lib/HookCodeFactory.js:19:10), <anonymous>:7:1)
    at /Users/muhammetturk/Documents/github-projects/burada-v3/node_modules/webpack/lib/Compilation.js:5543:39
    at tryRunOrWebpackError (/Users/muhammetturk/Documents/github-projects/burada-v3/node_modules/webpack/lib/HookWebpackError.js:80:7)
    at __webpack_require_module__ (/Users/muhammetturk/Documents/github-projects/burada-v3/node_modules/webpack/lib/Compilation.js:5541:12)
    at __webpack_require__ (/Users/muhammetturk/Documents/github-projects/burada-v3/node_modules/webpack/lib/Compilation.js:5488:18)
    at /Users/muhammetturk/Documents/github-projects/burada-v3/node_modules/webpack/lib/Compilation.js:5576:20
    at symbolIterator (/Users/muhammetturk/Documents/github-projects/burada-v3/node_modules/neo-async/async.js:3485:9)
    at done (/Users/muhammetturk/Documents/github-projects/burada-v3/node_modules/neo-async/async.js:3527:9)
    at Hook.eval [as callAsync] (eval at create (/Users/muhammetturk/Documents/github-projects/burada-v3/node_modules/tapable/lib/HookCodeFactory.js:31:10), <anonymous>:15:1)
    at /Users/muhammetturk/Documents/github-projects/burada-v3/node_modules/webpack/lib/Compilation.js:5463:43
    at symbolIterator (/Users/muhammetturk/Documents/github-projects/burada-v3/node_modules/neo-async/async.js:3482:9)
    at timesSync (/Users/muhammetturk/Documents/github-projects/burada-v3/node_modules/neo-async/async.js:2297:7)
    at Object.eachLimit (/Users/muhammetturk/Documents/github-projects/burada-v3/node_modules/neo-async/async.js:3463:5)
    at /Users/muhammetturk/Documents/github-projects/burada-v3/node_modules/webpack/lib/Compilation.js:5426:16
    at symbolIterator (/Users/muhammetturk/Documents/github-projects/burada-v3/node_modules/neo-async/async.js:3485:9)
    at timesSync (/Users/muhammetturk/Documents/github-projects/burada-v3/node_modules/neo-async/async.js:2297:7)
    at Object.eachLimit (/Users/muhammetturk/Documents/github-projects/burada-v3/node_modules/neo-async/async.js:3463:5)
    at /Users/muhammetturk/Documents/github-projects/burada-v3/node_modules/webpack/lib/Compilation.js:5394:15
    at symbolIterator (/Users/muhammetturk/Documents/github-projects/burada-v3/node_modules/neo-async/async.js:3485:9)
    at done (/Users/muhammetturk/Documents/github-projects/burada-v3/node_modules/neo-async/async.js:3527:9)
    at /Users/muhammetturk/Documents/github-projects/burada-v3/node_modules/webpack/lib/Compilation.js:5340:8
    at /Users/muhammetturk/Documents/github-projects/burada-v3/node_modules/webpack/lib/Compilation.js:3744:6
    at /Users/muhammetturk/Documents/github-projects/burada-v3/node_modules/webpack/lib/HookWebpackError.js:66:2
    at Hook.eval [as callAsync] (eval at create (/Users/muhammetturk/Documents/github-projects/burada-v3/node_modules/tapable/lib/HookCodeFactory.js:31:10), <anonymous>:6:1)
    at Cache.store (/Users/muhammetturk/Documents/github-projects/burada-v3/node_modules/webpack/lib/Cache.js:114:20)
    at ItemCacheFacade.store (/Users/muhammetturk/Documents/github-projects/burada-v3/node_modules/webpack/lib/CacheFacade.js:141:15)
    at /Users/muhammetturk/Documents/github-projects/burada-v3/node_modules/webpack/lib/Compilation.js:3743:11
    at /Users/muhammetturk/Documents/github-projects/burada-v3/node_modules/webpack/lib/Cache.js:100:5
    at Hook.eval [as callAsync] (eval at create (/Users/muhammetturk/Documents/github-projects/burada-v3/node_modules/tapable/lib/HookCodeFactory.js:31:10), <anonymous>:6:1)
    at Cache.get (/Users/muhammetturk/Documents/github-projects/burada-v3/node_modules/webpack/lib/Cache.js:82:18)
    at ItemCacheFacade.get (/Users/muhammetturk/Documents/github-projects/burada-v3/node_modules/webpack/lib/CacheFacade.js:115:15)
    at Compilation._codeGenerationModule (/Users/muhammetturk/Documents/github-projects/burada-v3/node_modules/webpack/lib/Compilation.js:3711:9)
    at codeGen (/Users/muhammetturk/Documents/github-projects/burada-v3/node_modules/webpack/lib/Compilation.js:5328:11)
    at symbolIterator (/Users/muhammetturk/Documents/github-projects/burada-v3/node_modules/neo-async/async.js:3482:9)
    at timesSync (/Users/muhammetturk/Documents/github-projects/burada-v3/node_modules/neo-async/async.js:2297:7)
    at Object.eachLimit (/Users/muhammetturk/Documents/github-projects/burada-v3/node_modules/neo-async/async.js:3463:5)
    at /Users/muhammetturk/Documents/github-projects/burada-v3/node_modules/webpack/lib/Compilation.js:5358:14
    at processQueue (/Users/muhammetturk/Documents/github-projects/burada-v3/node_modules/webpack/lib/util/processAsyncTree.js:61:4)
    at process.processTicksAndRejections (node:internal/process/task_queues:84:11)

Generated code for /Users/muhammetturk/Documents/github-projects/burada-v3/node_modules/css-loader/dist/cjs.js??clonedRuleSet-3.use[1]!/Users/muhammetturk/Documents/github-projects/burada-v3/node_modules/vue-loader/dist/stylePostLoader.js!/Users/muhammetturk/Documents/github-projects/burada-v3/node_modules/postcss-loader/dist/cjs.js??clonedRuleSet-3.use[2]!/Users/muhammetturk/Documents/github-projects/burada-v3/src/components/screens/profile/profile.css?vue&type=style&index=0&id=6ac95a0a&scoped=true&lang=css&external
1 | throw new Error("Module build failed (from ./node_modules/postcss-loader/dist/cjs.js):\nValidationError: Invalid options object. PostCSS Loader has been initialized using an options object that does not match the API schema.\n - options has an unknown property 'plugins'. These properties are valid:\n   object { postcssOptions?, execute?, sourceMap?, implementation? }\n    at validate (/Users/muhammetturk/Documents/github-projects/burada-v3/node_modules/schema-utils/dist/validate.js:213:11)\n    at Object.getOptions (/Users/muhammetturk/Documents/github-projects/burada-v3/node_modules/webpack/lib/NormalModule.js:721:19)\n    at Object.loader (/Users/muhammetturk/Documents/github-projects/burada-v3/node_modules/postcss-loader/dist/index.js:28:24)");
 @ ./src/components/screens/profile/profile.css?vue&type=style&index=0&id=6ac95a0a&scoped=true&lang=css&external 1:0-368 1:0-368
 @ ./src/components/screens/profile/profile.vue 5:0-87
 @ ./src/router/index.js 12:0-63 114:13-20
 @ ./src/main.js

ERROR in ./src/components/screens/question/question.css?vue&type=style&index=0&id=584764a5&scoped=true&lang=css&external (./node_modules/mini-css-extract-plugin/dist/loader.js!./node_modules/css-loader/dist/cjs.js??clonedRuleSet-3.use[1]!./node_modules/vue-loader/dist/stylePostLoader.js!./node_modules/postcss-loader/dist/cjs.js??clonedRuleSet-3.use[2]!./src/components/screens/question/question.css?vue&type=style&index=0&id=584764a5&scoped=true&lang=css&external)
Module build failed (from ./node_modules/mini-css-extract-plugin/dist/loader.js):
HookWebpackError: Module build failed (from ./node_modules/postcss-loader/dist/cjs.js):
ValidationError: Invalid options object. PostCSS Loader has been initialized using an options object that does not match the API schema.
 - options has an unknown property 'plugins'. These properties are valid:
   object { postcssOptions?, execute?, sourceMap?, implementation? }
    at validate (/Users/muhammetturk/Documents/github-projects/burada-v3/node_modules/schema-utils/dist/validate.js:213:11)
    at Object.getOptions (/Users/muhammetturk/Documents/github-projects/burada-v3/node_modules/webpack/lib/NormalModule.js:721:19)
    at Object.loader (/Users/muhammetturk/Documents/github-projects/burada-v3/node_modules/postcss-loader/dist/index.js:28:24)
    at tryRunOrWebpackError (/Users/muhammetturk/Documents/github-projects/burada-v3/node_modules/webpack/lib/HookWebpackError.js:85:9)
    at __webpack_require_module__ (/Users/muhammetturk/Documents/github-projects/burada-v3/node_modules/webpack/lib/Compilation.js:5541:12)
    at __webpack_require__ (/Users/muhammetturk/Documents/github-projects/burada-v3/node_modules/webpack/lib/Compilation.js:5488:18)
    at /Users/muhammetturk/Documents/github-projects/burada-v3/node_modules/webpack/lib/Compilation.js:5576:20
    at symbolIterator (/Users/muhammetturk/Documents/github-projects/burada-v3/node_modules/neo-async/async.js:3485:9)
    at done (/Users/muhammetturk/Documents/github-projects/burada-v3/node_modules/neo-async/async.js:3527:9)
    at Hook.eval [as callAsync] (eval at create (/Users/muhammetturk/Documents/github-projects/burada-v3/node_modules/tapable/lib/HookCodeFactory.js:31:10), <anonymous>:15:1)
    at /Users/muhammetturk/Documents/github-projects/burada-v3/node_modules/webpack/lib/Compilation.js:5463:43
    at symbolIterator (/Users/muhammetturk/Documents/github-projects/burada-v3/node_modules/neo-async/async.js:3482:9)
    at timesSync (/Users/muhammetturk/Documents/github-projects/burada-v3/node_modules/neo-async/async.js:2297:7)
    at Object.eachLimit (/Users/muhammetturk/Documents/github-projects/burada-v3/node_modules/neo-async/async.js:3463:5)
    at /Users/muhammetturk/Documents/github-projects/burada-v3/node_modules/webpack/lib/Compilation.js:5426:16
    at symbolIterator (/Users/muhammetturk/Documents/github-projects/burada-v3/node_modules/neo-async/async.js:3485:9)
    at timesSync (/Users/muhammetturk/Documents/github-projects/burada-v3/node_modules/neo-async/async.js:2297:7)
    at Object.eachLimit (/Users/muhammetturk/Documents/github-projects/burada-v3/node_modules/neo-async/async.js:3463:5)
    at /Users/muhammetturk/Documents/github-projects/burada-v3/node_modules/webpack/lib/Compilation.js:5394:15
    at symbolIterator (/Users/muhammetturk/Documents/github-projects/burada-v3/node_modules/neo-async/async.js:3485:9)
    at done (/Users/muhammetturk/Documents/github-projects/burada-v3/node_modules/neo-async/async.js:3527:9)
    at /Users/muhammetturk/Documents/github-projects/burada-v3/node_modules/webpack/lib/Compilation.js:5340:8
    at /Users/muhammetturk/Documents/github-projects/burada-v3/node_modules/webpack/lib/Compilation.js:3744:6
    at /Users/muhammetturk/Documents/github-projects/burada-v3/node_modules/webpack/lib/HookWebpackError.js:66:2
    at Hook.eval [as callAsync] (eval at create (/Users/muhammetturk/Documents/github-projects/burada-v3/node_modules/tapable/lib/HookCodeFactory.js:31:10), <anonymous>:6:1)
    at Cache.store (/Users/muhammetturk/Documents/github-projects/burada-v3/node_modules/webpack/lib/Cache.js:114:20)
    at ItemCacheFacade.store (/Users/muhammetturk/Documents/github-projects/burada-v3/node_modules/webpack/lib/CacheFacade.js:141:15)
    at /Users/muhammetturk/Documents/github-projects/burada-v3/node_modules/webpack/lib/Compilation.js:3743:11
    at /Users/muhammetturk/Documents/github-projects/burada-v3/node_modules/webpack/lib/Cache.js:100:5
    at Hook.eval [as callAsync] (eval at create (/Users/muhammetturk/Documents/github-projects/burada-v3/node_modules/tapable/lib/HookCodeFactory.js:31:10), <anonymous>:6:1)
    at Cache.get (/Users/muhammetturk/Documents/github-projects/burada-v3/node_modules/webpack/lib/Cache.js:82:18)
    at ItemCacheFacade.get (/Users/muhammetturk/Documents/github-projects/burada-v3/node_modules/webpack/lib/CacheFacade.js:115:15)
    at Compilation._codeGenerationModule (/Users/muhammetturk/Documents/github-projects/burada-v3/node_modules/webpack/lib/Compilation.js:3711:9)
    at codeGen (/Users/muhammetturk/Documents/github-projects/burada-v3/node_modules/webpack/lib/Compilation.js:5328:11)
    at symbolIterator (/Users/muhammetturk/Documents/github-projects/burada-v3/node_modules/neo-async/async.js:3482:9)
    at timesSync (/Users/muhammetturk/Documents/github-projects/burada-v3/node_modules/neo-async/async.js:2297:7)
    at Object.eachLimit (/Users/muhammetturk/Documents/github-projects/burada-v3/node_modules/neo-async/async.js:3463:5)
    at /Users/muhammetturk/Documents/github-projects/burada-v3/node_modules/webpack/lib/Compilation.js:5358:14
    at processQueue (/Users/muhammetturk/Documents/github-projects/burada-v3/node_modules/webpack/lib/util/processAsyncTree.js:61:4)
    at processTicksAndRejections (node:internal/process/task_queues:84:11)
    at runNextTicks (node:internal/process/task_queues:68:3)
    at process.processImmediate (node:internal/timers:472:9)
-- inner error --
Error: Module build failed (from ./node_modules/postcss-loader/dist/cjs.js):
ValidationError: Invalid options object. PostCSS Loader has been initialized using an options object that does not match the API schema.
 - options has an unknown property 'plugins'. These properties are valid:
   object { postcssOptions?, execute?, sourceMap?, implementation? }
    at validate (/Users/muhammetturk/Documents/github-projects/burada-v3/node_modules/schema-utils/dist/validate.js:213:11)
    at Object.getOptions (/Users/muhammetturk/Documents/github-projects/burada-v3/node_modules/webpack/lib/NormalModule.js:721:19)
    at Object.loader (/Users/muhammetturk/Documents/github-projects/burada-v3/node_modules/postcss-loader/dist/index.js:28:24)
    at Object.<anonymous> (/Users/muhammetturk/Documents/github-projects/burada-v3/node_modules/css-loader/dist/cjs.js??clonedRuleSet-3.use[1]!/Users/muhammetturk/Documents/github-projects/burada-v3/node_modules/vue-loader/dist/stylePostLoader.js!/Users/muhammetturk/Documents/github-projects/burada-v3/node_modules/postcss-loader/dist/cjs.js??clonedRuleSet-3.use[2]!/Users/muhammetturk/Documents/github-projects/burada-v3/src/components/screens/question/question.css?vue&type=style&index=0&id=584764a5&scoped=true&lang=css&external:1:7)
    at /Users/muhammetturk/Documents/github-projects/burada-v3/node_modules/webpack/lib/javascript/JavascriptModulesPlugin.js:544:10
    at Hook.eval [as call] (eval at create (/Users/muhammetturk/Documents/github-projects/burada-v3/node_modules/tapable/lib/HookCodeFactory.js:19:10), <anonymous>:7:1)
    at /Users/muhammetturk/Documents/github-projects/burada-v3/node_modules/webpack/lib/Compilation.js:5543:39
    at tryRunOrWebpackError (/Users/muhammetturk/Documents/github-projects/burada-v3/node_modules/webpack/lib/HookWebpackError.js:80:7)
    at __webpack_require_module__ (/Users/muhammetturk/Documents/github-projects/burada-v3/node_modules/webpack/lib/Compilation.js:5541:12)
    at __webpack_require__ (/Users/muhammetturk/Documents/github-projects/burada-v3/node_modules/webpack/lib/Compilation.js:5488:18)
    at /Users/muhammetturk/Documents/github-projects/burada-v3/node_modules/webpack/lib/Compilation.js:5576:20
    at symbolIterator (/Users/muhammetturk/Documents/github-projects/burada-v3/node_modules/neo-async/async.js:3485:9)
    at done (/Users/muhammetturk/Documents/github-projects/burada-v3/node_modules/neo-async/async.js:3527:9)
    at Hook.eval [as callAsync] (eval at create (/Users/muhammetturk/Documents/github-projects/burada-v3/node_modules/tapable/lib/HookCodeFactory.js:31:10), <anonymous>:15:1)
    at /Users/muhammetturk/Documents/github-projects/burada-v3/node_modules/webpack/lib/Compilation.js:5463:43
    at symbolIterator (/Users/muhammetturk/Documents/github-projects/burada-v3/node_modules/neo-async/async.js:3482:9)
    at timesSync (/Users/muhammetturk/Documents/github-projects/burada-v3/node_modules/neo-async/async.js:2297:7)
    at Object.eachLimit (/Users/muhammetturk/Documents/github-projects/burada-v3/node_modules/neo-async/async.js:3463:5)
    at /Users/muhammetturk/Documents/github-projects/burada-v3/node_modules/webpack/lib/Compilation.js:5426:16
    at symbolIterator (/Users/muhammetturk/Documents/github-projects/burada-v3/node_modules/neo-async/async.js:3485:9)
    at timesSync (/Users/muhammetturk/Documents/github-projects/burada-v3/node_modules/neo-async/async.js:2297:7)
    at Object.eachLimit (/Users/muhammetturk/Documents/github-projects/burada-v3/node_modules/neo-async/async.js:3463:5)
    at /Users/muhammetturk/Documents/github-projects/burada-v3/node_modules/webpack/lib/Compilation.js:5394:15
    at symbolIterator (/Users/muhammetturk/Documents/github-projects/burada-v3/node_modules/neo-async/async.js:3485:9)
    at done (/Users/muhammetturk/Documents/github-projects/burada-v3/node_modules/neo-async/async.js:3527:9)
    at /Users/muhammetturk/Documents/github-projects/burada-v3/node_modules/webpack/lib/Compilation.js:5340:8
    at /Users/muhammetturk/Documents/github-projects/burada-v3/node_modules/webpack/lib/Compilation.js:3744:6
    at /Users/muhammetturk/Documents/github-projects/burada-v3/node_modules/webpack/lib/HookWebpackError.js:66:2
    at Hook.eval [as callAsync] (eval at create (/Users/muhammetturk/Documents/github-projects/burada-v3/node_modules/tapable/lib/HookCodeFactory.js:31:10), <anonymous>:6:1)
    at Cache.store (/Users/muhammetturk/Documents/github-projects/burada-v3/node_modules/webpack/lib/Cache.js:114:20)
    at ItemCacheFacade.store (/Users/muhammetturk/Documents/github-projects/burada-v3/node_modules/webpack/lib/CacheFacade.js:141:15)
    at /Users/muhammetturk/Documents/github-projects/burada-v3/node_modules/webpack/lib/Compilation.js:3743:11
    at /Users/muhammetturk/Documents/github-projects/burada-v3/node_modules/webpack/lib/Cache.js:100:5
    at Hook.eval [as callAsync] (eval at create (/Users/muhammetturk/Documents/github-projects/burada-v3/node_modules/tapable/lib/HookCodeFactory.js:31:10), <anonymous>:6:1)
    at Cache.get (/Users/muhammetturk/Documents/github-projects/burada-v3/node_modules/webpack/lib/Cache.js:82:18)
    at ItemCacheFacade.get (/Users/muhammetturk/Documents/github-projects/burada-v3/node_modules/webpack/lib/CacheFacade.js:115:15)
    at Compilation._codeGenerationModule (/Users/muhammetturk/Documents/github-projects/burada-v3/node_modules/webpack/lib/Compilation.js:3711:9)
    at codeGen (/Users/muhammetturk/Documents/github-projects/burada-v3/node_modules/webpack/lib/Compilation.js:5328:11)
    at symbolIterator (/Users/muhammetturk/Documents/github-projects/burada-v3/node_modules/neo-async/async.js:3482:9)
    at timesSync (/Users/muhammetturk/Documents/github-projects/burada-v3/node_modules/neo-async/async.js:2297:7)
    at Object.eachLimit (/Users/muhammetturk/Documents/github-projects/burada-v3/node_modules/neo-async/async.js:3463:5)
    at /Users/muhammetturk/Documents/github-projects/burada-v3/node_modules/webpack/lib/Compilation.js:5358:14
    at processQueue (/Users/muhammetturk/Documents/github-projects/burada-v3/node_modules/webpack/lib/util/processAsyncTree.js:61:4)
    at processTicksAndRejections (node:internal/process/task_queues:84:11)
    at runNextTicks (node:internal/process/task_queues:68:3)
    at process.processImmediate (node:internal/timers:472:9)

Generated code for /Users/muhammetturk/Documents/github-projects/burada-v3/node_modules/css-loader/dist/cjs.js??clonedRuleSet-3.use[1]!/Users/muhammetturk/Documents/github-projects/burada-v3/node_modules/vue-loader/dist/stylePostLoader.js!/Users/muhammetturk/Documents/github-projects/burada-v3/node_modules/postcss-loader/dist/cjs.js??clonedRuleSet-3.use[2]!/Users/muhammetturk/Documents/github-projects/burada-v3/src/components/screens/question/question.css?vue&type=style&index=0&id=584764a5&scoped=true&lang=css&external
1 | throw new Error("Module build failed (from ./node_modules/postcss-loader/dist/cjs.js):\nValidationError: Invalid options object. PostCSS Loader has been initialized using an options object that does not match the API schema.\n - options has an unknown property 'plugins'. These properties are valid:\n   object { postcssOptions?, execute?, sourceMap?, implementation? }\n    at validate (/Users/muhammetturk/Documents/github-projects/burada-v3/node_modules/schema-utils/dist/validate.js:213:11)\n    at Object.getOptions (/Users/muhammetturk/Documents/github-projects/burada-v3/node_modules/webpack/lib/NormalModule.js:721:19)\n    at Object.loader (/Users/muhammetturk/Documents/github-projects/burada-v3/node_modules/postcss-loader/dist/index.js:28:24)");
 @ ./src/components/screens/question/question.css?vue&type=style&index=0&id=584764a5&scoped=true&lang=css&external 1:0-369 1:0-369
 @ ./src/components/screens/question/question.vue 5:0-88
 @ ./src/router/index.js 27:0-66
 @ ./src/main.js

ERROR in ./src/components/screens/register/register.css?vue&type=style&index=0&id=7bc884f0&scoped=true&lang=css&external (./node_modules/mini-css-extract-plugin/dist/loader.js!./node_modules/css-loader/dist/cjs.js??clonedRuleSet-3.use[1]!./node_modules/vue-loader/dist/stylePostLoader.js!./node_modules/postcss-loader/dist/cjs.js??clonedRuleSet-3.use[2]!./src/components/screens/register/register.css?vue&type=style&index=0&id=7bc884f0&scoped=true&lang=css&external)
Module build failed (from ./node_modules/mini-css-extract-plugin/dist/loader.js):
HookWebpackError: Module build failed (from ./node_modules/postcss-loader/dist/cjs.js):
ValidationError: Invalid options object. PostCSS Loader has been initialized using an options object that does not match the API schema.
 - options has an unknown property 'plugins'. These properties are valid:
   object { postcssOptions?, execute?, sourceMap?, implementation? }
    at validate (/Users/muhammetturk/Documents/github-projects/burada-v3/node_modules/schema-utils/dist/validate.js:213:11)
    at Object.getOptions (/Users/muhammetturk/Documents/github-projects/burada-v3/node_modules/webpack/lib/NormalModule.js:721:19)
    at Object.loader (/Users/muhammetturk/Documents/github-projects/burada-v3/node_modules/postcss-loader/dist/index.js:28:24)
    at tryRunOrWebpackError (/Users/muhammetturk/Documents/github-projects/burada-v3/node_modules/webpack/lib/HookWebpackError.js:85:9)
    at __webpack_require_module__ (/Users/muhammetturk/Documents/github-projects/burada-v3/node_modules/webpack/lib/Compilation.js:5541:12)
    at __webpack_require__ (/Users/muhammetturk/Documents/github-projects/burada-v3/node_modules/webpack/lib/Compilation.js:5488:18)
    at /Users/muhammetturk/Documents/github-projects/burada-v3/node_modules/webpack/lib/Compilation.js:5576:20
    at symbolIterator (/Users/muhammetturk/Documents/github-projects/burada-v3/node_modules/neo-async/async.js:3485:9)
    at done (/Users/muhammetturk/Documents/github-projects/burada-v3/node_modules/neo-async/async.js:3527:9)
    at Hook.eval [as callAsync] (eval at create (/Users/muhammetturk/Documents/github-projects/burada-v3/node_modules/tapable/lib/HookCodeFactory.js:31:10), <anonymous>:15:1)
    at /Users/muhammetturk/Documents/github-projects/burada-v3/node_modules/webpack/lib/Compilation.js:5463:43
    at symbolIterator (/Users/muhammetturk/Documents/github-projects/burada-v3/node_modules/neo-async/async.js:3482:9)
    at timesSync (/Users/muhammetturk/Documents/github-projects/burada-v3/node_modules/neo-async/async.js:2297:7)
    at Object.eachLimit (/Users/muhammetturk/Documents/github-projects/burada-v3/node_modules/neo-async/async.js:3463:5)
    at /Users/muhammetturk/Documents/github-projects/burada-v3/node_modules/webpack/lib/Compilation.js:5426:16
    at symbolIterator (/Users/muhammetturk/Documents/github-projects/burada-v3/node_modules/neo-async/async.js:3485:9)
    at timesSync (/Users/muhammetturk/Documents/github-projects/burada-v3/node_modules/neo-async/async.js:2297:7)
    at Object.eachLimit (/Users/muhammetturk/Documents/github-projects/burada-v3/node_modules/neo-async/async.js:3463:5)
    at /Users/muhammetturk/Documents/github-projects/burada-v3/node_modules/webpack/lib/Compilation.js:5394:15
    at symbolIterator (/Users/muhammetturk/Documents/github-projects/burada-v3/node_modules/neo-async/async.js:3485:9)
    at done (/Users/muhammetturk/Documents/github-projects/burada-v3/node_modules/neo-async/async.js:3527:9)
    at /Users/muhammetturk/Documents/github-projects/burada-v3/node_modules/webpack/lib/Compilation.js:5340:8
    at /Users/muhammetturk/Documents/github-projects/burada-v3/node_modules/webpack/lib/Compilation.js:3744:6
    at /Users/muhammetturk/Documents/github-projects/burada-v3/node_modules/webpack/lib/HookWebpackError.js:66:2
    at Hook.eval [as callAsync] (eval at create (/Users/muhammetturk/Documents/github-projects/burada-v3/node_modules/tapable/lib/HookCodeFactory.js:31:10), <anonymous>:6:1)
    at Cache.store (/Users/muhammetturk/Documents/github-projects/burada-v3/node_modules/webpack/lib/Cache.js:114:20)
    at ItemCacheFacade.store (/Users/muhammetturk/Documents/github-projects/burada-v3/node_modules/webpack/lib/CacheFacade.js:141:15)
    at /Users/muhammetturk/Documents/github-projects/burada-v3/node_modules/webpack/lib/Compilation.js:3743:11
    at /Users/muhammetturk/Documents/github-projects/burada-v3/node_modules/webpack/lib/Cache.js:100:5
    at Hook.eval [as callAsync] (eval at create (/Users/muhammetturk/Documents/github-projects/burada-v3/node_modules/tapable/lib/HookCodeFactory.js:31:10), <anonymous>:6:1)
    at Cache.get (/Users/muhammetturk/Documents/github-projects/burada-v3/node_modules/webpack/lib/Cache.js:82:18)
    at ItemCacheFacade.get (/Users/muhammetturk/Documents/github-projects/burada-v3/node_modules/webpack/lib/CacheFacade.js:115:15)
    at Compilation._codeGenerationModule (/Users/muhammetturk/Documents/github-projects/burada-v3/node_modules/webpack/lib/Compilation.js:3711:9)
    at codeGen (/Users/muhammetturk/Documents/github-projects/burada-v3/node_modules/webpack/lib/Compilation.js:5328:11)
    at symbolIterator (/Users/muhammetturk/Documents/github-projects/burada-v3/node_modules/neo-async/async.js:3482:9)
    at timesSync (/Users/muhammetturk/Documents/github-projects/burada-v3/node_modules/neo-async/async.js:2297:7)
    at Object.eachLimit (/Users/muhammetturk/Documents/github-projects/burada-v3/node_modules/neo-async/async.js:3463:5)
    at /Users/muhammetturk/Documents/github-projects/burada-v3/node_modules/webpack/lib/Compilation.js:5358:14
    at processQueue (/Users/muhammetturk/Documents/github-projects/burada-v3/node_modules/webpack/lib/util/processAsyncTree.js:61:4)
    at process.processTicksAndRejections (node:internal/process/task_queues:84:11)
-- inner error --
Error: Module build failed (from ./node_modules/postcss-loader/dist/cjs.js):
ValidationError: Invalid options object. PostCSS Loader has been initialized using an options object that does not match the API schema.
 - options has an unknown property 'plugins'. These properties are valid:
   object { postcssOptions?, execute?, sourceMap?, implementation? }
    at validate (/Users/muhammetturk/Documents/github-projects/burada-v3/node_modules/schema-utils/dist/validate.js:213:11)
    at Object.getOptions (/Users/muhammetturk/Documents/github-projects/burada-v3/node_modules/webpack/lib/NormalModule.js:721:19)
    at Object.loader (/Users/muhammetturk/Documents/github-projects/burada-v3/node_modules/postcss-loader/dist/index.js:28:24)
    at Object.<anonymous> (/Users/muhammetturk/Documents/github-projects/burada-v3/node_modules/css-loader/dist/cjs.js??clonedRuleSet-3.use[1]!/Users/muhammetturk/Documents/github-projects/burada-v3/node_modules/vue-loader/dist/stylePostLoader.js!/Users/muhammetturk/Documents/github-projects/burada-v3/node_modules/postcss-loader/dist/cjs.js??clonedRuleSet-3.use[2]!/Users/muhammetturk/Documents/github-projects/burada-v3/src/components/screens/register/register.css?vue&type=style&index=0&id=7bc884f0&scoped=true&lang=css&external:1:7)
    at /Users/muhammetturk/Documents/github-projects/burada-v3/node_modules/webpack/lib/javascript/JavascriptModulesPlugin.js:544:10
    at Hook.eval [as call] (eval at create (/Users/muhammetturk/Documents/github-projects/burada-v3/node_modules/tapable/lib/HookCodeFactory.js:19:10), <anonymous>:7:1)
    at /Users/muhammetturk/Documents/github-projects/burada-v3/node_modules/webpack/lib/Compilation.js:5543:39
    at tryRunOrWebpackError (/Users/muhammetturk/Documents/github-projects/burada-v3/node_modules/webpack/lib/HookWebpackError.js:80:7)
    at __webpack_require_module__ (/Users/muhammetturk/Documents/github-projects/burada-v3/node_modules/webpack/lib/Compilation.js:5541:12)
    at __webpack_require__ (/Users/muhammetturk/Documents/github-projects/burada-v3/node_modules/webpack/lib/Compilation.js:5488:18)
    at /Users/muhammetturk/Documents/github-projects/burada-v3/node_modules/webpack/lib/Compilation.js:5576:20
    at symbolIterator (/Users/muhammetturk/Documents/github-projects/burada-v3/node_modules/neo-async/async.js:3485:9)
    at done (/Users/muhammetturk/Documents/github-projects/burada-v3/node_modules/neo-async/async.js:3527:9)
    at Hook.eval [as callAsync] (eval at create (/Users/muhammetturk/Documents/github-projects/burada-v3/node_modules/tapable/lib/HookCodeFactory.js:31:10), <anonymous>:15:1)
    at /Users/muhammetturk/Documents/github-projects/burada-v3/node_modules/webpack/lib/Compilation.js:5463:43
    at symbolIterator (/Users/muhammetturk/Documents/github-projects/burada-v3/node_modules/neo-async/async.js:3482:9)
    at timesSync (/Users/muhammetturk/Documents/github-projects/burada-v3/node_modules/neo-async/async.js:2297:7)
    at Object.eachLimit (/Users/muhammetturk/Documents/github-projects/burada-v3/node_modules/neo-async/async.js:3463:5)
    at /Users/muhammetturk/Documents/github-projects/burada-v3/node_modules/webpack/lib/Compilation.js:5426:16
    at symbolIterator (/Users/muhammetturk/Documents/github-projects/burada-v3/node_modules/neo-async/async.js:3485:9)
    at timesSync (/Users/muhammetturk/Documents/github-projects/burada-v3/node_modules/neo-async/async.js:2297:7)
    at Object.eachLimit (/Users/muhammetturk/Documents/github-projects/burada-v3/node_modules/neo-async/async.js:3463:5)
    at /Users/muhammetturk/Documents/github-projects/burada-v3/node_modules/webpack/lib/Compilation.js:5394:15
    at symbolIterator (/Users/muhammetturk/Documents/github-projects/burada-v3/node_modules/neo-async/async.js:3485:9)
    at done (/Users/muhammetturk/Documents/github-projects/burada-v3/node_modules/neo-async/async.js:3527:9)
    at /Users/muhammetturk/Documents/github-projects/burada-v3/node_modules/webpack/lib/Compilation.js:5340:8
    at /Users/muhammetturk/Documents/github-projects/burada-v3/node_modules/webpack/lib/Compilation.js:3744:6
    at /Users/muhammetturk/Documents/github-projects/burada-v3/node_modules/webpack/lib/HookWebpackError.js:66:2
    at Hook.eval [as callAsync] (eval at create (/Users/muhammetturk/Documents/github-projects/burada-v3/node_modules/tapable/lib/HookCodeFactory.js:31:10), <anonymous>:6:1)
    at Cache.store (/Users/muhammetturk/Documents/github-projects/burada-v3/node_modules/webpack/lib/Cache.js:114:20)
    at ItemCacheFacade.store (/Users/muhammetturk/Documents/github-projects/burada-v3/node_modules/webpack/lib/CacheFacade.js:141:15)
    at /Users/muhammetturk/Documents/github-projects/burada-v3/node_modules/webpack/lib/Compilation.js:3743:11
    at /Users/muhammetturk/Documents/github-projects/burada-v3/node_modules/webpack/lib/Cache.js:100:5
    at Hook.eval [as callAsync] (eval at create (/Users/muhammetturk/Documents/github-projects/burada-v3/node_modules/tapable/lib/HookCodeFactory.js:31:10), <anonymous>:6:1)
    at Cache.get (/Users/muhammetturk/Documents/github-projects/burada-v3/node_modules/webpack/lib/Cache.js:82:18)
    at ItemCacheFacade.get (/Users/muhammetturk/Documents/github-projects/burada-v3/node_modules/webpack/lib/CacheFacade.js:115:15)
    at Compilation._codeGenerationModule (/Users/muhammetturk/Documents/github-projects/burada-v3/node_modules/webpack/lib/Compilation.js:3711:9)
    at codeGen (/Users/muhammetturk/Documents/github-projects/burada-v3/node_modules/webpack/lib/Compilation.js:5328:11)
    at symbolIterator (/Users/muhammetturk/Documents/github-projects/burada-v3/node_modules/neo-async/async.js:3482:9)
    at timesSync (/Users/muhammetturk/Documents/github-projects/burada-v3/node_modules/neo-async/async.js:2297:7)
    at Object.eachLimit (/Users/muhammetturk/Documents/github-projects/burada-v3/node_modules/neo-async/async.js:3463:5)
    at /Users/muhammetturk/Documents/github-projects/burada-v3/node_modules/webpack/lib/Compilation.js:5358:14
    at processQueue (/Users/muhammetturk/Documents/github-projects/burada-v3/node_modules/webpack/lib/util/processAsyncTree.js:61:4)
    at process.processTicksAndRejections (node:internal/process/task_queues:84:11)

Generated code for /Users/muhammetturk/Documents/github-projects/burada-v3/node_modules/css-loader/dist/cjs.js??clonedRuleSet-3.use[1]!/Users/muhammetturk/Documents/github-projects/burada-v3/node_modules/vue-loader/dist/stylePostLoader.js!/Users/muhammetturk/Documents/github-projects/burada-v3/node_modules/postcss-loader/dist/cjs.js??clonedRuleSet-3.use[2]!/Users/muhammetturk/Documents/github-projects/burada-v3/src/components/screens/register/register.css?vue&type=style&index=0&id=7bc884f0&scoped=true&lang=css&external
1 | throw new Error("Module build failed (from ./node_modules/postcss-loader/dist/cjs.js):\nValidationError: Invalid options object. PostCSS Loader has been initialized using an options object that does not match the API schema.\n - options has an unknown property 'plugins'. These properties are valid:\n   object { postcssOptions?, execute?, sourceMap?, implementation? }\n    at validate (/Users/muhammetturk/Documents/github-projects/burada-v3/node_modules/schema-utils/dist/validate.js:213:11)\n    at Object.getOptions (/Users/muhammetturk/Documents/github-projects/burada-v3/node_modules/webpack/lib/NormalModule.js:721:19)\n    at Object.loader (/Users/muhammetturk/Documents/github-projects/burada-v3/node_modules/postcss-loader/dist/index.js:28:24)");
 @ ./src/components/screens/register/register.css?vue&type=style&index=0&id=7bc884f0&scoped=true&lang=css&external 1:0-369 1:0-369
 @ ./src/components/screens/register/register.vue 5:0-88
 @ ./src/router/index.js 19:0-66 59:13-21
 @ ./src/main.js

ERROR in ./src/components/screens/search/search.css?vue&type=style&index=0&id=4f2359ba&scoped=true&lang=css&external (./node_modules/mini-css-extract-plugin/dist/loader.js!./node_modules/css-loader/dist/cjs.js??clonedRuleSet-3.use[1]!./node_modules/vue-loader/dist/stylePostLoader.js!./node_modules/postcss-loader/dist/cjs.js??clonedRuleSet-3.use[2]!./src/components/screens/search/search.css?vue&type=style&index=0&id=4f2359ba&scoped=true&lang=css&external)
Module build failed (from ./node_modules/mini-css-extract-plugin/dist/loader.js):
HookWebpackError: Module build failed (from ./node_modules/postcss-loader/dist/cjs.js):
ValidationError: Invalid options object. PostCSS Loader has been initialized using an options object that does not match the API schema.
 - options has an unknown property 'plugins'. These properties are valid:
   object { postcssOptions?, execute?, sourceMap?, implementation? }
    at validate (/Users/muhammetturk/Documents/github-projects/burada-v3/node_modules/schema-utils/dist/validate.js:213:11)
    at Object.getOptions (/Users/muhammetturk/Documents/github-projects/burada-v3/node_modules/webpack/lib/NormalModule.js:721:19)
    at Object.loader (/Users/muhammetturk/Documents/github-projects/burada-v3/node_modules/postcss-loader/dist/index.js:28:24)
    at tryRunOrWebpackError (/Users/muhammetturk/Documents/github-projects/burada-v3/node_modules/webpack/lib/HookWebpackError.js:85:9)
    at __webpack_require_module__ (/Users/muhammetturk/Documents/github-projects/burada-v3/node_modules/webpack/lib/Compilation.js:5541:12)
    at __webpack_require__ (/Users/muhammetturk/Documents/github-projects/burada-v3/node_modules/webpack/lib/Compilation.js:5488:18)
    at /Users/muhammetturk/Documents/github-projects/burada-v3/node_modules/webpack/lib/Compilation.js:5576:20
    at symbolIterator (/Users/muhammetturk/Documents/github-projects/burada-v3/node_modules/neo-async/async.js:3485:9)
    at done (/Users/muhammetturk/Documents/github-projects/burada-v3/node_modules/neo-async/async.js:3527:9)
    at Hook.eval [as callAsync] (eval at create (/Users/muhammetturk/Documents/github-projects/burada-v3/node_modules/tapable/lib/HookCodeFactory.js:31:10), <anonymous>:15:1)
    at /Users/muhammetturk/Documents/github-projects/burada-v3/node_modules/webpack/lib/Compilation.js:5463:43
    at symbolIterator (/Users/muhammetturk/Documents/github-projects/burada-v3/node_modules/neo-async/async.js:3482:9)
    at timesSync (/Users/muhammetturk/Documents/github-projects/burada-v3/node_modules/neo-async/async.js:2297:7)
    at Object.eachLimit (/Users/muhammetturk/Documents/github-projects/burada-v3/node_modules/neo-async/async.js:3463:5)
    at /Users/muhammetturk/Documents/github-projects/burada-v3/node_modules/webpack/lib/Compilation.js:5426:16
    at symbolIterator (/Users/muhammetturk/Documents/github-projects/burada-v3/node_modules/neo-async/async.js:3485:9)
    at timesSync (/Users/muhammetturk/Documents/github-projects/burada-v3/node_modules/neo-async/async.js:2297:7)
    at Object.eachLimit (/Users/muhammetturk/Documents/github-projects/burada-v3/node_modules/neo-async/async.js:3463:5)
    at /Users/muhammetturk/Documents/github-projects/burada-v3/node_modules/webpack/lib/Compilation.js:5394:15
    at symbolIterator (/Users/muhammetturk/Documents/github-projects/burada-v3/node_modules/neo-async/async.js:3485:9)
    at done (/Users/muhammetturk/Documents/github-projects/burada-v3/node_modules/neo-async/async.js:3527:9)
    at /Users/muhammetturk/Documents/github-projects/burada-v3/node_modules/webpack/lib/Compilation.js:5340:8
    at /Users/muhammetturk/Documents/github-projects/burada-v3/node_modules/webpack/lib/Compilation.js:3744:6
    at /Users/muhammetturk/Documents/github-projects/burada-v3/node_modules/webpack/lib/HookWebpackError.js:66:2
    at Hook.eval [as callAsync] (eval at create (/Users/muhammetturk/Documents/github-projects/burada-v3/node_modules/tapable/lib/HookCodeFactory.js:31:10), <anonymous>:6:1)
    at Cache.store (/Users/muhammetturk/Documents/github-projects/burada-v3/node_modules/webpack/lib/Cache.js:114:20)
    at ItemCacheFacade.store (/Users/muhammetturk/Documents/github-projects/burada-v3/node_modules/webpack/lib/CacheFacade.js:141:15)
    at /Users/muhammetturk/Documents/github-projects/burada-v3/node_modules/webpack/lib/Compilation.js:3743:11
    at /Users/muhammetturk/Documents/github-projects/burada-v3/node_modules/webpack/lib/Cache.js:100:5
    at Hook.eval [as callAsync] (eval at create (/Users/muhammetturk/Documents/github-projects/burada-v3/node_modules/tapable/lib/HookCodeFactory.js:31:10), <anonymous>:6:1)
    at Cache.get (/Users/muhammetturk/Documents/github-projects/burada-v3/node_modules/webpack/lib/Cache.js:82:18)
    at ItemCacheFacade.get (/Users/muhammetturk/Documents/github-projects/burada-v3/node_modules/webpack/lib/CacheFacade.js:115:15)
    at Compilation._codeGenerationModule (/Users/muhammetturk/Documents/github-projects/burada-v3/node_modules/webpack/lib/Compilation.js:3711:9)
    at codeGen (/Users/muhammetturk/Documents/github-projects/burada-v3/node_modules/webpack/lib/Compilation.js:5328:11)
    at symbolIterator (/Users/muhammetturk/Documents/github-projects/burada-v3/node_modules/neo-async/async.js:3482:9)
    at timesSync (/Users/muhammetturk/Documents/github-projects/burada-v3/node_modules/neo-async/async.js:2297:7)
    at Object.eachLimit (/Users/muhammetturk/Documents/github-projects/burada-v3/node_modules/neo-async/async.js:3463:5)
    at /Users/muhammetturk/Documents/github-projects/burada-v3/node_modules/webpack/lib/Compilation.js:5358:14
    at processQueue (/Users/muhammetturk/Documents/github-projects/burada-v3/node_modules/webpack/lib/util/processAsyncTree.js:61:4)
    at process.processTicksAndRejections (node:internal/process/task_queues:84:11)
-- inner error --
Error: Module build failed (from ./node_modules/postcss-loader/dist/cjs.js):
ValidationError: Invalid options object. PostCSS Loader has been initialized using an options object that does not match the API schema.
 - options has an unknown property 'plugins'. These properties are valid:
   object { postcssOptions?, execute?, sourceMap?, implementation? }
    at validate (/Users/muhammetturk/Documents/github-projects/burada-v3/node_modules/schema-utils/dist/validate.js:213:11)
    at Object.getOptions (/Users/muhammetturk/Documents/github-projects/burada-v3/node_modules/webpack/lib/NormalModule.js:721:19)
    at Object.loader (/Users/muhammetturk/Documents/github-projects/burada-v3/node_modules/postcss-loader/dist/index.js:28:24)
    at Object.<anonymous> (/Users/muhammetturk/Documents/github-projects/burada-v3/node_modules/css-loader/dist/cjs.js??clonedRuleSet-3.use[1]!/Users/muhammetturk/Documents/github-projects/burada-v3/node_modules/vue-loader/dist/stylePostLoader.js!/Users/muhammetturk/Documents/github-projects/burada-v3/node_modules/postcss-loader/dist/cjs.js??clonedRuleSet-3.use[2]!/Users/muhammetturk/Documents/github-projects/burada-v3/src/components/screens/search/search.css?vue&type=style&index=0&id=4f2359ba&scoped=true&lang=css&external:1:7)
    at /Users/muhammetturk/Documents/github-projects/burada-v3/node_modules/webpack/lib/javascript/JavascriptModulesPlugin.js:544:10
    at Hook.eval [as call] (eval at create (/Users/muhammetturk/Documents/github-projects/burada-v3/node_modules/tapable/lib/HookCodeFactory.js:19:10), <anonymous>:7:1)
    at /Users/muhammetturk/Documents/github-projects/burada-v3/node_modules/webpack/lib/Compilation.js:5543:39
    at tryRunOrWebpackError (/Users/muhammetturk/Documents/github-projects/burada-v3/node_modules/webpack/lib/HookWebpackError.js:80:7)
    at __webpack_require_module__ (/Users/muhammetturk/Documents/github-projects/burada-v3/node_modules/webpack/lib/Compilation.js:5541:12)
    at __webpack_require__ (/Users/muhammetturk/Documents/github-projects/burada-v3/node_modules/webpack/lib/Compilation.js:5488:18)
    at /Users/muhammetturk/Documents/github-projects/burada-v3/node_modules/webpack/lib/Compilation.js:5576:20
    at symbolIterator (/Users/muhammetturk/Documents/github-projects/burada-v3/node_modules/neo-async/async.js:3485:9)
    at done (/Users/muhammetturk/Documents/github-projects/burada-v3/node_modules/neo-async/async.js:3527:9)
    at Hook.eval [as callAsync] (eval at create (/Users/muhammetturk/Documents/github-projects/burada-v3/node_modules/tapable/lib/HookCodeFactory.js:31:10), <anonymous>:15:1)
    at /Users/muhammetturk/Documents/github-projects/burada-v3/node_modules/webpack/lib/Compilation.js:5463:43
    at symbolIterator (/Users/muhammetturk/Documents/github-projects/burada-v3/node_modules/neo-async/async.js:3482:9)
    at timesSync (/Users/muhammetturk/Documents/github-projects/burada-v3/node_modules/neo-async/async.js:2297:7)
    at Object.eachLimit (/Users/muhammetturk/Documents/github-projects/burada-v3/node_modules/neo-async/async.js:3463:5)
    at /Users/muhammetturk/Documents/github-projects/burada-v3/node_modules/webpack/lib/Compilation.js:5426:16
    at symbolIterator (/Users/muhammetturk/Documents/github-projects/burada-v3/node_modules/neo-async/async.js:3485:9)
    at timesSync (/Users/muhammetturk/Documents/github-projects/burada-v3/node_modules/neo-async/async.js:2297:7)
    at Object.eachLimit (/Users/muhammetturk/Documents/github-projects/burada-v3/node_modules/neo-async/async.js:3463:5)
    at /Users/muhammetturk/Documents/github-projects/burada-v3/node_modules/webpack/lib/Compilation.js:5394:15
    at symbolIterator (/Users/muhammetturk/Documents/github-projects/burada-v3/node_modules/neo-async/async.js:3485:9)
    at done (/Users/muhammetturk/Documents/github-projects/burada-v3/node_modules/neo-async/async.js:3527:9)
    at /Users/muhammetturk/Documents/github-projects/burada-v3/node_modules/webpack/lib/Compilation.js:5340:8
    at /Users/muhammetturk/Documents/github-projects/burada-v3/node_modules/webpack/lib/Compilation.js:3744:6
    at /Users/muhammetturk/Documents/github-projects/burada-v3/node_modules/webpack/lib/HookWebpackError.js:66:2
    at Hook.eval [as callAsync] (eval at create (/Users/muhammetturk/Documents/github-projects/burada-v3/node_modules/tapable/lib/HookCodeFactory.js:31:10), <anonymous>:6:1)
    at Cache.store (/Users/muhammetturk/Documents/github-projects/burada-v3/node_modules/webpack/lib/Cache.js:114:20)
    at ItemCacheFacade.store (/Users/muhammetturk/Documents/github-projects/burada-v3/node_modules/webpack/lib/CacheFacade.js:141:15)
    at /Users/muhammetturk/Documents/github-projects/burada-v3/node_modules/webpack/lib/Compilation.js:3743:11
    at /Users/muhammetturk/Documents/github-projects/burada-v3/node_modules/webpack/lib/Cache.js:100:5
    at Hook.eval [as callAsync] (eval at create (/Users/muhammetturk/Documents/github-projects/burada-v3/node_modules/tapable/lib/HookCodeFactory.js:31:10), <anonymous>:6:1)
    at Cache.get (/Users/muhammetturk/Documents/github-projects/burada-v3/node_modules/webpack/lib/Cache.js:82:18)
    at ItemCacheFacade.get (/Users/muhammetturk/Documents/github-projects/burada-v3/node_modules/webpack/lib/CacheFacade.js:115:15)
    at Compilation._codeGenerationModule (/Users/muhammetturk/Documents/github-projects/burada-v3/node_modules/webpack/lib/Compilation.js:3711:9)
    at codeGen (/Users/muhammetturk/Documents/github-projects/burada-v3/node_modules/webpack/lib/Compilation.js:5328:11)
    at symbolIterator (/Users/muhammetturk/Documents/github-projects/burada-v3/node_modules/neo-async/async.js:3482:9)
    at timesSync (/Users/muhammetturk/Documents/github-projects/burada-v3/node_modules/neo-async/async.js:2297:7)
    at Object.eachLimit (/Users/muhammetturk/Documents/github-projects/burada-v3/node_modules/neo-async/async.js:3463:5)
    at /Users/muhammetturk/Documents/github-projects/burada-v3/node_modules/webpack/lib/Compilation.js:5358:14
    at processQueue (/Users/muhammetturk/Documents/github-projects/burada-v3/node_modules/webpack/lib/util/processAsyncTree.js:61:4)
    at process.processTicksAndRejections (node:internal/process/task_queues:84:11)

Generated code for /Users/muhammetturk/Documents/github-projects/burada-v3/node_modules/css-loader/dist/cjs.js??clonedRuleSet-3.use[1]!/Users/muhammetturk/Documents/github-projects/burada-v3/node_modules/vue-loader/dist/stylePostLoader.js!/Users/muhammetturk/Documents/github-projects/burada-v3/node_modules/postcss-loader/dist/cjs.js??clonedRuleSet-3.use[2]!/Users/muhammetturk/Documents/github-projects/burada-v3/src/components/screens/search/search.css?vue&type=style&index=0&id=4f2359ba&scoped=true&lang=css&external
1 | throw new Error("Module build failed (from ./node_modules/postcss-loader/dist/cjs.js):\nValidationError: Invalid options object. PostCSS Loader has been initialized using an options object that does not match the API schema.\n - options has an unknown property 'plugins'. These properties are valid:\n   object { postcssOptions?, execute?, sourceMap?, implementation? }\n    at validate (/Users/muhammetturk/Documents/github-projects/burada-v3/node_modules/schema-utils/dist/validate.js:213:11)\n    at Object.getOptions (/Users/muhammetturk/Documents/github-projects/burada-v3/node_modules/webpack/lib/NormalModule.js:721:19)\n    at Object.loader (/Users/muhammetturk/Documents/github-projects/burada-v3/node_modules/postcss-loader/dist/index.js:28:24)");
 @ ./src/components/screens/search/search.css?vue&type=style&index=0&id=4f2359ba&scoped=true&lang=css&external 1:0-367 1:0-367
 @ ./src/components/screens/search/search.vue 5:0-86
 @ ./src/router/index.js 9:0-60 79:13-19
 @ ./src/main.js

ERROR in ./src/components/screens/select-tag/select-tag.css?vue&type=style&index=0&id=fef063bc&scoped=true&lang=css&external (./node_modules/mini-css-extract-plugin/dist/loader.js!./node_modules/css-loader/dist/cjs.js??clonedRuleSet-3.use[1]!./node_modules/vue-loader/dist/stylePostLoader.js!./node_modules/postcss-loader/dist/cjs.js??clonedRuleSet-3.use[2]!./src/components/screens/select-tag/select-tag.css?vue&type=style&index=0&id=fef063bc&scoped=true&lang=css&external)
Module build failed (from ./node_modules/mini-css-extract-plugin/dist/loader.js):
HookWebpackError: Module build failed (from ./node_modules/postcss-loader/dist/cjs.js):
ValidationError: Invalid options object. PostCSS Loader has been initialized using an options object that does not match the API schema.
 - options has an unknown property 'plugins'. These properties are valid:
   object { postcssOptions?, execute?, sourceMap?, implementation? }
    at validate (/Users/muhammetturk/Documents/github-projects/burada-v3/node_modules/schema-utils/dist/validate.js:213:11)
    at Object.getOptions (/Users/muhammetturk/Documents/github-projects/burada-v3/node_modules/webpack/lib/NormalModule.js:721:19)
    at Object.loader (/Users/muhammetturk/Documents/github-projects/burada-v3/node_modules/postcss-loader/dist/index.js:28:24)
    at tryRunOrWebpackError (/Users/muhammetturk/Documents/github-projects/burada-v3/node_modules/webpack/lib/HookWebpackError.js:85:9)
    at __webpack_require_module__ (/Users/muhammetturk/Documents/github-projects/burada-v3/node_modules/webpack/lib/Compilation.js:5541:12)
    at __webpack_require__ (/Users/muhammetturk/Documents/github-projects/burada-v3/node_modules/webpack/lib/Compilation.js:5488:18)
    at /Users/muhammetturk/Documents/github-projects/burada-v3/node_modules/webpack/lib/Compilation.js:5576:20
    at symbolIterator (/Users/muhammetturk/Documents/github-projects/burada-v3/node_modules/neo-async/async.js:3485:9)
    at done (/Users/muhammetturk/Documents/github-projects/burada-v3/node_modules/neo-async/async.js:3527:9)
    at Hook.eval [as callAsync] (eval at create (/Users/muhammetturk/Documents/github-projects/burada-v3/node_modules/tapable/lib/HookCodeFactory.js:31:10), <anonymous>:15:1)
    at /Users/muhammetturk/Documents/github-projects/burada-v3/node_modules/webpack/lib/Compilation.js:5463:43
    at symbolIterator (/Users/muhammetturk/Documents/github-projects/burada-v3/node_modules/neo-async/async.js:3482:9)
    at timesSync (/Users/muhammetturk/Documents/github-projects/burada-v3/node_modules/neo-async/async.js:2297:7)
    at Object.eachLimit (/Users/muhammetturk/Documents/github-projects/burada-v3/node_modules/neo-async/async.js:3463:5)
    at /Users/muhammetturk/Documents/github-projects/burada-v3/node_modules/webpack/lib/Compilation.js:5426:16
    at symbolIterator (/Users/muhammetturk/Documents/github-projects/burada-v3/node_modules/neo-async/async.js:3485:9)
    at timesSync (/Users/muhammetturk/Documents/github-projects/burada-v3/node_modules/neo-async/async.js:2297:7)
    at Object.eachLimit (/Users/muhammetturk/Documents/github-projects/burada-v3/node_modules/neo-async/async.js:3463:5)
    at /Users/muhammetturk/Documents/github-projects/burada-v3/node_modules/webpack/lib/Compilation.js:5394:15
    at symbolIterator (/Users/muhammetturk/Documents/github-projects/burada-v3/node_modules/neo-async/async.js:3485:9)
    at done (/Users/muhammetturk/Documents/github-projects/burada-v3/node_modules/neo-async/async.js:3527:9)
    at /Users/muhammetturk/Documents/github-projects/burada-v3/node_modules/webpack/lib/Compilation.js:5340:8
    at /Users/muhammetturk/Documents/github-projects/burada-v3/node_modules/webpack/lib/Compilation.js:3744:6
    at /Users/muhammetturk/Documents/github-projects/burada-v3/node_modules/webpack/lib/HookWebpackError.js:66:2
    at Hook.eval [as callAsync] (eval at create (/Users/muhammetturk/Documents/github-projects/burada-v3/node_modules/tapable/lib/HookCodeFactory.js:31:10), <anonymous>:6:1)
    at Cache.store (/Users/muhammetturk/Documents/github-projects/burada-v3/node_modules/webpack/lib/Cache.js:114:20)
    at ItemCacheFacade.store (/Users/muhammetturk/Documents/github-projects/burada-v3/node_modules/webpack/lib/CacheFacade.js:141:15)
    at /Users/muhammetturk/Documents/github-projects/burada-v3/node_modules/webpack/lib/Compilation.js:3743:11
    at /Users/muhammetturk/Documents/github-projects/burada-v3/node_modules/webpack/lib/Cache.js:100:5
    at Hook.eval [as callAsync] (eval at create (/Users/muhammetturk/Documents/github-projects/burada-v3/node_modules/tapable/lib/HookCodeFactory.js:31:10), <anonymous>:6:1)
    at Cache.get (/Users/muhammetturk/Documents/github-projects/burada-v3/node_modules/webpack/lib/Cache.js:82:18)
    at ItemCacheFacade.get (/Users/muhammetturk/Documents/github-projects/burada-v3/node_modules/webpack/lib/CacheFacade.js:115:15)
    at Compilation._codeGenerationModule (/Users/muhammetturk/Documents/github-projects/burada-v3/node_modules/webpack/lib/Compilation.js:3711:9)
    at codeGen (/Users/muhammetturk/Documents/github-projects/burada-v3/node_modules/webpack/lib/Compilation.js:5328:11)
    at symbolIterator (/Users/muhammetturk/Documents/github-projects/burada-v3/node_modules/neo-async/async.js:3482:9)
    at timesSync (/Users/muhammetturk/Documents/github-projects/burada-v3/node_modules/neo-async/async.js:2297:7)
    at Object.eachLimit (/Users/muhammetturk/Documents/github-projects/burada-v3/node_modules/neo-async/async.js:3463:5)
    at /Users/muhammetturk/Documents/github-projects/burada-v3/node_modules/webpack/lib/Compilation.js:5358:14
    at processQueue (/Users/muhammetturk/Documents/github-projects/burada-v3/node_modules/webpack/lib/util/processAsyncTree.js:61:4)
    at processTicksAndRejections (node:internal/process/task_queues:84:11)
    at runNextTicks (node:internal/process/task_queues:68:3)
    at process.processImmediate (node:internal/timers:472:9)
-- inner error --
Error: Module build failed (from ./node_modules/postcss-loader/dist/cjs.js):
ValidationError: Invalid options object. PostCSS Loader has been initialized using an options object that does not match the API schema.
 - options has an unknown property 'plugins'. These properties are valid:
   object { postcssOptions?, execute?, sourceMap?, implementation? }
    at validate (/Users/muhammetturk/Documents/github-projects/burada-v3/node_modules/schema-utils/dist/validate.js:213:11)
    at Object.getOptions (/Users/muhammetturk/Documents/github-projects/burada-v3/node_modules/webpack/lib/NormalModule.js:721:19)
    at Object.loader (/Users/muhammetturk/Documents/github-projects/burada-v3/node_modules/postcss-loader/dist/index.js:28:24)
    at Object.<anonymous> (/Users/muhammetturk/Documents/github-projects/burada-v3/node_modules/css-loader/dist/cjs.js??clonedRuleSet-3.use[1]!/Users/muhammetturk/Documents/github-projects/burada-v3/node_modules/vue-loader/dist/stylePostLoader.js!/Users/muhammetturk/Documents/github-projects/burada-v3/node_modules/postcss-loader/dist/cjs.js??clonedRuleSet-3.use[2]!/Users/muhammetturk/Documents/github-projects/burada-v3/src/components/screens/select-tag/select-tag.css?vue&type=style&index=0&id=fef063bc&scoped=true&lang=css&external:1:7)
    at /Users/muhammetturk/Documents/github-projects/burada-v3/node_modules/webpack/lib/javascript/JavascriptModulesPlugin.js:544:10
    at Hook.eval [as call] (eval at create (/Users/muhammetturk/Documents/github-projects/burada-v3/node_modules/tapable/lib/HookCodeFactory.js:19:10), <anonymous>:7:1)
    at /Users/muhammetturk/Documents/github-projects/burada-v3/node_modules/webpack/lib/Compilation.js:5543:39
    at tryRunOrWebpackError (/Users/muhammetturk/Documents/github-projects/burada-v3/node_modules/webpack/lib/HookWebpackError.js:80:7)
    at __webpack_require_module__ (/Users/muhammetturk/Documents/github-projects/burada-v3/node_modules/webpack/lib/Compilation.js:5541:12)
    at __webpack_require__ (/Users/muhammetturk/Documents/github-projects/burada-v3/node_modules/webpack/lib/Compilation.js:5488:18)
    at /Users/muhammetturk/Documents/github-projects/burada-v3/node_modules/webpack/lib/Compilation.js:5576:20
    at symbolIterator (/Users/muhammetturk/Documents/github-projects/burada-v3/node_modules/neo-async/async.js:3485:9)
    at done (/Users/muhammetturk/Documents/github-projects/burada-v3/node_modules/neo-async/async.js:3527:9)
    at Hook.eval [as callAsync] (eval at create (/Users/muhammetturk/Documents/github-projects/burada-v3/node_modules/tapable/lib/HookCodeFactory.js:31:10), <anonymous>:15:1)
    at /Users/muhammetturk/Documents/github-projects/burada-v3/node_modules/webpack/lib/Compilation.js:5463:43
    at symbolIterator (/Users/muhammetturk/Documents/github-projects/burada-v3/node_modules/neo-async/async.js:3482:9)
    at timesSync (/Users/muhammetturk/Documents/github-projects/burada-v3/node_modules/neo-async/async.js:2297:7)
    at Object.eachLimit (/Users/muhammetturk/Documents/github-projects/burada-v3/node_modules/neo-async/async.js:3463:5)
    at /Users/muhammetturk/Documents/github-projects/burada-v3/node_modules/webpack/lib/Compilation.js:5426:16
    at symbolIterator (/Users/muhammetturk/Documents/github-projects/burada-v3/node_modules/neo-async/async.js:3485:9)
    at timesSync (/Users/muhammetturk/Documents/github-projects/burada-v3/node_modules/neo-async/async.js:2297:7)
    at Object.eachLimit (/Users/muhammetturk/Documents/github-projects/burada-v3/node_modules/neo-async/async.js:3463:5)
    at /Users/muhammetturk/Documents/github-projects/burada-v3/node_modules/webpack/lib/Compilation.js:5394:15
    at symbolIterator (/Users/muhammetturk/Documents/github-projects/burada-v3/node_modules/neo-async/async.js:3485:9)
    at done (/Users/muhammetturk/Documents/github-projects/burada-v3/node_modules/neo-async/async.js:3527:9)
    at /Users/muhammetturk/Documents/github-projects/burada-v3/node_modules/webpack/lib/Compilation.js:5340:8
    at /Users/muhammetturk/Documents/github-projects/burada-v3/node_modules/webpack/lib/Compilation.js:3744:6
    at /Users/muhammetturk/Documents/github-projects/burada-v3/node_modules/webpack/lib/HookWebpackError.js:66:2
    at Hook.eval [as callAsync] (eval at create (/Users/muhammetturk/Documents/github-projects/burada-v3/node_modules/tapable/lib/HookCodeFactory.js:31:10), <anonymous>:6:1)
    at Cache.store (/Users/muhammetturk/Documents/github-projects/burada-v3/node_modules/webpack/lib/Cache.js:114:20)
    at ItemCacheFacade.store (/Users/muhammetturk/Documents/github-projects/burada-v3/node_modules/webpack/lib/CacheFacade.js:141:15)
    at /Users/muhammetturk/Documents/github-projects/burada-v3/node_modules/webpack/lib/Compilation.js:3743:11
    at /Users/muhammetturk/Documents/github-projects/burada-v3/node_modules/webpack/lib/Cache.js:100:5
    at Hook.eval [as callAsync] (eval at create (/Users/muhammetturk/Documents/github-projects/burada-v3/node_modules/tapable/lib/HookCodeFactory.js:31:10), <anonymous>:6:1)
    at Cache.get (/Users/muhammetturk/Documents/github-projects/burada-v3/node_modules/webpack/lib/Cache.js:82:18)
    at ItemCacheFacade.get (/Users/muhammetturk/Documents/github-projects/burada-v3/node_modules/webpack/lib/CacheFacade.js:115:15)
    at Compilation._codeGenerationModule (/Users/muhammetturk/Documents/github-projects/burada-v3/node_modules/webpack/lib/Compilation.js:3711:9)
    at codeGen (/Users/muhammetturk/Documents/github-projects/burada-v3/node_modules/webpack/lib/Compilation.js:5328:11)
    at symbolIterator (/Users/muhammetturk/Documents/github-projects/burada-v3/node_modules/neo-async/async.js:3482:9)
    at timesSync (/Users/muhammetturk/Documents/github-projects/burada-v3/node_modules/neo-async/async.js:2297:7)
    at Object.eachLimit (/Users/muhammetturk/Documents/github-projects/burada-v3/node_modules/neo-async/async.js:3463:5)
    at /Users/muhammetturk/Documents/github-projects/burada-v3/node_modules/webpack/lib/Compilation.js:5358:14
    at processQueue (/Users/muhammetturk/Documents/github-projects/burada-v3/node_modules/webpack/lib/util/processAsyncTree.js:61:4)
    at processTicksAndRejections (node:internal/process/task_queues:84:11)
    at runNextTicks (node:internal/process/task_queues:68:3)
    at process.processImmediate (node:internal/timers:472:9)

Generated code for /Users/muhammetturk/Documents/github-projects/burada-v3/node_modules/css-loader/dist/cjs.js??clonedRuleSet-3.use[1]!/Users/muhammetturk/Documents/github-projects/burada-v3/node_modules/vue-loader/dist/stylePostLoader.js!/Users/muhammetturk/Documents/github-projects/burada-v3/node_modules/postcss-loader/dist/cjs.js??clonedRuleSet-3.use[2]!/Users/muhammetturk/Documents/github-projects/burada-v3/src/components/screens/select-tag/select-tag.css?vue&type=style&index=0&id=fef063bc&scoped=true&lang=css&external
1 | throw new Error("Module build failed (from ./node_modules/postcss-loader/dist/cjs.js):\nValidationError: Invalid options object. PostCSS Loader has been initialized using an options object that does not match the API schema.\n - options has an unknown property 'plugins'. These properties are valid:\n   object { postcssOptions?, execute?, sourceMap?, implementation? }\n    at validate (/Users/muhammetturk/Documents/github-projects/burada-v3/node_modules/schema-utils/dist/validate.js:213:11)\n    at Object.getOptions (/Users/muhammetturk/Documents/github-projects/burada-v3/node_modules/webpack/lib/NormalModule.js:721:19)\n    at Object.loader (/Users/muhammetturk/Documents/github-projects/burada-v3/node_modules/postcss-loader/dist/index.js:28:24)");
 @ ./src/components/screens/select-tag/select-tag.css?vue&type=style&index=0&id=fef063bc&scoped=true&lang=css&external 1:0-371 1:0-371
 @ ./src/components/screens/select-tag/select-tag.vue 5:0-90
 @ ./src/router/index.js 24:0-71
 @ ./src/main.js

ERROR in ./src/components/screens/splash-screen/splash-screen.css?vue&type=style&index=0&id=4fb90325&scoped=true&lang=css&external (./node_modules/mini-css-extract-plugin/dist/loader.js!./node_modules/css-loader/dist/cjs.js??clonedRuleSet-3.use[1]!./node_modules/vue-loader/dist/stylePostLoader.js!./node_modules/postcss-loader/dist/cjs.js??clonedRuleSet-3.use[2]!./src/components/screens/splash-screen/splash-screen.css?vue&type=style&index=0&id=4fb90325&scoped=true&lang=css&external)
Module build failed (from ./node_modules/mini-css-extract-plugin/dist/loader.js):
HookWebpackError: Module build failed (from ./node_modules/postcss-loader/dist/cjs.js):
ValidationError: Invalid options object. PostCSS Loader has been initialized using an options object that does not match the API schema.
 - options has an unknown property 'plugins'. These properties are valid:
   object { postcssOptions?, execute?, sourceMap?, implementation? }
    at validate (/Users/muhammetturk/Documents/github-projects/burada-v3/node_modules/schema-utils/dist/validate.js:213:11)
    at Object.getOptions (/Users/muhammetturk/Documents/github-projects/burada-v3/node_modules/webpack/lib/NormalModule.js:721:19)
    at Object.loader (/Users/muhammetturk/Documents/github-projects/burada-v3/node_modules/postcss-loader/dist/index.js:28:24)
    at tryRunOrWebpackError (/Users/muhammetturk/Documents/github-projects/burada-v3/node_modules/webpack/lib/HookWebpackError.js:85:9)
    at __webpack_require_module__ (/Users/muhammetturk/Documents/github-projects/burada-v3/node_modules/webpack/lib/Compilation.js:5541:12)
    at __webpack_require__ (/Users/muhammetturk/Documents/github-projects/burada-v3/node_modules/webpack/lib/Compilation.js:5488:18)
    at /Users/muhammetturk/Documents/github-projects/burada-v3/node_modules/webpack/lib/Compilation.js:5576:20
    at symbolIterator (/Users/muhammetturk/Documents/github-projects/burada-v3/node_modules/neo-async/async.js:3485:9)
    at done (/Users/muhammetturk/Documents/github-projects/burada-v3/node_modules/neo-async/async.js:3527:9)
    at Hook.eval [as callAsync] (eval at create (/Users/muhammetturk/Documents/github-projects/burada-v3/node_modules/tapable/lib/HookCodeFactory.js:31:10), <anonymous>:15:1)
    at /Users/muhammetturk/Documents/github-projects/burada-v3/node_modules/webpack/lib/Compilation.js:5463:43
    at symbolIterator (/Users/muhammetturk/Documents/github-projects/burada-v3/node_modules/neo-async/async.js:3482:9)
    at timesSync (/Users/muhammetturk/Documents/github-projects/burada-v3/node_modules/neo-async/async.js:2297:7)
    at Object.eachLimit (/Users/muhammetturk/Documents/github-projects/burada-v3/node_modules/neo-async/async.js:3463:5)
    at /Users/muhammetturk/Documents/github-projects/burada-v3/node_modules/webpack/lib/Compilation.js:5426:16
    at symbolIterator (/Users/muhammetturk/Documents/github-projects/burada-v3/node_modules/neo-async/async.js:3485:9)
    at timesSync (/Users/muhammetturk/Documents/github-projects/burada-v3/node_modules/neo-async/async.js:2297:7)
    at Object.eachLimit (/Users/muhammetturk/Documents/github-projects/burada-v3/node_modules/neo-async/async.js:3463:5)
    at /Users/muhammetturk/Documents/github-projects/burada-v3/node_modules/webpack/lib/Compilation.js:5394:15
    at symbolIterator (/Users/muhammetturk/Documents/github-projects/burada-v3/node_modules/neo-async/async.js:3485:9)
    at done (/Users/muhammetturk/Documents/github-projects/burada-v3/node_modules/neo-async/async.js:3527:9)
    at /Users/muhammetturk/Documents/github-projects/burada-v3/node_modules/webpack/lib/Compilation.js:5340:8
    at /Users/muhammetturk/Documents/github-projects/burada-v3/node_modules/webpack/lib/Compilation.js:3744:6
    at /Users/muhammetturk/Documents/github-projects/burada-v3/node_modules/webpack/lib/HookWebpackError.js:66:2
    at Hook.eval [as callAsync] (eval at create (/Users/muhammetturk/Documents/github-projects/burada-v3/node_modules/tapable/lib/HookCodeFactory.js:31:10), <anonymous>:6:1)
    at Cache.store (/Users/muhammetturk/Documents/github-projects/burada-v3/node_modules/webpack/lib/Cache.js:114:20)
    at ItemCacheFacade.store (/Users/muhammetturk/Documents/github-projects/burada-v3/node_modules/webpack/lib/CacheFacade.js:141:15)
    at /Users/muhammetturk/Documents/github-projects/burada-v3/node_modules/webpack/lib/Compilation.js:3743:11
    at /Users/muhammetturk/Documents/github-projects/burada-v3/node_modules/webpack/lib/Cache.js:100:5
    at Hook.eval [as callAsync] (eval at create (/Users/muhammetturk/Documents/github-projects/burada-v3/node_modules/tapable/lib/HookCodeFactory.js:31:10), <anonymous>:6:1)
    at Cache.get (/Users/muhammetturk/Documents/github-projects/burada-v3/node_modules/webpack/lib/Cache.js:82:18)
    at ItemCacheFacade.get (/Users/muhammetturk/Documents/github-projects/burada-v3/node_modules/webpack/lib/CacheFacade.js:115:15)
    at Compilation._codeGenerationModule (/Users/muhammetturk/Documents/github-projects/burada-v3/node_modules/webpack/lib/Compilation.js:3711:9)
    at codeGen (/Users/muhammetturk/Documents/github-projects/burada-v3/node_modules/webpack/lib/Compilation.js:5328:11)
    at symbolIterator (/Users/muhammetturk/Documents/github-projects/burada-v3/node_modules/neo-async/async.js:3482:9)
    at timesSync (/Users/muhammetturk/Documents/github-projects/burada-v3/node_modules/neo-async/async.js:2297:7)
    at Object.eachLimit (/Users/muhammetturk/Documents/github-projects/burada-v3/node_modules/neo-async/async.js:3463:5)
    at /Users/muhammetturk/Documents/github-projects/burada-v3/node_modules/webpack/lib/Compilation.js:5358:14
    at processQueue (/Users/muhammetturk/Documents/github-projects/burada-v3/node_modules/webpack/lib/util/processAsyncTree.js:61:4)
    at process.processTicksAndRejections (node:internal/process/task_queues:84:11)
-- inner error --
Error: Module build failed (from ./node_modules/postcss-loader/dist/cjs.js):
ValidationError: Invalid options object. PostCSS Loader has been initialized using an options object that does not match the API schema.
 - options has an unknown property 'plugins'. These properties are valid:
   object { postcssOptions?, execute?, sourceMap?, implementation? }
    at validate (/Users/muhammetturk/Documents/github-projects/burada-v3/node_modules/schema-utils/dist/validate.js:213:11)
    at Object.getOptions (/Users/muhammetturk/Documents/github-projects/burada-v3/node_modules/webpack/lib/NormalModule.js:721:19)
    at Object.loader (/Users/muhammetturk/Documents/github-projects/burada-v3/node_modules/postcss-loader/dist/index.js:28:24)
    at Object.<anonymous> (/Users/muhammetturk/Documents/github-projects/burada-v3/node_modules/css-loader/dist/cjs.js??clonedRuleSet-3.use[1]!/Users/muhammetturk/Documents/github-projects/burada-v3/node_modules/vue-loader/dist/stylePostLoader.js!/Users/muhammetturk/Documents/github-projects/burada-v3/node_modules/postcss-loader/dist/cjs.js??clonedRuleSet-3.use[2]!/Users/muhammetturk/Documents/github-projects/burada-v3/src/components/screens/splash-screen/splash-screen.css?vue&type=style&index=0&id=4fb90325&scoped=true&lang=css&external:1:7)
    at /Users/muhammetturk/Documents/github-projects/burada-v3/node_modules/webpack/lib/javascript/JavascriptModulesPlugin.js:544:10
    at Hook.eval [as call] (eval at create (/Users/muhammetturk/Documents/github-projects/burada-v3/node_modules/tapable/lib/HookCodeFactory.js:19:10), <anonymous>:7:1)
    at /Users/muhammetturk/Documents/github-projects/burada-v3/node_modules/webpack/lib/Compilation.js:5543:39
    at tryRunOrWebpackError (/Users/muhammetturk/Documents/github-projects/burada-v3/node_modules/webpack/lib/HookWebpackError.js:80:7)
    at __webpack_require_module__ (/Users/muhammetturk/Documents/github-projects/burada-v3/node_modules/webpack/lib/Compilation.js:5541:12)
    at __webpack_require__ (/Users/muhammetturk/Documents/github-projects/burada-v3/node_modules/webpack/lib/Compilation.js:5488:18)
    at /Users/muhammetturk/Documents/github-projects/burada-v3/node_modules/webpack/lib/Compilation.js:5576:20
    at symbolIterator (/Users/muhammetturk/Documents/github-projects/burada-v3/node_modules/neo-async/async.js:3485:9)
    at done (/Users/muhammetturk/Documents/github-projects/burada-v3/node_modules/neo-async/async.js:3527:9)
    at Hook.eval [as callAsync] (eval at create (/Users/muhammetturk/Documents/github-projects/burada-v3/node_modules/tapable/lib/HookCodeFactory.js:31:10), <anonymous>:15:1)
    at /Users/muhammetturk/Documents/github-projects/burada-v3/node_modules/webpack/lib/Compilation.js:5463:43
    at symbolIterator (/Users/muhammetturk/Documents/github-projects/burada-v3/node_modules/neo-async/async.js:3482:9)
    at timesSync (/Users/muhammetturk/Documents/github-projects/burada-v3/node_modules/neo-async/async.js:2297:7)
    at Object.eachLimit (/Users/muhammetturk/Documents/github-projects/burada-v3/node_modules/neo-async/async.js:3463:5)
    at /Users/muhammetturk/Documents/github-projects/burada-v3/node_modules/webpack/lib/Compilation.js:5426:16
    at symbolIterator (/Users/muhammetturk/Documents/github-projects/burada-v3/node_modules/neo-async/async.js:3485:9)
    at timesSync (/Users/muhammetturk/Documents/github-projects/burada-v3/node_modules/neo-async/async.js:2297:7)
    at Object.eachLimit (/Users/muhammetturk/Documents/github-projects/burada-v3/node_modules/neo-async/async.js:3463:5)
    at /Users/muhammetturk/Documents/github-projects/burada-v3/node_modules/webpack/lib/Compilation.js:5394:15
    at symbolIterator (/Users/muhammetturk/Documents/github-projects/burada-v3/node_modules/neo-async/async.js:3485:9)
    at done (/Users/muhammetturk/Documents/github-projects/burada-v3/node_modules/neo-async/async.js:3527:9)
    at /Users/muhammetturk/Documents/github-projects/burada-v3/node_modules/webpack/lib/Compilation.js:5340:8
    at /Users/muhammetturk/Documents/github-projects/burada-v3/node_modules/webpack/lib/Compilation.js:3744:6
    at /Users/muhammetturk/Documents/github-projects/burada-v3/node_modules/webpack/lib/HookWebpackError.js:66:2
    at Hook.eval [as callAsync] (eval at create (/Users/muhammetturk/Documents/github-projects/burada-v3/node_modules/tapable/lib/HookCodeFactory.js:31:10), <anonymous>:6:1)
    at Cache.store (/Users/muhammetturk/Documents/github-projects/burada-v3/node_modules/webpack/lib/Cache.js:114:20)
    at ItemCacheFacade.store (/Users/muhammetturk/Documents/github-projects/burada-v3/node_modules/webpack/lib/CacheFacade.js:141:15)
    at /Users/muhammetturk/Documents/github-projects/burada-v3/node_modules/webpack/lib/Compilation.js:3743:11
    at /Users/muhammetturk/Documents/github-projects/burada-v3/node_modules/webpack/lib/Cache.js:100:5
    at Hook.eval [as callAsync] (eval at create (/Users/muhammetturk/Documents/github-projects/burada-v3/node_modules/tapable/lib/HookCodeFactory.js:31:10), <anonymous>:6:1)
    at Cache.get (/Users/muhammetturk/Documents/github-projects/burada-v3/node_modules/webpack/lib/Cache.js:82:18)
    at ItemCacheFacade.get (/Users/muhammetturk/Documents/github-projects/burada-v3/node_modules/webpack/lib/CacheFacade.js:115:15)
    at Compilation._codeGenerationModule (/Users/muhammetturk/Documents/github-projects/burada-v3/node_modules/webpack/lib/Compilation.js:3711:9)
    at codeGen (/Users/muhammetturk/Documents/github-projects/burada-v3/node_modules/webpack/lib/Compilation.js:5328:11)
    at symbolIterator (/Users/muhammetturk/Documents/github-projects/burada-v3/node_modules/neo-async/async.js:3482:9)
    at timesSync (/Users/muhammetturk/Documents/github-projects/burada-v3/node_modules/neo-async/async.js:2297:7)
    at Object.eachLimit (/Users/muhammetturk/Documents/github-projects/burada-v3/node_modules/neo-async/async.js:3463:5)
    at /Users/muhammetturk/Documents/github-projects/burada-v3/node_modules/webpack/lib/Compilation.js:5358:14
    at processQueue (/Users/muhammetturk/Documents/github-projects/burada-v3/node_modules/webpack/lib/util/processAsyncTree.js:61:4)
    at process.processTicksAndRejections (node:internal/process/task_queues:84:11)

Generated code for /Users/muhammetturk/Documents/github-projects/burada-v3/node_modules/css-loader/dist/cjs.js??clonedRuleSet-3.use[1]!/Users/muhammetturk/Documents/github-projects/burada-v3/node_modules/vue-loader/dist/stylePostLoader.js!/Users/muhammetturk/Documents/github-projects/burada-v3/node_modules/postcss-loader/dist/cjs.js??clonedRuleSet-3.use[2]!/Users/muhammetturk/Documents/github-projects/burada-v3/src/components/screens/splash-screen/splash-screen.css?vue&type=style&index=0&id=4fb90325&scoped=true&lang=css&external
1 | throw new Error("Module build failed (from ./node_modules/postcss-loader/dist/cjs.js):\nValidationError: Invalid options object. PostCSS Loader has been initialized using an options object that does not match the API schema.\n - options has an unknown property 'plugins'. These properties are valid:\n   object { postcssOptions?, execute?, sourceMap?, implementation? }\n    at validate (/Users/muhammetturk/Documents/github-projects/burada-v3/node_modules/schema-utils/dist/validate.js:213:11)\n    at Object.getOptions (/Users/muhammetturk/Documents/github-projects/burada-v3/node_modules/webpack/lib/NormalModule.js:721:19)\n    at Object.loader (/Users/muhammetturk/Documents/github-projects/burada-v3/node_modules/postcss-loader/dist/index.js:28:24)");
 @ ./src/components/screens/splash-screen/splash-screen.css?vue&type=style&index=0&id=4fb90325&scoped=true&lang=css&external 1:0-374 1:0-374
 @ ./src/components/screens/splash-screen/splash-screen.vue 5:0-93
 @ ./src/router/index.js 17:0-80 34:13-25
 @ ./src/main.js

ERROR in ./src/components/screens/update-profile/update-profile.css?vue&type=style&index=0&id=34731346&scoped=true&lang=css&external (./node_modules/mini-css-extract-plugin/dist/loader.js!./node_modules/css-loader/dist/cjs.js??clonedRuleSet-3.use[1]!./node_modules/vue-loader/dist/stylePostLoader.js!./node_modules/postcss-loader/dist/cjs.js??clonedRuleSet-3.use[2]!./src/components/screens/update-profile/update-profile.css?vue&type=style&index=0&id=34731346&scoped=true&lang=css&external)
Module build failed (from ./node_modules/mini-css-extract-plugin/dist/loader.js):
HookWebpackError: Module build failed (from ./node_modules/postcss-loader/dist/cjs.js):
ValidationError: Invalid options object. PostCSS Loader has been initialized using an options object that does not match the API schema.
 - options has an unknown property 'plugins'. These properties are valid:
   object { postcssOptions?, execute?, sourceMap?, implementation? }
    at validate (/Users/muhammetturk/Documents/github-projects/burada-v3/node_modules/schema-utils/dist/validate.js:213:11)
    at Object.getOptions (/Users/muhammetturk/Documents/github-projects/burada-v3/node_modules/webpack/lib/NormalModule.js:721:19)
    at Object.loader (/Users/muhammetturk/Documents/github-projects/burada-v3/node_modules/postcss-loader/dist/index.js:28:24)
    at tryRunOrWebpackError (/Users/muhammetturk/Documents/github-projects/burada-v3/node_modules/webpack/lib/HookWebpackError.js:85:9)
    at __webpack_require_module__ (/Users/muhammetturk/Documents/github-projects/burada-v3/node_modules/webpack/lib/Compilation.js:5541:12)
    at __webpack_require__ (/Users/muhammetturk/Documents/github-projects/burada-v3/node_modules/webpack/lib/Compilation.js:5488:18)
    at /Users/muhammetturk/Documents/github-projects/burada-v3/node_modules/webpack/lib/Compilation.js:5576:20
    at symbolIterator (/Users/muhammetturk/Documents/github-projects/burada-v3/node_modules/neo-async/async.js:3485:9)
    at done (/Users/muhammetturk/Documents/github-projects/burada-v3/node_modules/neo-async/async.js:3527:9)
    at Hook.eval [as callAsync] (eval at create (/Users/muhammetturk/Documents/github-projects/burada-v3/node_modules/tapable/lib/HookCodeFactory.js:31:10), <anonymous>:15:1)
    at /Users/muhammetturk/Documents/github-projects/burada-v3/node_modules/webpack/lib/Compilation.js:5463:43
    at symbolIterator (/Users/muhammetturk/Documents/github-projects/burada-v3/node_modules/neo-async/async.js:3482:9)
    at timesSync (/Users/muhammetturk/Documents/github-projects/burada-v3/node_modules/neo-async/async.js:2297:7)
    at Object.eachLimit (/Users/muhammetturk/Documents/github-projects/burada-v3/node_modules/neo-async/async.js:3463:5)
    at /Users/muhammetturk/Documents/github-projects/burada-v3/node_modules/webpack/lib/Compilation.js:5426:16
    at symbolIterator (/Users/muhammetturk/Documents/github-projects/burada-v3/node_modules/neo-async/async.js:3485:9)
    at timesSync (/Users/muhammetturk/Documents/github-projects/burada-v3/node_modules/neo-async/async.js:2297:7)
    at Object.eachLimit (/Users/muhammetturk/Documents/github-projects/burada-v3/node_modules/neo-async/async.js:3463:5)
    at /Users/muhammetturk/Documents/github-projects/burada-v3/node_modules/webpack/lib/Compilation.js:5394:15
    at symbolIterator (/Users/muhammetturk/Documents/github-projects/burada-v3/node_modules/neo-async/async.js:3485:9)
    at done (/Users/muhammetturk/Documents/github-projects/burada-v3/node_modules/neo-async/async.js:3527:9)
    at /Users/muhammetturk/Documents/github-projects/burada-v3/node_modules/webpack/lib/Compilation.js:5340:8
    at /Users/muhammetturk/Documents/github-projects/burada-v3/node_modules/webpack/lib/Compilation.js:3744:6
    at /Users/muhammetturk/Documents/github-projects/burada-v3/node_modules/webpack/lib/HookWebpackError.js:66:2
    at Hook.eval [as callAsync] (eval at create (/Users/muhammetturk/Documents/github-projects/burada-v3/node_modules/tapable/lib/HookCodeFactory.js:31:10), <anonymous>:6:1)
    at Cache.store (/Users/muhammetturk/Documents/github-projects/burada-v3/node_modules/webpack/lib/Cache.js:114:20)
    at ItemCacheFacade.store (/Users/muhammetturk/Documents/github-projects/burada-v3/node_modules/webpack/lib/CacheFacade.js:141:15)
    at /Users/muhammetturk/Documents/github-projects/burada-v3/node_modules/webpack/lib/Compilation.js:3743:11
    at /Users/muhammetturk/Documents/github-projects/burada-v3/node_modules/webpack/lib/Cache.js:100:5
    at Hook.eval [as callAsync] (eval at create (/Users/muhammetturk/Documents/github-projects/burada-v3/node_modules/tapable/lib/HookCodeFactory.js:31:10), <anonymous>:6:1)
    at Cache.get (/Users/muhammetturk/Documents/github-projects/burada-v3/node_modules/webpack/lib/Cache.js:82:18)
    at ItemCacheFacade.get (/Users/muhammetturk/Documents/github-projects/burada-v3/node_modules/webpack/lib/CacheFacade.js:115:15)
    at Compilation._codeGenerationModule (/Users/muhammetturk/Documents/github-projects/burada-v3/node_modules/webpack/lib/Compilation.js:3711:9)
    at codeGen (/Users/muhammetturk/Documents/github-projects/burada-v3/node_modules/webpack/lib/Compilation.js:5328:11)
    at symbolIterator (/Users/muhammetturk/Documents/github-projects/burada-v3/node_modules/neo-async/async.js:3482:9)
    at timesSync (/Users/muhammetturk/Documents/github-projects/burada-v3/node_modules/neo-async/async.js:2297:7)
    at Object.eachLimit (/Users/muhammetturk/Documents/github-projects/burada-v3/node_modules/neo-async/async.js:3463:5)
    at /Users/muhammetturk/Documents/github-projects/burada-v3/node_modules/webpack/lib/Compilation.js:5358:14
    at processQueue (/Users/muhammetturk/Documents/github-projects/burada-v3/node_modules/webpack/lib/util/processAsyncTree.js:61:4)
    at processTicksAndRejections (node:internal/process/task_queues:84:11)
    at runNextTicks (node:internal/process/task_queues:68:3)
    at process.processImmediate (node:internal/timers:472:9)
-- inner error --
Error: Module build failed (from ./node_modules/postcss-loader/dist/cjs.js):
ValidationError: Invalid options object. PostCSS Loader has been initialized using an options object that does not match the API schema.
 - options has an unknown property 'plugins'. These properties are valid:
   object { postcssOptions?, execute?, sourceMap?, implementation? }
    at validate (/Users/muhammetturk/Documents/github-projects/burada-v3/node_modules/schema-utils/dist/validate.js:213:11)
    at Object.getOptions (/Users/muhammetturk/Documents/github-projects/burada-v3/node_modules/webpack/lib/NormalModule.js:721:19)
    at Object.loader (/Users/muhammetturk/Documents/github-projects/burada-v3/node_modules/postcss-loader/dist/index.js:28:24)
    at Object.<anonymous> (/Users/muhammetturk/Documents/github-projects/burada-v3/node_modules/css-loader/dist/cjs.js??clonedRuleSet-3.use[1]!/Users/muhammetturk/Documents/github-projects/burada-v3/node_modules/vue-loader/dist/stylePostLoader.js!/Users/muhammetturk/Documents/github-projects/burada-v3/node_modules/postcss-loader/dist/cjs.js??clonedRuleSet-3.use[2]!/Users/muhammetturk/Documents/github-projects/burada-v3/src/components/screens/update-profile/update-profile.css?vue&type=style&index=0&id=34731346&scoped=true&lang=css&external:1:7)
    at /Users/muhammetturk/Documents/github-projects/burada-v3/node_modules/webpack/lib/javascript/JavascriptModulesPlugin.js:544:10
    at Hook.eval [as call] (eval at create (/Users/muhammetturk/Documents/github-projects/burada-v3/node_modules/tapable/lib/HookCodeFactory.js:19:10), <anonymous>:7:1)
    at /Users/muhammetturk/Documents/github-projects/burada-v3/node_modules/webpack/lib/Compilation.js:5543:39
    at tryRunOrWebpackError (/Users/muhammetturk/Documents/github-projects/burada-v3/node_modules/webpack/lib/HookWebpackError.js:80:7)
    at __webpack_require_module__ (/Users/muhammetturk/Documents/github-projects/burada-v3/node_modules/webpack/lib/Compilation.js:5541:12)
    at __webpack_require__ (/Users/muhammetturk/Documents/github-projects/burada-v3/node_modules/webpack/lib/Compilation.js:5488:18)
    at /Users/muhammetturk/Documents/github-projects/burada-v3/node_modules/webpack/lib/Compilation.js:5576:20
    at symbolIterator (/Users/muhammetturk/Documents/github-projects/burada-v3/node_modules/neo-async/async.js:3485:9)
    at done (/Users/muhammetturk/Documents/github-projects/burada-v3/node_modules/neo-async/async.js:3527:9)
    at Hook.eval [as callAsync] (eval at create (/Users/muhammetturk/Documents/github-projects/burada-v3/node_modules/tapable/lib/HookCodeFactory.js:31:10), <anonymous>:15:1)
    at /Users/muhammetturk/Documents/github-projects/burada-v3/node_modules/webpack/lib/Compilation.js:5463:43
    at symbolIterator (/Users/muhammetturk/Documents/github-projects/burada-v3/node_modules/neo-async/async.js:3482:9)
    at timesSync (/Users/muhammetturk/Documents/github-projects/burada-v3/node_modules/neo-async/async.js:2297:7)
    at Object.eachLimit (/Users/muhammetturk/Documents/github-projects/burada-v3/node_modules/neo-async/async.js:3463:5)
    at /Users/muhammetturk/Documents/github-projects/burada-v3/node_modules/webpack/lib/Compilation.js:5426:16
    at symbolIterator (/Users/muhammetturk/Documents/github-projects/burada-v3/node_modules/neo-async/async.js:3485:9)
    at timesSync (/Users/muhammetturk/Documents/github-projects/burada-v3/node_modules/neo-async/async.js:2297:7)
    at Object.eachLimit (/Users/muhammetturk/Documents/github-projects/burada-v3/node_modules/neo-async/async.js:3463:5)
    at /Users/muhammetturk/Documents/github-projects/burada-v3/node_modules/webpack/lib/Compilation.js:5394:15
    at symbolIterator (/Users/muhammetturk/Documents/github-projects/burada-v3/node_modules/neo-async/async.js:3485:9)
    at done (/Users/muhammetturk/Documents/github-projects/burada-v3/node_modules/neo-async/async.js:3527:9)
    at /Users/muhammetturk/Documents/github-projects/burada-v3/node_modules/webpack/lib/Compilation.js:5340:8
    at /Users/muhammetturk/Documents/github-projects/burada-v3/node_modules/webpack/lib/Compilation.js:3744:6
    at /Users/muhammetturk/Documents/github-projects/burada-v3/node_modules/webpack/lib/HookWebpackError.js:66:2
    at Hook.eval [as callAsync] (eval at create (/Users/muhammetturk/Documents/github-projects/burada-v3/node_modules/tapable/lib/HookCodeFactory.js:31:10), <anonymous>:6:1)
    at Cache.store (/Users/muhammetturk/Documents/github-projects/burada-v3/node_modules/webpack/lib/Cache.js:114:20)
    at ItemCacheFacade.store (/Users/muhammetturk/Documents/github-projects/burada-v3/node_modules/webpack/lib/CacheFacade.js:141:15)
    at /Users/muhammetturk/Documents/github-projects/burada-v3/node_modules/webpack/lib/Compilation.js:3743:11
    at /Users/muhammetturk/Documents/github-projects/burada-v3/node_modules/webpack/lib/Cache.js:100:5
    at Hook.eval [as callAsync] (eval at create (/Users/muhammetturk/Documents/github-projects/burada-v3/node_modules/tapable/lib/HookCodeFactory.js:31:10), <anonymous>:6:1)
    at Cache.get (/Users/muhammetturk/Documents/github-projects/burada-v3/node_modules/webpack/lib/Cache.js:82:18)
    at ItemCacheFacade.get (/Users/muhammetturk/Documents/github-projects/burada-v3/node_modules/webpack/lib/CacheFacade.js:115:15)
    at Compilation._codeGenerationModule (/Users/muhammetturk/Documents/github-projects/burada-v3/node_modules/webpack/lib/Compilation.js:3711:9)
    at codeGen (/Users/muhammetturk/Documents/github-projects/burada-v3/node_modules/webpack/lib/Compilation.js:5328:11)
    at symbolIterator (/Users/muhammetturk/Documents/github-projects/burada-v3/node_modules/neo-async/async.js:3482:9)
    at timesSync (/Users/muhammetturk/Documents/github-projects/burada-v3/node_modules/neo-async/async.js:2297:7)
    at Object.eachLimit (/Users/muhammetturk/Documents/github-projects/burada-v3/node_modules/neo-async/async.js:3463:5)
    at /Users/muhammetturk/Documents/github-projects/burada-v3/node_modules/webpack/lib/Compilation.js:5358:14
    at processQueue (/Users/muhammetturk/Documents/github-projects/burada-v3/node_modules/webpack/lib/util/processAsyncTree.js:61:4)
    at processTicksAndRejections (node:internal/process/task_queues:84:11)
    at runNextTicks (node:internal/process/task_queues:68:3)
    at process.processImmediate (node:internal/timers:472:9)

Generated code for /Users/muhammetturk/Documents/github-projects/burada-v3/node_modules/css-loader/dist/cjs.js??clonedRuleSet-3.use[1]!/Users/muhammetturk/Documents/github-projects/burada-v3/node_modules/vue-loader/dist/stylePostLoader.js!/Users/muhammetturk/Documents/github-projects/burada-v3/node_modules/postcss-loader/dist/cjs.js??clonedRuleSet-3.use[2]!/Users/muhammetturk/Documents/github-projects/burada-v3/src/components/screens/update-profile/update-profile.css?vue&type=style&index=0&id=34731346&scoped=true&lang=css&external
1 | throw new Error("Module build failed (from ./node_modules/postcss-loader/dist/cjs.js):\nValidationError: Invalid options object. PostCSS Loader has been initialized using an options object that does not match the API schema.\n - options has an unknown property 'plugins'. These properties are valid:\n   object { postcssOptions?, execute?, sourceMap?, implementation? }\n    at validate (/Users/muhammetturk/Documents/github-projects/burada-v3/node_modules/schema-utils/dist/validate.js:213:11)\n    at Object.getOptions (/Users/muhammetturk/Documents/github-projects/burada-v3/node_modules/webpack/lib/NormalModule.js:721:19)\n    at Object.loader (/Users/muhammetturk/Documents/github-projects/burada-v3/node_modules/postcss-loader/dist/index.js:28:24)");
 @ ./src/components/screens/update-profile/update-profile.css?vue&type=style&index=0&id=34731346&scoped=true&lang=css&external 1:0-375 1:0-375
 @ ./src/components/screens/update-profile/update-profile.vue 5:0-94
 @ ./src/router/index.js 23:0-83 224:13-26
 @ ./src/main.js

ERROR in ./src/components/utils/_show_icons/_show_icons.css?vue&type=style&index=0&id=1885dc5e&scoped=true&lang=css&external (./node_modules/mini-css-extract-plugin/dist/loader.js!./node_modules/css-loader/dist/cjs.js??clonedRuleSet-3.use[1]!./node_modules/vue-loader/dist/stylePostLoader.js!./node_modules/postcss-loader/dist/cjs.js??clonedRuleSet-3.use[2]!./src/components/utils/_show_icons/_show_icons.css?vue&type=style&index=0&id=1885dc5e&scoped=true&lang=css&external)
Module build failed (from ./node_modules/mini-css-extract-plugin/dist/loader.js):
HookWebpackError: Module build failed (from ./node_modules/postcss-loader/dist/cjs.js):
ValidationError: Invalid options object. PostCSS Loader has been initialized using an options object that does not match the API schema.
 - options has an unknown property 'plugins'. These properties are valid:
   object { postcssOptions?, execute?, sourceMap?, implementation? }
    at validate (/Users/muhammetturk/Documents/github-projects/burada-v3/node_modules/schema-utils/dist/validate.js:213:11)
    at Object.getOptions (/Users/muhammetturk/Documents/github-projects/burada-v3/node_modules/webpack/lib/NormalModule.js:721:19)
    at Object.loader (/Users/muhammetturk/Documents/github-projects/burada-v3/node_modules/postcss-loader/dist/index.js:28:24)
    at tryRunOrWebpackError (/Users/muhammetturk/Documents/github-projects/burada-v3/node_modules/webpack/lib/HookWebpackError.js:85:9)
    at __webpack_require_module__ (/Users/muhammetturk/Documents/github-projects/burada-v3/node_modules/webpack/lib/Compilation.js:5541:12)
    at __webpack_require__ (/Users/muhammetturk/Documents/github-projects/burada-v3/node_modules/webpack/lib/Compilation.js:5488:18)
    at /Users/muhammetturk/Documents/github-projects/burada-v3/node_modules/webpack/lib/Compilation.js:5576:20
    at symbolIterator (/Users/muhammetturk/Documents/github-projects/burada-v3/node_modules/neo-async/async.js:3485:9)
    at done (/Users/muhammetturk/Documents/github-projects/burada-v3/node_modules/neo-async/async.js:3527:9)
    at Hook.eval [as callAsync] (eval at create (/Users/muhammetturk/Documents/github-projects/burada-v3/node_modules/tapable/lib/HookCodeFactory.js:31:10), <anonymous>:15:1)
    at /Users/muhammetturk/Documents/github-projects/burada-v3/node_modules/webpack/lib/Compilation.js:5463:43
    at symbolIterator (/Users/muhammetturk/Documents/github-projects/burada-v3/node_modules/neo-async/async.js:3482:9)
    at timesSync (/Users/muhammetturk/Documents/github-projects/burada-v3/node_modules/neo-async/async.js:2297:7)
    at Object.eachLimit (/Users/muhammetturk/Documents/github-projects/burada-v3/node_modules/neo-async/async.js:3463:5)
    at /Users/muhammetturk/Documents/github-projects/burada-v3/node_modules/webpack/lib/Compilation.js:5426:16
    at symbolIterator (/Users/muhammetturk/Documents/github-projects/burada-v3/node_modules/neo-async/async.js:3485:9)
    at timesSync (/Users/muhammetturk/Documents/github-projects/burada-v3/node_modules/neo-async/async.js:2297:7)
    at Object.eachLimit (/Users/muhammetturk/Documents/github-projects/burada-v3/node_modules/neo-async/async.js:3463:5)
    at /Users/muhammetturk/Documents/github-projects/burada-v3/node_modules/webpack/lib/Compilation.js:5394:15
    at symbolIterator (/Users/muhammetturk/Documents/github-projects/burada-v3/node_modules/neo-async/async.js:3485:9)
    at done (/Users/muhammetturk/Documents/github-projects/burada-v3/node_modules/neo-async/async.js:3527:9)
    at /Users/muhammetturk/Documents/github-projects/burada-v3/node_modules/webpack/lib/Compilation.js:5340:8
    at /Users/muhammetturk/Documents/github-projects/burada-v3/node_modules/webpack/lib/Compilation.js:3744:6
    at /Users/muhammetturk/Documents/github-projects/burada-v3/node_modules/webpack/lib/HookWebpackError.js:66:2
    at Hook.eval [as callAsync] (eval at create (/Users/muhammetturk/Documents/github-projects/burada-v3/node_modules/tapable/lib/HookCodeFactory.js:31:10), <anonymous>:6:1)
    at Cache.store (/Users/muhammetturk/Documents/github-projects/burada-v3/node_modules/webpack/lib/Cache.js:114:20)
    at ItemCacheFacade.store (/Users/muhammetturk/Documents/github-projects/burada-v3/node_modules/webpack/lib/CacheFacade.js:141:15)
    at /Users/muhammetturk/Documents/github-projects/burada-v3/node_modules/webpack/lib/Compilation.js:3743:11
    at /Users/muhammetturk/Documents/github-projects/burada-v3/node_modules/webpack/lib/Cache.js:100:5
    at Hook.eval [as callAsync] (eval at create (/Users/muhammetturk/Documents/github-projects/burada-v3/node_modules/tapable/lib/HookCodeFactory.js:31:10), <anonymous>:6:1)
    at Cache.get (/Users/muhammetturk/Documents/github-projects/burada-v3/node_modules/webpack/lib/Cache.js:82:18)
    at ItemCacheFacade.get (/Users/muhammetturk/Documents/github-projects/burada-v3/node_modules/webpack/lib/CacheFacade.js:115:15)
    at Compilation._codeGenerationModule (/Users/muhammetturk/Documents/github-projects/burada-v3/node_modules/webpack/lib/Compilation.js:3711:9)
    at codeGen (/Users/muhammetturk/Documents/github-projects/burada-v3/node_modules/webpack/lib/Compilation.js:5328:11)
    at symbolIterator (/Users/muhammetturk/Documents/github-projects/burada-v3/node_modules/neo-async/async.js:3482:9)
    at timesSync (/Users/muhammetturk/Documents/github-projects/burada-v3/node_modules/neo-async/async.js:2297:7)
    at Object.eachLimit (/Users/muhammetturk/Documents/github-projects/burada-v3/node_modules/neo-async/async.js:3463:5)
    at /Users/muhammetturk/Documents/github-projects/burada-v3/node_modules/webpack/lib/Compilation.js:5358:14
    at processQueue (/Users/muhammetturk/Documents/github-projects/burada-v3/node_modules/webpack/lib/util/processAsyncTree.js:61:4)
    at processTicksAndRejections (node:internal/process/task_queues:84:11)
    at runNextTicks (node:internal/process/task_queues:68:3)
    at process.processImmediate (node:internal/timers:472:9)
-- inner error --
Error: Module build failed (from ./node_modules/postcss-loader/dist/cjs.js):
ValidationError: Invalid options object. PostCSS Loader has been initialized using an options object that does not match the API schema.
 - options has an unknown property 'plugins'. These properties are valid:
   object { postcssOptions?, execute?, sourceMap?, implementation? }
    at validate (/Users/muhammetturk/Documents/github-projects/burada-v3/node_modules/schema-utils/dist/validate.js:213:11)
    at Object.getOptions (/Users/muhammetturk/Documents/github-projects/burada-v3/node_modules/webpack/lib/NormalModule.js:721:19)
    at Object.loader (/Users/muhammetturk/Documents/github-projects/burada-v3/node_modules/postcss-loader/dist/index.js:28:24)
    at Object.<anonymous> (/Users/muhammetturk/Documents/github-projects/burada-v3/node_modules/css-loader/dist/cjs.js??clonedRuleSet-3.use[1]!/Users/muhammetturk/Documents/github-projects/burada-v3/node_modules/vue-loader/dist/stylePostLoader.js!/Users/muhammetturk/Documents/github-projects/burada-v3/node_modules/postcss-loader/dist/cjs.js??clonedRuleSet-3.use[2]!/Users/muhammetturk/Documents/github-projects/burada-v3/src/components/utils/_show_icons/_show_icons.css?vue&type=style&index=0&id=1885dc5e&scoped=true&lang=css&external:1:7)
    at /Users/muhammetturk/Documents/github-projects/burada-v3/node_modules/webpack/lib/javascript/JavascriptModulesPlugin.js:544:10
    at Hook.eval [as call] (eval at create (/Users/muhammetturk/Documents/github-projects/burada-v3/node_modules/tapable/lib/HookCodeFactory.js:19:10), <anonymous>:7:1)
    at /Users/muhammetturk/Documents/github-projects/burada-v3/node_modules/webpack/lib/Compilation.js:5543:39
    at tryRunOrWebpackError (/Users/muhammetturk/Documents/github-projects/burada-v3/node_modules/webpack/lib/HookWebpackError.js:80:7)
    at __webpack_require_module__ (/Users/muhammetturk/Documents/github-projects/burada-v3/node_modules/webpack/lib/Compilation.js:5541:12)
    at __webpack_require__ (/Users/muhammetturk/Documents/github-projects/burada-v3/node_modules/webpack/lib/Compilation.js:5488:18)
    at /Users/muhammetturk/Documents/github-projects/burada-v3/node_modules/webpack/lib/Compilation.js:5576:20
    at symbolIterator (/Users/muhammetturk/Documents/github-projects/burada-v3/node_modules/neo-async/async.js:3485:9)
    at done (/Users/muhammetturk/Documents/github-projects/burada-v3/node_modules/neo-async/async.js:3527:9)
    at Hook.eval [as callAsync] (eval at create (/Users/muhammetturk/Documents/github-projects/burada-v3/node_modules/tapable/lib/HookCodeFactory.js:31:10), <anonymous>:15:1)
    at /Users/muhammetturk/Documents/github-projects/burada-v3/node_modules/webpack/lib/Compilation.js:5463:43
    at symbolIterator (/Users/muhammetturk/Documents/github-projects/burada-v3/node_modules/neo-async/async.js:3482:9)
    at timesSync (/Users/muhammetturk/Documents/github-projects/burada-v3/node_modules/neo-async/async.js:2297:7)
    at Object.eachLimit (/Users/muhammetturk/Documents/github-projects/burada-v3/node_modules/neo-async/async.js:3463:5)
    at /Users/muhammetturk/Documents/github-projects/burada-v3/node_modules/webpack/lib/Compilation.js:5426:16
    at symbolIterator (/Users/muhammetturk/Documents/github-projects/burada-v3/node_modules/neo-async/async.js:3485:9)
    at timesSync (/Users/muhammetturk/Documents/github-projects/burada-v3/node_modules/neo-async/async.js:2297:7)
    at Object.eachLimit (/Users/muhammetturk/Documents/github-projects/burada-v3/node_modules/neo-async/async.js:3463:5)
    at /Users/muhammetturk/Documents/github-projects/burada-v3/node_modules/webpack/lib/Compilation.js:5394:15
    at symbolIterator (/Users/muhammetturk/Documents/github-projects/burada-v3/node_modules/neo-async/async.js:3485:9)
    at done (/Users/muhammetturk/Documents/github-projects/burada-v3/node_modules/neo-async/async.js:3527:9)
    at /Users/muhammetturk/Documents/github-projects/burada-v3/node_modules/webpack/lib/Compilation.js:5340:8
    at /Users/muhammetturk/Documents/github-projects/burada-v3/node_modules/webpack/lib/Compilation.js:3744:6
    at /Users/muhammetturk/Documents/github-projects/burada-v3/node_modules/webpack/lib/HookWebpackError.js:66:2
    at Hook.eval [as callAsync] (eval at create (/Users/muhammetturk/Documents/github-projects/burada-v3/node_modules/tapable/lib/HookCodeFactory.js:31:10), <anonymous>:6:1)
    at Cache.store (/Users/muhammetturk/Documents/github-projects/burada-v3/node_modules/webpack/lib/Cache.js:114:20)
    at ItemCacheFacade.store (/Users/muhammetturk/Documents/github-projects/burada-v3/node_modules/webpack/lib/CacheFacade.js:141:15)
    at /Users/muhammetturk/Documents/github-projects/burada-v3/node_modules/webpack/lib/Compilation.js:3743:11
    at /Users/muhammetturk/Documents/github-projects/burada-v3/node_modules/webpack/lib/Cache.js:100:5
    at Hook.eval [as callAsync] (eval at create (/Users/muhammetturk/Documents/github-projects/burada-v3/node_modules/tapable/lib/HookCodeFactory.js:31:10), <anonymous>:6:1)
    at Cache.get (/Users/muhammetturk/Documents/github-projects/burada-v3/node_modules/webpack/lib/Cache.js:82:18)
    at ItemCacheFacade.get (/Users/muhammetturk/Documents/github-projects/burada-v3/node_modules/webpack/lib/CacheFacade.js:115:15)
    at Compilation._codeGenerationModule (/Users/muhammetturk/Documents/github-projects/burada-v3/node_modules/webpack/lib/Compilation.js:3711:9)
    at codeGen (/Users/muhammetturk/Documents/github-projects/burada-v3/node_modules/webpack/lib/Compilation.js:5328:11)
    at symbolIterator (/Users/muhammetturk/Documents/github-projects/burada-v3/node_modules/neo-async/async.js:3482:9)
    at timesSync (/Users/muhammetturk/Documents/github-projects/burada-v3/node_modules/neo-async/async.js:2297:7)
    at Object.eachLimit (/Users/muhammetturk/Documents/github-projects/burada-v3/node_modules/neo-async/async.js:3463:5)
    at /Users/muhammetturk/Documents/github-projects/burada-v3/node_modules/webpack/lib/Compilation.js:5358:14
    at processQueue (/Users/muhammetturk/Documents/github-projects/burada-v3/node_modules/webpack/lib/util/processAsyncTree.js:61:4)
    at processTicksAndRejections (node:internal/process/task_queues:84:11)
    at runNextTicks (node:internal/process/task_queues:68:3)
    at process.processImmediate (node:internal/timers:472:9)

Generated code for /Users/muhammetturk/Documents/github-projects/burada-v3/node_modules/css-loader/dist/cjs.js??clonedRuleSet-3.use[1]!/Users/muhammetturk/Documents/github-projects/burada-v3/node_modules/vue-loader/dist/stylePostLoader.js!/Users/muhammetturk/Documents/github-projects/burada-v3/node_modules/postcss-loader/dist/cjs.js??clonedRuleSet-3.use[2]!/Users/muhammetturk/Documents/github-projects/burada-v3/src/components/utils/_show_icons/_show_icons.css?vue&type=style&index=0&id=1885dc5e&scoped=true&lang=css&external
1 | throw new Error("Module build failed (from ./node_modules/postcss-loader/dist/cjs.js):\nValidationError: Invalid options object. PostCSS Loader has been initialized using an options object that does not match the API schema.\n - options has an unknown property 'plugins'. These properties are valid:\n   object { postcssOptions?, execute?, sourceMap?, implementation? }\n    at validate (/Users/muhammetturk/Documents/github-projects/burada-v3/node_modules/schema-utils/dist/validate.js:213:11)\n    at Object.getOptions (/Users/muhammetturk/Documents/github-projects/burada-v3/node_modules/webpack/lib/NormalModule.js:721:19)\n    at Object.loader (/Users/muhammetturk/Documents/github-projects/burada-v3/node_modules/postcss-loader/dist/index.js:28:24)");
 @ ./src/components/utils/_show_icons/_show_icons.css?vue&type=style&index=0&id=1885dc5e&scoped=true&lang=css&external 1:0-372 1:0-372
 @ ./src/components/utils/_show_icons/_show_icons.vue 5:0-91
 @ ./src/router/index.js 20:0-71
 @ ./src/main.js

ERROR in ./src/components/utils/dropdown-page/dropdown-page.css?vue&type=style&index=0&id=39fa155a&scoped=true&lang=css&external (./node_modules/mini-css-extract-plugin/dist/loader.js!./node_modules/css-loader/dist/cjs.js??clonedRuleSet-3.use[1]!./node_modules/vue-loader/dist/stylePostLoader.js!./node_modules/postcss-loader/dist/cjs.js??clonedRuleSet-3.use[2]!./src/components/utils/dropdown-page/dropdown-page.css?vue&type=style&index=0&id=39fa155a&scoped=true&lang=css&external)
Module build failed (from ./node_modules/mini-css-extract-plugin/dist/loader.js):
HookWebpackError: Module build failed (from ./node_modules/postcss-loader/dist/cjs.js):
ValidationError: Invalid options object. PostCSS Loader has been initialized using an options object that does not match the API schema.
 - options has an unknown property 'plugins'. These properties are valid:
   object { postcssOptions?, execute?, sourceMap?, implementation? }
    at validate (/Users/muhammetturk/Documents/github-projects/burada-v3/node_modules/schema-utils/dist/validate.js:213:11)
    at Object.getOptions (/Users/muhammetturk/Documents/github-projects/burada-v3/node_modules/webpack/lib/NormalModule.js:721:19)
    at Object.loader (/Users/muhammetturk/Documents/github-projects/burada-v3/node_modules/postcss-loader/dist/index.js:28:24)
    at tryRunOrWebpackError (/Users/muhammetturk/Documents/github-projects/burada-v3/node_modules/webpack/lib/HookWebpackError.js:85:9)
    at __webpack_require_module__ (/Users/muhammetturk/Documents/github-projects/burada-v3/node_modules/webpack/lib/Compilation.js:5541:12)
    at __webpack_require__ (/Users/muhammetturk/Documents/github-projects/burada-v3/node_modules/webpack/lib/Compilation.js:5488:18)
    at /Users/muhammetturk/Documents/github-projects/burada-v3/node_modules/webpack/lib/Compilation.js:5576:20
    at symbolIterator (/Users/muhammetturk/Documents/github-projects/burada-v3/node_modules/neo-async/async.js:3485:9)
    at done (/Users/muhammetturk/Documents/github-projects/burada-v3/node_modules/neo-async/async.js:3527:9)
    at Hook.eval [as callAsync] (eval at create (/Users/muhammetturk/Documents/github-projects/burada-v3/node_modules/tapable/lib/HookCodeFactory.js:31:10), <anonymous>:15:1)
    at /Users/muhammetturk/Documents/github-projects/burada-v3/node_modules/webpack/lib/Compilation.js:5463:43
    at symbolIterator (/Users/muhammetturk/Documents/github-projects/burada-v3/node_modules/neo-async/async.js:3482:9)
    at timesSync (/Users/muhammetturk/Documents/github-projects/burada-v3/node_modules/neo-async/async.js:2297:7)
    at Object.eachLimit (/Users/muhammetturk/Documents/github-projects/burada-v3/node_modules/neo-async/async.js:3463:5)
    at /Users/muhammetturk/Documents/github-projects/burada-v3/node_modules/webpack/lib/Compilation.js:5426:16
    at symbolIterator (/Users/muhammetturk/Documents/github-projects/burada-v3/node_modules/neo-async/async.js:3485:9)
    at timesSync (/Users/muhammetturk/Documents/github-projects/burada-v3/node_modules/neo-async/async.js:2297:7)
    at Object.eachLimit (/Users/muhammetturk/Documents/github-projects/burada-v3/node_modules/neo-async/async.js:3463:5)
    at /Users/muhammetturk/Documents/github-projects/burada-v3/node_modules/webpack/lib/Compilation.js:5394:15
    at symbolIterator (/Users/muhammetturk/Documents/github-projects/burada-v3/node_modules/neo-async/async.js:3485:9)
    at done (/Users/muhammetturk/Documents/github-projects/burada-v3/node_modules/neo-async/async.js:3527:9)
    at /Users/muhammetturk/Documents/github-projects/burada-v3/node_modules/webpack/lib/Compilation.js:5340:8
    at /Users/muhammetturk/Documents/github-projects/burada-v3/node_modules/webpack/lib/Compilation.js:3744:6
    at /Users/muhammetturk/Documents/github-projects/burada-v3/node_modules/webpack/lib/HookWebpackError.js:66:2
    at Hook.eval [as callAsync] (eval at create (/Users/muhammetturk/Documents/github-projects/burada-v3/node_modules/tapable/lib/HookCodeFactory.js:31:10), <anonymous>:6:1)
    at Cache.store (/Users/muhammetturk/Documents/github-projects/burada-v3/node_modules/webpack/lib/Cache.js:114:20)
    at ItemCacheFacade.store (/Users/muhammetturk/Documents/github-projects/burada-v3/node_modules/webpack/lib/CacheFacade.js:141:15)
    at /Users/muhammetturk/Documents/github-projects/burada-v3/node_modules/webpack/lib/Compilation.js:3743:11
    at /Users/muhammetturk/Documents/github-projects/burada-v3/node_modules/webpack/lib/Cache.js:100:5
    at Hook.eval [as callAsync] (eval at create (/Users/muhammetturk/Documents/github-projects/burada-v3/node_modules/tapable/lib/HookCodeFactory.js:31:10), <anonymous>:6:1)
    at Cache.get (/Users/muhammetturk/Documents/github-projects/burada-v3/node_modules/webpack/lib/Cache.js:82:18)
    at ItemCacheFacade.get (/Users/muhammetturk/Documents/github-projects/burada-v3/node_modules/webpack/lib/CacheFacade.js:115:15)
    at Compilation._codeGenerationModule (/Users/muhammetturk/Documents/github-projects/burada-v3/node_modules/webpack/lib/Compilation.js:3711:9)
    at codeGen (/Users/muhammetturk/Documents/github-projects/burada-v3/node_modules/webpack/lib/Compilation.js:5328:11)
    at symbolIterator (/Users/muhammetturk/Documents/github-projects/burada-v3/node_modules/neo-async/async.js:3482:9)
    at timesSync (/Users/muhammetturk/Documents/github-projects/burada-v3/node_modules/neo-async/async.js:2297:7)
    at Object.eachLimit (/Users/muhammetturk/Documents/github-projects/burada-v3/node_modules/neo-async/async.js:3463:5)
    at /Users/muhammetturk/Documents/github-projects/burada-v3/node_modules/webpack/lib/Compilation.js:5358:14
    at processQueue (/Users/muhammetturk/Documents/github-projects/burada-v3/node_modules/webpack/lib/util/processAsyncTree.js:61:4)
    at processTicksAndRejections (node:internal/process/task_queues:84:11)
    at runNextTicks (node:internal/process/task_queues:68:3)
    at process.processImmediate (node:internal/timers:472:9)
-- inner error --
Error: Module build failed (from ./node_modules/postcss-loader/dist/cjs.js):
ValidationError: Invalid options object. PostCSS Loader has been initialized using an options object that does not match the API schema.
 - options has an unknown property 'plugins'. These properties are valid:
   object { postcssOptions?, execute?, sourceMap?, implementation? }
    at validate (/Users/muhammetturk/Documents/github-projects/burada-v3/node_modules/schema-utils/dist/validate.js:213:11)
    at Object.getOptions (/Users/muhammetturk/Documents/github-projects/burada-v3/node_modules/webpack/lib/NormalModule.js:721:19)
    at Object.loader (/Users/muhammetturk/Documents/github-projects/burada-v3/node_modules/postcss-loader/dist/index.js:28:24)
    at Object.<anonymous> (/Users/muhammetturk/Documents/github-projects/burada-v3/node_modules/css-loader/dist/cjs.js??clonedRuleSet-3.use[1]!/Users/muhammetturk/Documents/github-projects/burada-v3/node_modules/vue-loader/dist/stylePostLoader.js!/Users/muhammetturk/Documents/github-projects/burada-v3/node_modules/postcss-loader/dist/cjs.js??clonedRuleSet-3.use[2]!/Users/muhammetturk/Documents/github-projects/burada-v3/src/components/utils/dropdown-page/dropdown-page.css?vue&type=style&index=0&id=39fa155a&scoped=true&lang=css&external:1:7)
    at /Users/muhammetturk/Documents/github-projects/burada-v3/node_modules/webpack/lib/javascript/JavascriptModulesPlugin.js:544:10
    at Hook.eval [as call] (eval at create (/Users/muhammetturk/Documents/github-projects/burada-v3/node_modules/tapable/lib/HookCodeFactory.js:19:10), <anonymous>:7:1)
    at /Users/muhammetturk/Documents/github-projects/burada-v3/node_modules/webpack/lib/Compilation.js:5543:39
    at tryRunOrWebpackError (/Users/muhammetturk/Documents/github-projects/burada-v3/node_modules/webpack/lib/HookWebpackError.js:80:7)
    at __webpack_require_module__ (/Users/muhammetturk/Documents/github-projects/burada-v3/node_modules/webpack/lib/Compilation.js:5541:12)
    at __webpack_require__ (/Users/muhammetturk/Documents/github-projects/burada-v3/node_modules/webpack/lib/Compilation.js:5488:18)
    at /Users/muhammetturk/Documents/github-projects/burada-v3/node_modules/webpack/lib/Compilation.js:5576:20
    at symbolIterator (/Users/muhammetturk/Documents/github-projects/burada-v3/node_modules/neo-async/async.js:3485:9)
    at done (/Users/muhammetturk/Documents/github-projects/burada-v3/node_modules/neo-async/async.js:3527:9)
    at Hook.eval [as callAsync] (eval at create (/Users/muhammetturk/Documents/github-projects/burada-v3/node_modules/tapable/lib/HookCodeFactory.js:31:10), <anonymous>:15:1)
    at /Users/muhammetturk/Documents/github-projects/burada-v3/node_modules/webpack/lib/Compilation.js:5463:43
    at symbolIterator (/Users/muhammetturk/Documents/github-projects/burada-v3/node_modules/neo-async/async.js:3482:9)
    at timesSync (/Users/muhammetturk/Documents/github-projects/burada-v3/node_modules/neo-async/async.js:2297:7)
    at Object.eachLimit (/Users/muhammetturk/Documents/github-projects/burada-v3/node_modules/neo-async/async.js:3463:5)
    at /Users/muhammetturk/Documents/github-projects/burada-v3/node_modules/webpack/lib/Compilation.js:5426:16
    at symbolIterator (/Users/muhammetturk/Documents/github-projects/burada-v3/node_modules/neo-async/async.js:3485:9)
    at timesSync (/Users/muhammetturk/Documents/github-projects/burada-v3/node_modules/neo-async/async.js:2297:7)
    at Object.eachLimit (/Users/muhammetturk/Documents/github-projects/burada-v3/node_modules/neo-async/async.js:3463:5)
    at /Users/muhammetturk/Documents/github-projects/burada-v3/node_modules/webpack/lib/Compilation.js:5394:15
    at symbolIterator (/Users/muhammetturk/Documents/github-projects/burada-v3/node_modules/neo-async/async.js:3485:9)
    at done (/Users/muhammetturk/Documents/github-projects/burada-v3/node_modules/neo-async/async.js:3527:9)
    at /Users/muhammetturk/Documents/github-projects/burada-v3/node_modules/webpack/lib/Compilation.js:5340:8
    at /Users/muhammetturk/Documents/github-projects/burada-v3/node_modules/webpack/lib/Compilation.js:3744:6
    at /Users/muhammetturk/Documents/github-projects/burada-v3/node_modules/webpack/lib/HookWebpackError.js:66:2
    at Hook.eval [as callAsync] (eval at create (/Users/muhammetturk/Documents/github-projects/burada-v3/node_modules/tapable/lib/HookCodeFactory.js:31:10), <anonymous>:6:1)
    at Cache.store (/Users/muhammetturk/Documents/github-projects/burada-v3/node_modules/webpack/lib/Cache.js:114:20)
    at ItemCacheFacade.store (/Users/muhammetturk/Documents/github-projects/burada-v3/node_modules/webpack/lib/CacheFacade.js:141:15)
    at /Users/muhammetturk/Documents/github-projects/burada-v3/node_modules/webpack/lib/Compilation.js:3743:11
    at /Users/muhammetturk/Documents/github-projects/burada-v3/node_modules/webpack/lib/Cache.js:100:5
    at Hook.eval [as callAsync] (eval at create (/Users/muhammetturk/Documents/github-projects/burada-v3/node_modules/tapable/lib/HookCodeFactory.js:31:10), <anonymous>:6:1)
    at Cache.get (/Users/muhammetturk/Documents/github-projects/burada-v3/node_modules/webpack/lib/Cache.js:82:18)
    at ItemCacheFacade.get (/Users/muhammetturk/Documents/github-projects/burada-v3/node_modules/webpack/lib/CacheFacade.js:115:15)
    at Compilation._codeGenerationModule (/Users/muhammetturk/Documents/github-projects/burada-v3/node_modules/webpack/lib/Compilation.js:3711:9)
    at codeGen (/Users/muhammetturk/Documents/github-projects/burada-v3/node_modules/webpack/lib/Compilation.js:5328:11)
    at symbolIterator (/Users/muhammetturk/Documents/github-projects/burada-v3/node_modules/neo-async/async.js:3482:9)
    at timesSync (/Users/muhammetturk/Documents/github-projects/burada-v3/node_modules/neo-async/async.js:2297:7)
    at Object.eachLimit (/Users/muhammetturk/Documents/github-projects/burada-v3/node_modules/neo-async/async.js:3463:5)
    at /Users/muhammetturk/Documents/github-projects/burada-v3/node_modules/webpack/lib/Compilation.js:5358:14
    at processQueue (/Users/muhammetturk/Documents/github-projects/burada-v3/node_modules/webpack/lib/util/processAsyncTree.js:61:4)
    at processTicksAndRejections (node:internal/process/task_queues:84:11)
    at runNextTicks (node:internal/process/task_queues:68:3)
    at process.processImmediate (node:internal/timers:472:9)

Generated code for /Users/muhammetturk/Documents/github-projects/burada-v3/node_modules/css-loader/dist/cjs.js??clonedRuleSet-3.use[1]!/Users/muhammetturk/Documents/github-projects/burada-v3/node_modules/vue-loader/dist/stylePostLoader.js!/Users/muhammetturk/Documents/github-projects/burada-v3/node_modules/postcss-loader/dist/cjs.js??clonedRuleSet-3.use[2]!/Users/muhammetturk/Documents/github-projects/burada-v3/src/components/utils/dropdown-page/dropdown-page.css?vue&type=style&index=0&id=39fa155a&scoped=true&lang=css&external
1 | throw new Error("Module build failed (from ./node_modules/postcss-loader/dist/cjs.js):\nValidationError: Invalid options object. PostCSS Loader has been initialized using an options object that does not match the API schema.\n - options has an unknown property 'plugins'. These properties are valid:\n   object { postcssOptions?, execute?, sourceMap?, implementation? }\n    at validate (/Users/muhammetturk/Documents/github-projects/burada-v3/node_modules/schema-utils/dist/validate.js:213:11)\n    at Object.getOptions (/Users/muhammetturk/Documents/github-projects/burada-v3/node_modules/webpack/lib/NormalModule.js:721:19)\n    at Object.loader (/Users/muhammetturk/Documents/github-projects/burada-v3/node_modules/postcss-loader/dist/index.js:28:24)");
 @ ./src/components/utils/dropdown-page/dropdown-page.css?vue&type=style&index=0&id=39fa155a&scoped=true&lang=css&external 1:0-374 1:0-374
 @ ./src/components/utils/dropdown-page/dropdown-page.vue 5:0-93
 @ ./src/router/index.js 21:0-78
 @ ./src/main.js

webpack 5.102.1 compiled with 86 errors in 10716 ms
